Copyright 1986-2022 Xilinx, Inc. All Rights Reserved. Copyright 2022-2025 Advanced Micro Devices, Inc. All Rights Reserved.
--------------------------------------------------------------------------------------------------------------------------------------------------------------------------------
| Tool Version : Vivado v.2025.2 (win64) Build 6299465 Fri Nov 14 19:35:11 GMT 2025
| Date         : Sun Mar 22 22:49:23 2026
| Host         : VuDuong-32 running 64-bit major release  (build 9200)
| Command      : report_methodology -file system_wrapper_methodology_drc_routed.rpt -pb system_wrapper_methodology_drc_routed.pb -rpx system_wrapper_methodology_drc_routed.rpx
| Design       : system_wrapper
| Device       : xck26-sfvc784-2LV-c
| Speed File   : -2LV
| Design State : Fully Routed
--------------------------------------------------------------------------------------------------------------------------------------------------------------------------------

Report Methodology

Table of Contents
-----------------
1. REPORT SUMMARY
2. REPORT DETAILS

1. REPORT SUMMARY
-----------------
            Netlist: netlist
          Floorplan: design_1
      Design limits: <entire design considered>
             Max checks: <unlimited>
             Checks found: 1
+---------+----------+------------------------------+--------+
| Rule    | Severity | Description                  | Checks |
+---------+----------+------------------------------+--------+
| LUTAR-1 | Warning  | LUT drives async reset alert | 1      |
+---------+----------+------------------------------+--------+

2. REPORT DETAILS
-----------------
LUTAR-1#1 Warning
LUT drives async reset alert  
LUT cell system_i/npu_axi_ip_0/inst/npu_axi_ip_slave_lite_v1_0_S00_AXI_inst/my_npu_top_inst/u_ctrl/FSM_onehot_state[2]_i_3, with 2 or more inputs, drives asynchronous preset/clear pin(s) system_i/npu_axi_ip_0/inst/npu_axi_ip_slave_lite_v1_0_S00_AXI_inst/my_npu_top_inst/u_core/u_weight_buf/row_skew[3].delay_regs_reg[1][1]/CLR,
system_i/npu_axi_ip_0/inst/npu_axi_ip_slave_lite_v1_0_S00_AXI_inst/my_npu_top_inst/u_core/u_weight_buf/row_skew[3].delay_regs_reg[1][2]/CLR,
system_i/npu_axi_ip_0/inst/npu_axi_ip_slave_lite_v1_0_S00_AXI_inst/my_npu_top_inst/u_core/u_weight_buf/row_skew[3].delay_regs_reg[1][3]/CLR,
system_i/npu_axi_ip_0/inst/npu_axi_ip_slave_lite_v1_0_S00_AXI_inst/my_npu_top_inst/u_core/u_weight_buf/row_skew[3].delay_regs_reg[1][4]/CLR,
system_i/npu_axi_ip_0/inst/npu_axi_ip_slave_lite_v1_0_S00_AXI_inst/my_npu_top_inst/u_core/u_weight_buf/row_skew[3].delay_regs_reg[1][5]/CLR,
system_i/npu_axi_ip_0/inst/npu_axi_ip_slave_lite_v1_0_S00_AXI_inst/my_npu_top_inst/u_core/u_weight_buf/row_skew[3].delay_regs_reg[1][6]/CLR,
system_i/npu_axi_ip_0/inst/npu_axi_ip_slave_lite_v1_0_S00_AXI_inst/my_npu_top_inst/u_core/u_weight_buf/row_skew[3].delay_regs_reg[1][7]/CLR,
system_i/npu_axi_ip_0/inst/npu_axi_ip_slave_lite_v1_0_S00_AXI_inst/my_npu_top_inst/u_core/u_weight_buf/row_skew[3].delay_regs_reg[2][0]/CLR,
system_i/npu_axi_ip_0/inst/npu_axi_ip_slave_lite_v1_0_S00_AXI_inst/my_npu_top_inst/u_core/u_weight_buf/row_skew[3].delay_regs_reg[2][1]/CLR,
system_i/npu_axi_ip_0/inst/npu_axi_ip_slave_lite_v1_0_S00_AXI_inst/my_npu_top_inst/u_core/u_weight_buf/row_skew[3].delay_regs_reg[2][2]/CLR,
system_i/npu_axi_ip_0/inst/npu_axi_ip_slave_lite_v1_0_S00_AXI_inst/my_npu_top_inst/u_core/u_weight_buf/row_skew[3].delay_regs_reg[2][3]/CLR,
system_i/npu_axi_ip_0/inst/npu_axi_ip_slave_lite_v1_0_S00_AXI_inst/my_npu_top_inst/u_core/u_weight_buf/row_skew[3].delay_regs_reg[2][4]/CLR,
system_i/npu_axi_ip_0/inst/npu_axi_ip_slave_lite_v1_0_S00_AXI_inst/my_npu_top_inst/u_core/u_weight_buf/row_skew[3].delay_regs_reg[2][5]/CLR,
system_i/npu_axi_ip_0/inst/npu_axi_ip_slave_lite_v1_0_S00_AXI_inst/my_npu_top_inst/u_core/u_weight_buf/row_skew[3].delay_regs_reg[2][6]/CLR,
system_i/npu_axi_ip_0/inst/npu_axi_ip_slave_lite_v1_0_S00_AXI_inst/my_npu_top_inst/u_core/u_weight_buf/row_skew[3].delay_regs_reg[2][7]/CLR
 (the first 15 of 911 listed). The LUT may glitch and trigger an unexpected reset, even if it is a properly timed path.
Related violations: <none>


