Vivado Simulator v2025.2
Copyright 1986-2022 Xilinx, Inc. All Rights Reserved.
Copyright 2022-2025 Advanced Micro Devices, Inc. All Rights Reserved.
Running: D:/Apps/Study/Vivado/2025.2/Vivado/bin/unwrapped/win64.o/xelab.exe --incr --debug typical --relax --mt 2 -L xil_defaultlib -L xilinx_vip -L unisims_ver -L unimacro_ver -L secureip -L xpm --snapshot tb_gemm_accelerator_behav xil_defaultlib.tb_gemm_accelerator xil_defaultlib.glbl -log elaborate.log 
Using 2 slave threads.
Starting static elaboration
Pass Through NonSizing Optimizer
WARNING: [VRFC 10-3091] actual bit length 32 differs from formal bit length 16 for port 'mul_out' [D:/HK6/Project1/testing/matmul_array/matmul/matmul.srcs/sources_1/imports/sources_1/imports/new/mac_core.v:46]
WARNING: [VRFC 10-3091] actual bit length 32 differs from formal bit length 16 for port 'mul_in' [D:/HK6/Project1/testing/matmul_array/matmul/matmul.srcs/sources_1/imports/sources_1/imports/new/mac_core.v:55]
Completed static elaboration
Starting simulation data flow analysis
Completed simulation data flow analysis
Time Resolution for simulation is 1ps
Compiling module xil_defaultlib.sc_fifo(DATA_WIDTH=128)
Compiling module xil_defaultlib.shift_register_delay(DELAY_CYCLE...
Compiling module xil_defaultlib.shift_register_delay(DATA_WIDTH=...
Compiling module xil_defaultlib.shift_register_delay_default
Compiling module xil_defaultlib.shift_register_delay(DATA_WIDTH=...
Compiling module xil_defaultlib.shift_register_delay(DELAY_CYCLE...
Compiling module xil_defaultlib.shift_register_delay(DATA_WIDTH=...
Compiling module xil_defaultlib.shift_register_delay(DELAY_CYCLE...
Compiling module xil_defaultlib.shift_register_delay(DATA_WIDTH=...
Compiling module xil_defaultlib.shift_register_delay(DELAY_CYCLE...
Compiling module xil_defaultlib.shift_register_delay(DATA_WIDTH=...
Compiling module xil_defaultlib.shift_register_delay(DELAY_CYCLE...
Compiling module xil_defaultlib.shift_register_delay(DATA_WIDTH=...
Compiling module xil_defaultlib.shift_register_delay(DELAY_CYCLE...
Compiling module xil_defaultlib.shift_register_delay(DATA_WIDTH=...
Compiling module xil_defaultlib.shift_register_delay(DELAY_CYCLE...
Compiling module xil_defaultlib.shift_register_delay(DATA_WIDTH=...
Compiling module xil_defaultlib.shift_register_delay(DELAY_CYCLE...
Compiling module xil_defaultlib.shift_register_delay(DATA_WIDTH=...
Compiling module xil_defaultlib.shift_register_delay(DELAY_CYCLE...
Compiling module xil_defaultlib.shift_register_delay(DATA_WIDTH=...
Compiling module xil_defaultlib.shift_register_delay(DELAY_CYCLE...
Compiling module xil_defaultlib.shift_register_delay(DATA_WIDTH=...
Compiling module xil_defaultlib.shift_register_delay(DELAY_CYCLE...
Compiling module xil_defaultlib.shift_register_delay(DATA_WIDTH=...
Compiling module xil_defaultlib.shift_register_delay(DELAY_CYCLE...
Compiling module xil_defaultlib.shift_register_delay(DATA_WIDTH=...
Compiling module xil_defaultlib.shift_register_delay(DELAY_CYCLE...
Compiling module xil_defaultlib.shift_register_delay(DATA_WIDTH=...
Compiling module xil_defaultlib.shift_register_delay(DELAY_CYCLE...
Compiling module xil_defaultlib.shift_register_delay(DATA_WIDTH=...
Compiling module xil_defaultlib.shift_register_delay(DELAY_CYCLE...
Compiling module xil_defaultlib.shift_register_delay(DATA_WIDTH=...
Compiling module xil_defaultlib.skew_network(N=16)
Compiling module xil_defaultlib.systolic_dataflow_ctrl
Compiling module xil_defaultlib.mac_mult_stage
Compiling module xil_defaultlib.mac_acc_stage
Compiling module xil_defaultlib.mac_core
Compiling module xil_defaultlib.pe_wrapper
Compiling module xil_defaultlib.matmul_array_default
Compiling module xil_defaultlib.output_serializer_default
Compiling module xil_defaultlib.sc_fifo_fwft_default
Compiling module xil_defaultlib.gemm_accelerator
Compiling module xil_defaultlib.tb_gemm_accelerator
Compiling module xil_defaultlib.glbl
Built simulation snapshot tb_gemm_accelerator_behav
