Time resolution is 1 ps
========================================
--- BAT DAU DAY DU LIEU (K = 4) ---
========================================
--- DA DAY XONG DU LIEU INPUT, CHO KET QUA TINH TOAN ---
Thoi gian: 465000 | Data ra thu 0 = 8
Thoi gian: 475000 | Data ra thu 1 = 8
Thoi gian: 485000 | Data ra thu 2 = 8
Thoi gian: 495000 | Data ra thu 3 = 8
Thoi gian: 505000 | Data ra thu 4 = 8
Thoi gian: 515000 | Data ra thu 5 = 8
Thoi gian: 525000 | Data ra thu 6 = 8
Thoi gian: 535000 | Data ra thu 7 = 8
Thoi gian: 545000 | Data ra thu 8 = 8
Thoi gian: 555000 | Data ra thu 9 = 8
Thoi gian: 565000 | Data ra thu 10 = 8
Thoi gian: 575000 | Data ra thu 11 = 8
Thoi gian: 585000 | Data ra thu 12 = 8
Thoi gian: 595000 | Data ra thu 13 = 8
Thoi gian: 605000 | Data ra thu 14 = 8
Thoi gian: 615000 | Data ra thu 15 = 8
Thoi gian: 625000 | Data ra thu 16 = 8
Thoi gian: 635000 | Data ra thu 17 = 8
Thoi gian: 645000 | Data ra thu 18 = 8
Thoi gian: 655000 | Data ra thu 19 = 8
Thoi gian: 665000 | Data ra thu 20 = 8
Thoi gian: 675000 | Data ra thu 21 = 8
Thoi gian: 685000 | Data ra thu 22 = 8
Thoi gian: 695000 | Data ra thu 23 = 8
Thoi gian: 705000 | Data ra thu 24 = 8
Thoi gian: 715000 | Data ra thu 25 = 8
Thoi gian: 725000 | Data ra thu 26 = 8
Thoi gian: 735000 | Data ra thu 27 = 8
Thoi gian: 745000 | Data ra thu 28 = 8
Thoi gian: 755000 | Data ra thu 29 = 8
Thoi gian: 765000 | Data ra thu 30 = 8
Thoi gian: 775000 | Data ra thu 31 = 8
Thoi gian: 785000 | Data ra thu 32 = 8
Thoi gian: 795000 | Data ra thu 33 = 8
Thoi gian: 805000 | Data ra thu 34 = 8
Thoi gian: 815000 | Data ra thu 35 = 8
Thoi gian: 825000 | Data ra thu 36 = 8
Thoi gian: 835000 | Data ra thu 37 = 8
Thoi gian: 845000 | Data ra thu 38 = 8
Thoi gian: 855000 | Data ra thu 39 = 8
Thoi gian: 865000 | Data ra thu 40 = 8
Thoi gian: 875000 | Data ra thu 41 = 8
Thoi gian: 885000 | Data ra thu 42 = 8
Thoi gian: 895000 | Data ra thu 43 = 8
Thoi gian: 905000 | Data ra thu 44 = 8
Thoi gian: 915000 | Data ra thu 45 = 8
Thoi gian: 925000 | Data ra thu 46 = 8
Thoi gian: 935000 | Data ra thu 47 = 8
Thoi gian: 945000 | Data ra thu 48 = 8
Thoi gian: 955000 | Data ra thu 49 = 8
Thoi gian: 965000 | Data ra thu 50 = 8
Thoi gian: 975000 | Data ra thu 51 = 8
Thoi gian: 985000 | Data ra thu 52 = 8
Thoi gian: 995000 | Data ra thu 53 = 8
Thoi gian: 1005000 | Data ra thu 54 = 8
Thoi gian: 1015000 | Data ra thu 55 = 8
Thoi gian: 1025000 | Data ra thu 56 = 8
Thoi gian: 1035000 | Data ra thu 57 = 8
Thoi gian: 1045000 | Data ra thu 58 = 8
Thoi gian: 1055000 | Data ra thu 59 = 8
Thoi gian: 1065000 | Data ra thu 60 = 8
Thoi gian: 1075000 | Data ra thu 61 = 8
Thoi gian: 1085000 | Data ra thu 62 = 8
Thoi gian: 1095000 | Data ra thu 63 = 8
Thoi gian: 1105000 | Data ra thu 64 = 8
Thoi gian: 1115000 | Data ra thu 65 = 8
Thoi gian: 1125000 | Data ra thu 66 = 8
Thoi gian: 1135000 | Data ra thu 67 = 8
Thoi gian: 1145000 | Data ra thu 68 = 8
Thoi gian: 1155000 | Data ra thu 69 = 8
Thoi gian: 1165000 | Data ra thu 70 = 8
Thoi gian: 1175000 | Data ra thu 71 = 8
Thoi gian: 1185000 | Data ra thu 72 = 8
Thoi gian: 1195000 | Data ra thu 73 = 8
Thoi gian: 1205000 | Data ra thu 74 = 8
Thoi gian: 1215000 | Data ra thu 75 = 8
Thoi gian: 1225000 | Data ra thu 76 = 8
Thoi gian: 1235000 | Data ra thu 77 = 8
Thoi gian: 1245000 | Data ra thu 78 = 8
Thoi gian: 1255000 | Data ra thu 79 = 8
Thoi gian: 1265000 | Data ra thu 80 = 8
Thoi gian: 1275000 | Data ra thu 81 = 8
Thoi gian: 1285000 | Data ra thu 82 = 8
Thoi gian: 1295000 | Data ra thu 83 = 8
Thoi gian: 1305000 | Data ra thu 84 = 8
Thoi gian: 1315000 | Data ra thu 85 = 8
Thoi gian: 1325000 | Data ra thu 86 = 8
Thoi gian: 1335000 | Data ra thu 87 = 8
Thoi gian: 1345000 | Data ra thu 88 = 8
Thoi gian: 1355000 | Data ra thu 89 = 8
Thoi gian: 1365000 | Data ra thu 90 = 8
Thoi gian: 1375000 | Data ra thu 91 = 8
Thoi gian: 1385000 | Data ra thu 92 = 8
Thoi gian: 1395000 | Data ra thu 93 = 8
Thoi gian: 1405000 | Data ra thu 94 = 8
Thoi gian: 1415000 | Data ra thu 95 = 8
Thoi gian: 1425000 | Data ra thu 96 = 8
Thoi gian: 1435000 | Data ra thu 97 = 8
Thoi gian: 1445000 | Data ra thu 98 = 8
Thoi gian: 1455000 | Data ra thu 99 = 8
Thoi gian: 1465000 | Data ra thu 100 = 8
Thoi gian: 1475000 | Data ra thu 101 = 8
Thoi gian: 1485000 | Data ra thu 102 = 8
Thoi gian: 1495000 | Data ra thu 103 = 8
Thoi gian: 1505000 | Data ra thu 104 = 8
Thoi gian: 1515000 | Data ra thu 105 = 8
Thoi gian: 1525000 | Data ra thu 106 = 8
Thoi gian: 1535000 | Data ra thu 107 = 8
Thoi gian: 1545000 | Data ra thu 108 = 8
Thoi gian: 1555000 | Data ra thu 109 = 8
Thoi gian: 1565000 | Data ra thu 110 = 8
Thoi gian: 1575000 | Data ra thu 111 = 8
Thoi gian: 1585000 | Data ra thu 112 = 8
Thoi gian: 1595000 | Data ra thu 113 = 8
Thoi gian: 1605000 | Data ra thu 114 = 8
Thoi gian: 1615000 | Data ra thu 115 = 8
Thoi gian: 1625000 | Data ra thu 116 = 8
Thoi gian: 1635000 | Data ra thu 117 = 8
Thoi gian: 1645000 | Data ra thu 118 = 8
Thoi gian: 1655000 | Data ra thu 119 = 8
Thoi gian: 1665000 | Data ra thu 120 = 8
Thoi gian: 1675000 | Data ra thu 121 = 8
Thoi gian: 1685000 | Data ra thu 122 = 8
Thoi gian: 1695000 | Data ra thu 123 = 8
Thoi gian: 1705000 | Data ra thu 124 = 8
Thoi gian: 1715000 | Data ra thu 125 = 8
Thoi gian: 1725000 | Data ra thu 126 = 8
Thoi gian: 1735000 | Data ra thu 127 = 8
Thoi gian: 1745000 | Data ra thu 128 = 8
Thoi gian: 1755000 | Data ra thu 129 = 8
Thoi gian: 1765000 | Data ra thu 130 = 8
Thoi gian: 1775000 | Data ra thu 131 = 8
Thoi gian: 1785000 | Data ra thu 132 = 8
Thoi gian: 1795000 | Data ra thu 133 = 8
Thoi gian: 1805000 | Data ra thu 134 = 8
Thoi gian: 1815000 | Data ra thu 135 = 8
Thoi gian: 1825000 | Data ra thu 136 = 8
Thoi gian: 1835000 | Data ra thu 137 = 8
Thoi gian: 1845000 | Data ra thu 138 = 8
Thoi gian: 1855000 | Data ra thu 139 = 8
Thoi gian: 1865000 | Data ra thu 140 = 8
Thoi gian: 1875000 | Data ra thu 141 = 8
Thoi gian: 1885000 | Data ra thu 142 = 8
Thoi gian: 1895000 | Data ra thu 143 = 8
Thoi gian: 1905000 | Data ra thu 144 = 8
Thoi gian: 1915000 | Data ra thu 145 = 8
Thoi gian: 1925000 | Data ra thu 146 = 8
Thoi gian: 1935000 | Data ra thu 147 = 8
Thoi gian: 1945000 | Data ra thu 148 = 8
Thoi gian: 1955000 | Data ra thu 149 = 8
Thoi gian: 1965000 | Data ra thu 150 = 8
Thoi gian: 1975000 | Data ra thu 151 = 8
Thoi gian: 1985000 | Data ra thu 152 = 8
Thoi gian: 1995000 | Data ra thu 153 = 8
Thoi gian: 2005000 | Data ra thu 154 = 8
Thoi gian: 2015000 | Data ra thu 155 = 8
Thoi gian: 2025000 | Data ra thu 156 = 8
Thoi gian: 2035000 | Data ra thu 157 = 8
Thoi gian: 2045000 | Data ra thu 158 = 8
Thoi gian: 2055000 | Data ra thu 159 = 8
Thoi gian: 2065000 | Data ra thu 160 = 8
Thoi gian: 2075000 | Data ra thu 161 = 8
Thoi gian: 2085000 | Data ra thu 162 = 8
Thoi gian: 2095000 | Data ra thu 163 = 8
Thoi gian: 2105000 | Data ra thu 164 = 8
Thoi gian: 2115000 | Data ra thu 165 = 8
Thoi gian: 2125000 | Data ra thu 166 = 8
Thoi gian: 2135000 | Data ra thu 167 = 8
Thoi gian: 2145000 | Data ra thu 168 = 8
Thoi gian: 2155000 | Data ra thu 169 = 8
Thoi gian: 2165000 | Data ra thu 170 = 8
Thoi gian: 2175000 | Data ra thu 171 = 8
Thoi gian: 2185000 | Data ra thu 172 = 8
Thoi gian: 2195000 | Data ra thu 173 = 8
Thoi gian: 2205000 | Data ra thu 174 = 8
Thoi gian: 2215000 | Data ra thu 175 = 8
Thoi gian: 2225000 | Data ra thu 176 = 8
Thoi gian: 2235000 | Data ra thu 177 = 8
Thoi gian: 2245000 | Data ra thu 178 = 8
Thoi gian: 2255000 | Data ra thu 179 = 8
Thoi gian: 2265000 | Data ra thu 180 = 8
Thoi gian: 2275000 | Data ra thu 181 = 8
Thoi gian: 2285000 | Data ra thu 182 = 8
Thoi gian: 2295000 | Data ra thu 183 = 8
Thoi gian: 2305000 | Data ra thu 184 = 8
Thoi gian: 2315000 | Data ra thu 185 = 8
Thoi gian: 2325000 | Data ra thu 186 = 8
Thoi gian: 2335000 | Data ra thu 187 = 8
Thoi gian: 2345000 | Data ra thu 188 = 8
Thoi gian: 2355000 | Data ra thu 189 = 8
Thoi gian: 2365000 | Data ra thu 190 = 8
Thoi gian: 2375000 | Data ra thu 191 = 8
Thoi gian: 2385000 | Data ra thu 192 = 8
Thoi gian: 2395000 | Data ra thu 193 = 8
Thoi gian: 2405000 | Data ra thu 194 = 8
Thoi gian: 2415000 | Data ra thu 195 = 8
Thoi gian: 2425000 | Data ra thu 196 = 8
Thoi gian: 2435000 | Data ra thu 197 = 8
Thoi gian: 2445000 | Data ra thu 198 = 8
Thoi gian: 2455000 | Data ra thu 199 = 8
Thoi gian: 2465000 | Data ra thu 200 = 8
Thoi gian: 2475000 | Data ra thu 201 = 8
Thoi gian: 2485000 | Data ra thu 202 = 8
Thoi gian: 2495000 | Data ra thu 203 = 8
Thoi gian: 2505000 | Data ra thu 204 = 8
Thoi gian: 2515000 | Data ra thu 205 = 8
Thoi gian: 2525000 | Data ra thu 206 = 8
Thoi gian: 2535000 | Data ra thu 207 = 8
Thoi gian: 2545000 | Data ra thu 208 = 8
Thoi gian: 2555000 | Data ra thu 209 = 8
Thoi gian: 2565000 | Data ra thu 210 = 8
Thoi gian: 2575000 | Data ra thu 211 = 8
Thoi gian: 2585000 | Data ra thu 212 = 8
Thoi gian: 2595000 | Data ra thu 213 = 8
Thoi gian: 2605000 | Data ra thu 214 = 8
Thoi gian: 2615000 | Data ra thu 215 = 8
Thoi gian: 2625000 | Data ra thu 216 = 8
Thoi gian: 2635000 | Data ra thu 217 = 8
Thoi gian: 2645000 | Data ra thu 218 = 8
Thoi gian: 2655000 | Data ra thu 219 = 8
Thoi gian: 2665000 | Data ra thu 220 = 8
Thoi gian: 2675000 | Data ra thu 221 = 8
Thoi gian: 2685000 | Data ra thu 222 = 8
Thoi gian: 2695000 | Data ra thu 223 = 8
Thoi gian: 2705000 | Data ra thu 224 = 8
Thoi gian: 2715000 | Data ra thu 225 = 8
Thoi gian: 2725000 | Data ra thu 226 = 8
Thoi gian: 2735000 | Data ra thu 227 = 8
Thoi gian: 2745000 | Data ra thu 228 = 8
Thoi gian: 2755000 | Data ra thu 229 = 8
Thoi gian: 2765000 | Data ra thu 230 = 8
Thoi gian: 2775000 | Data ra thu 231 = 8
Thoi gian: 2785000 | Data ra thu 232 = 8
Thoi gian: 2795000 | Data ra thu 233 = 8
Thoi gian: 2805000 | Data ra thu 234 = 8
Thoi gian: 2815000 | Data ra thu 235 = 8
Thoi gian: 2825000 | Data ra thu 236 = 8
Thoi gian: 2835000 | Data ra thu 237 = 8
Thoi gian: 2845000 | Data ra thu 238 = 8
Thoi gian: 2855000 | Data ra thu 239 = 8
Thoi gian: 2865000 | Data ra thu 240 = 8
Thoi gian: 2875000 | Data ra thu 241 = 8
Thoi gian: 2885000 | Data ra thu 242 = 8
Thoi gian: 2895000 | Data ra thu 243 = 8
Thoi gian: 2905000 | Data ra thu 244 = 8
Thoi gian: 2915000 | Data ra thu 245 = 8
Thoi gian: 2925000 | Data ra thu 246 = 8
Thoi gian: 2935000 | Data ra thu 247 = 8
Thoi gian: 2945000 | Data ra thu 248 = 8
Thoi gian: 2955000 | Data ra thu 249 = 8
Thoi gian: 2965000 | Data ra thu 250 = 8
Thoi gian: 2975000 | Data ra thu 251 = 8
Thoi gian: 2985000 | Data ra thu 252 = 8
Thoi gian: 2995000 | Data ra thu 253 = 8
Thoi gian: 3005000 | Data ra thu 254 = 8
--- NHAN DUOC TLAST (KET THUC 1 BLOCK). HOAN THANH ! ---
Thoi gian: 3015000 | Data ra thu 255 = 8
>>> CO TLAST XUAT HIEN TAI DAY <<<
$finish called at time : 3115 ns : File "D:/HK6/Project1/testing/matmul_array/matmul/matmul.srcs/sim_1/new/tb_gemm_accelerator.v" Line 137
