Vivado Simulator v2025.2
Copyright 1986-2022 Xilinx, Inc. All Rights Reserved.
Copyright 2022-2025 Advanced Micro Devices, Inc. All Rights Reserved.
Running: D:/Apps/Study/Vivado/2025.2/Vivado/bin/unwrapped/win64.o/xelab.exe --incr --debug typical --relax --mt 2 -L xil_defaultlib -L unisims_ver -L unimacro_ver -L secureip --snapshot tb_matmul_array_behav xil_defaultlib.tb_matmul_array xil_defaultlib.glbl -log elaborate.log 
Using 2 slave threads.
Starting static elaboration
Pass Through NonSizing Optimizer
WARNING: [VRFC 10-3091] actual bit length 32 differs from formal bit length 16 for port 'mul_out' [D:/HK6/Project1/matmul_accelerator/matmul_accelerator.srcs/sources_1/imports/new/mac_core.v:46]
WARNING: [VRFC 10-3091] actual bit length 32 differs from formal bit length 16 for port 'mul_in' [D:/HK6/Project1/matmul_accelerator/matmul_accelerator.srcs/sources_1/imports/new/mac_core.v:55]
Completed static elaboration
Starting simulation data flow analysis
Completed simulation data flow analysis
Time Resolution for simulation is 1ps
Compiling module xil_defaultlib.mac_mult_stage
Compiling module xil_defaultlib.mac_acc_stage
Compiling module xil_defaultlib.mac_core
Compiling module xil_defaultlib.pe_wrapper
Compiling module xil_defaultlib.matmul_array_default
Compiling module xil_defaultlib.tb_matmul_array
Compiling module xil_defaultlib.glbl
Built simulation snapshot tb_matmul_array_behav
