Time resolution is 1 ps
=== BAT DAU BOM DU LIEU MA TRAN 4x4 ===
[Time: 95000 ns] [PE 0,0] Xong! psum =         100
[Time: 105000 ns] [PE 0,0] Xong! psum =         100
[Time: 105000 ns] [PE 0,1] Xong! psum =         200
[Time: 105000 ns] [PE 1,0] Xong! psum =         100
[Time: 115000 ns] [PE 0,0] Xong! psum =         100
[Time: 115000 ns] [PE 0,1] Xong! psum =         200
[Time: 115000 ns] [PE 1,0] Xong! psum =         100
[Time: 115000 ns] [PE 1,1] Xong! psum =         200
[Time: 125000 ns] [PE 0,0] Xong! psum =         100
[Time: 125000 ns] [PE 0,1] Xong! psum =         200
[Time: 125000 ns] [PE 1,0] Xong! psum =         100
[Time: 125000 ns] [PE 1,1] Xong! psum =         200
[Time: 135000 ns] [PE 0,0] Xong! psum =         100
[Time: 135000 ns] [PE 0,1] Xong! psum =         200
[Time: 135000 ns] [PE 1,0] Xong! psum =         100
[Time: 135000 ns] [PE 1,1] Xong! psum =         200
[Time: 135000 ns] [PE 2,2] Xong! psum =         300
[Time: 145000 ns] [PE 0,0] Xong! psum =         100
[Time: 145000 ns] [PE 0,1] Xong! psum =         200
[Time: 145000 ns] [PE 1,0] Xong! psum =         100
[Time: 145000 ns] [PE 2,3] Xong! psum =         400
[Time: 145000 ns] [PE 3,2] Xong! psum =         300
[Time: 145000 ns] [PE 1,1] Xong! psum =         200
[Time: 145000 ns] [PE 2,2] Xong! psum =         300
[Time: 155000 ns] [PE 0,0] Xong! psum =         100
[Time: 155000 ns] [PE 3,3] Xong! psum =         400
[Time: 155000 ns] [PE 0,1] Xong! psum =         200
[Time: 155000 ns] [PE 1,0] Xong! psum =         100
[Time: 155000 ns] [PE 2,3] Xong! psum =         400
[Time: 155000 ns] [PE 3,2] Xong! psum =         300
[Time: 155000 ns] [PE 1,1] Xong! psum =         200
[Time: 155000 ns] [PE 2,2] Xong! psum =         300
[Time: 165000 ns] [PE 0,0] Xong! psum =         100
[Time: 165000 ns] [PE 3,3] Xong! psum =         400
[Time: 165000 ns] [PE 0,1] Xong! psum =         200
[Time: 165000 ns] [PE 1,0] Xong! psum =         100
[Time: 165000 ns] [PE 2,3] Xong! psum =         400
[Time: 165000 ns] [PE 3,2] Xong! psum =         300
[Time: 165000 ns] [PE 1,1] Xong! psum =         200
[Time: 165000 ns] [PE 2,2] Xong! psum =         300
[Time: 175000 ns] [PE 0,0] Xong! psum =         100
[Time: 175000 ns] [PE 3,3] Xong! psum =         400
[Time: 175000 ns] [PE 0,1] Xong! psum =         200
[Time: 175000 ns] [PE 1,0] Xong! psum =         100
[Time: 175000 ns] [PE 2,3] Xong! psum =         400
[Time: 175000 ns] [PE 3,2] Xong! psum =         300
[Time: 175000 ns] [PE 1,1] Xong! psum =         200
[Time: 175000 ns] [PE 2,2] Xong! psum =         300
[Time: 185000 ns] [PE 0,0] Xong! psum =         100
[Time: 185000 ns] [PE 3,3] Xong! psum =         400
[Time: 185000 ns] [PE 0,1] Xong! psum =         200
[Time: 185000 ns] [PE 1,0] Xong! psum =         100
[Time: 185000 ns] [PE 2,3] Xong! psum =         400
[Time: 185000 ns] [PE 3,2] Xong! psum =         300
[Time: 185000 ns] [PE 1,1] Xong! psum =         200
[Time: 185000 ns] [PE 2,2] Xong! psum =         300
=== KET THUC TEST ===
$finish called at time : 195 ns : File "D:/HK6/Project1/matmul_accelerator/matmul_accelerator.srcs/sim_1/imports/new/tb_matmul_array.v" Line 75
