bd_31d6_s00mmu_0: sc_mmu_v1_0_16_top__GC0, sc_util_v1_0_4_axi_reg_stall__parameterized0, 
RTL_MUX280: sc_mmu_v1_0_16_top__parameterized1__GC0, bd_90f7_s03sic_0, sc_transaction_regulator_v1_0_12_top__parameterized3__GC0, bd_90f7_s00sic_0, sc_exit_v1_0_18_top__parameterized1__GC0, sc_transaction_regulator_v1_0_12_top__parameterized1__GC0, sc_util_v1_0_4_axi_reg_stall__parameterized0, sc_transaction_regulator_v1_0_12_top__parameterized2__GC0, bd_90f7__GC0, sc_mmu_v1_0_16_top__parameterized2__GC0, sc_transaction_regulator_v1_0_12_singleorder__parameterized1__GC0, bd_90f7_s02sic_0, 
gemm_accelerator: matmul_array__GB7, matmul_array__GB8, gemm_accelerator__GC0, matmul_array__GB3, matmul_array__GB4, matmul_array__GB5, matmul_array__GB6, matmul_array__GB1, matmul_array__GB0, matmul_array__GB2, 
s02_entry_pipeline_imp_18DM9JY: sc_transaction_regulator_v1_0_12_top__parameterized2__GC0, sc_transaction_regulator_v1_0_12_singleorder__parameterized1__GC0, bd_90f7_s02sic_0, sc_util_v1_0_4_axi_reg_stall__parameterized0, sc_mmu_v1_0_16_top__parameterized1__GC0, 
s00_entry_pipeline_imp_OQLSHC: s00_entry_pipeline_imp_OQLSHC__GC0, sc_mmu_v1_0_16_top__GC0, sc_util_v1_0_4_axi_reg_stall__parameterized0, 
s01_entry_pipeline_imp_1HXCTYC: s01_entry_pipeline_imp_1HXCTYC__GC0, sc_mmu_v1_0_16_top__parameterized0__GC0, sc_util_v1_0_4_axi_reg_stall__parameterized0, 
s03_entry_pipeline_imp_1926TM: sc_transaction_regulator_v1_0_12_top__parameterized3__GC0, sc_transaction_regulator_v1_0_12_singleorder__parameterized1__GC0, bd_90f7_s03sic_0, sc_mmu_v1_0_16_top__parameterized2__GC0, sc_util_v1_0_4_axi_reg_stall__parameterized0, 
sc_transaction_regulator_v1_0_12_top__parameterized2: sc_transaction_regulator_v1_0_12_top__parameterized2__GC0, sc_util_v1_0_4_axi_reg_stall__parameterized0, sc_transaction_regulator_v1_0_12_singleorder__parameterized1__GC0, 
RTL_EQ76: sc_exit_v1_0_18_top__parameterized1__GC0, sc_util_v1_0_4_axi_reg_stall__parameterized0, 
gemm_block: matmul_array__GB5, sc_transaction_regulator_v1_0_12_top__parameterized2__GC0, matmul_array__GB7, bd_90f7_s02sic_0, matmul_array__GB6, sc_transaction_regulator_v1_0_12_top__parameterized3__GC0, bd_90f7_s03sic_0, sc_mmu_v1_0_16_top__parameterized2__GC0, s00_entry_pipeline_imp_OQLSHC__GC0, sc_transaction_regulator_v1_0_12_top__parameterized1__GC0, sc_mmu_v1_0_16_top__parameterized1__GC0, sc_mmu_v1_0_16_top__GC0, matmul_array__GB8, s01_entry_pipeline_imp_1HXCTYC__GC0, gemm_block__GC0, sc_transaction_regulator_v1_0_12_singleorder__parameterized1__GC0, bd_90f7__GC0, sc_mmu_v1_0_16_top__parameterized0__GC0, matmul_array__GB4, matmul_array__GB3, bd_90f7_s00sic_0, matmul_array__GB2, bd_31d6__GC0, sc_exit_v1_0_18_top__parameterized1__GC0, gemm_accelerator__GC0, matmul_array__GB1, matmul_array__GB0, sc_util_v1_0_4_axi_reg_stall__parameterized0, 
sc_mmu_v1_0_16_top__parameterized2: sc_mmu_v1_0_16_top__parameterized2__GC0, sc_util_v1_0_4_axi_reg_stall__parameterized0, 
sc_mmu_v1_0_16_top: sc_mmu_v1_0_16_top__GC0, sc_util_v1_0_4_axi_reg_stall__parameterized0, 
bd_90f7_s02mmu_0: sc_util_v1_0_4_axi_reg_stall__parameterized0, sc_mmu_v1_0_16_top__parameterized1__GC0, 
s00_entry_pipeline_imp_VQRNEF: sc_transaction_regulator_v1_0_12_top__parameterized1__GC0, sc_transaction_regulator_v1_0_12_singleorder__parameterized1__GC0, bd_90f7_s00sic_0, sc_mmu_v1_0_16_top__parameterized1__GC0, sc_util_v1_0_4_axi_reg_stall__parameterized0, 
gemm_block_wrapper: matmul_array__GB5, sc_transaction_regulator_v1_0_12_top__parameterized2__GC0, matmul_array__GB7, bd_90f7_s02sic_0, matmul_array__GB6, sc_transaction_regulator_v1_0_12_top__parameterized3__GC0, bd_90f7_s03sic_0, sc_mmu_v1_0_16_top__parameterized2__GC0, s00_entry_pipeline_imp_OQLSHC__GC0, sc_transaction_regulator_v1_0_12_top__parameterized1__GC0, sc_mmu_v1_0_16_top__parameterized1__GC0, sc_mmu_v1_0_16_top__GC0, matmul_array__GB8, s01_entry_pipeline_imp_1HXCTYC__GC0, gemm_block__GC0, sc_transaction_regulator_v1_0_12_singleorder__parameterized1__GC0, bd_90f7__GC0, sc_mmu_v1_0_16_top__parameterized0__GC0, matmul_array__GB4, matmul_array__GB3, bd_90f7_s00sic_0, matmul_array__GB2, bd_31d6__GC0, sc_exit_v1_0_18_top__parameterized1__GC0, gemm_accelerator__GC0, matmul_array__GB1, matmul_array__GB0, sc_util_v1_0_4_axi_reg_stall__parameterized0, 
RTL_OR200: sc_mmu_v1_0_16_top__parameterized1__GC0, bd_90f7_s03sic_0, sc_transaction_regulator_v1_0_12_top__parameterized3__GC0, bd_90f7_s00sic_0, sc_exit_v1_0_18_top__parameterized1__GC0, sc_transaction_regulator_v1_0_12_top__parameterized1__GC0, sc_util_v1_0_4_axi_reg_stall__parameterized0, sc_transaction_regulator_v1_0_12_top__parameterized2__GC0, bd_90f7__GC0, sc_mmu_v1_0_16_top__parameterized2__GC0, sc_transaction_regulator_v1_0_12_singleorder__parameterized1__GC0, bd_90f7_s02sic_0, 
bd_90f7_s02tr_0: sc_transaction_regulator_v1_0_12_top__parameterized2__GC0, sc_util_v1_0_4_axi_reg_stall__parameterized0, sc_transaction_regulator_v1_0_12_singleorder__parameterized1__GC0, 
sc_mmu_v1_0_16_top__parameterized0: sc_mmu_v1_0_16_top__parameterized0__GC0, sc_util_v1_0_4_axi_reg_stall__parameterized0, 
sc_transaction_regulator_v1_0_12_top__parameterized3: sc_transaction_regulator_v1_0_12_top__parameterized3__GC0, sc_util_v1_0_4_axi_reg_stall__parameterized0, sc_transaction_regulator_v1_0_12_singleorder__parameterized1__GC0, 
bd_90f7_s03mmu_0: sc_mmu_v1_0_16_top__parameterized2__GC0, sc_util_v1_0_4_axi_reg_stall__parameterized0, 
bd_31d6_s01mmu_0: sc_mmu_v1_0_16_top__parameterized0__GC0, sc_util_v1_0_4_axi_reg_stall__parameterized0, 
matmul_array: matmul_array__GB8, matmul_array__GB7, matmul_array__GB6, matmul_array__GB5, matmul_array__GB4, matmul_array__GB3, matmul_array__GB2, matmul_array__GB1, matmul_array__GB0, 
RTL_MUX281: sc_exit_v1_0_18_top__parameterized1__GC0, sc_util_v1_0_4_axi_reg_stall__parameterized0, 
RTL_AND141: sc_mmu_v1_0_16_top__parameterized1__GC0, sc_util_v1_0_4_axi_reg_stall__parameterized0, 
gemm_block_axi_smc_0: bd_31d6__GC0, s01_entry_pipeline_imp_1HXCTYC__GC0, sc_mmu_v1_0_16_top__parameterized0__GC0, s00_entry_pipeline_imp_OQLSHC__GC0, sc_mmu_v1_0_16_top__GC0, sc_util_v1_0_4_axi_reg_stall__parameterized0, 
bd_90f7_s03tr_0: sc_transaction_regulator_v1_0_12_top__parameterized3__GC0, sc_util_v1_0_4_axi_reg_stall__parameterized0, sc_transaction_regulator_v1_0_12_singleorder__parameterized1__GC0, 
sc_transaction_regulator_v1_0_12_top__parameterized1: sc_transaction_regulator_v1_0_12_top__parameterized1__GC0, sc_transaction_regulator_v1_0_12_singleorder__parameterized1__GC0, sc_util_v1_0_4_axi_reg_stall__parameterized0, 
RTL_ROM62: sc_mmu_v1_0_16_top__parameterized1__GC0, sc_util_v1_0_4_axi_reg_stall__parameterized0, 
gemm_block_gemm_accelerator_0_0: matmul_array__GB7, matmul_array__GB8, gemm_accelerator__GC0, matmul_array__GB3, matmul_array__GB4, matmul_array__GB5, matmul_array__GB6, matmul_array__GB1, matmul_array__GB0, matmul_array__GB2, 
bd_90f7_s00tr_0: sc_transaction_regulator_v1_0_12_top__parameterized1__GC0, sc_transaction_regulator_v1_0_12_singleorder__parameterized1__GC0, sc_util_v1_0_4_axi_reg_stall__parameterized0, 
sc_transaction_regulator_v1_0_12_singleorder__parameterized1: sc_transaction_regulator_v1_0_12_singleorder__parameterized1__GC0, sc_util_v1_0_4_axi_reg_stall__parameterized0, 
RTL_OR212: sc_exit_v1_0_18_top__parameterized1__GC0, sc_util_v1_0_4_axi_reg_stall__parameterized0, 
bd_31d6: bd_31d6__GC0, s01_entry_pipeline_imp_1HXCTYC__GC0, sc_mmu_v1_0_16_top__parameterized0__GC0, s00_entry_pipeline_imp_OQLSHC__GC0, sc_mmu_v1_0_16_top__GC0, sc_util_v1_0_4_axi_reg_stall__parameterized0, 
