Copyright 1986-2022 Xilinx, Inc. All Rights Reserved. Copyright 2022-2025 Advanced Micro Devices, Inc. All Rights Reserved.
------------------------------------------------------------------------------------------------------------------------------------------------
| Tool Version : Vivado v.2025.2 (win64) Build 6299465 Fri Nov 14 19:35:11 GMT 2025
| Date         : Wed Apr  8 20:31:49 2026
| Host         : VuDuong-32 running 64-bit major release  (build 9200)
| Command      : report_drc -file gemm_block_wrapper_drc_routed.rpt -pb gemm_block_wrapper_drc_routed.pb -rpx gemm_block_wrapper_drc_routed.rpx
| Design       : gemm_block_wrapper
| Device       : xck26-sfvc784-2LV-c
| Speed File   : -2LV
| Design State : Fully Routed
------------------------------------------------------------------------------------------------------------------------------------------------

Report DRC

Table of Contents
-----------------
1. REPORT SUMMARY
2. REPORT DETAILS

1. REPORT SUMMARY
-----------------
            Netlist: netlist
          Floorplan: design_1
      Design limits: <entire design considered>
           Ruledeck: default
             Max checks: <unlimited>
             Checks found: 1
+-----------+----------+-------------------+--------+
| Rule      | Severity | Description       | Checks |
+-----------+----------+-------------------+--------+
| RTSTAT-10 | Warning  | No routable loads | 1      |
+-----------+----------+-------------------+--------+

2. REPORT DETAILS
-----------------
RTSTAT-10#1 Warning
No routable loads  
25 net(s) have no routable loads. The problem bus(es) and/or net(s) are gemm_block_i/axi_smc/inst/m00_nodes/m00_ar_node/inst/mi_handler_m_sc_areset_pipe,
gemm_block_i/axi_smc/inst/m00_nodes/m00_r_node/inst/mi_handler_m_sc_areset_pipe,
gemm_block_i/axi_smc/inst/m00_nodes/m00_w_node/inst/mi_handler_m_sc_areset_pipe,
gemm_block_i/axi_smc/inst/m01_nodes/m01_aw_node/inst/mi_handler_m_sc_areset_pipe,
gemm_block_i/axi_smc/inst/m01_nodes/m01_b_node/inst/mi_handler_m_sc_areset_pipe,
gemm_block_i/axi_smc/inst/m02_nodes/m02_ar_node/inst/mi_handler_m_sc_areset_pipe,
gemm_block_i/axi_smc/inst/m02_nodes/m02_b_node/inst/mi_handler_m_sc_areset_pipe,
gemm_block_i/axi_smc/inst/m02_nodes/m02_r_node/inst/mi_handler_m_sc_areset_pipe,
gemm_block_i/axi_smc/inst/m02_nodes/m02_w_node/inst/mi_handler_m_sc_areset_pipe,
gemm_block_i/axi_smc/inst/s00_nodes/s00_ar_node/inst/mi_handler_m_sc_areset_pipe,
gemm_block_i/axi_smc/inst/s00_nodes/s00_b_node/inst/mi_handler_m_sc_areset_pipe,
gemm_block_i/axi_smc/inst/s00_nodes/s00_r_node/inst/mi_handler_m_sc_areset_pipe,
gemm_block_i/axi_smc/inst/s01_nodes/s01_aw_node/inst/mi_handler_m_sc_areset_pipe,
gemm_block_i/axi_smc/inst/s01_nodes/s01_b_node/inst/mi_handler_m_sc_areset_pipe,
gemm_block_i/axi_smc/inst/s01_nodes/s01_w_node/inst/mi_handler_m_sc_areset_pipe
 (the first 15 of 25 listed nets/buses).
Related violations: <none>


