
*** Running vivado
    with args -log gemm_block_wrapper.vdi -applog -m64 -product Vivado -messageDb vivado.pb -mode batch -source gemm_block_wrapper.tcl -notrace



****** Vivado v2025.2 (64-bit)
  **** SW Build 6299465 on Fri Nov 14 19:35:11 GMT 2025
  **** IP Build 6300035 on Fri Nov 14 10:48:45 MST 2025
  **** SharedData Build 6298862 on Thu Nov 13 04:50:51 MST 2025
  **** Start of session at: Mon Apr  6 10:26:58 2026
    ** Copyright 1986-2022 Xilinx, Inc. All Rights Reserved.
    ** Copyright 2022-2025 Advanced Micro Devices, Inc. All Rights Reserved.

source gemm_block_wrapper.tcl -notrace
Command: open_checkpoint D:/HK6/Project1/testing/matmul_array/matmul/matmul.runs/impl_1/gemm_block_wrapper.dcp
INFO: [Device 21-403] Loading part xck26-sfvc784-2LV-c
Netlist sorting complete. Time (s): cpu = 00:00:03 ; elapsed = 00:00:04 . Memory (MB): peak = 1642.660 ; gain = 0.000
INFO: [Netlist 29-17] Analyzing 6052 Unisim elements for replacement
INFO: [Netlist 29-28] Unisim Transformation completed in 1 CPU seconds
INFO: [Project 1-479] Netlist was created with Vivado 2025.2
INFO: [Project 1-570] Preparing netlist for logic optimization
Read ShapeDB Complete: Time (s): cpu = 00:00:00 ; elapsed = 00:00:00.744 . Memory (MB): peak = 1762.117 ; gain = 30.215
INFO: [Timing 38-478] Restoring timing data from binary archive.
INFO: [Timing 38-479] Binary timing data restore complete.
INFO: [Project 1-856] Restoring constraints from binary archive.
INFO: [Project 1-853] Binary constraint restore complete.
Netlist sorting complete. Time (s): cpu = 00:00:00 ; elapsed = 00:00:00.054 . Memory (MB): peak = 2465.734 ; gain = 0.000
INFO: [Project 1-111] Unisim Transformation Summary:
  A total of 176 instances were transformed.
  RAM16X1D => RAM32X1D (RAMD32(x2)): 3 instances
  RAM32M => RAM32M (RAMD32(x6), RAMS32(x2)): 5 instances
  RAM32M16 => RAM32M16 (RAMD32(x14), RAMS32(x2)): 80 instances
  RAM32X1D => RAM32X1D (RAMD32(x2)): 8 instances
  RAM64M8 => RAM64M8 (RAMD64E(x8)): 80 instances

INFO: [Project 1-604] Checkpoint was created with Vivado v2025.2 (64-bit) build 6299465
open_checkpoint: Time (s): cpu = 00:01:21 ; elapsed = 00:01:19 . Memory (MB): peak = 2465.734 ; gain = 2129.469
INFO: [IP_Flow 19-234] Refreshing IP repositories
INFO: [IP_Flow 19-1700] Loaded user IP repository 'd:/HK6/Project1/testing/matmul_array'.
WARNING: [IP_Flow 19-3656] If you move the project, the path for repository 'd:/HK6/Project1/testing/matmul_array' may become invalid. A better location for the repository would be in a path adjacent to the project. (Current project location is 'd:/HK6/Project1/testing/matmul_array/matmul/matmul.runs/impl_1'.)
INFO: [IP_Flow 19-2313] Loaded Vivado IP repository 'D:/Apps/Study/Vivado/2025.2/Vivado/data/ip'.
Command: opt_design
Attempting to get a license for feature 'Implementation' and/or device 'xck26'
INFO: [Common 17-349] Got license for feature 'Implementation' and/or device 'xck26'
Running DRC as a precondition to command opt_design

Starting DRC Task
INFO: [DRC 23-27] Running DRC with 2 threads
INFO: [Project 1-461] DRC finished with 0 Errors
INFO: [Project 1-462] Please refer to the DRC report (report_drc) for more information.

Time (s): cpu = 00:00:02 ; elapsed = 00:00:02 . Memory (MB): peak = 2513.441 ; gain = 46.617

Starting Cache Timing Information Task
INFO: [Timing 38-35] Done setting XDC timing constraints.
Ending Cache Timing Information Task | Checksum: 16c9eae45

Time (s): cpu = 00:00:15 ; elapsed = 00:00:11 . Memory (MB): peak = 2738.191 ; gain = 224.750

Starting Logic Optimization Task

Phase 1 Initialization

Phase 1.1 Core Generation And Design Setup
Phase 1.1 Core Generation And Design Setup | Checksum: 16c9eae45

Time (s): cpu = 00:00:00 ; elapsed = 00:00:00.187 . Memory (MB): peak = 3223.227 ; gain = 0.000

Phase 1.2 Setup Constraints And Sort Netlist
Phase 1.2 Setup Constraints And Sort Netlist | Checksum: 16c9eae45

Time (s): cpu = 00:00:00 ; elapsed = 00:00:00.287 . Memory (MB): peak = 3223.227 ; gain = 0.000
Phase 1 Initialization | Checksum: 16c9eae45

Time (s): cpu = 00:00:00 ; elapsed = 00:00:00.296 . Memory (MB): peak = 3223.227 ; gain = 0.000

Phase 2 Timer Update And Timing Data Collection

Phase 2.1 Detect if minReqCache needed
Phase 2.1 Detect if minReqCache needed | Checksum: 16c9eae45

Time (s): cpu = 00:00:00 ; elapsed = 00:00:00.508 . Memory (MB): peak = 3250.551 ; gain = 27.324

Phase 2.2 Timer Update
Phase 2.2 Timer Update | Checksum: 16c9eae45

Time (s): cpu = 00:00:07 ; elapsed = 00:00:04 . Memory (MB): peak = 3250.551 ; gain = 27.324

Phase 2.3 Timing Data Collection
Phase 2.3 Timing Data Collection | Checksum: 16c9eae45

Time (s): cpu = 00:00:07 ; elapsed = 00:00:04 . Memory (MB): peak = 3250.551 ; gain = 27.324
Phase 2 Timer Update And Timing Data Collection | Checksum: 16c9eae45

Time (s): cpu = 00:00:07 ; elapsed = 00:00:04 . Memory (MB): peak = 3250.551 ; gain = 27.324

Phase 3 Retarget
INFO: [Opt 31-1851] Number of loadless carry chains removed were: 0
INFO: [Opt 31-1834] Total Chains To Be Transformed Were: 0 AND Number of Transformed insts Created are: 0
INFO: [Opt 31-1566] Pulled 4 inverters resulting in an inversion of 34 pins
INFO: [Opt 31-138] Pushed 142 inverter(s) to 35580 load pin(s).
INFO: [Opt 31-49] Retargeted 0 cell(s).
Phase 3 Retarget | Checksum: 26e524ab2

Time (s): cpu = 00:00:14 ; elapsed = 00:00:12 . Memory (MB): peak = 3250.551 ; gain = 27.324
Retarget | Checksum: 26e524ab2
INFO: [Opt 31-389] Phase Retarget created 18 cells and removed 485 cells
INFO: [Opt 31-1021] In phase Retarget, 168 netlist objects are constrained preventing optimization. Please run opt_design with -debug_log to get more detail. 

Phase 4 Constant propagation
INFO: [Opt 31-138] Pushed 0 inverter(s) to 0 load pin(s).
Phase 4 Constant propagation | Checksum: 270f3b291

Time (s): cpu = 00:00:16 ; elapsed = 00:00:13 . Memory (MB): peak = 3250.551 ; gain = 27.324
Constant propagation | Checksum: 270f3b291
INFO: [Opt 31-389] Phase Constant propagation created 0 cells and removed 0 cells
INFO: [Opt 31-1021] In phase Constant propagation, 168 netlist objects are constrained preventing optimization. Please run opt_design with -debug_log to get more detail. 

Phase 5 Sweep
INFO: [Constraints 18-11670] Building netlist checker database with flags, 0x8
Done building netlist checker database: Time (s): cpu = 00:00:00 ; elapsed = 00:00:00.119 . Memory (MB): peak = 3250.551 ; gain = 0.000
INFO: [Constraints 18-11670] Building netlist checker database with flags, 0x8
Done building netlist checker database: Time (s): cpu = 00:00:00 ; elapsed = 00:00:00.108 . Memory (MB): peak = 3250.551 ; gain = 0.000
Phase 5 Sweep | Checksum: 1d924bac9

Time (s): cpu = 00:00:20 ; elapsed = 00:00:18 . Memory (MB): peak = 3250.551 ; gain = 27.324
Sweep | Checksum: 1d924bac9
INFO: [Opt 31-389] Phase Sweep created 0 cells and removed 431 cells
INFO: [Opt 31-1021] In phase Sweep, 213 netlist objects are constrained preventing optimization. Please run opt_design with -debug_log to get more detail. 

Phase 6 BUFG optimization
INFO: [Opt 31-1077] Phase BUFG optimization inserted 0 global clock buffer(s) for CLOCK_LOW_FANOUT.
INFO: [Opt 31-129] Inserted BUFG to drive high-fanout reset|set|enable net. BUFG cell: gemm_block_i/rst_ps8_0_99M/U0/peripheral_aresetn[0]_BUFG_inst, Net: gemm_block_i/rst_ps8_0_99M/U0/peripheral_aresetn[0]
Phase 6 BUFG optimization | Checksum: 1e6825653

Time (s): cpu = 00:00:25 ; elapsed = 00:00:21 . Memory (MB): peak = 3250.551 ; gain = 27.324
BUFG optimization | Checksum: 1e6825653
INFO: [Opt 31-662] Phase BUFG optimization created 2 cells of which 1 are BUFGs and removed 0 cells.

Phase 7 Shift Register Optimization
INFO: [Opt 31-1064] SRL Remap converted 0 SRLs to 0 registers and converted 0 registers of register chains to 0 SRLs
Phase 7 Shift Register Optimization | Checksum: 1e6825653

Time (s): cpu = 00:00:26 ; elapsed = 00:00:21 . Memory (MB): peak = 3250.551 ; gain = 27.324
Shift Register Optimization | Checksum: 1e6825653
INFO: [Opt 31-389] Phase Shift Register Optimization created 0 cells and removed 0 cells

Phase 8 Post Processing Netlist
Phase 8 Post Processing Netlist | Checksum: 26ac62796

Time (s): cpu = 00:00:26 ; elapsed = 00:00:21 . Memory (MB): peak = 3250.551 ; gain = 27.324
Post Processing Netlist | Checksum: 26ac62796
INFO: [Opt 31-389] Phase Post Processing Netlist created 0 cells and removed 0 cells
INFO: [Opt 31-1021] In phase Post Processing Netlist, 193 netlist objects are constrained preventing optimization. Please run opt_design with -debug_log to get more detail. 

Phase 9 Finalization

Phase 9.1 Finalizing Design Cores and Updating Shapes
Phase 9.1 Finalizing Design Cores and Updating Shapes | Checksum: 12f631e53

Time (s): cpu = 00:00:37 ; elapsed = 00:00:33 . Memory (MB): peak = 3250.551 ; gain = 27.324

Phase 9.2 Verifying Netlist Connectivity

Starting Connectivity Check Task

Time (s): cpu = 00:00:01 ; elapsed = 00:00:00.282 . Memory (MB): peak = 3250.551 ; gain = 0.000
Phase 9.2 Verifying Netlist Connectivity | Checksum: 12f631e53

Time (s): cpu = 00:00:38 ; elapsed = 00:00:33 . Memory (MB): peak = 3250.551 ; gain = 27.324
Phase 9 Finalization | Checksum: 12f631e53

Time (s): cpu = 00:00:38 ; elapsed = 00:00:33 . Memory (MB): peak = 3250.551 ; gain = 27.324
Opt_design Change Summary
=========================


-------------------------------------------------------------------------------------------------------------------------
|  Phase                        |  #Cells created  |  #Cells Removed  |  #Constrained objects preventing optimizations  |
-------------------------------------------------------------------------------------------------------------------------
|  Retarget                     |              18  |             485  |                                            168  |
|  Constant propagation         |               0  |               0  |                                            168  |
|  Sweep                        |               0  |             431  |                                            213  |
|  BUFG optimization            |               2  |               0  |                                              0  |
|  Shift Register Optimization  |               0  |               0  |                                              0  |
|  Post Processing Netlist      |               0  |               0  |                                            193  |
-------------------------------------------------------------------------------------------------------------------------


Ending Logic Optimization Task | Checksum: 12f631e53

Time (s): cpu = 00:00:38 ; elapsed = 00:00:33 . Memory (MB): peak = 3250.551 ; gain = 27.324

Starting Power Optimization Task
INFO: [Pwropt 34-132] Skipping clock gating for clocks with a period < 2.00 ns.
INFO: [Pwropt 34-9] Applying IDT optimizations ...
INFO: [Pwropt 34-10] Applying ODC optimizations ...
INFO: [Timing 38-35] Done setting XDC timing constraints.
Running Vector-less Activity Propagation...

Finished Running Vector-less Activity Propagation


Starting PowerOpt Patch Enables Task
INFO: [Pwropt 34-162] WRITE_MODE attribute of 0 BRAM(s) out of a total of 15 has been updated to save power. Run report_power_opt to get a complete listing of the BRAMs updated.
INFO: [Pwropt 34-201] Structural ODC has moved 2 WE to EN ports
Number of BRAM Ports augmented: 6 newly gated: 2 Total Ports: 30
Ending PowerOpt Patch Enables Task | Checksum: 20865a5a9

Time (s): cpu = 00:00:01 ; elapsed = 00:00:00.497 . Memory (MB): peak = 3449.316 ; gain = 0.000
Ending Power Optimization Task | Checksum: 20865a5a9

Time (s): cpu = 00:00:46 ; elapsed = 00:00:29 . Memory (MB): peak = 3449.316 ; gain = 198.766

Starting Final Cleanup Task

Starting Logic Optimization Task
INFO: [Timing 38-35] Done setting XDC timing constraints.
Ending Logic Optimization Task | Checksum: 1779cabee

Time (s): cpu = 00:00:16 ; elapsed = 00:00:11 . Memory (MB): peak = 3449.316 ; gain = 0.000
Ending Final Cleanup Task | Checksum: 1779cabee

Time (s): cpu = 00:00:20 ; elapsed = 00:00:16 . Memory (MB): peak = 3449.316 ; gain = 0.000
Netlist sorting complete. Time (s): cpu = 00:00:00 ; elapsed = 00:00:00.058 . Memory (MB): peak = 3449.316 ; gain = 0.000
INFO: [Common 17-83] Releasing license: Implementation
48 Infos, 1 Warnings, 0 Critical Warnings and 0 Errors encountered.
opt_design completed successfully
opt_design: Time (s): cpu = 00:02:06 ; elapsed = 00:01:37 . Memory (MB): peak = 3449.316 ; gain = 982.492
INFO: [Vivado 12-24828] Executing command : report_drc -file gemm_block_wrapper_drc_opted.rpt -pb gemm_block_wrapper_drc_opted.pb -rpx gemm_block_wrapper_drc_opted.rpx
Command: report_drc -file gemm_block_wrapper_drc_opted.rpt -pb gemm_block_wrapper_drc_opted.pb -rpx gemm_block_wrapper_drc_opted.rpx
INFO: [IP_Flow 19-1839] IP Catalog is up to date.
INFO: [Timing 38-35] Done setting XDC timing constraints.
INFO: [DRC 23-27] Running DRC with 2 threads
INFO: [Vivado_Tcl 2-168] The results of DRC are in file D:/HK6/Project1/testing/matmul_array/matmul/matmul.runs/impl_1/gemm_block_wrapper_drc_opted.rpt.
report_drc completed successfully
report_drc: Time (s): cpu = 00:00:59 ; elapsed = 00:00:42 . Memory (MB): peak = 3898.500 ; gain = 449.184
generate_parallel_reports: Time (s): cpu = 00:00:59 ; elapsed = 00:00:42 . Memory (MB): peak = 3898.500 ; gain = 449.184
INFO: [Timing 38-480] Writing timing data to binary archive.
Write ShapeDB Complete: Time (s): cpu = 00:00:02 ; elapsed = 00:00:00.503 . Memory (MB): peak = 3898.500 ; gain = 0.000
INFO: [Common 17-1381] The checkpoint 'D:/HK6/Project1/testing/matmul_array/matmul/matmul.runs/impl_1/gemm_block_wrapper_opt.dcp' has been generated.
write_checkpoint: Time (s): cpu = 00:00:18 ; elapsed = 00:00:12 . Memory (MB): peak = 3898.500 ; gain = 0.000
Command: place_design
Attempting to get a license for feature 'Implementation' and/or device 'xck26'
INFO: [Common 17-349] Got license for feature 'Implementation' and/or device 'xck26'
INFO: [Common 17-83] Releasing license: Implementation
INFO: [DRC 23-27] Running DRC with 2 threads
INFO: [Vivado_Tcl 4-198] DRC finished with 0 Errors
INFO: [Vivado_Tcl 4-199] Please refer to the DRC report (report_drc) for more information.
Running DRC as a precondition to command place_design
INFO: [DRC 23-27] Running DRC with 2 threads
INFO: [Vivado_Tcl 4-198] DRC finished with 0 Errors
INFO: [Vivado_Tcl 4-199] Please refer to the DRC report (report_drc) for more information.
INFO: [Place 30-611] Multithreading enabled for place_design using a maximum of 2 CPUs

Starting Placer Task

Phase 1 Placer Initialization

Phase 1.1 Placer Initialization Netlist Sorting
Netlist sorting complete. Time (s): cpu = 00:00:00 ; elapsed = 00:00:00.065 . Memory (MB): peak = 3898.500 ; gain = 0.000
Phase 1.1 Placer Initialization Netlist Sorting | Checksum: 124003ee6

Time (s): cpu = 00:00:00 ; elapsed = 00:00:00.110 . Memory (MB): peak = 3898.500 ; gain = 0.000
Netlist sorting complete. Time (s): cpu = 00:00:00 ; elapsed = 00:00:00.058 . Memory (MB): peak = 3898.500 ; gain = 0.000

Phase 1.2 IO Placement/ Clock Placement/ Build Placer Device
INFO: [Timing 38-35] Done setting XDC timing constraints.
Phase 1.2 IO Placement/ Clock Placement/ Build Placer Device | Checksum: 1e3081f57

Time (s): cpu = 00:00:17 ; elapsed = 00:00:13 . Memory (MB): peak = 3898.500 ; gain = 0.000

Phase 1.3 Build Placer Netlist Model
Phase 1.3 Build Placer Netlist Model | Checksum: 2b9e853c2

Time (s): cpu = 00:01:24 ; elapsed = 00:00:58 . Memory (MB): peak = 3898.500 ; gain = 0.000

Phase 1.4 Constrain Clocks/Macros
Phase 1.4 Constrain Clocks/Macros | Checksum: 2b9e853c2

Time (s): cpu = 00:01:24 ; elapsed = 00:00:58 . Memory (MB): peak = 3898.500 ; gain = 0.000
Phase 1 Placer Initialization | Checksum: 2b9e853c2

Time (s): cpu = 00:01:25 ; elapsed = 00:00:59 . Memory (MB): peak = 3898.500 ; gain = 0.000

Phase 2 Global Placement

Phase 2.1 Floorplanning

Phase 2.1.1 Partition Driven Placement

Phase 2.1.1.1 PBP: Partition Driven Placement
Phase 2.1.1.1 PBP: Partition Driven Placement | Checksum: 25c19ab30

Time (s): cpu = 00:02:10 ; elapsed = 00:01:27 . Memory (MB): peak = 3898.500 ; gain = 0.000

Phase 2.1.1.2 PBP: Clock Region Placement
INFO: [Place 30-3162] Check ILP status : ILP-based clock placer completed successfully.
Phase 2.1.1.2 PBP: Clock Region Placement | Checksum: 1b307d314

Time (s): cpu = 00:02:13 ; elapsed = 00:01:30 . Memory (MB): peak = 3898.500 ; gain = 0.000

Phase 2.1.1.3 PBP: Compute Congestion
Phase 2.1.1.3 PBP: Compute Congestion | Checksum: 1b307d314

Time (s): cpu = 00:02:35 ; elapsed = 00:01:42 . Memory (MB): peak = 3971.891 ; gain = 73.391

Phase 2.1.1.4 PBP: UpdateTiming
Phase 2.1.1.4 PBP: UpdateTiming | Checksum: 1b2439a9e

Time (s): cpu = 00:02:51 ; elapsed = 00:01:53 . Memory (MB): peak = 3986.535 ; gain = 88.035

Phase 2.1.1.5 PBP: Add part constraints
Phase 2.1.1.5 PBP: Add part constraints | Checksum: 1b2439a9e

Time (s): cpu = 00:02:51 ; elapsed = 00:01:53 . Memory (MB): peak = 3986.535 ; gain = 88.035
Phase 2.1.1 Partition Driven Placement | Checksum: 1b2439a9e

Time (s): cpu = 00:02:51 ; elapsed = 00:01:53 . Memory (MB): peak = 3986.535 ; gain = 88.035
Phase 2.1 Floorplanning | Checksum: 22354f571

Time (s): cpu = 00:02:51 ; elapsed = 00:01:53 . Memory (MB): peak = 3986.535 ; gain = 88.035

Phase 2.2 Update Timing before SLR Path Opt
Phase 2.2 Update Timing before SLR Path Opt | Checksum: 22354f571

Time (s): cpu = 00:02:51 ; elapsed = 00:01:53 . Memory (MB): peak = 3986.535 ; gain = 88.035

Phase 2.3 Post-Processing in Floorplanning
Phase 2.3 Post-Processing in Floorplanning | Checksum: 22354f571

Time (s): cpu = 00:02:52 ; elapsed = 00:01:53 . Memory (MB): peak = 3986.535 ; gain = 88.035

Phase 2.4 Global Place Phase1
Phase 2.4 Global Place Phase1 | Checksum: 2599eac55

Time (s): cpu = 00:05:59 ; elapsed = 00:03:47 . Memory (MB): peak = 4082.398 ; gain = 183.898

Phase 2.5 Global Place Phase2

Phase 2.5.1 UpdateTiming Before Physical Synthesis
Phase 2.5.1 UpdateTiming Before Physical Synthesis | Checksum: 2e2d059ab

Time (s): cpu = 00:06:52 ; elapsed = 00:04:14 . Memory (MB): peak = 4082.398 ; gain = 183.898

Phase 2.5.2 Physical Synthesis In Placer
INFO: [Physopt 32-1035] Found 0 LUTNM shape to break, 525 LUT instances to create LUTNM shape
INFO: [Physopt 32-1044] Break lutnm for timing: one critical 0, two critical 0, total 0, new lutff created 0
INFO: [Physopt 32-1138] End 1 Pass. Optimized 184 nets or LUTs. Breaked 0 LUT, combined 184 existing LUTs and moved 0 existing LUT
INFO: [Physopt 32-670] No setup violation found.  Equivalent Driver Rewiring was not performed.
INFO: [Physopt 32-65] No nets found for high-fanout optimization.
INFO: [Physopt 32-232] Optimized 0 net. Created 0 new instance.
INFO: [Physopt 32-775] End 1 Pass. Optimized 0 net or cell. Created 0 new cell, deleted 0 existing cell and moved 0 existing cell
INFO: [Physopt 32-670] No setup violation found.  DSP Register Optimization was not performed.
INFO: [Physopt 32-670] No setup violation found.  Shift Register to Pipeline Optimization was not performed.
INFO: [Physopt 32-670] No setup violation found.  Shift Register Optimization was not performed.
INFO: [Physopt 32-670] No setup violation found.  BRAM Register Optimization was not performed.
INFO: [Physopt 32-670] No setup violation found.  URAM Register Optimization was not performed.
INFO: [Physopt 32-949] No candidate nets found for dynamic/static region interface net replication
INFO: [Physopt 32-775] End 1 Pass. Optimized 0 net or cell. Created 0 new cell, deleted 0 existing cell and moved 0 existing cell
Netlist sorting complete. Time (s): cpu = 00:00:00 ; elapsed = 00:00:00.059 . Memory (MB): peak = 4082.398 ; gain = 0.000

Summary of Physical Synthesis Optimizations
============================================


-----------------------------------------------------------------------------------------------------------------------------------------------------------
|  Optimization                                     |  Added Cells  |  Removed Cells  |  Optimized Cells/Nets  |  Dont Touch  |  Iterations  |  Elapsed   |
-----------------------------------------------------------------------------------------------------------------------------------------------------------
|  LUT Combining                                    |            0  |            184  |                   184  |           0  |           1  |  00:00:01  |
|  Retime                                           |            0  |              0  |                     0  |           0  |           1  |  00:00:00  |
|  Equivalent Driver Rewiring                       |            0  |              0  |                     0  |           0  |           0  |  00:00:00  |
|  Very High Fanout                                 |            0  |              0  |                     0  |           0  |           1  |  00:00:00  |
|  DSP Register                                     |            0  |              0  |                     0  |           0  |           0  |  00:00:00  |
|  Shift Register to Pipeline                       |            0  |              0  |                     0  |           0  |           0  |  00:00:00  |
|  Shift Register                                   |            0  |              0  |                     0  |           0  |           0  |  00:00:00  |
|  BRAM Register                                    |            0  |              0  |                     0  |           0  |           0  |  00:00:00  |
|  URAM Register                                    |            0  |              0  |                     0  |           0  |           0  |  00:00:00  |
|  Dynamic/Static Region Interface Net Replication  |            0  |              0  |                     0  |           0  |           1  |  00:00:00  |
|  Total                                            |            0  |            184  |                   184  |           0  |           4  |  00:00:01  |
-----------------------------------------------------------------------------------------------------------------------------------------------------------


Phase 2.5.2 Physical Synthesis In Placer | Checksum: 2e8086982

Time (s): cpu = 00:07:28 ; elapsed = 00:04:36 . Memory (MB): peak = 4082.398 ; gain = 183.898
Phase 2.5 Global Place Phase2 | Checksum: 32f70773b

Time (s): cpu = 00:07:58 ; elapsed = 00:04:53 . Memory (MB): peak = 4082.398 ; gain = 183.898
Phase 2 Global Placement | Checksum: 32f70773b

Time (s): cpu = 00:07:59 ; elapsed = 00:04:53 . Memory (MB): peak = 4082.398 ; gain = 183.898

Phase 3 Detail Placement

Phase 3.1 Commit Multi Column Macros
Phase 3.1 Commit Multi Column Macros | Checksum: 2d4979250

Time (s): cpu = 00:08:32 ; elapsed = 00:05:12 . Memory (MB): peak = 4082.398 ; gain = 183.898

Phase 3.2 Commit Most Macros & LUTRAMs
Phase 3.2 Commit Most Macros & LUTRAMs | Checksum: 277d98e9f

Time (s): cpu = 00:08:59 ; elapsed = 00:05:30 . Memory (MB): peak = 4082.398 ; gain = 183.898

Phase 3.3 Small Shape DP

Phase 3.3.1 Small Shape Clustering
Phase 3.3.1 Small Shape Clustering | Checksum: 1e6b90b07

Time (s): cpu = 00:09:45 ; elapsed = 00:05:55 . Memory (MB): peak = 4082.398 ; gain = 183.898

Phase 3.3.2 Slice Area Swap

Phase 3.3.2.1 Slice Area Swap Initial
Phase 3.3.2.1 Slice Area Swap Initial | Checksum: 2bc15dd94

Time (s): cpu = 00:10:14 ; elapsed = 00:06:16 . Memory (MB): peak = 4082.398 ; gain = 183.898
Phase 3.3.2 Slice Area Swap | Checksum: 2bc15dd94

Time (s): cpu = 00:10:15 ; elapsed = 00:06:17 . Memory (MB): peak = 4082.398 ; gain = 183.898
Phase 3.3 Small Shape DP | Checksum: 1e355f83b

Time (s): cpu = 00:11:18 ; elapsed = 00:06:50 . Memory (MB): peak = 4082.398 ; gain = 183.898

Phase 3.4 Re-assign LUT pins
Phase 3.4 Re-assign LUT pins | Checksum: 218de018e

Time (s): cpu = 00:11:28 ; elapsed = 00:07:00 . Memory (MB): peak = 4082.414 ; gain = 183.914

Phase 3.5 Pipeline Register Optimization
Phase 3.5 Pipeline Register Optimization | Checksum: 222187875

Time (s): cpu = 00:11:29 ; elapsed = 00:07:01 . Memory (MB): peak = 4082.414 ; gain = 183.914
Phase 3 Detail Placement | Checksum: 222187875

Time (s): cpu = 00:11:30 ; elapsed = 00:07:01 . Memory (MB): peak = 4082.414 ; gain = 183.914

Phase 4 Post Placement Optimization and Clean-Up

Phase 4.1 Post Commit Optimization
INFO: [Timing 38-35] Done setting XDC timing constraints.

Phase 4.1.1 Post Placement Optimization
Post Placement Optimization Initialization | Checksum: 27cf0fd1d

Phase 4.1.1.1 BUFG Insertion

Starting Physical Synthesis Task

Phase 1 Physical Synthesis Initialization
INFO: [Physopt 32-721] Multithreading enabled for phys_opt_design using a maximum of 2 CPUs
INFO: [Physopt 32-619] Estimated Timing Summary | WNS=4.819 | TNS=0.000 |
Phase 1 Physical Synthesis Initialization | Checksum: 14c1f4e03

Time (s): cpu = 00:00:04 ; elapsed = 00:00:02 . Memory (MB): peak = 4265.609 ; gain = 0.000
INFO: [Place 46-56] BUFG insertion identified 0 candidate nets. Inserted BUFG: 0, Replicated BUFG Driver: 0, Skipped due to Placement/Routing Conflicts: 0, Skipped due to Timing Degradation: 0, Skipped due to netlist editing failed: 0.
Ending Physical Synthesis Task | Checksum: 1f436d991

Time (s): cpu = 00:00:05 ; elapsed = 00:00:03 . Memory (MB): peak = 4271.566 ; gain = 5.957
Phase 4.1.1.1 BUFG Insertion | Checksum: 27cf0fd1d

Time (s): cpu = 00:13:20 ; elapsed = 00:08:10 . Memory (MB): peak = 4271.566 ; gain = 373.066

Phase 4.1.1.2 Post Placement Timing Optimization
INFO: [Place 30-746] Post Placement Timing Summary WNS=4.819. For the most accurate timing information please run report_timing.
Phase 4.1.1.2 Post Placement Timing Optimization | Checksum: 23b1f290a

Time (s): cpu = 00:13:22 ; elapsed = 00:08:11 . Memory (MB): peak = 4271.566 ; gain = 373.066

Time (s): cpu = 00:13:22 ; elapsed = 00:08:11 . Memory (MB): peak = 4271.566 ; gain = 373.066
Phase 4.1 Post Commit Optimization | Checksum: 23b1f290a

Time (s): cpu = 00:13:23 ; elapsed = 00:08:11 . Memory (MB): peak = 4271.566 ; gain = 373.066
Netlist sorting complete. Time (s): cpu = 00:00:00 ; elapsed = 00:00:00.068 . Memory (MB): peak = 4307.328 ; gain = 0.000

Phase 4.2 Post Placement Cleanup
Phase 4.2 Post Placement Cleanup | Checksum: 22056a40c

Time (s): cpu = 00:13:50 ; elapsed = 00:08:28 . Memory (MB): peak = 4307.328 ; gain = 408.828

Phase 4.3 Placer Reporting

Phase 4.3.1 Print Estimated Congestion
INFO: [Place 30-612] Post-Placement Estimated Congestion 
 ________________________________________________________________________
|           | Global Congestion | Long Congestion   | Short Congestion  |
| Direction | Region Size       | Region Size       | Region Size       |
|___________|___________________|___________________|___________________|
|      North|                1x1|                1x1|                4x4|
|___________|___________________|___________________|___________________|
|      South|                1x1|                1x1|                2x2|
|___________|___________________|___________________|___________________|
|       East|                1x1|                1x1|                4x4|
|___________|___________________|___________________|___________________|
|       West|                1x1|                1x1|                4x4|
|___________|___________________|___________________|___________________|

Phase 4.3.1 Print Estimated Congestion | Checksum: 22056a40c

Time (s): cpu = 00:13:51 ; elapsed = 00:08:29 . Memory (MB): peak = 4307.328 ; gain = 408.828
Phase 4.3 Placer Reporting | Checksum: 22056a40c

Time (s): cpu = 00:13:52 ; elapsed = 00:08:29 . Memory (MB): peak = 4307.328 ; gain = 408.828

Phase 4.4 Final Placement Cleanup
Netlist sorting complete. Time (s): cpu = 00:00:00 ; elapsed = 00:00:00.068 . Memory (MB): peak = 4307.328 ; gain = 0.000

Time (s): cpu = 00:13:52 ; elapsed = 00:08:29 . Memory (MB): peak = 4307.328 ; gain = 408.828
Phase 4 Post Placement Optimization and Clean-Up | Checksum: 251ea9e55

Time (s): cpu = 00:13:53 ; elapsed = 00:08:30 . Memory (MB): peak = 4307.328 ; gain = 408.828
Ending Placer Task | Checksum: 1ae578f5b

Time (s): cpu = 00:13:53 ; elapsed = 00:08:30 . Memory (MB): peak = 4307.328 ; gain = 408.828
86 Infos, 1 Warnings, 0 Critical Warnings and 0 Errors encountered.
place_design completed successfully
place_design: Time (s): cpu = 00:14:02 ; elapsed = 00:08:35 . Memory (MB): peak = 4307.328 ; gain = 408.828
INFO: [Vivado 12-24838] Running report commands "report_control_sets, report_io, report_utilization" in parallel.
Running report generation with 2 threads.
INFO: [Vivado 12-24828] Executing command : report_io -file gemm_block_wrapper_io_placed.rpt
report_io: Time (s): cpu = 00:00:01 ; elapsed = 00:00:00.264 . Memory (MB): peak = 4307.328 ; gain = 0.000
INFO: [Vivado 12-24828] Executing command : report_control_sets -verbose -file gemm_block_wrapper_control_sets_placed.rpt
report_control_sets: Time (s): cpu = 00:00:01 ; elapsed = 00:00:00.532 . Memory (MB): peak = 4307.328 ; gain = 0.000
INFO: [Vivado 12-24828] Executing command : report_utilization -file gemm_block_wrapper_utilization_placed.rpt -pb gemm_block_wrapper_utilization_placed.pb
INFO: [Timing 38-480] Writing timing data to binary archive.
Write ShapeDB Complete: Time (s): cpu = 00:00:03 ; elapsed = 00:00:00.682 . Memory (MB): peak = 4307.328 ; gain = 0.000
Wrote PlaceDB: Time (s): cpu = 00:00:25 ; elapsed = 00:00:08 . Memory (MB): peak = 4307.328 ; gain = 0.000
Wrote PulsedLatchDB: Time (s): cpu = 00:00:00 ; elapsed = 00:00:00.001 . Memory (MB): peak = 4307.328 ; gain = 0.000
Writing XDEF routing.
Writing XDEF routing logical nets.
Writing XDEF routing special nets.
Wrote RouteStorage: Time (s): cpu = 00:00:00 ; elapsed = 00:00:00.387 . Memory (MB): peak = 4307.328 ; gain = 0.000
Wrote Netlist Cache: Time (s): cpu = 00:00:01 ; elapsed = 00:00:00.198 . Memory (MB): peak = 4307.328 ; gain = 0.000
Wrote Device Cache: Time (s): cpu = 00:00:00 ; elapsed = 00:00:00.045 . Memory (MB): peak = 4307.328 ; gain = 0.000
Write Physdb Complete: Time (s): cpu = 00:00:26 ; elapsed = 00:00:09 . Memory (MB): peak = 4307.328 ; gain = 0.000
INFO: [Common 17-1381] The checkpoint 'D:/HK6/Project1/testing/matmul_array/matmul/matmul.runs/impl_1/gemm_block_wrapper_placed.dcp' has been generated.
write_checkpoint: Time (s): cpu = 00:00:30 ; elapsed = 00:00:14 . Memory (MB): peak = 4307.328 ; gain = 0.000
Command: phys_opt_design
Attempting to get a license for feature 'Implementation' and/or device 'xck26'
INFO: [Common 17-349] Got license for feature 'Implementation' and/or device 'xck26'

Starting Initial Update Timing Task

Time (s): cpu = 00:00:58 ; elapsed = 00:00:33 . Memory (MB): peak = 4307.328 ; gain = 0.000
INFO: [Vivado_Tcl 4-2279] Estimated Timing Summary | WNS= 4.820 | TNS= 0.000 | 
INFO: [Vivado_Tcl 4-383] Design worst setup slack (WNS) is greater than or equal to 0.000 ns. All physical synthesis setup optimizations will be skipped.
INFO: [Vivado_Tcl 4-232] No setup violation found. The netlist was not modified.
INFO: [Common 17-83] Releasing license: Implementation
97 Infos, 1 Warnings, 0 Critical Warnings and 0 Errors encountered.
phys_opt_design completed successfully
phys_opt_design: Time (s): cpu = 00:00:59 ; elapsed = 00:00:34 . Memory (MB): peak = 4307.328 ; gain = 0.000
INFO: [Timing 38-480] Writing timing data to binary archive.
Write ShapeDB Complete: Time (s): cpu = 00:00:04 ; elapsed = 00:00:00.732 . Memory (MB): peak = 4307.328 ; gain = 0.000
Wrote PlaceDB: Time (s): cpu = 00:00:25 ; elapsed = 00:00:08 . Memory (MB): peak = 4308.719 ; gain = 1.391
Wrote PulsedLatchDB: Time (s): cpu = 00:00:00 ; elapsed = 00:00:00 . Memory (MB): peak = 4308.719 ; gain = 0.000
Writing XDEF routing.
Writing XDEF routing logical nets.
Writing XDEF routing special nets.
Wrote RouteStorage: Time (s): cpu = 00:00:01 ; elapsed = 00:00:00.241 . Memory (MB): peak = 4308.719 ; gain = 0.000
Wrote Netlist Cache: Time (s): cpu = 00:00:00 ; elapsed = 00:00:00.176 . Memory (MB): peak = 4308.719 ; gain = 0.000
Wrote Device Cache: Time (s): cpu = 00:00:00 ; elapsed = 00:00:00.045 . Memory (MB): peak = 4308.719 ; gain = 0.000
Write Physdb Complete: Time (s): cpu = 00:00:26 ; elapsed = 00:00:09 . Memory (MB): peak = 4308.719 ; gain = 1.391
INFO: [Common 17-1381] The checkpoint 'D:/HK6/Project1/testing/matmul_array/matmul/matmul.runs/impl_1/gemm_block_wrapper_physopt.dcp' has been generated.
write_checkpoint: Time (s): cpu = 00:00:30 ; elapsed = 00:00:14 . Memory (MB): peak = 4308.719 ; gain = 1.391
Command: route_design
Attempting to get a license for feature 'Implementation' and/or device 'xck26'
INFO: [Common 17-349] Got license for feature 'Implementation' and/or device 'xck26'


Starting Routing Task
INFO: [Route 35-254] Multithreading enabled for route_design using a maximum of 2 CPUs

Phase 1 Build RT Design
Checksum: PlaceDB: c764e84f ConstDB: 0 ShapeSum: 3ba3a5be RouteDB: ab4f014e
Nodegraph reading from file.  Time (s): cpu = 00:00:01 ; elapsed = 00:00:00.992 . Memory (MB): peak = 4308.719 ; gain = 0.000
Post Restoration Checksum: NetGraph: 7f0c7b0c | NumContArr: c02d4993 | Constraints: 800734a8 | Timing: c2a8fa9d
Phase 1 Build RT Design | Checksum: 281e9f3e4

Time (s): cpu = 00:01:01 ; elapsed = 00:00:33 . Memory (MB): peak = 4308.719 ; gain = 0.000

Phase 2 Router Initialization

Phase 2.1 Fix Topology Constraints
Phase 2.1 Fix Topology Constraints | Checksum: 281e9f3e4

Time (s): cpu = 00:01:02 ; elapsed = 00:00:34 . Memory (MB): peak = 4308.719 ; gain = 0.000

Phase 2.2 Pre Route Cleanup
Phase 2.2 Pre Route Cleanup | Checksum: 281e9f3e4

Time (s): cpu = 00:01:03 ; elapsed = 00:00:34 . Memory (MB): peak = 4308.719 ; gain = 0.000

Phase 2.3 Global Clock Net Routing
 Number of Nodes with overlaps = 0
Phase 2.3 Global Clock Net Routing | Checksum: 1ddcb65ab

Time (s): cpu = 00:01:09 ; elapsed = 00:00:39 . Memory (MB): peak = 4354.094 ; gain = 45.375

Phase 2.4 Update Timing
Phase 2.4 Update Timing | Checksum: 211e1d466

Time (s): cpu = 00:01:32 ; elapsed = 00:00:51 . Memory (MB): peak = 4354.094 ; gain = 45.375
INFO: [Route 35-416] Intermediate Timing Summary | WNS=4.986  | TNS=0.000  | WHS=-0.100 | THS=-145.593|


Phase 2.5 Soft Constraint Pins - Fast Budgeting
Phase 2.5 Soft Constraint Pins - Fast Budgeting | Checksum: 21b152a57

Time (s): cpu = 00:02:03 ; elapsed = 00:01:10 . Memory (MB): peak = 4408.230 ; gain = 99.512

Router Utilization Summary
  Global Vertical Routing Utilization    = 0 %
  Global Horizontal Routing Utilization  = 0 %
  Routable Net Status*
  *Does not include unroutable nets such as driverless and loadless.
  Run report_route_status for detailed report.
  Number of Failed Nets               = 67750
    (Failed Nets is the sum of unrouted and partially routed nets)
  Number of Unrouted Nets             = 59753
  Number of Partially Routed Nets     = 7997
  Number of Node Overlaps             = 0

Phase 2 Router Initialization | Checksum: 1bc3ad2d3

Time (s): cpu = 00:02:07 ; elapsed = 00:01:13 . Memory (MB): peak = 4408.230 ; gain = 99.512

Phase 3 Global Routing
Phase 3 Global Routing | Checksum: 1bc3ad2d3

Time (s): cpu = 00:02:07 ; elapsed = 00:01:13 . Memory (MB): peak = 4408.230 ; gain = 99.512

Phase 4 Initial Routing

Phase 4.1 Initial Net Routing Pass
Phase 4.1 Initial Net Routing Pass | Checksum: 1b280774a

Time (s): cpu = 00:02:32 ; elapsed = 00:01:28 . Memory (MB): peak = 4408.230 ; gain = 99.512
Phase 4 Initial Routing | Checksum: 1876203fb

Time (s): cpu = 00:02:34 ; elapsed = 00:01:29 . Memory (MB): peak = 4408.230 ; gain = 99.512

Phase 5 Rip-up And Reroute

Phase 5.1 Global Iteration 0
 Number of Nodes with overlaps = 9286
 Number of Nodes with overlaps = 505
 Number of Nodes with overlaps = 25
 Number of Nodes with overlaps = 8
 Number of Nodes with overlaps = 4
 Number of Nodes with overlaps = 0
INFO: [Route 35-416] Intermediate Timing Summary | WNS=3.033  | TNS=0.000  | WHS=-0.055 | THS=-1.653 |

Phase 5.1 Global Iteration 0 | Checksum: 340780a79

Time (s): cpu = 00:05:00 ; elapsed = 00:02:59 . Memory (MB): peak = 4408.230 ; gain = 99.512

Phase 5.2 Additional Iteration for Hold
Phase 5.2 Additional Iteration for Hold | Checksum: 291536751

Time (s): cpu = 00:05:01 ; elapsed = 00:03:00 . Memory (MB): peak = 4408.230 ; gain = 99.512
Phase 5 Rip-up And Reroute | Checksum: 291536751

Time (s): cpu = 00:05:01 ; elapsed = 00:03:00 . Memory (MB): peak = 4408.230 ; gain = 99.512

Phase 6 Delay and Skew Optimization

Phase 6.1 Delay CleanUp
INFO: [Route 35-416] Intermediate Timing Summary | WNS=3.033  | TNS=0.000  | WHS=0.010  | THS=0.000  |

INFO: [Route 35-416] Intermediate Timing Summary | WNS=3.033  | TNS=0.000  | WHS=0.010  | THS=0.000  |

Phase 6.1 Delay CleanUp | Checksum: 1fd2e3f05

Time (s): cpu = 00:05:29 ; elapsed = 00:03:15 . Memory (MB): peak = 4408.230 ; gain = 99.512

Phase 6.2 Clock Skew Optimization
Phase 6.2 Clock Skew Optimization | Checksum: 1fd2e3f05

Time (s): cpu = 00:05:29 ; elapsed = 00:03:15 . Memory (MB): peak = 4408.230 ; gain = 99.512
Phase 6 Delay and Skew Optimization | Checksum: 1fd2e3f05

Time (s): cpu = 00:05:29 ; elapsed = 00:03:15 . Memory (MB): peak = 4408.230 ; gain = 99.512

Phase 7 Post Hold Fix

Phase 7.1 Hold Fix Iter
INFO: [Route 35-416] Intermediate Timing Summary | WNS=3.033  | TNS=0.000  | WHS=0.010  | THS=0.000  |

Phase 7.1 Hold Fix Iter | Checksum: 219273328

Time (s): cpu = 00:05:49 ; elapsed = 00:03:26 . Memory (MB): peak = 4408.230 ; gain = 99.512
Phase 7 Post Hold Fix | Checksum: 219273328

Time (s): cpu = 00:05:49 ; elapsed = 00:03:26 . Memory (MB): peak = 4408.230 ; gain = 99.512

Phase 8 Route finalize

Router Utilization Summary
  Global Vertical Routing Utilization    = 7.0022 %
  Global Horizontal Routing Utilization  = 7.50123 %
  Routable Net Status*
  *Does not include unroutable nets such as driverless and loadless.
  Run report_route_status for detailed report.
  Number of Failed Nets               = 0
    (Failed Nets is the sum of unrouted and partially routed nets)
  Number of Unrouted Nets             = 0
  Number of Partially Routed Nets     = 0
  Number of Node Overlaps             = 0

Phase 8 Route finalize | Checksum: 219273328

Time (s): cpu = 00:05:50 ; elapsed = 00:03:27 . Memory (MB): peak = 4408.230 ; gain = 99.512

Phase 9 Verifying routed nets

 Verification completed successfully
Phase 9 Verifying routed nets | Checksum: 219273328

Time (s): cpu = 00:05:51 ; elapsed = 00:03:27 . Memory (MB): peak = 4408.230 ; gain = 99.512

Phase 10 Depositing Routes
Phase 10 Depositing Routes | Checksum: 219273328

Time (s): cpu = 00:06:04 ; elapsed = 00:03:39 . Memory (MB): peak = 4408.230 ; gain = 99.512

Phase 11 Resolve XTalk
Phase 11 Resolve XTalk | Checksum: 219273328

Time (s): cpu = 00:06:05 ; elapsed = 00:03:39 . Memory (MB): peak = 4408.230 ; gain = 99.512

Phase 12 Post Process Routing
Phase 12 Post Process Routing | Checksum: 219273328

Time (s): cpu = 00:06:06 ; elapsed = 00:03:40 . Memory (MB): peak = 4408.230 ; gain = 99.512

Phase 13 Post Router Timing
INFO: [Route 35-57] Estimated Timing Summary | WNS=3.033  | TNS=0.000  | WHS=0.010  | THS=0.000  |

INFO: [Route 35-327] The final timing numbers are based on the router estimated timing analysis. For a complete and accurate timing signoff, please run report_timing_summary.
Phase 13 Post Router Timing | Checksum: 219273328

Time (s): cpu = 00:06:06 ; elapsed = 00:03:40 . Memory (MB): peak = 4408.230 ; gain = 99.512
Total Elapsed time in route_design: 220.215 secs

Phase 14 Post-Route Event Processing
Phase 14 Post-Route Event Processing | Checksum: 1fa23f32f

Time (s): cpu = 00:06:07 ; elapsed = 00:03:41 . Memory (MB): peak = 4408.230 ; gain = 99.512
INFO: [Route 35-16] Router Completed Successfully
Ending Routing Task | Checksum: 1fa23f32f

Time (s): cpu = 00:06:09 ; elapsed = 00:03:42 . Memory (MB): peak = 4408.230 ; gain = 99.512

Routing Is Done.
INFO: [Common 17-83] Releasing license: Implementation
110 Infos, 1 Warnings, 0 Critical Warnings and 0 Errors encountered.
route_design completed successfully
route_design: Time (s): cpu = 00:06:10 ; elapsed = 00:03:43 . Memory (MB): peak = 4408.230 ; gain = 99.512
INFO: [Vivado 12-24828] Executing command : report_drc -file gemm_block_wrapper_drc_routed.rpt -pb gemm_block_wrapper_drc_routed.pb -rpx gemm_block_wrapper_drc_routed.rpx
Command: report_drc -file gemm_block_wrapper_drc_routed.rpt -pb gemm_block_wrapper_drc_routed.pb -rpx gemm_block_wrapper_drc_routed.rpx
INFO: [IP_Flow 19-1839] IP Catalog is up to date.
INFO: [DRC 23-27] Running DRC with 2 threads
INFO: [Vivado_Tcl 2-168] The results of DRC are in file D:/HK6/Project1/testing/matmul_array/matmul/matmul.runs/impl_1/gemm_block_wrapper_drc_routed.rpt.
report_drc completed successfully
report_drc: Time (s): cpu = 00:01:14 ; elapsed = 00:00:40 . Memory (MB): peak = 4408.230 ; gain = 0.000
INFO: [Vivado 12-24828] Executing command : report_methodology -file gemm_block_wrapper_methodology_drc_routed.rpt -pb gemm_block_wrapper_methodology_drc_routed.pb -rpx gemm_block_wrapper_methodology_drc_routed.rpx
Command: report_methodology -file gemm_block_wrapper_methodology_drc_routed.rpt -pb gemm_block_wrapper_methodology_drc_routed.pb -rpx gemm_block_wrapper_methodology_drc_routed.rpx
INFO: [Timing 38-35] Done setting XDC timing constraints.
INFO: [DRC 23-133] Running Methodology with 2 threads
INFO: [Vivado_Tcl 2-1520] The results of Report Methodology are in file D:/HK6/Project1/testing/matmul_array/matmul/matmul.runs/impl_1/gemm_block_wrapper_methodology_drc_routed.rpt.
report_methodology completed successfully
report_methodology: Time (s): cpu = 00:00:39 ; elapsed = 00:00:21 . Memory (MB): peak = 4408.230 ; gain = 0.000
INFO: [Vivado 12-24828] Executing command : report_timing_summary -max_paths 10 -routable_nets -report_unconstrained -file gemm_block_wrapper_timing_summary_routed.rpt -pb gemm_block_wrapper_timing_summary_routed.pb -rpx gemm_block_wrapper_timing_summary_routed.rpx -warn_on_violation 
INFO: [Timing 38-35] Done setting XDC timing constraints.
INFO: [Timing 38-91] UpdateTimingParams: Speed grade: -2LV, Temperature grade: C, Delay Type: min_max.
INFO: [Timing 38-191] Multithreading enabled for timing update using a maximum of 2 CPUs
report_timing_summary: Time (s): cpu = 00:00:19 ; elapsed = 00:00:12 . Memory (MB): peak = 4408.230 ; gain = 0.000
INFO: [Vivado 12-24838] Running report commands "report_incremental_reuse, report_route_status" in parallel.
Running report generation with 2 threads.
INFO: [Vivado 12-24828] Executing command : report_incremental_reuse -file gemm_block_wrapper_incremental_reuse_routed.rpt
INFO: [Vivado_Tcl 4-1062] Incremental flow is disabled. No incremental reuse Info to report.
INFO: [Vivado 12-24828] Executing command : report_route_status -file gemm_block_wrapper_route_status.rpt -pb gemm_block_wrapper_route_status.pb
INFO: [Vivado 12-24828] Executing command : report_power -file gemm_block_wrapper_power_routed.rpt -pb gemm_block_wrapper_power_summary_routed.pb -rpx gemm_block_wrapper_power_routed.rpx
Command: report_power -file gemm_block_wrapper_power_routed.rpt -pb gemm_block_wrapper_power_summary_routed.pb -rpx gemm_block_wrapper_power_routed.rpx
Running Vector-less Activity Propagation...

Finished Running Vector-less Activity Propagation
127 Infos, 1 Warnings, 0 Critical Warnings and 0 Errors encountered.
report_power completed successfully
report_power: Time (s): cpu = 00:00:47 ; elapsed = 00:00:34 . Memory (MB): peak = 4408.230 ; gain = 0.000
INFO: [Vivado 12-24828] Executing command : report_clock_utilization -file gemm_block_wrapper_clock_utilization_routed.rpt
report_clock_utilization: Time (s): cpu = 00:00:09 ; elapsed = 00:00:09 . Memory (MB): peak = 4408.230 ; gain = 0.000
INFO: [Vivado 12-24828] Executing command : report_bus_skew -warn_on_violation -file gemm_block_wrapper_bus_skew_routed.rpt -pb gemm_block_wrapper_bus_skew_routed.pb -rpx gemm_block_wrapper_bus_skew_routed.rpx
INFO: [Timing 38-91] UpdateTimingParams: Speed grade: -2LV, Temperature grade: C, Delay Type: min_max.
INFO: [Timing 38-191] Multithreading enabled for timing update using a maximum of 2 CPUs
generate_parallel_reports: Time (s): cpu = 00:03:10 ; elapsed = 00:01:57 . Memory (MB): peak = 4408.230 ; gain = 0.000
INFO: [Timing 38-480] Writing timing data to binary archive.
Write ShapeDB Complete: Time (s): cpu = 00:00:04 ; elapsed = 00:00:00.834 . Memory (MB): peak = 4408.230 ; gain = 0.000
Wrote PlaceDB: Time (s): cpu = 00:00:25 ; elapsed = 00:00:08 . Memory (MB): peak = 4408.230 ; gain = 0.000
Wrote PulsedLatchDB: Time (s): cpu = 00:00:00 ; elapsed = 00:00:00.001 . Memory (MB): peak = 4408.230 ; gain = 0.000
Writing XDEF routing.
Writing XDEF routing logical nets.
Writing XDEF routing special nets.
Wrote RouteStorage: Time (s): cpu = 00:00:02 ; elapsed = 00:00:01 . Memory (MB): peak = 4408.230 ; gain = 0.000
Wrote Netlist Cache: Time (s): cpu = 00:00:01 ; elapsed = 00:00:00.175 . Memory (MB): peak = 4408.230 ; gain = 0.000
Wrote Device Cache: Time (s): cpu = 00:00:00 ; elapsed = 00:00:00.041 . Memory (MB): peak = 4408.230 ; gain = 0.000
Write Physdb Complete: Time (s): cpu = 00:00:28 ; elapsed = 00:00:10 . Memory (MB): peak = 4408.230 ; gain = 0.000
INFO: [Common 17-1381] The checkpoint 'D:/HK6/Project1/testing/matmul_array/matmul/matmul.runs/impl_1/gemm_block_wrapper_routed.dcp' has been generated.
write_checkpoint: Time (s): cpu = 00:00:32 ; elapsed = 00:00:15 . Memory (MB): peak = 4408.230 ; gain = 0.000

WARNING::74 - Unsupported FPGA device name 'xck26-sfvc784-2LV-c'. Verify that the specified device is a valid customer supported device.
-p xck26-sfvc784-2LV-c
   ^


WARNING::74 - Unsupported FPGA device name 'xck26-sfvc784-2LV-c'. Verify that the specified device is a valid customer supported device.
-p xck26-sfvc784-2LV-c
   ^

INFO: [Memdata 28-167] Found XPM memory block gemm_block_i/axi_smc_1/inst/s03_nodes/s03_w_node/inst/inst_mi_handler/gen_normal_area.inst_fifo_node_payld/gen_xpm_memory_fifo.inst_fifo/gen_mem_rep[0].inst_xpm_memory/xpm_memory_base_inst with a P_MEMORY_PRIMITIVE property set to distributed. A value of block is required. You will not be able to use the updatemem program to update the bitstream with new data for the gemm_block_i/axi_smc_1/inst/s03_nodes/s03_w_node/inst/inst_mi_handler/gen_normal_area.inst_fifo_node_payld/gen_xpm_memory_fifo.inst_fifo/gen_mem_rep[0].inst_xpm_memory/xpm_memory_base_inst block.
INFO: [Memdata 28-167] Found XPM memory block gemm_block_i/axi_smc_1/inst/s03_nodes/s03_w_node/inst/inst_mi_handler/gen_normal_area.gen_fifo_req.inst_fifo_req/gen_xpm_memory_fifo.inst_fifo/gen_mem_rep[0].inst_xpm_memory/xpm_memory_base_inst with a P_MEMORY_PRIMITIVE property set to distributed. A value of block is required. You will not be able to use the updatemem program to update the bitstream with new data for the gemm_block_i/axi_smc_1/inst/s03_nodes/s03_w_node/inst/inst_mi_handler/gen_normal_area.gen_fifo_req.inst_fifo_req/gen_xpm_memory_fifo.inst_fifo/gen_mem_rep[0].inst_xpm_memory/xpm_memory_base_inst block.
INFO: [Memdata 28-167] Found XPM memory block gemm_block_i/axi_smc_1/inst/s03_nodes/s03_b_node/inst/inst_mi_handler/gen_normal_area.inst_fifo_node_payld/gen_xpm_memory_fifo.inst_fifo/gen_mem_rep[0].inst_xpm_memory/xpm_memory_base_inst with a P_MEMORY_PRIMITIVE property set to distributed. A value of block is required. You will not be able to use the updatemem program to update the bitstream with new data for the gemm_block_i/axi_smc_1/inst/s03_nodes/s03_b_node/inst/inst_mi_handler/gen_normal_area.inst_fifo_node_payld/gen_xpm_memory_fifo.inst_fifo/gen_mem_rep[0].inst_xpm_memory/xpm_memory_base_inst block.
INFO: [Memdata 28-167] Found XPM memory block gemm_block_i/axi_smc_1/inst/s03_nodes/s03_aw_node/inst/inst_mi_handler/gen_normal_area.inst_fifo_node_payld/gen_xpm_memory_fifo.inst_fifo/gen_mem_rep[0].inst_xpm_memory/xpm_memory_base_inst with a P_MEMORY_PRIMITIVE property set to distributed. A value of block is required. You will not be able to use the updatemem program to update the bitstream with new data for the gemm_block_i/axi_smc_1/inst/s03_nodes/s03_aw_node/inst/inst_mi_handler/gen_normal_area.inst_fifo_node_payld/gen_xpm_memory_fifo.inst_fifo/gen_mem_rep[0].inst_xpm_memory/xpm_memory_base_inst block.
INFO: [Memdata 28-167] Found XPM memory block gemm_block_i/axi_smc_1/inst/s02_nodes/s02_r_node/inst/inst_mi_handler/gen_normal_area.inst_fifo_node_payld/gen_xpm_memory_fifo.inst_fifo/gen_mem_rep[0].inst_xpm_memory/xpm_memory_base_inst with a P_MEMORY_PRIMITIVE property set to distributed. A value of block is required. You will not be able to use the updatemem program to update the bitstream with new data for the gemm_block_i/axi_smc_1/inst/s02_nodes/s02_r_node/inst/inst_mi_handler/gen_normal_area.inst_fifo_node_payld/gen_xpm_memory_fifo.inst_fifo/gen_mem_rep[0].inst_xpm_memory/xpm_memory_base_inst block.
INFO: [Memdata 28-167] Found XPM memory block gemm_block_i/axi_smc_1/inst/s02_nodes/s02_ar_node/inst/inst_mi_handler/gen_normal_area.inst_fifo_node_payld/gen_xpm_memory_fifo.inst_fifo/gen_mem_rep[0].inst_xpm_memory/xpm_memory_base_inst with a P_MEMORY_PRIMITIVE property set to distributed. A value of block is required. You will not be able to use the updatemem program to update the bitstream with new data for the gemm_block_i/axi_smc_1/inst/s02_nodes/s02_ar_node/inst/inst_mi_handler/gen_normal_area.inst_fifo_node_payld/gen_xpm_memory_fifo.inst_fifo/gen_mem_rep[0].inst_xpm_memory/xpm_memory_base_inst block.
INFO: [Memdata 28-167] Found XPM memory block gemm_block_i/axi_smc_1/inst/s00_nodes/s00_r_node/inst/inst_mi_handler/gen_normal_area.inst_fifo_node_payld/gen_xpm_memory_fifo.inst_fifo/gen_mem_rep[0].inst_xpm_memory/xpm_memory_base_inst with a P_MEMORY_PRIMITIVE property set to distributed. A value of block is required. You will not be able to use the updatemem program to update the bitstream with new data for the gemm_block_i/axi_smc_1/inst/s00_nodes/s00_r_node/inst/inst_mi_handler/gen_normal_area.inst_fifo_node_payld/gen_xpm_memory_fifo.inst_fifo/gen_mem_rep[0].inst_xpm_memory/xpm_memory_base_inst block.
INFO: [Memdata 28-167] Found XPM memory block gemm_block_i/axi_smc_1/inst/s00_nodes/s00_ar_node/inst/inst_mi_handler/gen_normal_area.inst_fifo_node_payld/gen_xpm_memory_fifo.inst_fifo/gen_mem_rep[0].inst_xpm_memory/xpm_memory_base_inst with a P_MEMORY_PRIMITIVE property set to distributed. A value of block is required. You will not be able to use the updatemem program to update the bitstream with new data for the gemm_block_i/axi_smc_1/inst/s00_nodes/s00_ar_node/inst/inst_mi_handler/gen_normal_area.inst_fifo_node_payld/gen_xpm_memory_fifo.inst_fifo/gen_mem_rep[0].inst_xpm_memory/xpm_memory_base_inst block.
INFO: [Memdata 28-167] Found XPM memory block gemm_block_i/axi_smc_1/inst/m00_nodes/m00_w_node/inst/inst_si_handler/gen_si_handler.gen_request_fifos.gen_req_fifo[3].inst_req_fifo/gen_xpm_memory_fifo.inst_fifo/gen_mem_rep[0].inst_xpm_memory/xpm_memory_base_inst with a P_MEMORY_PRIMITIVE property set to distributed. A value of block is required. You will not be able to use the updatemem program to update the bitstream with new data for the gemm_block_i/axi_smc_1/inst/m00_nodes/m00_w_node/inst/inst_si_handler/gen_si_handler.gen_request_fifos.gen_req_fifo[3].inst_req_fifo/gen_xpm_memory_fifo.inst_fifo/gen_mem_rep[0].inst_xpm_memory/xpm_memory_base_inst block.
INFO: [Memdata 28-167] Found XPM memory block gemm_block_i/axi_smc_1/inst/m00_nodes/m00_w_node/inst/inst_mi_handler/gen_normal_area.inst_fifo_node_payld/gen_xpm_memory_fifo.inst_fifo/gen_mem_rep[0].inst_xpm_memory/xpm_memory_base_inst with a P_MEMORY_PRIMITIVE property set to distributed. A value of block is required. You will not be able to use the updatemem program to update the bitstream with new data for the gemm_block_i/axi_smc_1/inst/m00_nodes/m00_w_node/inst/inst_mi_handler/gen_normal_area.inst_fifo_node_payld/gen_xpm_memory_fifo.inst_fifo/gen_mem_rep[0].inst_xpm_memory/xpm_memory_base_inst block.
INFO: [Memdata 28-167] Found XPM memory block gemm_block_i/axi_smc_1/inst/m00_nodes/m00_r_node/inst/inst_mi_handler/gen_normal_area.inst_fifo_node_payld/gen_xpm_memory_fifo.inst_fifo/gen_mem_rep[0].inst_xpm_memory/xpm_memory_base_inst with a P_MEMORY_PRIMITIVE property set to distributed. A value of block is required. You will not be able to use the updatemem program to update the bitstream with new data for the gemm_block_i/axi_smc_1/inst/m00_nodes/m00_r_node/inst/inst_mi_handler/gen_normal_area.inst_fifo_node_payld/gen_xpm_memory_fifo.inst_fifo/gen_mem_rep[0].inst_xpm_memory/xpm_memory_base_inst block.
INFO: [Memdata 28-167] Found XPM memory block gemm_block_i/axi_smc_1/inst/m00_nodes/m00_r_node/inst/inst_mi_handler/gen_normal_area.gen_fifo_req.inst_fifo_req/gen_xpm_memory_fifo.inst_fifo/gen_mem_rep[0].inst_xpm_memory/xpm_memory_base_inst with a P_MEMORY_PRIMITIVE property set to distributed. A value of block is required. You will not be able to use the updatemem program to update the bitstream with new data for the gemm_block_i/axi_smc_1/inst/m00_nodes/m00_r_node/inst/inst_mi_handler/gen_normal_area.gen_fifo_req.inst_fifo_req/gen_xpm_memory_fifo.inst_fifo/gen_mem_rep[0].inst_xpm_memory/xpm_memory_base_inst block.
INFO: [Memdata 28-167] Found XPM memory block gemm_block_i/axi_smc_1/inst/m00_nodes/m00_b_node/inst/inst_mi_handler/gen_normal_area.inst_fifo_node_payld/gen_xpm_memory_fifo.inst_fifo/gen_mem_rep[0].inst_xpm_memory/xpm_memory_base_inst with a P_MEMORY_PRIMITIVE property set to distributed. A value of block is required. You will not be able to use the updatemem program to update the bitstream with new data for the gemm_block_i/axi_smc_1/inst/m00_nodes/m00_b_node/inst/inst_mi_handler/gen_normal_area.inst_fifo_node_payld/gen_xpm_memory_fifo.inst_fifo/gen_mem_rep[0].inst_xpm_memory/xpm_memory_base_inst block.
INFO: [Memdata 28-167] Found XPM memory block gemm_block_i/axi_smc_1/inst/m00_nodes/m00_b_node/inst/inst_mi_handler/gen_normal_area.gen_fifo_req.inst_fifo_req/gen_xpm_memory_fifo.inst_fifo/gen_mem_rep[0].inst_xpm_memory/xpm_memory_base_inst with a P_MEMORY_PRIMITIVE property set to distributed. A value of block is required. You will not be able to use the updatemem program to update the bitstream with new data for the gemm_block_i/axi_smc_1/inst/m00_nodes/m00_b_node/inst/inst_mi_handler/gen_normal_area.gen_fifo_req.inst_fifo_req/gen_xpm_memory_fifo.inst_fifo/gen_mem_rep[0].inst_xpm_memory/xpm_memory_base_inst block.
INFO: [Memdata 28-167] Found XPM memory block gemm_block_i/axi_smc_1/inst/m00_nodes/m00_aw_node/inst/inst_mi_handler/gen_normal_area.inst_fifo_node_payld/gen_xpm_memory_fifo.inst_fifo/gen_mem_rep[0].inst_xpm_memory/xpm_memory_base_inst with a P_MEMORY_PRIMITIVE property set to distributed. A value of block is required. You will not be able to use the updatemem program to update the bitstream with new data for the gemm_block_i/axi_smc_1/inst/m00_nodes/m00_aw_node/inst/inst_mi_handler/gen_normal_area.inst_fifo_node_payld/gen_xpm_memory_fifo.inst_fifo/gen_mem_rep[0].inst_xpm_memory/xpm_memory_base_inst block.
INFO: [Memdata 28-167] Found XPM memory block gemm_block_i/axi_smc_1/inst/m00_nodes/m00_ar_node/inst/inst_mi_handler/gen_normal_area.inst_fifo_node_payld/gen_xpm_memory_fifo.inst_fifo/gen_mem_rep[0].inst_xpm_memory/xpm_memory_base_inst with a P_MEMORY_PRIMITIVE property set to distributed. A value of block is required. You will not be able to use the updatemem program to update the bitstream with new data for the gemm_block_i/axi_smc_1/inst/m00_nodes/m00_ar_node/inst/inst_mi_handler/gen_normal_area.inst_fifo_node_payld/gen_xpm_memory_fifo.inst_fifo/gen_mem_rep[0].inst_xpm_memory/xpm_memory_base_inst block.
INFO: [Memdata 28-167] Found XPM memory block gemm_block_i/axi_smc/inst/switchboards/i_nodes/i_w_node/inst/inst_si_handler/gen_si_handler.gen_request_fifos.gen_req_fifo[1].inst_req_fifo/gen_xpm_memory_fifo.inst_fifo/gen_mem_rep[0].inst_xpm_memory/xpm_memory_base_inst with a P_MEMORY_PRIMITIVE property set to distributed. A value of block is required. You will not be able to use the updatemem program to update the bitstream with new data for the gemm_block_i/axi_smc/inst/switchboards/i_nodes/i_w_node/inst/inst_si_handler/gen_si_handler.gen_request_fifos.gen_req_fifo[1].inst_req_fifo/gen_xpm_memory_fifo.inst_fifo/gen_mem_rep[0].inst_xpm_memory/xpm_memory_base_inst block.
INFO: [Memdata 28-167] Found XPM memory block gemm_block_i/axi_smc/inst/switchboards/i_nodes/i_w_node/inst/inst_si_handler/gen_si_handler.gen_request_fifos.gen_req_fifo[0].inst_req_fifo/gen_xpm_memory_fifo.inst_fifo/gen_mem_rep[0].inst_xpm_memory/xpm_memory_base_inst with a P_MEMORY_PRIMITIVE property set to distributed. A value of block is required. You will not be able to use the updatemem program to update the bitstream with new data for the gemm_block_i/axi_smc/inst/switchboards/i_nodes/i_w_node/inst/inst_si_handler/gen_si_handler.gen_request_fifos.gen_req_fifo[0].inst_req_fifo/gen_xpm_memory_fifo.inst_fifo/gen_mem_rep[0].inst_xpm_memory/xpm_memory_base_inst block.
INFO: [Memdata 28-167] Found XPM memory block gemm_block_i/axi_dma_1/U0/I_PRMRY_DATAMOVER/GEN_S2MM_FULL.I_S2MM_FULL_WRAPPER/GEN_ENABLE_INDET_BTT_SF.I_INDET_BTT/I_XD_FIFO/NON_BLK_MEM.I_SYNC_FIFOGEN_FIFO/xpm_fifo_base_inst/gen_sdpram.xpm_memory_base_inst with a P_MEMORY_PRIMITIVE property set to auto. A value of block is required. You will not be able to use the updatemem program to update the bitstream with new data for the gemm_block_i/axi_dma_1/U0/I_PRMRY_DATAMOVER/GEN_S2MM_FULL.I_S2MM_FULL_WRAPPER/GEN_ENABLE_INDET_BTT_SF.I_INDET_BTT/I_XD_FIFO/NON_BLK_MEM.I_SYNC_FIFOGEN_FIFO/xpm_fifo_base_inst/gen_sdpram.xpm_memory_base_inst block.
INFO: [Memdata 28-208] The XPM instance: <gemm_block_i/axi_dma_1/U0/I_PRMRY_DATAMOVER/GEN_S2MM_FULL.I_S2MM_FULL_WRAPPER/GEN_ENABLE_INDET_BTT_SF.I_INDET_BTT/I_DATA_FIFO/BLK_MEM.I_SYNC_FIFOGEN_FIFO/xpm_fifo_base_inst/gen_sdpram.xpm_memory_base_inst> is part of IP: <gemm_block_i/axi_dma_1>. This XPM instance will be excluded from the .mmi because updatemem is prohibited from making changes to an XPM that is part of an IP.
INFO: [Memdata 28-208] The XPM instance: <gemm_block_i/axi_dma_1/U0/I_PRMRY_DATAMOVER/GEN_MM2S_FULL.I_MM2S_FULL_WRAPPER/GEN_INCLUDE_MM2S_SF.I_RD_SF/I_DATA_FIFO/BLK_MEM.I_SYNC_FIFOGEN_FIFO/xpm_fifo_base_inst/gen_sdpram.xpm_memory_base_inst> is part of IP: <gemm_block_i/axi_dma_1>. This XPM instance will be excluded from the .mmi because updatemem is prohibited from making changes to an XPM that is part of an IP.
INFO: [Memdata 28-208] The XPM instance: <gemm_block_i/axi_dma_0/U0/I_PRMRY_DATAMOVER/GEN_MM2S_FULL.I_MM2S_FULL_WRAPPER/GEN_INCLUDE_MM2S_SF.I_RD_SF/I_DATA_FIFO/BLK_MEM.I_SYNC_FIFOGEN_FIFO/xpm_fifo_base_inst/gen_sdpram.xpm_memory_base_inst> is part of IP: <gemm_block_i/axi_dma_0>. This XPM instance will be excluded from the .mmi because updatemem is prohibited from making changes to an XPM that is part of an IP.

WARNING::74 - Unsupported FPGA device name 'xck26-sfvc784-2LV-c'. Verify that the specified device is a valid customer supported device.
-p xck26-sfvc784-2LV-c
   ^

Command: write_bitstream -force gemm_block_wrapper.bit
Attempting to get a license for feature 'Implementation' and/or device 'xck26'
INFO: [Common 17-349] Got license for feature 'Implementation' and/or device 'xck26'
Running DRC as a precondition to command write_bitstream
INFO: [IP_Flow 19-1839] IP Catalog is up to date.
INFO: [DRC 23-27] Running DRC with 2 threads
INFO: [Vivado 12-3199] DRC finished with 0 Errors
INFO: [Vivado 12-3200] Please refer to the DRC report (report_drc) for more information.
Integrating Hard IP ELF/MEM with the PDI.
INFO: [Designutils 20-2272] Running write_bitstream with 2 threads.
Loading data files...
Loading site data...
Loading route data...
Processing options...
Creating bitmap...
Creating bitstream...
Writing bitstream ./gemm_block_wrapper.bit...
INFO: [Vivado 12-1842] Bitgen Completed Successfully.
INFO: [Common 17-83] Releasing license: Implementation
163 Infos, 1 Warnings, 0 Critical Warnings and 0 Errors encountered.
write_bitstream completed successfully
write_bitstream: Time (s): cpu = 00:01:18 ; elapsed = 00:00:48 . Memory (MB): peak = 4484.234 ; gain = 76.004
INFO: [Common 17-206] Exiting Vivado at Mon Apr  6 10:47:31 2026...
