Copyright 1986-2022 Xilinx, Inc. All Rights Reserved. Copyright 2022-2025 Advanced Micro Devices, Inc. All Rights Reserved.
---------------------------------------------------------------------------------------------------------------------------------------------
| Tool Version : Vivado v.2025.2 (win64) Build 6299465 Fri Nov 14 19:35:11 GMT 2025
| Date         : Tue Apr  7 16:30:27 2026
| Host         : ZUYYYY running 64-bit major release  (build 9200)
| Command      : report_control_sets -verbose -file array_top_control_sets_placed.rpt
| Design       : array_top
| Device       : xck26
---------------------------------------------------------------------------------------------------------------------------------------------

Control Set Information

Table of Contents
-----------------
1. Summary
2. Histogram
3. Flip-Flop Distribution
4. Detailed Control Set Information

1. Summary
----------

+----------------------------------------------------------+-------+
|                          Status                          | Count |
+----------------------------------------------------------+-------+
| Total control sets                                       |    25 |
|    Minimum number of control sets                        |    25 |
|    Addition due to synthesis replication                 |     0 |
|    Addition due to physical synthesis replication        |     0 |
| Unused register locations in slices containing registers |     3 |
+----------------------------------------------------------+-------+
* Control sets can be merged at opt_design using control_set_merge or merge_equivalent_drivers
** Run report_qor_suggestions for automated merging and remapping suggestions


2. Histogram
------------

+--------------------+-------+
|       Fanout       | Count |
+--------------------+-------+
| Total control sets |    25 |
| >= 0 to < 4        |     1 |
| >= 4 to < 6        |     0 |
| >= 6 to < 8        |     0 |
| >= 8 to < 10       |     0 |
| >= 10 to < 12      |     0 |
| >= 12 to < 14      |     0 |
| >= 14 to < 16      |     0 |
| >= 16              |    24 |
+--------------------+-------+
* Control sets can be remapped at either synth_design or opt_design


3. Flip-Flop Distribution
-------------------------

+--------------+-----------------------+------------------------+-----------------+--------------+
| Clock Enable | Synchronous Set/Reset | Asynchronous Set/Reset | Total Registers | Total Slices |
+--------------+-----------------------+------------------------+-----------------+--------------+
| No           | No                    | No                     |               1 |            1 |
| No           | No                    | Yes                    |               0 |            0 |
| No           | Yes                   | No                     |             300 |           44 |
| Yes          | No                    | No                     |               0 |            0 |
| Yes          | No                    | Yes                    |               0 |            0 |
| Yes          | Yes                   | No                     |             656 |           91 |
+--------------+-----------------------+------------------------+-----------------+--------------+


4. Detailed Control Set Information
-----------------------------------

+--------------+-----------------------------------------------------------+------------------+------------------+----------------+--------------+
| Clock Signal |                       Enable Signal                       | Set/Reset Signal | Slice Load Count | Bel Load Count | Bels / Slice |
+--------------+-----------------------------------------------------------+------------------+------------------+----------------+--------------+
|  clk         |                                                           |                  |                1 |              1 |         1.00 |
|  clk         | u_ctrl/flush_cnt[15]_i_1_n_0                              | rst_n            |                5 |             16 |         3.20 |
|  clk         | u_ctrl/k_tile_cnt[15]_i_1_n_0                             | rst_n            |                5 |             16 |         3.20 |
|  clk         | u_ctrl/k_inner_cnt[15]_i_1_n_0                            | rst_n            |                7 |             16 |         2.29 |
|  clk         | u_ctrl/wb_row[15]_i_1_n_0                                 | rst_n            |                3 |             16 |         5.33 |
|  clk         | u_ctrl/CEA2                                               | rst_n            |                4 |             16 |         4.00 |
|  clk         | u_ctrl/addr_B_reg_i_1_n_0                                 | rst_n            |                4 |             16 |         4.00 |
|  clk         | u_matmul/ROW[1].COL[1].u_pe/u_mac/u_mult/E[0]             | rst_n            |                3 |             32 |        10.67 |
|  clk         | u_matmul/ROW[0].COL[0].u_pe/u_mac/u_mult/E[0]             | rst_n            |               10 |             32 |         3.20 |
|  clk         | u_matmul/ROW[0].COL[1].u_pe/u_mac/u_mult/E[0]             | rst_n            |                4 |             32 |         8.00 |
|  clk         | u_matmul/ROW[3].COL[1].u_pe/u_mac/u_mult/I38              | rst_n            |                9 |             32 |         3.56 |
|  clk         | u_matmul/ROW[0].COL[2].u_pe/u_mac/u_mult/E[0]             | rst_n            |               10 |             32 |         3.20 |
|  clk         | u_matmul/ROW[2].COL[3].u_pe/u_mac/u_mult/I38              | rst_n            |                9 |             32 |         3.56 |
|  clk         | u_matmul/ROW[3].COL[0].u_pe/u_mac/u_mult/I38              | rst_n            |                5 |             32 |         6.40 |
|  clk         | u_matmul/ROW[2].COL[2].u_pe/u_mac/u_mult/psum_internal[0] | rst_n            |               11 |             32 |         2.91 |
|  clk         | u_matmul/ROW[3].COL[2].u_pe/u_mac/u_mult/psum_internal[0] | rst_n            |               11 |             32 |         2.91 |
|  clk         | u_matmul/ROW[3].COL[3].u_pe/u_mac/u_mult/E[0]             | rst_n            |                9 |             32 |         3.56 |
|  clk         | u_matmul/ROW[0].COL[3].u_pe/u_mac/u_mult/E[0]             | rst_n            |               12 |             32 |         2.67 |
|  clk         | u_matmul/ROW[1].COL[0].u_pe/u_mac/u_mult/E[0]             | rst_n            |               10 |             32 |         3.20 |
|  clk         | u_matmul/ROW[2].COL[1].u_pe/u_mac/u_mult/I38              | rst_n            |                9 |             32 |         3.56 |
|  clk         | u_matmul/ROW[1].COL[2].u_pe/u_mac/u_mult/E[0]             | rst_n            |               10 |             32 |         3.20 |
|  clk         | u_matmul/ROW[1].COL[3].u_pe/u_mac/u_mult/E[0]             | rst_n            |                8 |             32 |         4.00 |
|  clk         | u_matmul/ROW[2].COL[0].u_pe/u_mac/u_mult/I38              | rst_n            |               10 |             32 |         3.20 |
|  clk         | u_ctrl/addr_C_reg_i_1_n_0                                 | rst_n            |               19 |             48 |         2.53 |
|  clk         |                                                           | rst_n            |               44 |            300 |         6.82 |
+--------------+-----------------------------------------------------------+------------------+------------------+----------------+--------------+


