Copyright 1986-2022 Xilinx, Inc. All Rights Reserved. Copyright 2022-2025 Advanced Micro Devices, Inc. All Rights Reserved.
---------------------------------------------------------------------------------------------------------------------------------------------
| Tool Version : Vivado v.2025.2 (win64) Build 6299465 Fri Nov 14 19:35:11 GMT 2025
| Date         : Tue Apr  7 16:30:39 2026
| Host         : ZUYYYY running 64-bit major release  (build 9200)
| Command      : report_drc -file array_top_drc_routed.rpt -pb array_top_drc_routed.pb -rpx array_top_drc_routed.rpx
| Design       : array_top
| Device       : xck26-sfvc784-2LV-c
| Speed File   : -2LV
| Design State : Fully Routed
---------------------------------------------------------------------------------------------------------------------------------------------

Report DRC

Table of Contents
-----------------
1. REPORT SUMMARY
2. REPORT DETAILS

1. REPORT SUMMARY
-----------------
            Netlist: netlist
          Floorplan: design_1
      Design limits: <entire design considered>
           Ruledeck: default
             Max checks: <unlimited>
             Checks found: 27
+-----------+----------+------------------------+--------+
| Rule      | Severity | Description            | Checks |
+-----------+----------+------------------------+--------+
| DPIP-2    | Warning  | Input pipelining       | 7      |
| DPOP-3    | Warning  | PREG Output pipelining | 16     |
| DPOP-4    | Warning  | MREG Output pipelining | 3      |
| RTSTAT-10 | Warning  | No routable loads      | 1      |
+-----------+----------+------------------------+--------+

2. REPORT DETAILS
-----------------
DPIP-2#1 Warning
Input pipelining  
DSP u_ctrl/addr_A_reg input u_ctrl/addr_A_reg/A[29:0] is not pipelined. Pipelining DSP48 input will improve performance.
Related violations: <none>

DPIP-2#2 Warning
Input pipelining  
DSP u_ctrl/addr_A_reg input u_ctrl/addr_A_reg/B[17:0] is not pipelined. Pipelining DSP48 input will improve performance.
Related violations: <none>

DPIP-2#3 Warning
Input pipelining  
DSP u_ctrl/addr_B_reg input u_ctrl/addr_B_reg/A[29:0] is not pipelined. Pipelining DSP48 input will improve performance.
Related violations: <none>

DPIP-2#4 Warning
Input pipelining  
DSP u_ctrl/addr_B_reg input u_ctrl/addr_B_reg/B[17:0] is not pipelined. Pipelining DSP48 input will improve performance.
Related violations: <none>

DPIP-2#5 Warning
Input pipelining  
DSP u_ctrl/addr_C_reg input u_ctrl/addr_C_reg/A[29:0] is not pipelined. Pipelining DSP48 input will improve performance.
Related violations: <none>

DPIP-2#6 Warning
Input pipelining  
DSP u_ctrl/addr_C_reg input u_ctrl/addr_C_reg/B[17:0] is not pipelined. Pipelining DSP48 input will improve performance.
Related violations: <none>

DPIP-2#7 Warning
Input pipelining  
DSP u_ctrl/addr_C_reg input u_ctrl/addr_C_reg/C[47:0] is not pipelined. Pipelining DSP48 input will improve performance.
Related violations: <none>

DPOP-3#1 Warning
PREG Output pipelining  
DSP u_matmul/ROW[0].COL[0].u_pe/u_mac/u_acc/ output u_matmul/ROW[0].COL[0].u_pe/u_mac/u_acc//P[47:0] is not pipelined (PREG=0). Pipelining the DSP48 output will improve performance and often saves power so it is suggested whenever possible to fully pipeline this function.  If this DSP48 function was inferred, it is suggested to describe an additional register stage after this function.  If the DSP48 was instantiated in the design, it is suggested to set the PREG attribute to 1.
Related violations: <none>

DPOP-3#2 Warning
PREG Output pipelining  
DSP u_matmul/ROW[0].COL[1].u_pe/u_mac/u_acc/ output u_matmul/ROW[0].COL[1].u_pe/u_mac/u_acc//P[47:0] is not pipelined (PREG=0). Pipelining the DSP48 output will improve performance and often saves power so it is suggested whenever possible to fully pipeline this function.  If this DSP48 function was inferred, it is suggested to describe an additional register stage after this function.  If the DSP48 was instantiated in the design, it is suggested to set the PREG attribute to 1.
Related violations: <none>

DPOP-3#3 Warning
PREG Output pipelining  
DSP u_matmul/ROW[0].COL[2].u_pe/u_mac/u_acc/ output u_matmul/ROW[0].COL[2].u_pe/u_mac/u_acc//P[47:0] is not pipelined (PREG=0). Pipelining the DSP48 output will improve performance and often saves power so it is suggested whenever possible to fully pipeline this function.  If this DSP48 function was inferred, it is suggested to describe an additional register stage after this function.  If the DSP48 was instantiated in the design, it is suggested to set the PREG attribute to 1.
Related violations: <none>

DPOP-3#4 Warning
PREG Output pipelining  
DSP u_matmul/ROW[0].COL[3].u_pe/u_mac/u_acc/ output u_matmul/ROW[0].COL[3].u_pe/u_mac/u_acc//P[47:0] is not pipelined (PREG=0). Pipelining the DSP48 output will improve performance and often saves power so it is suggested whenever possible to fully pipeline this function.  If this DSP48 function was inferred, it is suggested to describe an additional register stage after this function.  If the DSP48 was instantiated in the design, it is suggested to set the PREG attribute to 1.
Related violations: <none>

DPOP-3#5 Warning
PREG Output pipelining  
DSP u_matmul/ROW[1].COL[0].u_pe/u_mac/u_acc/ output u_matmul/ROW[1].COL[0].u_pe/u_mac/u_acc//P[47:0] is not pipelined (PREG=0). Pipelining the DSP48 output will improve performance and often saves power so it is suggested whenever possible to fully pipeline this function.  If this DSP48 function was inferred, it is suggested to describe an additional register stage after this function.  If the DSP48 was instantiated in the design, it is suggested to set the PREG attribute to 1.
Related violations: <none>

DPOP-3#6 Warning
PREG Output pipelining  
DSP u_matmul/ROW[1].COL[1].u_pe/u_mac/u_acc/ output u_matmul/ROW[1].COL[1].u_pe/u_mac/u_acc//P[47:0] is not pipelined (PREG=0). Pipelining the DSP48 output will improve performance and often saves power so it is suggested whenever possible to fully pipeline this function.  If this DSP48 function was inferred, it is suggested to describe an additional register stage after this function.  If the DSP48 was instantiated in the design, it is suggested to set the PREG attribute to 1.
Related violations: <none>

DPOP-3#7 Warning
PREG Output pipelining  
DSP u_matmul/ROW[1].COL[2].u_pe/u_mac/u_acc/ output u_matmul/ROW[1].COL[2].u_pe/u_mac/u_acc//P[47:0] is not pipelined (PREG=0). Pipelining the DSP48 output will improve performance and often saves power so it is suggested whenever possible to fully pipeline this function.  If this DSP48 function was inferred, it is suggested to describe an additional register stage after this function.  If the DSP48 was instantiated in the design, it is suggested to set the PREG attribute to 1.
Related violations: <none>

DPOP-3#8 Warning
PREG Output pipelining  
DSP u_matmul/ROW[1].COL[3].u_pe/u_mac/u_acc/ output u_matmul/ROW[1].COL[3].u_pe/u_mac/u_acc//P[47:0] is not pipelined (PREG=0). Pipelining the DSP48 output will improve performance and often saves power so it is suggested whenever possible to fully pipeline this function.  If this DSP48 function was inferred, it is suggested to describe an additional register stage after this function.  If the DSP48 was instantiated in the design, it is suggested to set the PREG attribute to 1.
Related violations: <none>

DPOP-3#9 Warning
PREG Output pipelining  
DSP u_matmul/ROW[2].COL[0].u_pe/u_mac/u_acc/ output u_matmul/ROW[2].COL[0].u_pe/u_mac/u_acc//P[47:0] is not pipelined (PREG=0). Pipelining the DSP48 output will improve performance and often saves power so it is suggested whenever possible to fully pipeline this function.  If this DSP48 function was inferred, it is suggested to describe an additional register stage after this function.  If the DSP48 was instantiated in the design, it is suggested to set the PREG attribute to 1.
Related violations: <none>

DPOP-3#10 Warning
PREG Output pipelining  
DSP u_matmul/ROW[2].COL[1].u_pe/u_mac/u_acc/ output u_matmul/ROW[2].COL[1].u_pe/u_mac/u_acc//P[47:0] is not pipelined (PREG=0). Pipelining the DSP48 output will improve performance and often saves power so it is suggested whenever possible to fully pipeline this function.  If this DSP48 function was inferred, it is suggested to describe an additional register stage after this function.  If the DSP48 was instantiated in the design, it is suggested to set the PREG attribute to 1.
Related violations: <none>

DPOP-3#11 Warning
PREG Output pipelining  
DSP u_matmul/ROW[2].COL[2].u_pe/u_mac/u_acc/ output u_matmul/ROW[2].COL[2].u_pe/u_mac/u_acc//P[47:0] is not pipelined (PREG=0). Pipelining the DSP48 output will improve performance and often saves power so it is suggested whenever possible to fully pipeline this function.  If this DSP48 function was inferred, it is suggested to describe an additional register stage after this function.  If the DSP48 was instantiated in the design, it is suggested to set the PREG attribute to 1.
Related violations: <none>

DPOP-3#12 Warning
PREG Output pipelining  
DSP u_matmul/ROW[2].COL[3].u_pe/u_mac/u_acc/ output u_matmul/ROW[2].COL[3].u_pe/u_mac/u_acc//P[47:0] is not pipelined (PREG=0). Pipelining the DSP48 output will improve performance and often saves power so it is suggested whenever possible to fully pipeline this function.  If this DSP48 function was inferred, it is suggested to describe an additional register stage after this function.  If the DSP48 was instantiated in the design, it is suggested to set the PREG attribute to 1.
Related violations: <none>

DPOP-3#13 Warning
PREG Output pipelining  
DSP u_matmul/ROW[3].COL[0].u_pe/u_mac/u_acc/ output u_matmul/ROW[3].COL[0].u_pe/u_mac/u_acc//P[47:0] is not pipelined (PREG=0). Pipelining the DSP48 output will improve performance and often saves power so it is suggested whenever possible to fully pipeline this function.  If this DSP48 function was inferred, it is suggested to describe an additional register stage after this function.  If the DSP48 was instantiated in the design, it is suggested to set the PREG attribute to 1.
Related violations: <none>

DPOP-3#14 Warning
PREG Output pipelining  
DSP u_matmul/ROW[3].COL[1].u_pe/u_mac/u_acc/ output u_matmul/ROW[3].COL[1].u_pe/u_mac/u_acc//P[47:0] is not pipelined (PREG=0). Pipelining the DSP48 output will improve performance and often saves power so it is suggested whenever possible to fully pipeline this function.  If this DSP48 function was inferred, it is suggested to describe an additional register stage after this function.  If the DSP48 was instantiated in the design, it is suggested to set the PREG attribute to 1.
Related violations: <none>

DPOP-3#15 Warning
PREG Output pipelining  
DSP u_matmul/ROW[3].COL[2].u_pe/u_mac/u_acc/ output u_matmul/ROW[3].COL[2].u_pe/u_mac/u_acc//P[47:0] is not pipelined (PREG=0). Pipelining the DSP48 output will improve performance and often saves power so it is suggested whenever possible to fully pipeline this function.  If this DSP48 function was inferred, it is suggested to describe an additional register stage after this function.  If the DSP48 was instantiated in the design, it is suggested to set the PREG attribute to 1.
Related violations: <none>

DPOP-3#16 Warning
PREG Output pipelining  
DSP u_matmul/ROW[3].COL[3].u_pe/u_mac/u_acc/ output u_matmul/ROW[3].COL[3].u_pe/u_mac/u_acc//P[47:0] is not pipelined (PREG=0). Pipelining the DSP48 output will improve performance and often saves power so it is suggested whenever possible to fully pipeline this function.  If this DSP48 function was inferred, it is suggested to describe an additional register stage after this function.  If the DSP48 was instantiated in the design, it is suggested to set the PREG attribute to 1.
Related violations: <none>

DPOP-4#1 Warning
MREG Output pipelining  
DSP u_ctrl/addr_A_reg multiplier stage u_ctrl/addr_A_reg/P[47:0] is not pipelined (MREG=0). Pipelining the multiplier function will improve performance and will save significant power so it is suggested whenever possible to fully pipeline this function.  If this multiplier was inferred, it is suggested to describe an additional register stage after this function.  If there is no registered adder/accumulator following the multiply function, two pipeline stages are suggested to allow both the MREG and PREG registers to be used.  If the DSP48 was instantiated in the design, it is suggested to set both the MREG and PREG attributes to 1 when performing multiply functions.
Related violations: <none>

DPOP-4#2 Warning
MREG Output pipelining  
DSP u_ctrl/addr_B_reg multiplier stage u_ctrl/addr_B_reg/P[47:0] is not pipelined (MREG=0). Pipelining the multiplier function will improve performance and will save significant power so it is suggested whenever possible to fully pipeline this function.  If this multiplier was inferred, it is suggested to describe an additional register stage after this function.  If there is no registered adder/accumulator following the multiply function, two pipeline stages are suggested to allow both the MREG and PREG registers to be used.  If the DSP48 was instantiated in the design, it is suggested to set both the MREG and PREG attributes to 1 when performing multiply functions.
Related violations: <none>

DPOP-4#3 Warning
MREG Output pipelining  
DSP u_ctrl/addr_C_reg multiplier stage u_ctrl/addr_C_reg/P[47:0] is not pipelined (MREG=0). Pipelining the multiplier function will improve performance and will save significant power so it is suggested whenever possible to fully pipeline this function.  If this multiplier was inferred, it is suggested to describe an additional register stage after this function.  If there is no registered adder/accumulator following the multiply function, two pipeline stages are suggested to allow both the MREG and PREG registers to be used.  If the DSP48 was instantiated in the design, it is suggested to set both the MREG and PREG attributes to 1 when performing multiply functions.
Related violations: <none>

RTSTAT-10#1 Warning
No routable loads  
127 net(s) have no routable loads. The problem bus(es) and/or net(s) are u_ctrl/addr_A_reg/P[0], u_ctrl/addr_A_reg/P[1], u_ctrl/addr_A_reg/P[2],
u_ctrl/addr_A_reg/P[3], u_ctrl/addr_A_reg/P[4], u_ctrl/addr_B_reg/P[0],
u_ctrl/addr_B_reg/P[1], u_ctrl/addr_B_reg/P[2], u_ctrl/addr_B_reg/P[3],
u_ctrl/addr_B_reg/P[4], u_ctrl/addr_C_reg/P[0], u_ctrl/addr_C_reg/P[1],
u_ctrl/addr_C_reg/P[2], u_ctrl/addr_C_reg/P[3], u_ctrl/addr_C_reg/P[4]
 (the first 15 of 96 listed nets/buses).
Related violations: <none>


