
*** Running vivado
    with args -log gemm_block_wrapper.vdi -applog -m64 -product Vivado -messageDb vivado.pb -mode batch -source gemm_block_wrapper.tcl -notrace



****** Vivado v2025.2 (64-bit)
  **** SW Build 6299465 on Fri Nov 14 19:35:11 GMT 2025
  **** IP Build 6300035 on Fri Nov 14 10:48:45 MST 2025
  **** SharedData Build 6298862 on Thu Nov 13 04:50:51 MST 2025
  **** Start of session at: Thu May 14 11:39:06 2026
    ** Copyright 1986-2022 Xilinx, Inc. All Rights Reserved.
    ** Copyright 2022-2025 Advanced Micro Devices, Inc. All Rights Reserved.

source gemm_block_wrapper.tcl -notrace
create_project: Time (s): cpu = 00:00:15 ; elapsed = 00:00:09 . Memory (MB): peak = 553.109 ; gain = 217.574
INFO: [IP_Flow 19-234] Refreshing IP repositories
CRITICAL WARNING: [IP_Flow 19-11780] Skipping module reference component xilinx.com:module_ref:gemm_accelerator:1.0 found in user repository d:/HK6/Project1/matmul 
CRITICAL WARNING: [IP_Flow 19-11780] Skipping module reference component xilinx.com:module_ref:gemm_accelerator:1.0 found in user repository d:/HK6/Project1/matmul 
INFO: [IP_Flow 19-1700] Loaded user IP repository 'd:/HK6/Project1/matmul'.
WARNING: [IP_Flow 19-3656] If you move the project, the path for repository 'd:/HK6/Project1/matmul' may become invalid. A better location for the repository would be in a path adjacent to the project. (Current project location is 'd:/HK6/Project1/matmul/matmul.runs/impl_1'.)
INFO: [IP_Flow 19-2313] Loaded Vivado IP repository 'D:/Apps/Study/Vivado/2025.2/Vivado/data/ip'.
add_files: Time (s): cpu = 00:00:14 ; elapsed = 00:00:14 . Memory (MB): peak = 658.688 ; gain = 100.621
Command: link_design -top gemm_block_wrapper -part xck26-sfvc784-2LV-c
Design is defaulting to srcset: sources_1
Design is defaulting to constrset: constrs_1
INFO: [Device 21-403] Loading part xck26-sfvc784-2LV-c
INFO: [Project 1-5699] Read binary netlist with skipMacroContent - 1
INFO: [Project 1-454] Reading design checkpoint 'd:/HK6/Project1/matmul/matmul.gen/sources_1/bd/gemm_block/gemm_block.dcp' for cell 'gemm_block_i'
Netlist sorting complete. Time (s): cpu = 00:00:02 ; elapsed = 00:00:02 . Memory (MB): peak = 1745.973 ; gain = 0.000
INFO: [Netlist 29-17] Analyzing 3466 Unisim elements for replacement
INFO: [Netlist 29-28] Unisim Transformation completed in 9 CPU seconds
INFO: [Project 1-479] Netlist was created with Vivado 2025.2
INFO: [Project 1-570] Preparing netlist for logic optimization
Parsing XDC File [d:/HK6/Project1/matmul/matmul.gen/sources_1/bd/gemm_block/ip/gemm_block_zynq_ultra_ps_e_0_0/gemm_block_zynq_ultra_ps_e_0_0.xdc] for cell 'gemm_block_i/zynq_ultra_ps_e_0/inst'
create_clock: Time (s): cpu = 00:00:09 ; elapsed = 00:00:09 . Memory (MB): peak = 1902.035 ; gain = 35.168
Finished Parsing XDC File [d:/HK6/Project1/matmul/matmul.gen/sources_1/bd/gemm_block/ip/gemm_block_zynq_ultra_ps_e_0_0/gemm_block_zynq_ultra_ps_e_0_0.xdc] for cell 'gemm_block_i/zynq_ultra_ps_e_0/inst'
Parsing XDC File [d:/HK6/Project1/matmul/matmul.gen/sources_1/bd/gemm_block/ip/gemm_block_axi_dma_0_0/gemm_block_axi_dma_0_0.xdc] for cell 'gemm_block_i/axi_dma_0/U0'
Finished Parsing XDC File [d:/HK6/Project1/matmul/matmul.gen/sources_1/bd/gemm_block/ip/gemm_block_axi_dma_0_0/gemm_block_axi_dma_0_0.xdc] for cell 'gemm_block_i/axi_dma_0/U0'
Parsing XDC File [d:/HK6/Project1/matmul/matmul.gen/sources_1/bd/gemm_block/ip/gemm_block_axi_smc_0/bd_0/ip/ip_1/bd_31d6_psr_aclk_0_board.xdc] for cell 'gemm_block_i/axi_smc/inst/clk_map/psr_aclk/U0'
Finished Parsing XDC File [d:/HK6/Project1/matmul/matmul.gen/sources_1/bd/gemm_block/ip/gemm_block_axi_smc_0/bd_0/ip/ip_1/bd_31d6_psr_aclk_0_board.xdc] for cell 'gemm_block_i/axi_smc/inst/clk_map/psr_aclk/U0'
Parsing XDC File [d:/HK6/Project1/matmul/matmul.gen/sources_1/bd/gemm_block/ip/gemm_block_axi_smc_0/smartconnect.xdc] for cell 'gemm_block_i/axi_smc/inst'
Finished Parsing XDC File [d:/HK6/Project1/matmul/matmul.gen/sources_1/bd/gemm_block/ip/gemm_block_axi_smc_0/smartconnect.xdc] for cell 'gemm_block_i/axi_smc/inst'
Parsing XDC File [d:/HK6/Project1/matmul/matmul.gen/sources_1/bd/gemm_block/ip/gemm_block_rst_ps8_0_99M_0/gemm_block_rst_ps8_0_99M_0_board.xdc] for cell 'gemm_block_i/rst_ps8_0_99M/U0'
Finished Parsing XDC File [d:/HK6/Project1/matmul/matmul.gen/sources_1/bd/gemm_block/ip/gemm_block_rst_ps8_0_99M_0/gemm_block_rst_ps8_0_99M_0_board.xdc] for cell 'gemm_block_i/rst_ps8_0_99M/U0'
Parsing XDC File [d:/HK6/Project1/matmul/matmul.gen/sources_1/bd/gemm_block/ip/gemm_block_axi_dma_1_0/gemm_block_axi_dma_1_0.xdc] for cell 'gemm_block_i/axi_dma_1/U0'
Finished Parsing XDC File [d:/HK6/Project1/matmul/matmul.gen/sources_1/bd/gemm_block/ip/gemm_block_axi_dma_1_0/gemm_block_axi_dma_1_0.xdc] for cell 'gemm_block_i/axi_dma_1/U0'
Parsing XDC File [d:/HK6/Project1/matmul/matmul.gen/sources_1/bd/gemm_block/ip/gemm_block_axi_smc_1_0/bd_0/ip/ip_1/bd_90f7_psr_aclk_0_board.xdc] for cell 'gemm_block_i/axi_smc_1/inst/clk_map/psr_aclk/U0'
Finished Parsing XDC File [d:/HK6/Project1/matmul/matmul.gen/sources_1/bd/gemm_block/ip/gemm_block_axi_smc_1_0/bd_0/ip/ip_1/bd_90f7_psr_aclk_0_board.xdc] for cell 'gemm_block_i/axi_smc_1/inst/clk_map/psr_aclk/U0'
Parsing XDC File [d:/HK6/Project1/matmul/matmul.gen/sources_1/bd/gemm_block/ip/gemm_block_axi_smc_1_0/smartconnect.xdc] for cell 'gemm_block_i/axi_smc_1/inst'
Finished Parsing XDC File [d:/HK6/Project1/matmul/matmul.gen/sources_1/bd/gemm_block/ip/gemm_block_axi_smc_1_0/smartconnect.xdc] for cell 'gemm_block_i/axi_smc_1/inst'
Parsing XDC File [d:/HK6/Project1/matmul/matmul.gen/sources_1/bd/gemm_block/ip/gemm_block_axi_gpio_0_0/gemm_block_axi_gpio_0_0_board.xdc] for cell 'gemm_block_i/axi_gpio_0/U0'
Finished Parsing XDC File [d:/HK6/Project1/matmul/matmul.gen/sources_1/bd/gemm_block/ip/gemm_block_axi_gpio_0_0/gemm_block_axi_gpio_0_0_board.xdc] for cell 'gemm_block_i/axi_gpio_0/U0'
Parsing XDC File [d:/HK6/Project1/matmul/matmul.gen/sources_1/bd/gemm_block/ip/gemm_block_axi_gpio_1_0/gemm_block_axi_gpio_1_0_board.xdc] for cell 'gemm_block_i/axi_gpio_1/U0'
Finished Parsing XDC File [d:/HK6/Project1/matmul/matmul.gen/sources_1/bd/gemm_block/ip/gemm_block_axi_gpio_1_0/gemm_block_axi_gpio_1_0_board.xdc] for cell 'gemm_block_i/axi_gpio_1/U0'
Parsing XDC File [d:/HK6/Project1/matmul/matmul.gen/sources_1/bd/gemm_block/ip/gemm_block_axi_dma_0_0/gemm_block_axi_dma_0_0_clocks.xdc] for cell 'gemm_block_i/axi_dma_0/U0'
Finished Parsing XDC File [d:/HK6/Project1/matmul/matmul.gen/sources_1/bd/gemm_block/ip/gemm_block_axi_dma_0_0/gemm_block_axi_dma_0_0_clocks.xdc] for cell 'gemm_block_i/axi_dma_0/U0'
Parsing XDC File [d:/HK6/Project1/matmul/matmul.gen/sources_1/bd/gemm_block/ip/gemm_block_axi_dma_1_0/gemm_block_axi_dma_1_0_clocks.xdc] for cell 'gemm_block_i/axi_dma_1/U0'
Finished Parsing XDC File [d:/HK6/Project1/matmul/matmul.gen/sources_1/bd/gemm_block/ip/gemm_block_axi_dma_1_0/gemm_block_axi_dma_1_0_clocks.xdc] for cell 'gemm_block_i/axi_dma_1/U0'
INFO: [Project 1-1714] 152 XPM XDC files have been applied to the design.
INFO: [Opt 31-138] Pushed 0 inverter(s) to 0 load pin(s).
Netlist sorting complete. Time (s): cpu = 00:00:00 ; elapsed = 00:00:00.060 . Memory (MB): peak = 3040.125 ; gain = 0.000
INFO: [Project 1-111] Unisim Transformation Summary:
  A total of 2082 instances were transformed.
  DSP48E2 => DSP48E2 (DSP_ALU, DSP_A_B_DATA, DSP_C_DATA, DSP_MULTIPLIER, DSP_M_DATA, DSP_OUTPUT, DSP_PREADD, DSP_PREADD_DATA): 256 instances
  RAM16X1D => RAM32X1D (RAMD32(x2)): 515 instances
  RAM32M => RAM32M (RAMD32(x6), RAMS32(x2)): 5 instances
  RAM32M16 => RAM32M16 (RAMD32(x14), RAMS32(x2)): 82 instances
  RAM32X1D => RAM32X1D (RAMD32(x2)): 8 instances
  RAM64M => RAM64M (RAMD64E(x4)): 64 instances
  RAM64M8 => RAM64M8 (RAMD64E(x8)): 1152 instances

13 Infos, 1 Warnings, 2 Critical Warnings and 0 Errors encountered.
link_design completed successfully
link_design: Time (s): cpu = 00:01:58 ; elapsed = 00:01:44 . Memory (MB): peak = 3040.125 ; gain = 2381.438
Command: opt_design
Attempting to get a license for feature 'Implementation' and/or device 'xck26'
INFO: [Common 17-349] Got license for feature 'Implementation' and/or device 'xck26'
Running DRC as a precondition to command opt_design

Starting DRC Task
INFO: [DRC 23-27] Running DRC with 2 threads
INFO: [Project 1-461] DRC finished with 0 Errors
INFO: [Project 1-462] Please refer to the DRC report (report_drc) for more information.

Time (s): cpu = 00:00:02 ; elapsed = 00:00:02 . Memory (MB): peak = 3040.125 ; gain = 0.000

Starting Cache Timing Information Task
INFO: [Timing 38-35] Done setting XDC timing constraints.
Ending Cache Timing Information Task | Checksum: 1921e0021

Time (s): cpu = 00:00:39 ; elapsed = 00:00:22 . Memory (MB): peak = 3040.125 ; gain = 0.000

Starting Logic Optimization Task

Phase 1 Initialization

Phase 1.1 Core Generation And Design Setup
Phase 1.1 Core Generation And Design Setup | Checksum: 1921e0021

Time (s): cpu = 00:00:00 ; elapsed = 00:00:00.257 . Memory (MB): peak = 3443.320 ; gain = 0.000

Phase 1.2 Setup Constraints And Sort Netlist
Phase 1.2 Setup Constraints And Sort Netlist | Checksum: 1921e0021

Time (s): cpu = 00:00:00 ; elapsed = 00:00:00.371 . Memory (MB): peak = 3443.320 ; gain = 0.000
Phase 1 Initialization | Checksum: 1921e0021

Time (s): cpu = 00:00:00 ; elapsed = 00:00:00.391 . Memory (MB): peak = 3443.320 ; gain = 0.000

Phase 2 Timer Update And Timing Data Collection

Phase 2.1 Detect if minReqCache needed
Phase 2.1 Detect if minReqCache needed | Checksum: 1921e0021

Time (s): cpu = 00:00:01 ; elapsed = 00:00:00.604 . Memory (MB): peak = 3470.617 ; gain = 27.297

Phase 2.2 Timer Update
Phase 2.2 Timer Update | Checksum: 1921e0021

Time (s): cpu = 00:00:15 ; elapsed = 00:00:08 . Memory (MB): peak = 3470.617 ; gain = 27.297

Phase 2.3 Timing Data Collection
Phase 2.3 Timing Data Collection | Checksum: 1921e0021

Time (s): cpu = 00:00:15 ; elapsed = 00:00:09 . Memory (MB): peak = 3470.617 ; gain = 27.297
Phase 2 Timer Update And Timing Data Collection | Checksum: 1921e0021

Time (s): cpu = 00:00:15 ; elapsed = 00:00:09 . Memory (MB): peak = 3470.617 ; gain = 27.297

Phase 3 Retarget
INFO: [Opt 31-1851] Number of loadless carry chains removed were: 0
INFO: [Opt 31-1834] Total Chains To Be Transformed Were: 0 AND Number of Transformed insts Created are: 0
INFO: [Opt 31-1566] Pulled 3 inverters resulting in an inversion of 18 pins
INFO: [Opt 31-138] Pushed 413 inverter(s) to 26193 load pin(s).
INFO: [Opt 31-49] Retargeted 0 cell(s).
Phase 3 Retarget | Checksum: 139c4882b

Time (s): cpu = 00:00:23 ; elapsed = 00:00:16 . Memory (MB): peak = 3470.617 ; gain = 27.297
Retarget | Checksum: 139c4882b
INFO: [Opt 31-389] Phase Retarget created 43 cells and removed 766 cells
INFO: [Opt 31-1021] In phase Retarget, 188 netlist objects are constrained preventing optimization. Please run opt_design with -debug_log to get more detail. 

Phase 4 Constant propagation
INFO: [Opt 31-138] Pushed 0 inverter(s) to 0 load pin(s).
Phase 4 Constant propagation | Checksum: 1c8468e9b

Time (s): cpu = 00:00:24 ; elapsed = 00:00:17 . Memory (MB): peak = 3470.617 ; gain = 27.297
Constant propagation | Checksum: 1c8468e9b
INFO: [Opt 31-389] Phase Constant propagation created 0 cells and removed 18 cells
INFO: [Opt 31-1021] In phase Constant propagation, 188 netlist objects are constrained preventing optimization. Please run opt_design with -debug_log to get more detail. 

Phase 5 Sweep
INFO: [Constraints 18-11670] Building netlist checker database with flags, 0x8
Done building netlist checker database: Time (s): cpu = 00:00:00 ; elapsed = 00:00:00.210 . Memory (MB): peak = 3470.617 ; gain = 0.000
INFO: [Constraints 18-11670] Building netlist checker database with flags, 0x8
Done building netlist checker database: Time (s): cpu = 00:00:00 ; elapsed = 00:00:00.180 . Memory (MB): peak = 3470.617 ; gain = 0.000
Phase 5 Sweep | Checksum: 143feec02

Time (s): cpu = 00:00:28 ; elapsed = 00:00:22 . Memory (MB): peak = 3470.617 ; gain = 27.297
Sweep | Checksum: 143feec02
INFO: [Opt 31-389] Phase Sweep created 0 cells and removed 669 cells
INFO: [Opt 31-1021] In phase Sweep, 238 netlist objects are constrained preventing optimization. Please run opt_design with -debug_log to get more detail. 

Phase 6 BUFG optimization
INFO: [Opt 31-1077] Phase BUFG optimization inserted 0 global clock buffer(s) for CLOCK_LOW_FANOUT.
Phase 6 BUFG optimization | Checksum: 143feec02

Time (s): cpu = 00:00:40 ; elapsed = 00:00:26 . Memory (MB): peak = 3470.617 ; gain = 27.297
BUFG optimization | Checksum: 143feec02
INFO: [Opt 31-662] Phase BUFG optimization created 0 cells of which 0 are BUFGs and removed 0 cells.

Phase 7 Shift Register Optimization
INFO: [Opt 31-1064] SRL Remap converted 0 SRLs to 0 registers and converted 0 registers of register chains to 0 SRLs
Phase 7 Shift Register Optimization | Checksum: 143feec02

Time (s): cpu = 00:00:40 ; elapsed = 00:00:26 . Memory (MB): peak = 3470.617 ; gain = 27.297
Shift Register Optimization | Checksum: 143feec02
INFO: [Opt 31-389] Phase Shift Register Optimization created 0 cells and removed 0 cells

Phase 8 Post Processing Netlist
Phase 8 Post Processing Netlist | Checksum: 143feec02

Time (s): cpu = 00:00:41 ; elapsed = 00:00:27 . Memory (MB): peak = 3470.617 ; gain = 27.297
Post Processing Netlist | Checksum: 143feec02
INFO: [Opt 31-389] Phase Post Processing Netlist created 0 cells and removed 0 cells
INFO: [Opt 31-1021] In phase Post Processing Netlist, 218 netlist objects are constrained preventing optimization. Please run opt_design with -debug_log to get more detail. 

Phase 9 Finalization

Phase 9.1 Finalizing Design Cores and Updating Shapes
Phase 9.1 Finalizing Design Cores and Updating Shapes | Checksum: 1a459b389

Time (s): cpu = 00:00:42 ; elapsed = 00:00:28 . Memory (MB): peak = 3470.617 ; gain = 27.297

Phase 9.2 Verifying Netlist Connectivity

Starting Connectivity Check Task

Time (s): cpu = 00:00:00 ; elapsed = 00:00:00.137 . Memory (MB): peak = 3470.617 ; gain = 0.000
Phase 9.2 Verifying Netlist Connectivity | Checksum: 1a459b389

Time (s): cpu = 00:00:42 ; elapsed = 00:00:28 . Memory (MB): peak = 3470.617 ; gain = 27.297
Phase 9 Finalization | Checksum: 1a459b389

Time (s): cpu = 00:00:42 ; elapsed = 00:00:28 . Memory (MB): peak = 3470.617 ; gain = 27.297
Opt_design Change Summary
=========================


-------------------------------------------------------------------------------------------------------------------------
|  Phase                        |  #Cells created  |  #Cells Removed  |  #Constrained objects preventing optimizations  |
-------------------------------------------------------------------------------------------------------------------------
|  Retarget                     |              43  |             766  |                                            188  |
|  Constant propagation         |               0  |              18  |                                            188  |
|  Sweep                        |               0  |             669  |                                            238  |
|  BUFG optimization            |               0  |               0  |                                              0  |
|  Shift Register Optimization  |               0  |               0  |                                              0  |
|  Post Processing Netlist      |               0  |               0  |                                            218  |
-------------------------------------------------------------------------------------------------------------------------


Ending Logic Optimization Task | Checksum: 1a459b389

Time (s): cpu = 00:00:42 ; elapsed = 00:00:28 . Memory (MB): peak = 3470.617 ; gain = 27.297

Starting Power Optimization Task
INFO: [Pwropt 34-132] Skipping clock gating for clocks with a period < 2.00 ns.
INFO: [Pwropt 34-9] Applying IDT optimizations ...
INFO: [Pwropt 34-10] Applying ODC optimizations ...
INFO: [Timing 38-35] Done setting XDC timing constraints.
Running Vector-less Activity Propagation...

Finished Running Vector-less Activity Propagation


Starting PowerOpt Patch Enables Task
INFO: [Pwropt 34-162] WRITE_MODE attribute of 0 BRAM(s) out of a total of 36 has been updated to save power. Run report_power_opt to get a complete listing of the BRAMs updated.
INFO: [Pwropt 34-201] Structural ODC has moved 26 WE to EN ports
Number of BRAM Ports augmented: 11 newly gated: 26 Total Ports: 72
Ending PowerOpt Patch Enables Task | Checksum: 1c43fab6a

Time (s): cpu = 00:00:00 ; elapsed = 00:00:00.765 . Memory (MB): peak = 3863.312 ; gain = 0.000
Ending Power Optimization Task | Checksum: 1c43fab6a

Time (s): cpu = 00:01:19 ; elapsed = 00:00:46 . Memory (MB): peak = 3863.312 ; gain = 392.695

Starting Final Cleanup Task
Ending Final Cleanup Task | Checksum: 1c43fab6a

Time (s): cpu = 00:00:00 ; elapsed = 00:00:00.016 . Memory (MB): peak = 3863.312 ; gain = 0.000
Netlist sorting complete. Time (s): cpu = 00:00:00 ; elapsed = 00:00:00.110 . Memory (MB): peak = 3863.312 ; gain = 0.000
INFO: [Common 17-83] Releasing license: Implementation
45 Infos, 1 Warnings, 2 Critical Warnings and 0 Errors encountered.
opt_design completed successfully
opt_design: Time (s): cpu = 00:02:48 ; elapsed = 00:01:44 . Memory (MB): peak = 3863.312 ; gain = 823.188
INFO: [Vivado 12-24828] Executing command : report_drc -file gemm_block_wrapper_drc_opted.rpt -pb gemm_block_wrapper_drc_opted.pb -rpx gemm_block_wrapper_drc_opted.rpx
Command: report_drc -file gemm_block_wrapper_drc_opted.rpt -pb gemm_block_wrapper_drc_opted.pb -rpx gemm_block_wrapper_drc_opted.rpx
INFO: [IP_Flow 19-1839] IP Catalog is up to date.
INFO: [Timing 38-35] Done setting XDC timing constraints.
INFO: [DRC 23-27] Running DRC with 2 threads
INFO: [Vivado_Tcl 2-168] The results of DRC are in file D:/HK6/Project1/matmul/matmul.runs/impl_1/gemm_block_wrapper_drc_opted.rpt.
report_drc completed successfully
report_drc: Time (s): cpu = 00:01:44 ; elapsed = 00:01:07 . Memory (MB): peak = 4167.574 ; gain = 304.262
generate_parallel_reports: Time (s): cpu = 00:01:44 ; elapsed = 00:01:07 . Memory (MB): peak = 4167.574 ; gain = 304.262
INFO: [Timing 38-480] Writing timing data to binary archive.
Write ShapeDB Complete: Time (s): cpu = 00:00:01 ; elapsed = 00:00:00.264 . Memory (MB): peak = 4167.574 ; gain = 0.000
INFO: [Common 17-1381] The checkpoint 'D:/HK6/Project1/matmul/matmul.runs/impl_1/gemm_block_wrapper_opt.dcp' has been generated.
write_checkpoint: Time (s): cpu = 00:00:16 ; elapsed = 00:00:10 . Memory (MB): peak = 4167.574 ; gain = 0.000
Command: place_design
Attempting to get a license for feature 'Implementation' and/or device 'xck26'
INFO: [Common 17-349] Got license for feature 'Implementation' and/or device 'xck26'
INFO: [Common 17-83] Releasing license: Implementation
INFO: [DRC 23-27] Running DRC with 2 threads
INFO: [Vivado_Tcl 4-198] DRC finished with 0 Errors
INFO: [Vivado_Tcl 4-199] Please refer to the DRC report (report_drc) for more information.
Running DRC as a precondition to command place_design
INFO: [DRC 23-27] Running DRC with 2 threads
INFO: [Vivado_Tcl 4-198] DRC finished with 0 Errors
INFO: [Vivado_Tcl 4-199] Please refer to the DRC report (report_drc) for more information.
INFO: [Place 30-611] Multithreading enabled for place_design using a maximum of 2 CPUs

Starting Placer Task

Phase 1 Placer Initialization

Phase 1.1 Placer Initialization Netlist Sorting
Netlist sorting complete. Time (s): cpu = 00:00:00 ; elapsed = 00:00:00.071 . Memory (MB): peak = 4167.574 ; gain = 0.000
Phase 1.1 Placer Initialization Netlist Sorting | Checksum: 1195def38

Time (s): cpu = 00:00:00 ; elapsed = 00:00:00.114 . Memory (MB): peak = 4167.574 ; gain = 0.000
Netlist sorting complete. Time (s): cpu = 00:00:00 ; elapsed = 00:00:00.068 . Memory (MB): peak = 4167.574 ; gain = 0.000

Phase 1.2 IO Placement/ Clock Placement/ Build Placer Device
Phase 1.2 IO Placement/ Clock Placement/ Build Placer Device | Checksum: 179a39d17

Time (s): cpu = 00:00:15 ; elapsed = 00:00:11 . Memory (MB): peak = 4167.574 ; gain = 0.000

Phase 1.3 Build Placer Netlist Model
Phase 1.3 Build Placer Netlist Model | Checksum: 1d196676b

Time (s): cpu = 00:01:43 ; elapsed = 00:01:10 . Memory (MB): peak = 4361.887 ; gain = 194.312

Phase 1.4 Constrain Clocks/Macros
Phase 1.4 Constrain Clocks/Macros | Checksum: 1d196676b

Time (s): cpu = 00:01:43 ; elapsed = 00:01:10 . Memory (MB): peak = 4361.887 ; gain = 194.312
Phase 1 Placer Initialization | Checksum: 1d196676b

Time (s): cpu = 00:01:43 ; elapsed = 00:01:10 . Memory (MB): peak = 4361.887 ; gain = 194.312

Phase 2 Global Placement

Phase 2.1 Floorplanning

Phase 2.1.1 Partition Driven Placement

Phase 2.1.1.1 PBP: Partition Driven Placement
Phase 2.1.1.1 PBP: Partition Driven Placement | Checksum: 20c5b27f3

Time (s): cpu = 00:02:46 ; elapsed = 00:01:50 . Memory (MB): peak = 4361.887 ; gain = 194.312

Phase 2.1.1.2 PBP: Clock Region Placement
INFO: [Place 30-3162] Check ILP status : ILP-based clock placer completed successfully.
Phase 2.1.1.2 PBP: Clock Region Placement | Checksum: 1e2b04a20

Time (s): cpu = 00:02:49 ; elapsed = 00:01:52 . Memory (MB): peak = 4361.887 ; gain = 194.312

Phase 2.1.1.3 PBP: Compute Congestion
Phase 2.1.1.3 PBP: Compute Congestion | Checksum: 1e2b04a20

Time (s): cpu = 00:03:13 ; elapsed = 00:02:06 . Memory (MB): peak = 4361.887 ; gain = 194.312

Phase 2.1.1.4 PBP: UpdateTiming
Phase 2.1.1.4 PBP: UpdateTiming | Checksum: 1f2c15893

Time (s): cpu = 00:03:26 ; elapsed = 00:02:14 . Memory (MB): peak = 4361.887 ; gain = 194.312

Phase 2.1.1.5 PBP: Add part constraints
Phase 2.1.1.5 PBP: Add part constraints | Checksum: 1f2c15893

Time (s): cpu = 00:03:26 ; elapsed = 00:02:14 . Memory (MB): peak = 4361.887 ; gain = 194.312
Phase 2.1.1 Partition Driven Placement | Checksum: 1f2c15893

Time (s): cpu = 00:03:26 ; elapsed = 00:02:14 . Memory (MB): peak = 4361.887 ; gain = 194.312
Phase 2.1 Floorplanning | Checksum: 242120340

Time (s): cpu = 00:03:26 ; elapsed = 00:02:14 . Memory (MB): peak = 4361.887 ; gain = 194.312

Phase 2.2 Update Timing before SLR Path Opt
Phase 2.2 Update Timing before SLR Path Opt | Checksum: 242120340

Time (s): cpu = 00:03:26 ; elapsed = 00:02:14 . Memory (MB): peak = 4361.887 ; gain = 194.312

Phase 2.3 Post-Processing in Floorplanning
Phase 2.3 Post-Processing in Floorplanning | Checksum: 242120340

Time (s): cpu = 00:03:27 ; elapsed = 00:02:15 . Memory (MB): peak = 4361.887 ; gain = 194.312

Phase 2.4 Global Place Phase1
Phase 2.4 Global Place Phase1 | Checksum: 1c1c112a5

Time (s): cpu = 00:06:47 ; elapsed = 00:04:17 . Memory (MB): peak = 4430.082 ; gain = 262.508

Phase 2.5 Global Place Phase2

Phase 2.5.1 UpdateTiming Before Physical Synthesis
Phase 2.5.1 UpdateTiming Before Physical Synthesis | Checksum: 21a95c2b5

Time (s): cpu = 00:07:05 ; elapsed = 00:04:28 . Memory (MB): peak = 4430.082 ; gain = 262.508

Phase 2.5.2 Physical Synthesis In Placer
INFO: [Physopt 32-1035] Found 0 LUTNM shape to break, 1072 LUT instances to create LUTNM shape
INFO: [Physopt 32-1044] Break lutnm for timing: one critical 0, two critical 0, total 0, new lutff created 0
INFO: [Physopt 32-1138] End 1 Pass. Optimized 446 nets or LUTs. Breaked 0 LUT, combined 446 existing LUTs and moved 0 existing LUT
INFO: [Physopt 32-670] No setup violation found.  Equivalent Driver Rewiring was not performed.
INFO: [Physopt 32-1132] Very high fanout net 'gemm_block_i/gemm_accelerator_0/inst/bram_A/wr_ptr_reg[4]_rep__0_n_0' is not considered as a candidate in VHFN optimization. The fanout considered for this optimization is changed from 1152 to 129 due to a timing constraint or macro primitives that prevent optimization on all of the loads. To force replication, set the FORCE_MAX_FANOUT property on the net to a number less than 129.
INFO: [Physopt 32-1132] Very high fanout net 'gemm_block_i/gemm_accelerator_0/inst/bram_A/wr_ptr_reg[4]_rep__1_n_0' is not considered as a candidate in VHFN optimization. The fanout considered for this optimization is changed from 1152 to 129 due to a timing constraint or macro primitives that prevent optimization on all of the loads. To force replication, set the FORCE_MAX_FANOUT property on the net to a number less than 129.
INFO: [Physopt 32-1132] Very high fanout net 'gemm_block_i/gemm_accelerator_0/inst/bram_A/wr_ptr_reg[4]_rep__2_n_0' is not considered as a candidate in VHFN optimization. The fanout considered for this optimization is changed from 1152 to 129 due to a timing constraint or macro primitives that prevent optimization on all of the loads. To force replication, set the FORCE_MAX_FANOUT property on the net to a number less than 129.
INFO: [Physopt 32-1132] Very high fanout net 'gemm_block_i/gemm_accelerator_0/inst/bram_A/wr_ptr_reg[4]_rep__3_n_0' is not considered as a candidate in VHFN optimization. The fanout considered for this optimization is changed from 1152 to 129 due to a timing constraint or macro primitives that prevent optimization on all of the loads. To force replication, set the FORCE_MAX_FANOUT property on the net to a number less than 129.
INFO: [Physopt 32-1132] Very high fanout net 'gemm_block_i/gemm_accelerator_0/inst/bram_B/wr_ptr_reg[1]_rep_n_0' is not considered as a candidate in VHFN optimization. The fanout considered for this optimization is changed from 1153 to 130 due to a timing constraint or macro primitives that prevent optimization on all of the loads. To force replication, set the FORCE_MAX_FANOUT property on the net to a number less than 130.
INFO: [Physopt 32-1132] Very high fanout net 'gemm_block_i/gemm_accelerator_0/inst/bram_B/wr_ptr_reg[1]_rep__0_n_0' is not considered as a candidate in VHFN optimization. The fanout considered for this optimization is changed from 1153 to 130 due to a timing constraint or macro primitives that prevent optimization on all of the loads. To force replication, set the FORCE_MAX_FANOUT property on the net to a number less than 130.
INFO: [Physopt 32-1132] Very high fanout net 'gemm_block_i/gemm_accelerator_0/inst/bram_B/wr_ptr_reg[1]_rep__1_n_0' is not considered as a candidate in VHFN optimization. The fanout considered for this optimization is changed from 1153 to 130 due to a timing constraint or macro primitives that prevent optimization on all of the loads. To force replication, set the FORCE_MAX_FANOUT property on the net to a number less than 130.
INFO: [Physopt 32-1132] Very high fanout net 'gemm_block_i/gemm_accelerator_0/inst/bram_B/wr_ptr_reg[1]_rep__2_n_0' is not considered as a candidate in VHFN optimization. The fanout considered for this optimization is changed from 1159 to 136 due to a timing constraint or macro primitives that prevent optimization on all of the loads. To force replication, set the FORCE_MAX_FANOUT property on the net to a number less than 136.
INFO: [Physopt 32-1132] Very high fanout net 'gemm_block_i/gemm_accelerator_0/inst/bram_B/wr_ptr_reg[2]_rep_n_0' is not considered as a candidate in VHFN optimization. The fanout considered for this optimization is changed from 1153 to 130 due to a timing constraint or macro primitives that prevent optimization on all of the loads. To force replication, set the FORCE_MAX_FANOUT property on the net to a number less than 130.
INFO: [Physopt 32-1132] Very high fanout net 'gemm_block_i/gemm_accelerator_0/inst/bram_B/wr_ptr_reg[2]_rep__0_n_0' is not considered as a candidate in VHFN optimization. The fanout considered for this optimization is changed from 1153 to 130 due to a timing constraint or macro primitives that prevent optimization on all of the loads. To force replication, set the FORCE_MAX_FANOUT property on the net to a number less than 130.
INFO: [Physopt 32-1132] Very high fanout net 'gemm_block_i/gemm_accelerator_0/inst/bram_B/wr_ptr_reg[2]_rep__1_n_0' is not considered as a candidate in VHFN optimization. The fanout considered for this optimization is changed from 1153 to 130 due to a timing constraint or macro primitives that prevent optimization on all of the loads. To force replication, set the FORCE_MAX_FANOUT property on the net to a number less than 130.
INFO: [Physopt 32-1132] Very high fanout net 'gemm_block_i/gemm_accelerator_0/inst/bram_B/wr_ptr_reg[2]_rep__2_n_0' is not considered as a candidate in VHFN optimization. The fanout considered for this optimization is changed from 1154 to 131 due to a timing constraint or macro primitives that prevent optimization on all of the loads. To force replication, set the FORCE_MAX_FANOUT property on the net to a number less than 131.
INFO: [Physopt 32-1132] Very high fanout net 'gemm_block_i/gemm_accelerator_0/inst/bram_B/wr_ptr_reg[3]' is not considered as a candidate in VHFN optimization. The fanout considered for this optimization is changed from 1153 to 130 due to a timing constraint or macro primitives that prevent optimization on all of the loads. To force replication, set the FORCE_MAX_FANOUT property on the net to a number less than 130.
INFO: [Physopt 32-1132] Very high fanout net 'gemm_block_i/gemm_accelerator_0/inst/bram_B/wr_ptr_reg[3]_rep_n_0' is not considered as a candidate in VHFN optimization. The fanout considered for this optimization is changed from 1153 to 130 due to a timing constraint or macro primitives that prevent optimization on all of the loads. To force replication, set the FORCE_MAX_FANOUT property on the net to a number less than 130.
INFO: [Physopt 32-1132] Very high fanout net 'gemm_block_i/gemm_accelerator_0/inst/bram_B/wr_ptr_reg[3]_rep__0_n_0' is not considered as a candidate in VHFN optimization. The fanout considered for this optimization is changed from 1153 to 130 due to a timing constraint or macro primitives that prevent optimization on all of the loads. To force replication, set the FORCE_MAX_FANOUT property on the net to a number less than 130.
INFO: [Physopt 32-1132] Very high fanout net 'gemm_block_i/gemm_accelerator_0/inst/bram_B/wr_ptr_reg[3]_rep__1_n_0' is not considered as a candidate in VHFN optimization. The fanout considered for this optimization is changed from 1153 to 130 due to a timing constraint or macro primitives that prevent optimization on all of the loads. To force replication, set the FORCE_MAX_FANOUT property on the net to a number less than 130.
INFO: [Physopt 32-1132] Very high fanout net 'gemm_block_i/gemm_accelerator_0/inst/bram_B/wr_ptr_reg[4]' is not considered as a candidate in VHFN optimization. The fanout considered for this optimization is changed from 1153 to 130 due to a timing constraint or macro primitives that prevent optimization on all of the loads. To force replication, set the FORCE_MAX_FANOUT property on the net to a number less than 130.
INFO: [Physopt 32-1132] Very high fanout net 'gemm_block_i/gemm_accelerator_0/inst/bram_B/wr_ptr_reg[4]_rep_n_0' is not considered as a candidate in VHFN optimization. The fanout considered for this optimization is changed from 1153 to 130 due to a timing constraint or macro primitives that prevent optimization on all of the loads. To force replication, set the FORCE_MAX_FANOUT property on the net to a number less than 130.
INFO: [Physopt 32-1132] Very high fanout net 'gemm_block_i/gemm_accelerator_0/inst/bram_B/wr_ptr_reg[4]_rep__0_n_0' is not considered as a candidate in VHFN optimization. The fanout considered for this optimization is changed from 1153 to 130 due to a timing constraint or macro primitives that prevent optimization on all of the loads. To force replication, set the FORCE_MAX_FANOUT property on the net to a number less than 130.
INFO: [Physopt 32-1132] Very high fanout net 'gemm_block_i/gemm_accelerator_0/inst/bram_B/wr_ptr_reg[4]_rep__1_n_0' is not considered as a candidate in VHFN optimization. The fanout considered for this optimization is changed from 1153 to 130 due to a timing constraint or macro primitives that prevent optimization on all of the loads. To force replication, set the FORCE_MAX_FANOUT property on the net to a number less than 130.
INFO: [Physopt 32-1132] Very high fanout net 'gemm_block_i/gemm_accelerator_0/inst/bram_B/wr_ptr_reg[5]_rep_n_0' is not considered as a candidate in VHFN optimization. The fanout considered for this optimization is changed from 1152 to 129 due to a timing constraint or macro primitives that prevent optimization on all of the loads. To force replication, set the FORCE_MAX_FANOUT property on the net to a number less than 129.
INFO: [Physopt 32-1132] Very high fanout net 'gemm_block_i/gemm_accelerator_0/inst/bram_B/wr_ptr_reg[5]_rep__0_n_0' is not considered as a candidate in VHFN optimization. The fanout considered for this optimization is changed from 1152 to 129 due to a timing constraint or macro primitives that prevent optimization on all of the loads. To force replication, set the FORCE_MAX_FANOUT property on the net to a number less than 129.
INFO: [Physopt 32-1132] Very high fanout net 'gemm_block_i/gemm_accelerator_0/inst/bram_B/wr_ptr_reg[5]_rep__1_n_0' is not considered as a candidate in VHFN optimization. The fanout considered for this optimization is changed from 1152 to 129 due to a timing constraint or macro primitives that prevent optimization on all of the loads. To force replication, set the FORCE_MAX_FANOUT property on the net to a number less than 129.
INFO: [Physopt 32-1132] Very high fanout net 'gemm_block_i/gemm_accelerator_0/inst/bram_B/wr_ptr_reg[5]_rep__2_n_0' is not considered as a candidate in VHFN optimization. The fanout considered for this optimization is changed from 1152 to 129 due to a timing constraint or macro primitives that prevent optimization on all of the loads. To force replication, set the FORCE_MAX_FANOUT property on the net to a number less than 129.
INFO: [Physopt 32-65] No nets found for high-fanout optimization.
INFO: [Physopt 32-232] Optimized 0 net. Created 0 new instance.
INFO: [Physopt 32-775] End 1 Pass. Optimized 0 net or cell. Created 0 new cell, deleted 0 existing cell and moved 0 existing cell
INFO: [Physopt 32-670] No setup violation found.  DSP Register Optimization was not performed.
INFO: [Physopt 32-670] No setup violation found.  Shift Register to Pipeline Optimization was not performed.
INFO: [Physopt 32-670] No setup violation found.  Shift Register Optimization was not performed.
INFO: [Physopt 32-670] No setup violation found.  BRAM Register Optimization was not performed.
INFO: [Physopt 32-670] No setup violation found.  URAM Register Optimization was not performed.
INFO: [Physopt 32-949] No candidate nets found for dynamic/static region interface net replication
INFO: [Physopt 32-775] End 1 Pass. Optimized 0 net or cell. Created 0 new cell, deleted 0 existing cell and moved 0 existing cell
Netlist sorting complete. Time (s): cpu = 00:00:00 ; elapsed = 00:00:00.067 . Memory (MB): peak = 4430.082 ; gain = 0.000

Summary of Physical Synthesis Optimizations
============================================


-----------------------------------------------------------------------------------------------------------------------------------------------------------
|  Optimization                                     |  Added Cells  |  Removed Cells  |  Optimized Cells/Nets  |  Dont Touch  |  Iterations  |  Elapsed   |
-----------------------------------------------------------------------------------------------------------------------------------------------------------
|  LUT Combining                                    |            0  |            446  |                   446  |           0  |           1  |  00:00:01  |
|  Retime                                           |            0  |              0  |                     0  |           0  |           1  |  00:00:00  |
|  Equivalent Driver Rewiring                       |            0  |              0  |                     0  |           0  |           0  |  00:00:00  |
|  Very High Fanout                                 |            0  |              0  |                     0  |           0  |           1  |  00:00:00  |
|  DSP Register                                     |            0  |              0  |                     0  |           0  |           0  |  00:00:00  |
|  Shift Register to Pipeline                       |            0  |              0  |                     0  |           0  |           0  |  00:00:00  |
|  Shift Register                                   |            0  |              0  |                     0  |           0  |           0  |  00:00:00  |
|  BRAM Register                                    |            0  |              0  |                     0  |           0  |           0  |  00:00:00  |
|  URAM Register                                    |            0  |              0  |                     0  |           0  |           0  |  00:00:00  |
|  Dynamic/Static Region Interface Net Replication  |            0  |              0  |                     0  |           0  |           1  |  00:00:00  |
|  Total                                            |            0  |            446  |                   446  |           0  |           4  |  00:00:02  |
-----------------------------------------------------------------------------------------------------------------------------------------------------------


Phase 2.5.2 Physical Synthesis In Placer | Checksum: 2abcd2aee

Time (s): cpu = 00:07:22 ; elapsed = 00:04:42 . Memory (MB): peak = 4430.082 ; gain = 262.508
Phase 2.5 Global Place Phase2 | Checksum: 29b19bc7f

Time (s): cpu = 00:07:52 ; elapsed = 00:05:00 . Memory (MB): peak = 4430.082 ; gain = 262.508
Phase 2 Global Placement | Checksum: 29b19bc7f

Time (s): cpu = 00:07:52 ; elapsed = 00:05:00 . Memory (MB): peak = 4430.082 ; gain = 262.508

Phase 3 Detail Placement

Phase 3.1 Commit Multi Column Macros
Phase 3.1 Commit Multi Column Macros | Checksum: 1c53919a8

Time (s): cpu = 00:08:30 ; elapsed = 00:05:21 . Memory (MB): peak = 4430.082 ; gain = 262.508

Phase 3.2 Commit Most Macros & LUTRAMs
Phase 3.2 Commit Most Macros & LUTRAMs | Checksum: 2568fd4ad

Time (s): cpu = 00:08:58 ; elapsed = 00:05:40 . Memory (MB): peak = 4430.082 ; gain = 262.508

Phase 3.3 Small Shape DP

Phase 3.3.1 Small Shape Clustering
Phase 3.3.1 Small Shape Clustering | Checksum: 2a862d54c

Time (s): cpu = 00:09:50 ; elapsed = 00:06:08 . Memory (MB): peak = 4430.082 ; gain = 262.508

Phase 3.3.2 Slice Area Swap

Phase 3.3.2.1 Slice Area Swap Initial
Phase 3.3.2.1 Slice Area Swap Initial | Checksum: 246700346

Time (s): cpu = 00:10:20 ; elapsed = 00:06:29 . Memory (MB): peak = 4430.082 ; gain = 262.508
Phase 3.3.2 Slice Area Swap | Checksum: 246700346

Time (s): cpu = 00:10:21 ; elapsed = 00:06:29 . Memory (MB): peak = 4430.082 ; gain = 262.508
Phase 3.3 Small Shape DP | Checksum: 31ad22048

Time (s): cpu = 00:11:29 ; elapsed = 00:07:06 . Memory (MB): peak = 4430.082 ; gain = 262.508

Phase 3.4 Re-assign LUT pins
Phase 3.4 Re-assign LUT pins | Checksum: 336f2f7a2

Time (s): cpu = 00:11:35 ; elapsed = 00:07:11 . Memory (MB): peak = 4430.082 ; gain = 262.508

Phase 3.5 Pipeline Register Optimization
Phase 3.5 Pipeline Register Optimization | Checksum: 347a17d24

Time (s): cpu = 00:11:36 ; elapsed = 00:07:12 . Memory (MB): peak = 4430.082 ; gain = 262.508
Phase 3 Detail Placement | Checksum: 347a17d24

Time (s): cpu = 00:11:37 ; elapsed = 00:07:12 . Memory (MB): peak = 4430.082 ; gain = 262.508

Phase 4 Post Placement Optimization and Clean-Up

Phase 4.1 Post Commit Optimization
INFO: [Timing 38-35] Done setting XDC timing constraints.

Phase 4.1.1 Post Placement Optimization
Post Placement Optimization Initialization | Checksum: 29e0e6a0c

Phase 4.1.1.1 BUFG Insertion

Starting Physical Synthesis Task

Phase 1 Physical Synthesis Initialization
INFO: [Physopt 32-721] Multithreading enabled for phys_opt_design using a maximum of 2 CPUs
INFO: [Physopt 32-619] Estimated Timing Summary | WNS=3.104 | TNS=0.000 |
Phase 1 Physical Synthesis Initialization | Checksum: 1a7299e96

Time (s): cpu = 00:00:07 ; elapsed = 00:00:04 . Memory (MB): peak = 4620.203 ; gain = 0.000
INFO: [Place 46-56] BUFG insertion identified 0 candidate nets. Inserted BUFG: 0, Replicated BUFG Driver: 0, Skipped due to Placement/Routing Conflicts: 0, Skipped due to Timing Degradation: 0, Skipped due to netlist editing failed: 0.
Ending Physical Synthesis Task | Checksum: 2dc08d843

Time (s): cpu = 00:00:12 ; elapsed = 00:00:07 . Memory (MB): peak = 4620.203 ; gain = 0.000
Phase 4.1.1.1 BUFG Insertion | Checksum: 29e0e6a0c

Time (s): cpu = 00:13:58 ; elapsed = 00:08:50 . Memory (MB): peak = 4620.203 ; gain = 452.629

Phase 4.1.1.2 Post Placement Timing Optimization
INFO: [Place 30-746] Post Placement Timing Summary WNS=3.104. For the most accurate timing information please run report_timing.
Phase 4.1.1.2 Post Placement Timing Optimization | Checksum: 2aa24efca

Time (s): cpu = 00:13:59 ; elapsed = 00:08:51 . Memory (MB): peak = 4620.203 ; gain = 452.629

Time (s): cpu = 00:13:59 ; elapsed = 00:08:51 . Memory (MB): peak = 4620.203 ; gain = 452.629
Phase 4.1 Post Commit Optimization | Checksum: 2aa24efca

Time (s): cpu = 00:14:00 ; elapsed = 00:08:52 . Memory (MB): peak = 4620.203 ; gain = 452.629
Netlist sorting complete. Time (s): cpu = 00:00:00 ; elapsed = 00:00:00.071 . Memory (MB): peak = 4685.176 ; gain = 0.000

Phase 4.2 Post Placement Cleanup
Phase 4.2 Post Placement Cleanup | Checksum: 1f41f822d

Time (s): cpu = 00:14:31 ; elapsed = 00:09:11 . Memory (MB): peak = 4685.176 ; gain = 517.602

Phase 4.3 Placer Reporting

Phase 4.3.1 Print Estimated Congestion
INFO: [Place 30-612] Post-Placement Estimated Congestion 
 ________________________________________________________________________
|           | Global Congestion | Long Congestion   | Short Congestion  |
| Direction | Region Size       | Region Size       | Region Size       |
|___________|___________________|___________________|___________________|
|      North|                1x1|                1x1|                2x2|
|___________|___________________|___________________|___________________|
|      South|                1x1|                1x1|                2x2|
|___________|___________________|___________________|___________________|
|       East|                1x1|                1x1|                8x8|
|___________|___________________|___________________|___________________|
|       West|                1x1|                1x1|                4x4|
|___________|___________________|___________________|___________________|

Phase 4.3.1 Print Estimated Congestion | Checksum: 1f41f822d

Time (s): cpu = 00:14:32 ; elapsed = 00:09:12 . Memory (MB): peak = 4685.176 ; gain = 517.602
Phase 4.3 Placer Reporting | Checksum: 1f41f822d

Time (s): cpu = 00:14:33 ; elapsed = 00:09:12 . Memory (MB): peak = 4685.176 ; gain = 517.602

Phase 4.4 Final Placement Cleanup
Netlist sorting complete. Time (s): cpu = 00:00:00 ; elapsed = 00:00:00.075 . Memory (MB): peak = 4685.176 ; gain = 0.000

Time (s): cpu = 00:14:33 ; elapsed = 00:09:12 . Memory (MB): peak = 4685.176 ; gain = 517.602
Phase 4 Post Placement Optimization and Clean-Up | Checksum: 1967f14f8

Time (s): cpu = 00:14:34 ; elapsed = 00:09:13 . Memory (MB): peak = 4685.176 ; gain = 517.602
Ending Placer Task | Checksum: 134d01db7

Time (s): cpu = 00:14:35 ; elapsed = 00:09:13 . Memory (MB): peak = 4685.176 ; gain = 517.602
106 Infos, 1 Warnings, 2 Critical Warnings and 0 Errors encountered.
place_design completed successfully
place_design: Time (s): cpu = 00:14:45 ; elapsed = 00:09:21 . Memory (MB): peak = 4685.176 ; gain = 517.602
INFO: [Vivado 12-24838] Running report commands "report_control_sets, report_io, report_utilization" in parallel.
Running report generation with 2 threads.
INFO: [Vivado 12-24828] Executing command : report_io -file gemm_block_wrapper_io_placed.rpt
report_io: Time (s): cpu = 00:00:01 ; elapsed = 00:00:00.282 . Memory (MB): peak = 4685.176 ; gain = 0.000
INFO: [Vivado 12-24828] Executing command : report_control_sets -verbose -file gemm_block_wrapper_control_sets_placed.rpt
report_control_sets: Time (s): cpu = 00:00:01 ; elapsed = 00:00:00.582 . Memory (MB): peak = 4685.176 ; gain = 0.000
INFO: [Vivado 12-24828] Executing command : report_utilization -file gemm_block_wrapper_utilization_placed.rpt -pb gemm_block_wrapper_utilization_placed.pb
INFO: [Timing 38-480] Writing timing data to binary archive.
Write ShapeDB Complete: Time (s): cpu = 00:00:02 ; elapsed = 00:00:00.524 . Memory (MB): peak = 4685.176 ; gain = 0.000
Wrote PlaceDB: Time (s): cpu = 00:00:25 ; elapsed = 00:00:09 . Memory (MB): peak = 4685.176 ; gain = 0.000
Wrote PulsedLatchDB: Time (s): cpu = 00:00:00 ; elapsed = 00:00:00.001 . Memory (MB): peak = 4685.176 ; gain = 0.000
Writing XDEF routing.
Writing XDEF routing logical nets.
Writing XDEF routing special nets.
Wrote RouteStorage: Time (s): cpu = 00:00:00 ; elapsed = 00:00:00.460 . Memory (MB): peak = 4685.176 ; gain = 0.000
Wrote Netlist Cache: Time (s): cpu = 00:00:00 ; elapsed = 00:00:00.219 . Memory (MB): peak = 4685.176 ; gain = 0.000
Wrote Device Cache: Time (s): cpu = 00:00:00 ; elapsed = 00:00:00.155 . Memory (MB): peak = 4685.176 ; gain = 0.000
Write Physdb Complete: Time (s): cpu = 00:00:25 ; elapsed = 00:00:10 . Memory (MB): peak = 4685.176 ; gain = 0.000
INFO: [Common 17-1381] The checkpoint 'D:/HK6/Project1/matmul/matmul.runs/impl_1/gemm_block_wrapper_placed.dcp' has been generated.
write_checkpoint: Time (s): cpu = 00:00:30 ; elapsed = 00:00:15 . Memory (MB): peak = 4685.176 ; gain = 0.000
Command: phys_opt_design
Attempting to get a license for feature 'Implementation' and/or device 'xck26'
INFO: [Common 17-349] Got license for feature 'Implementation' and/or device 'xck26'

Starting Initial Update Timing Task

Time (s): cpu = 00:01:08 ; elapsed = 00:00:39 . Memory (MB): peak = 4685.176 ; gain = 0.000
INFO: [Vivado_Tcl 4-2279] Estimated Timing Summary | WNS= 3.113 | TNS= 0.000 | 
INFO: [Vivado_Tcl 4-383] Design worst setup slack (WNS) is greater than or equal to 0.000 ns. All physical synthesis setup optimizations will be skipped.
INFO: [Vivado_Tcl 4-232] No setup violation found. The netlist was not modified.
INFO: [Common 17-83] Releasing license: Implementation
117 Infos, 1 Warnings, 2 Critical Warnings and 0 Errors encountered.
phys_opt_design completed successfully
phys_opt_design: Time (s): cpu = 00:01:09 ; elapsed = 00:00:41 . Memory (MB): peak = 4685.176 ; gain = 0.000
INFO: [Timing 38-480] Writing timing data to binary archive.
Write ShapeDB Complete: Time (s): cpu = 00:00:02 ; elapsed = 00:00:00.475 . Memory (MB): peak = 4685.176 ; gain = 0.000
Wrote PlaceDB: Time (s): cpu = 00:00:25 ; elapsed = 00:00:09 . Memory (MB): peak = 4685.176 ; gain = 0.000
Wrote PulsedLatchDB: Time (s): cpu = 00:00:00 ; elapsed = 00:00:00 . Memory (MB): peak = 4685.176 ; gain = 0.000
Writing XDEF routing.
Writing XDEF routing logical nets.
Writing XDEF routing special nets.
Wrote RouteStorage: Time (s): cpu = 00:00:00 ; elapsed = 00:00:00.360 . Memory (MB): peak = 4685.176 ; gain = 0.000
Wrote Netlist Cache: Time (s): cpu = 00:00:00 ; elapsed = 00:00:00.159 . Memory (MB): peak = 4685.176 ; gain = 0.000
Wrote Device Cache: Time (s): cpu = 00:00:00 ; elapsed = 00:00:00.037 . Memory (MB): peak = 4685.176 ; gain = 0.000
Write Physdb Complete: Time (s): cpu = 00:00:25 ; elapsed = 00:00:09 . Memory (MB): peak = 4685.176 ; gain = 0.000
INFO: [Common 17-1381] The checkpoint 'D:/HK6/Project1/matmul/matmul.runs/impl_1/gemm_block_wrapper_physopt.dcp' has been generated.
write_checkpoint: Time (s): cpu = 00:00:29 ; elapsed = 00:00:14 . Memory (MB): peak = 4685.176 ; gain = 0.000
Command: route_design
Attempting to get a license for feature 'Implementation' and/or device 'xck26'
INFO: [Common 17-349] Got license for feature 'Implementation' and/or device 'xck26'


Starting Routing Task
INFO: [Route 35-254] Multithreading enabled for route_design using a maximum of 2 CPUs

Phase 1 Build RT Design
Checksum: PlaceDB: c46024e4 ConstDB: 0 ShapeSum: 605de024 RouteDB: 101218af
Nodegraph reading from file.  Time (s): cpu = 00:00:01 ; elapsed = 00:00:01 . Memory (MB): peak = 4685.176 ; gain = 0.000
Post Restoration Checksum: NetGraph: 74ec8f52 | NumContArr: 45c5db16 | Constraints: de2b5686 | Timing: c2a8fa9d
Phase 1 Build RT Design | Checksum: 25b86bb8b

Time (s): cpu = 00:01:08 ; elapsed = 00:00:37 . Memory (MB): peak = 4685.176 ; gain = 0.000

Phase 2 Router Initialization

Phase 2.1 Fix Topology Constraints
Phase 2.1 Fix Topology Constraints | Checksum: 25b86bb8b

Time (s): cpu = 00:01:09 ; elapsed = 00:00:37 . Memory (MB): peak = 4685.176 ; gain = 0.000

Phase 2.2 Pre Route Cleanup
Phase 2.2 Pre Route Cleanup | Checksum: 25b86bb8b

Time (s): cpu = 00:01:10 ; elapsed = 00:00:38 . Memory (MB): peak = 4685.176 ; gain = 0.000

Phase 2.3 Global Clock Net Routing
 Number of Nodes with overlaps = 0
Phase 2.3 Global Clock Net Routing | Checksum: 36d15b858

Time (s): cpu = 00:01:14 ; elapsed = 00:00:41 . Memory (MB): peak = 4701.973 ; gain = 16.797

Phase 2.4 Update Timing
Phase 2.4 Update Timing | Checksum: 2daa32513

Time (s): cpu = 00:01:40 ; elapsed = 00:00:56 . Memory (MB): peak = 4701.973 ; gain = 16.797
INFO: [Route 35-416] Intermediate Timing Summary | WNS=3.384  | TNS=0.000  | WHS=-0.100 | THS=-299.638|


Phase 2.5 Soft Constraint Pins - Fast Budgeting
Phase 2.5 Soft Constraint Pins - Fast Budgeting | Checksum: 2aea4266f

Time (s): cpu = 00:02:32 ; elapsed = 00:01:28 . Memory (MB): peak = 4806.621 ; gain = 121.445

Router Utilization Summary
  Global Vertical Routing Utilization    = 0 %
  Global Horizontal Routing Utilization  = 0 %
  Routable Net Status*
  *Does not include unroutable nets such as driverless and loadless.
  Run report_route_status for detailed report.
  Number of Failed Nets               = 64853
    (Failed Nets is the sum of unrouted and partially routed nets)
  Number of Unrouted Nets             = 53040
  Number of Partially Routed Nets     = 11813
  Number of Node Overlaps             = 0

Phase 2 Router Initialization | Checksum: 2489c8f8a

Time (s): cpu = 00:02:36 ; elapsed = 00:01:30 . Memory (MB): peak = 4806.621 ; gain = 121.445

Phase 3 Global Routing
Phase 3 Global Routing | Checksum: 2489c8f8a

Time (s): cpu = 00:02:36 ; elapsed = 00:01:30 . Memory (MB): peak = 4806.621 ; gain = 121.445

Phase 4 Initial Routing

Phase 4.1 Initial Net Routing Pass
Phase 4.1 Initial Net Routing Pass | Checksum: 311357ccc

Time (s): cpu = 00:03:41 ; elapsed = 00:02:10 . Memory (MB): peak = 4840.984 ; gain = 155.809
Phase 4 Initial Routing | Checksum: 26cf23e57

Time (s): cpu = 00:03:43 ; elapsed = 00:02:12 . Memory (MB): peak = 4840.984 ; gain = 155.809

Phase 5 Rip-up And Reroute

Phase 5.1 Global Iteration 0
 Number of Nodes with overlaps = 22171
 Number of Nodes with overlaps = 1124
 Number of Nodes with overlaps = 146
 Number of Nodes with overlaps = 16
 Number of Nodes with overlaps = 5
 Number of Nodes with overlaps = 1
 Number of Nodes with overlaps = 1
 Number of Nodes with overlaps = 0
INFO: [Route 35-416] Intermediate Timing Summary | WNS=2.234  | TNS=0.000  | WHS=-0.073 | THS=-0.686 |

Phase 5.1 Global Iteration 0 | Checksum: 365eeca92

Time (s): cpu = 00:10:50 ; elapsed = 00:07:13 . Memory (MB): peak = 4932.336 ; gain = 247.160

Phase 5.2 Global Iteration 1
 Number of Nodes with overlaps = 2
 Number of Nodes with overlaps = 0
INFO: [Route 35-416] Intermediate Timing Summary | WNS=2.229  | TNS=0.000  | WHS=N/A    | THS=N/A    |

Phase 5.2 Global Iteration 1 | Checksum: 2f51d9d20

Time (s): cpu = 00:11:24 ; elapsed = 00:07:37 . Memory (MB): peak = 4932.336 ; gain = 247.160
Phase 5 Rip-up And Reroute | Checksum: 2f51d9d20

Time (s): cpu = 00:11:25 ; elapsed = 00:07:38 . Memory (MB): peak = 4932.336 ; gain = 247.160

Phase 6 Delay and Skew Optimization

Phase 6.1 Delay CleanUp
INFO: [Route 35-416] Intermediate Timing Summary | WNS=2.229  | TNS=0.000  | WHS=0.010  | THS=0.000  |

INFO: [Route 35-416] Intermediate Timing Summary | WNS=2.229  | TNS=0.000  | WHS=0.010  | THS=0.000  |

Phase 6.1 Delay CleanUp | Checksum: 38c24f201

Time (s): cpu = 00:12:17 ; elapsed = 00:08:10 . Memory (MB): peak = 4932.336 ; gain = 247.160

Phase 6.2 Clock Skew Optimization
Phase 6.2 Clock Skew Optimization | Checksum: 38c24f201

Time (s): cpu = 00:12:18 ; elapsed = 00:08:10 . Memory (MB): peak = 4932.336 ; gain = 247.160
Phase 6 Delay and Skew Optimization | Checksum: 38c24f201

Time (s): cpu = 00:12:18 ; elapsed = 00:08:11 . Memory (MB): peak = 4932.336 ; gain = 247.160

Phase 7 Post Hold Fix

Phase 7.1 Hold Fix Iter
INFO: [Route 35-416] Intermediate Timing Summary | WNS=2.229  | TNS=0.000  | WHS=0.010  | THS=0.000  |

Phase 7.1 Hold Fix Iter | Checksum: 3722c490c

Time (s): cpu = 00:12:47 ; elapsed = 00:08:28 . Memory (MB): peak = 4932.336 ; gain = 247.160
Phase 7 Post Hold Fix | Checksum: 3722c490c

Time (s): cpu = 00:12:47 ; elapsed = 00:08:28 . Memory (MB): peak = 4932.336 ; gain = 247.160

Phase 8 Route finalize

Router Utilization Summary
  Global Vertical Routing Utilization    = 8.74448 %
  Global Horizontal Routing Utilization  = 10.4581 %
  Routable Net Status*
  *Does not include unroutable nets such as driverless and loadless.
  Run report_route_status for detailed report.
  Number of Failed Nets               = 0
    (Failed Nets is the sum of unrouted and partially routed nets)
  Number of Unrouted Nets             = 0
  Number of Partially Routed Nets     = 0
  Number of Node Overlaps             = 0

Phase 8 Route finalize | Checksum: 3722c490c

Time (s): cpu = 00:12:49 ; elapsed = 00:08:29 . Memory (MB): peak = 4932.336 ; gain = 247.160

Phase 9 Verifying routed nets

 Verification completed successfully
Phase 9 Verifying routed nets | Checksum: 3722c490c

Time (s): cpu = 00:12:50 ; elapsed = 00:08:29 . Memory (MB): peak = 4932.336 ; gain = 247.160

Phase 10 Depositing Routes
Phase 10 Depositing Routes | Checksum: 3722c490c

Time (s): cpu = 00:13:02 ; elapsed = 00:08:39 . Memory (MB): peak = 4932.336 ; gain = 247.160

Phase 11 Resolve XTalk
Phase 11 Resolve XTalk | Checksum: 3722c490c

Time (s): cpu = 00:13:02 ; elapsed = 00:08:40 . Memory (MB): peak = 4932.336 ; gain = 247.160

Phase 12 Post Process Routing
Phase 12 Post Process Routing | Checksum: 3722c490c

Time (s): cpu = 00:13:04 ; elapsed = 00:08:41 . Memory (MB): peak = 4932.336 ; gain = 247.160

Phase 13 Post Router Timing
INFO: [Route 35-57] Estimated Timing Summary | WNS=2.229  | TNS=0.000  | WHS=0.010  | THS=0.000  |

INFO: [Route 35-327] The final timing numbers are based on the router estimated timing analysis. For a complete and accurate timing signoff, please run report_timing_summary.
Phase 13 Post Router Timing | Checksum: 3722c490c

Time (s): cpu = 00:13:04 ; elapsed = 00:08:41 . Memory (MB): peak = 4932.336 ; gain = 247.160
Total Elapsed time in route_design: 521.201 secs

Phase 14 Post-Route Event Processing
Phase 14 Post-Route Event Processing | Checksum: 115424608

Time (s): cpu = 00:13:06 ; elapsed = 00:08:42 . Memory (MB): peak = 4932.336 ; gain = 247.160
INFO: [Route 35-16] Router Completed Successfully
Ending Routing Task | Checksum: 115424608

Time (s): cpu = 00:13:08 ; elapsed = 00:08:43 . Memory (MB): peak = 4932.336 ; gain = 247.160

Routing Is Done.
INFO: [Common 17-83] Releasing license: Implementation
131 Infos, 1 Warnings, 2 Critical Warnings and 0 Errors encountered.
route_design completed successfully
route_design: Time (s): cpu = 00:13:09 ; elapsed = 00:08:45 . Memory (MB): peak = 4932.336 ; gain = 247.160
INFO: [Vivado 12-24828] Executing command : report_drc -file gemm_block_wrapper_drc_routed.rpt -pb gemm_block_wrapper_drc_routed.pb -rpx gemm_block_wrapper_drc_routed.rpx
Command: report_drc -file gemm_block_wrapper_drc_routed.rpt -pb gemm_block_wrapper_drc_routed.pb -rpx gemm_block_wrapper_drc_routed.rpx
INFO: [IP_Flow 19-1839] IP Catalog is up to date.
INFO: [DRC 23-27] Running DRC with 2 threads
INFO: [Vivado_Tcl 2-168] The results of DRC are in file D:/HK6/Project1/matmul/matmul.runs/impl_1/gemm_block_wrapper_drc_routed.rpt.
report_drc completed successfully
report_drc: Time (s): cpu = 00:02:01 ; elapsed = 00:01:11 . Memory (MB): peak = 4932.336 ; gain = 0.000
INFO: [Vivado 12-24828] Executing command : report_methodology -file gemm_block_wrapper_methodology_drc_routed.rpt -pb gemm_block_wrapper_methodology_drc_routed.pb -rpx gemm_block_wrapper_methodology_drc_routed.rpx
Command: report_methodology -file gemm_block_wrapper_methodology_drc_routed.rpt -pb gemm_block_wrapper_methodology_drc_routed.pb -rpx gemm_block_wrapper_methodology_drc_routed.rpx
INFO: [Timing 38-35] Done setting XDC timing constraints.
INFO: [DRC 23-133] Running Methodology with 2 threads
INFO: [Vivado_Tcl 2-1520] The results of Report Methodology are in file D:/HK6/Project1/matmul/matmul.runs/impl_1/gemm_block_wrapper_methodology_drc_routed.rpt.
report_methodology completed successfully
report_methodology: Time (s): cpu = 00:01:37 ; elapsed = 00:00:59 . Memory (MB): peak = 4932.336 ; gain = 0.000
INFO: [Vivado 12-24828] Executing command : report_timing_summary -max_paths 10 -routable_nets -report_unconstrained -file gemm_block_wrapper_timing_summary_routed.rpt -pb gemm_block_wrapper_timing_summary_routed.pb -rpx gemm_block_wrapper_timing_summary_routed.rpx -warn_on_violation 
INFO: [Timing 38-35] Done setting XDC timing constraints.
INFO: [Timing 38-91] UpdateTimingParams: Speed grade: -2LV, Temperature grade: C, Delay Type: min_max.
INFO: [Timing 38-191] Multithreading enabled for timing update using a maximum of 2 CPUs
report_timing_summary: Time (s): cpu = 00:00:49 ; elapsed = 00:00:30 . Memory (MB): peak = 4932.336 ; gain = 0.000
INFO: [Vivado 12-24838] Running report commands "report_incremental_reuse, report_route_status" in parallel.
Running report generation with 2 threads.
INFO: [Vivado 12-24828] Executing command : report_incremental_reuse -file gemm_block_wrapper_incremental_reuse_routed.rpt
INFO: [Vivado_Tcl 4-1062] Incremental flow is disabled. No incremental reuse Info to report.
INFO: [Vivado 12-24828] Executing command : report_route_status -file gemm_block_wrapper_route_status.rpt -pb gemm_block_wrapper_route_status.pb
INFO: [Vivado 12-24828] Executing command : report_power -file gemm_block_wrapper_power_routed.rpt -pb gemm_block_wrapper_power_summary_routed.pb -rpx gemm_block_wrapper_power_routed.rpx
Command: report_power -file gemm_block_wrapper_power_routed.rpt -pb gemm_block_wrapper_power_summary_routed.pb -rpx gemm_block_wrapper_power_routed.rpx
Running Vector-less Activity Propagation...

Finished Running Vector-less Activity Propagation
WARNING: [Power 33-332] Found switching activity that implies high-fanout reset nets being asserted for excessive periods of time which may result in inaccurate power analysis.
Resolution: To review and fix problems, please run Power Constraints Advisor in the GUI from Tools > Power Constraints Advisor or run report_power with the -advisory option to generate a text report.
148 Infos, 2 Warnings, 2 Critical Warnings and 0 Errors encountered.
report_power completed successfully
report_power: Time (s): cpu = 00:00:58 ; elapsed = 00:00:47 . Memory (MB): peak = 4932.336 ; gain = 0.000
INFO: [Vivado 12-24828] Executing command : report_clock_utilization -file gemm_block_wrapper_clock_utilization_routed.rpt
report_clock_utilization: Time (s): cpu = 00:00:13 ; elapsed = 00:00:17 . Memory (MB): peak = 4932.336 ; gain = 0.000
INFO: [Vivado 12-24828] Executing command : report_bus_skew -warn_on_violation -file gemm_block_wrapper_bus_skew_routed.rpt -pb gemm_block_wrapper_bus_skew_routed.pb -rpx gemm_block_wrapper_bus_skew_routed.rpx
INFO: [Timing 38-91] UpdateTimingParams: Speed grade: -2LV, Temperature grade: C, Delay Type: min_max.
INFO: [Timing 38-191] Multithreading enabled for timing update using a maximum of 2 CPUs
generate_parallel_reports: Time (s): cpu = 00:05:41 ; elapsed = 00:03:46 . Memory (MB): peak = 4932.336 ; gain = 0.000
INFO: [Timing 38-480] Writing timing data to binary archive.
Write ShapeDB Complete: Time (s): cpu = 00:00:04 ; elapsed = 00:00:00.818 . Memory (MB): peak = 4932.336 ; gain = 0.000
Wrote PlaceDB: Time (s): cpu = 00:00:35 ; elapsed = 00:00:12 . Memory (MB): peak = 4932.336 ; gain = 0.000
Wrote PulsedLatchDB: Time (s): cpu = 00:00:00 ; elapsed = 00:00:00.001 . Memory (MB): peak = 4932.336 ; gain = 0.000
Writing XDEF routing.
Writing XDEF routing logical nets.
Writing XDEF routing special nets.
Wrote RouteStorage: Time (s): cpu = 00:00:03 ; elapsed = 00:00:03 . Memory (MB): peak = 4932.336 ; gain = 0.000
Wrote Netlist Cache: Time (s): cpu = 00:00:01 ; elapsed = 00:00:00.220 . Memory (MB): peak = 4932.336 ; gain = 0.000
Wrote Device Cache: Time (s): cpu = 00:00:00 ; elapsed = 00:00:00.068 . Memory (MB): peak = 4932.336 ; gain = 0.000
Write Physdb Complete: Time (s): cpu = 00:00:39 ; elapsed = 00:00:16 . Memory (MB): peak = 4932.336 ; gain = 0.000
INFO: [Common 17-1381] The checkpoint 'D:/HK6/Project1/matmul/matmul.runs/impl_1/gemm_block_wrapper_routed.dcp' has been generated.
write_checkpoint: Time (s): cpu = 00:00:46 ; elapsed = 00:00:25 . Memory (MB): peak = 4932.336 ; gain = 0.000
INFO: [Common 17-206] Exiting Vivado at Thu May 14 12:07:49 2026...

*** Running vivado
    with args -log gemm_block_wrapper.vdi -applog -m64 -product Vivado -messageDb vivado.pb -mode batch -source gemm_block_wrapper.tcl -notrace



****** Vivado v2025.2 (64-bit)
  **** SW Build 6299465 on Fri Nov 14 19:35:11 GMT 2025
  **** IP Build 6300035 on Fri Nov 14 10:48:45 MST 2025
  **** SharedData Build 6298862 on Thu Nov 13 04:50:51 MST 2025
  **** Start of session at: Thu May 14 12:09:09 2026
    ** Copyright 1986-2022 Xilinx, Inc. All Rights Reserved.
    ** Copyright 2022-2025 Advanced Micro Devices, Inc. All Rights Reserved.

source gemm_block_wrapper.tcl -notrace
Command: open_checkpoint gemm_block_wrapper_routed.dcp
INFO: [Device 21-403] Loading part xck26-sfvc784-2LV-c
Netlist sorting complete. Time (s): cpu = 00:00:02 ; elapsed = 00:00:03 . Memory (MB): peak = 1640.266 ; gain = 0.000
INFO: [Netlist 29-17] Analyzing 3466 Unisim elements for replacement
INFO: [Netlist 29-28] Unisim Transformation completed in 15 CPU seconds
INFO: [Project 1-479] Netlist was created with Vivado 2025.2
INFO: [Project 1-570] Preparing netlist for logic optimization
Read ShapeDB Complete: Time (s): cpu = 00:00:01 ; elapsed = 00:00:00.586 . Memory (MB): peak = 1775.785 ; gain = 21.004
INFO: [Timing 38-478] Restoring timing data from binary archive.
INFO: [Timing 38-479] Binary timing data restore complete.
INFO: [Project 1-856] Restoring constraints from binary archive.
INFO: [Project 1-853] Binary constraint restore complete.
INFO: [Designutils 20-5722] Start Reading Physical Databases.
Reading placement.
Read Netlist Cache: Time (s): cpu = 00:00:01 ; elapsed = 00:00:00.130 . Memory (MB): peak = 2393.781 ; gain = 0.000
Reading placer database...
Read Device Cache: Time (s): cpu = 00:00:00 ; elapsed = 00:00:00.079 . Memory (MB): peak = 2393.781 ; gain = 0.000
Read PlaceDB: Time (s): cpu = 00:00:08 ; elapsed = 00:00:09 . Memory (MB): peak = 2429.938 ; gain = 36.156
Read PulsedLatchDB: Time (s): cpu = 00:00:00 ; elapsed = 00:00:00.001 . Memory (MB): peak = 2429.938 ; gain = 0.000
Reading routing.
Read RouteStorage: Time (s): cpu = 00:00:14 ; elapsed = 00:00:15 . Memory (MB): peak = 2974.062 ; gain = 544.125
Read Physdb Files: Time (s): cpu = 00:00:23 ; elapsed = 00:00:24 . Memory (MB): peak = 2974.062 ; gain = 580.281
Restored from archive | CPU: 24.000000 secs | Memory: 0.000000 MB |
Finished XDEF File Restore: Time (s): cpu = 00:00:23 ; elapsed = 00:00:24 . Memory (MB): peak = 2974.062 ; gain = 580.281
Netlist sorting complete. Time (s): cpu = 00:00:00 ; elapsed = 00:00:00.082 . Memory (MB): peak = 2974.062 ; gain = 0.000
INFO: [Project 1-111] Unisim Transformation Summary:
  A total of 2082 instances were transformed.
  DSP48E2 => DSP48E2 (inverted pins: OPMODE[5]) (DSP_ALU, DSP_A_B_DATA, DSP_C_DATA, DSP_MULTIPLIER, DSP_M_DATA, DSP_OUTPUT, DSP_PREADD, DSP_PREADD_DATA): 256 instances
  RAM16X1D => RAM32X1D (RAMD32(x2)): 515 instances
  RAM32M => RAM32M (RAMD32(x6), RAMS32(x2)): 5 instances
  RAM32M16 => RAM32M16 (RAMD32(x14), RAMS32(x2)): 82 instances
  RAM32X1D => RAM32X1D (RAMD32(x2)): 8 instances
  RAM64M => RAM64M (RAMD64E(x4)): 64 instances
  RAM64M8 => RAM64M8 (RAMD64E(x8)): 1152 instances

INFO: [Project 1-604] Checkpoint was created with Vivado v2025.2 (64-bit) build 6299465
open_checkpoint: Time (s): cpu = 00:02:15 ; elapsed = 00:02:14 . Memory (MB): peak = 2974.062 ; gain = 2641.203

WARNING::74 - Unsupported FPGA device name 'xck26-sfvc784-2LV-c'. Verify that the specified device is a valid customer supported device.
-p xck26-sfvc784-2LV-c
   ^


WARNING::74 - Unsupported FPGA device name 'xck26-sfvc784-2LV-c'. Verify that the specified device is a valid customer supported device.
-p xck26-sfvc784-2LV-c
   ^

INFO: [Memdata 28-167] Found XPM memory block gemm_block_i/axi_smc_1/inst/s03_nodes/s03_w_node/inst/inst_mi_handler/gen_normal_area.inst_fifo_node_payld/gen_xpm_memory_fifo.inst_fifo/gen_mem_rep[0].inst_xpm_memory/xpm_memory_base_inst with a P_MEMORY_PRIMITIVE property set to distributed. A value of block is required. You will not be able to use the updatemem program to update the bitstream with new data for the gemm_block_i/axi_smc_1/inst/s03_nodes/s03_w_node/inst/inst_mi_handler/gen_normal_area.inst_fifo_node_payld/gen_xpm_memory_fifo.inst_fifo/gen_mem_rep[0].inst_xpm_memory/xpm_memory_base_inst block.
INFO: [Memdata 28-167] Found XPM memory block gemm_block_i/axi_smc_1/inst/s03_nodes/s03_w_node/inst/inst_mi_handler/gen_normal_area.gen_fifo_req.inst_fifo_req/gen_xpm_memory_fifo.inst_fifo/gen_mem_rep[0].inst_xpm_memory/xpm_memory_base_inst with a P_MEMORY_PRIMITIVE property set to distributed. A value of block is required. You will not be able to use the updatemem program to update the bitstream with new data for the gemm_block_i/axi_smc_1/inst/s03_nodes/s03_w_node/inst/inst_mi_handler/gen_normal_area.gen_fifo_req.inst_fifo_req/gen_xpm_memory_fifo.inst_fifo/gen_mem_rep[0].inst_xpm_memory/xpm_memory_base_inst block.
INFO: [Memdata 28-167] Found XPM memory block gemm_block_i/axi_smc_1/inst/s03_nodes/s03_b_node/inst/inst_mi_handler/gen_normal_area.inst_fifo_node_payld/gen_xpm_memory_fifo.inst_fifo/gen_mem_rep[0].inst_xpm_memory/xpm_memory_base_inst with a P_MEMORY_PRIMITIVE property set to distributed. A value of block is required. You will not be able to use the updatemem program to update the bitstream with new data for the gemm_block_i/axi_smc_1/inst/s03_nodes/s03_b_node/inst/inst_mi_handler/gen_normal_area.inst_fifo_node_payld/gen_xpm_memory_fifo.inst_fifo/gen_mem_rep[0].inst_xpm_memory/xpm_memory_base_inst block.
INFO: [Memdata 28-167] Found XPM memory block gemm_block_i/axi_smc_1/inst/s03_nodes/s03_aw_node/inst/inst_mi_handler/gen_normal_area.inst_fifo_node_payld/gen_xpm_memory_fifo.inst_fifo/gen_mem_rep[0].inst_xpm_memory/xpm_memory_base_inst with a P_MEMORY_PRIMITIVE property set to distributed. A value of block is required. You will not be able to use the updatemem program to update the bitstream with new data for the gemm_block_i/axi_smc_1/inst/s03_nodes/s03_aw_node/inst/inst_mi_handler/gen_normal_area.inst_fifo_node_payld/gen_xpm_memory_fifo.inst_fifo/gen_mem_rep[0].inst_xpm_memory/xpm_memory_base_inst block.
INFO: [Memdata 28-167] Found XPM memory block gemm_block_i/axi_smc_1/inst/s02_nodes/s02_r_node/inst/inst_mi_handler/gen_normal_area.inst_fifo_node_payld/gen_xpm_memory_fifo.inst_fifo/gen_mem_rep[0].inst_xpm_memory/xpm_memory_base_inst with a P_MEMORY_PRIMITIVE property set to distributed. A value of block is required. You will not be able to use the updatemem program to update the bitstream with new data for the gemm_block_i/axi_smc_1/inst/s02_nodes/s02_r_node/inst/inst_mi_handler/gen_normal_area.inst_fifo_node_payld/gen_xpm_memory_fifo.inst_fifo/gen_mem_rep[0].inst_xpm_memory/xpm_memory_base_inst block.
INFO: [Memdata 28-167] Found XPM memory block gemm_block_i/axi_smc_1/inst/s02_nodes/s02_ar_node/inst/inst_mi_handler/gen_normal_area.inst_fifo_node_payld/gen_xpm_memory_fifo.inst_fifo/gen_mem_rep[0].inst_xpm_memory/xpm_memory_base_inst with a P_MEMORY_PRIMITIVE property set to distributed. A value of block is required. You will not be able to use the updatemem program to update the bitstream with new data for the gemm_block_i/axi_smc_1/inst/s02_nodes/s02_ar_node/inst/inst_mi_handler/gen_normal_area.inst_fifo_node_payld/gen_xpm_memory_fifo.inst_fifo/gen_mem_rep[0].inst_xpm_memory/xpm_memory_base_inst block.
INFO: [Memdata 28-167] Found XPM memory block gemm_block_i/axi_smc_1/inst/s00_nodes/s00_r_node/inst/inst_mi_handler/gen_normal_area.inst_fifo_node_payld/gen_xpm_memory_fifo.inst_fifo/gen_mem_rep[0].inst_xpm_memory/xpm_memory_base_inst with a P_MEMORY_PRIMITIVE property set to distributed. A value of block is required. You will not be able to use the updatemem program to update the bitstream with new data for the gemm_block_i/axi_smc_1/inst/s00_nodes/s00_r_node/inst/inst_mi_handler/gen_normal_area.inst_fifo_node_payld/gen_xpm_memory_fifo.inst_fifo/gen_mem_rep[0].inst_xpm_memory/xpm_memory_base_inst block.
INFO: [Memdata 28-167] Found XPM memory block gemm_block_i/axi_smc_1/inst/s00_nodes/s00_ar_node/inst/inst_mi_handler/gen_normal_area.inst_fifo_node_payld/gen_xpm_memory_fifo.inst_fifo/gen_mem_rep[0].inst_xpm_memory/xpm_memory_base_inst with a P_MEMORY_PRIMITIVE property set to distributed. A value of block is required. You will not be able to use the updatemem program to update the bitstream with new data for the gemm_block_i/axi_smc_1/inst/s00_nodes/s00_ar_node/inst/inst_mi_handler/gen_normal_area.inst_fifo_node_payld/gen_xpm_memory_fifo.inst_fifo/gen_mem_rep[0].inst_xpm_memory/xpm_memory_base_inst block.
INFO: [Memdata 28-167] Found XPM memory block gemm_block_i/axi_smc_1/inst/m00_nodes/m00_w_node/inst/inst_si_handler/gen_si_handler.gen_request_fifos.gen_req_fifo[3].inst_req_fifo/gen_xpm_memory_fifo.inst_fifo/gen_mem_rep[0].inst_xpm_memory/xpm_memory_base_inst with a P_MEMORY_PRIMITIVE property set to distributed. A value of block is required. You will not be able to use the updatemem program to update the bitstream with new data for the gemm_block_i/axi_smc_1/inst/m00_nodes/m00_w_node/inst/inst_si_handler/gen_si_handler.gen_request_fifos.gen_req_fifo[3].inst_req_fifo/gen_xpm_memory_fifo.inst_fifo/gen_mem_rep[0].inst_xpm_memory/xpm_memory_base_inst block.
INFO: [Memdata 28-167] Found XPM memory block gemm_block_i/axi_smc_1/inst/m00_nodes/m00_w_node/inst/inst_mi_handler/gen_normal_area.inst_fifo_node_payld/gen_xpm_memory_fifo.inst_fifo/gen_mem_rep[0].inst_xpm_memory/xpm_memory_base_inst with a P_MEMORY_PRIMITIVE property set to distributed. A value of block is required. You will not be able to use the updatemem program to update the bitstream with new data for the gemm_block_i/axi_smc_1/inst/m00_nodes/m00_w_node/inst/inst_mi_handler/gen_normal_area.inst_fifo_node_payld/gen_xpm_memory_fifo.inst_fifo/gen_mem_rep[0].inst_xpm_memory/xpm_memory_base_inst block.
INFO: [Memdata 28-167] Found XPM memory block gemm_block_i/axi_smc_1/inst/m00_nodes/m00_r_node/inst/inst_mi_handler/gen_normal_area.inst_fifo_node_payld/gen_xpm_memory_fifo.inst_fifo/gen_mem_rep[0].inst_xpm_memory/xpm_memory_base_inst with a P_MEMORY_PRIMITIVE property set to distributed. A value of block is required. You will not be able to use the updatemem program to update the bitstream with new data for the gemm_block_i/axi_smc_1/inst/m00_nodes/m00_r_node/inst/inst_mi_handler/gen_normal_area.inst_fifo_node_payld/gen_xpm_memory_fifo.inst_fifo/gen_mem_rep[0].inst_xpm_memory/xpm_memory_base_inst block.
INFO: [Memdata 28-167] Found XPM memory block gemm_block_i/axi_smc_1/inst/m00_nodes/m00_r_node/inst/inst_mi_handler/gen_normal_area.gen_fifo_req.inst_fifo_req/gen_xpm_memory_fifo.inst_fifo/gen_mem_rep[0].inst_xpm_memory/xpm_memory_base_inst with a P_MEMORY_PRIMITIVE property set to distributed. A value of block is required. You will not be able to use the updatemem program to update the bitstream with new data for the gemm_block_i/axi_smc_1/inst/m00_nodes/m00_r_node/inst/inst_mi_handler/gen_normal_area.gen_fifo_req.inst_fifo_req/gen_xpm_memory_fifo.inst_fifo/gen_mem_rep[0].inst_xpm_memory/xpm_memory_base_inst block.
INFO: [Memdata 28-167] Found XPM memory block gemm_block_i/axi_smc_1/inst/m00_nodes/m00_b_node/inst/inst_mi_handler/gen_normal_area.inst_fifo_node_payld/gen_xpm_memory_fifo.inst_fifo/gen_mem_rep[0].inst_xpm_memory/xpm_memory_base_inst with a P_MEMORY_PRIMITIVE property set to distributed. A value of block is required. You will not be able to use the updatemem program to update the bitstream with new data for the gemm_block_i/axi_smc_1/inst/m00_nodes/m00_b_node/inst/inst_mi_handler/gen_normal_area.inst_fifo_node_payld/gen_xpm_memory_fifo.inst_fifo/gen_mem_rep[0].inst_xpm_memory/xpm_memory_base_inst block.
INFO: [Memdata 28-167] Found XPM memory block gemm_block_i/axi_smc_1/inst/m00_nodes/m00_b_node/inst/inst_mi_handler/gen_normal_area.gen_fifo_req.inst_fifo_req/gen_xpm_memory_fifo.inst_fifo/gen_mem_rep[0].inst_xpm_memory/xpm_memory_base_inst with a P_MEMORY_PRIMITIVE property set to distributed. A value of block is required. You will not be able to use the updatemem program to update the bitstream with new data for the gemm_block_i/axi_smc_1/inst/m00_nodes/m00_b_node/inst/inst_mi_handler/gen_normal_area.gen_fifo_req.inst_fifo_req/gen_xpm_memory_fifo.inst_fifo/gen_mem_rep[0].inst_xpm_memory/xpm_memory_base_inst block.
INFO: [Memdata 28-167] Found XPM memory block gemm_block_i/axi_smc_1/inst/m00_nodes/m00_aw_node/inst/inst_mi_handler/gen_normal_area.inst_fifo_node_payld/gen_xpm_memory_fifo.inst_fifo/gen_mem_rep[0].inst_xpm_memory/xpm_memory_base_inst with a P_MEMORY_PRIMITIVE property set to distributed. A value of block is required. You will not be able to use the updatemem program to update the bitstream with new data for the gemm_block_i/axi_smc_1/inst/m00_nodes/m00_aw_node/inst/inst_mi_handler/gen_normal_area.inst_fifo_node_payld/gen_xpm_memory_fifo.inst_fifo/gen_mem_rep[0].inst_xpm_memory/xpm_memory_base_inst block.
INFO: [Memdata 28-167] Found XPM memory block gemm_block_i/axi_smc_1/inst/m00_nodes/m00_ar_node/inst/inst_mi_handler/gen_normal_area.inst_fifo_node_payld/gen_xpm_memory_fifo.inst_fifo/gen_mem_rep[0].inst_xpm_memory/xpm_memory_base_inst with a P_MEMORY_PRIMITIVE property set to distributed. A value of block is required. You will not be able to use the updatemem program to update the bitstream with new data for the gemm_block_i/axi_smc_1/inst/m00_nodes/m00_ar_node/inst/inst_mi_handler/gen_normal_area.inst_fifo_node_payld/gen_xpm_memory_fifo.inst_fifo/gen_mem_rep[0].inst_xpm_memory/xpm_memory_base_inst block.
INFO: [Memdata 28-167] Found XPM memory block gemm_block_i/axi_smc/inst/switchboards/i_nodes/i_w_node/inst/inst_si_handler/gen_si_handler.gen_request_fifos.gen_req_fifo[1].inst_req_fifo/gen_xpm_memory_fifo.inst_fifo/gen_mem_rep[0].inst_xpm_memory/xpm_memory_base_inst with a P_MEMORY_PRIMITIVE property set to distributed. A value of block is required. You will not be able to use the updatemem program to update the bitstream with new data for the gemm_block_i/axi_smc/inst/switchboards/i_nodes/i_w_node/inst/inst_si_handler/gen_si_handler.gen_request_fifos.gen_req_fifo[1].inst_req_fifo/gen_xpm_memory_fifo.inst_fifo/gen_mem_rep[0].inst_xpm_memory/xpm_memory_base_inst block.
INFO: [Memdata 28-167] Found XPM memory block gemm_block_i/axi_smc/inst/switchboards/i_nodes/i_w_node/inst/inst_si_handler/gen_si_handler.gen_request_fifos.gen_req_fifo[0].inst_req_fifo/gen_xpm_memory_fifo.inst_fifo/gen_mem_rep[0].inst_xpm_memory/xpm_memory_base_inst with a P_MEMORY_PRIMITIVE property set to distributed. A value of block is required. You will not be able to use the updatemem program to update the bitstream with new data for the gemm_block_i/axi_smc/inst/switchboards/i_nodes/i_w_node/inst/inst_si_handler/gen_si_handler.gen_request_fifos.gen_req_fifo[0].inst_req_fifo/gen_xpm_memory_fifo.inst_fifo/gen_mem_rep[0].inst_xpm_memory/xpm_memory_base_inst block.
INFO: [Memdata 28-167] Found XPM memory block gemm_block_i/axi_dma_1/U0/I_PRMRY_DATAMOVER/GEN_S2MM_FULL.I_S2MM_FULL_WRAPPER/GEN_INCLUDE_REALIGNER.I_S2MM_REALIGNER/GEN_INCLUDE_SCATTER.I_S2MM_SCATTER/I_TSTRB_FIFO/USE_SYNC_FIFO.I_SYNC_FIFO/NON_BLK_MEM.I_SYNC_FIFOGEN_FIFO/xpm_fifo_base_inst/gen_sdpram.xpm_memory_base_inst with a P_MEMORY_PRIMITIVE property set to auto. A value of block is required. You will not be able to use the updatemem program to update the bitstream with new data for the gemm_block_i/axi_dma_1/U0/I_PRMRY_DATAMOVER/GEN_S2MM_FULL.I_S2MM_FULL_WRAPPER/GEN_INCLUDE_REALIGNER.I_S2MM_REALIGNER/GEN_INCLUDE_SCATTER.I_S2MM_SCATTER/I_TSTRB_FIFO/USE_SYNC_FIFO.I_SYNC_FIFO/NON_BLK_MEM.I_SYNC_FIFOGEN_FIFO/xpm_fifo_base_inst/gen_sdpram.xpm_memory_base_inst block.
INFO: [Memdata 28-167] Found XPM memory block gemm_block_i/axi_dma_1/U0/I_PRMRY_DATAMOVER/GEN_S2MM_FULL.I_S2MM_FULL_WRAPPER/GEN_ENABLE_INDET_BTT_SF.I_INDET_BTT/I_XD_FIFO/NON_BLK_MEM.I_SYNC_FIFOGEN_FIFO/xpm_fifo_base_inst/gen_sdpram.xpm_memory_base_inst with a P_MEMORY_PRIMITIVE property set to auto. A value of block is required. You will not be able to use the updatemem program to update the bitstream with new data for the gemm_block_i/axi_dma_1/U0/I_PRMRY_DATAMOVER/GEN_S2MM_FULL.I_S2MM_FULL_WRAPPER/GEN_ENABLE_INDET_BTT_SF.I_INDET_BTT/I_XD_FIFO/NON_BLK_MEM.I_SYNC_FIFOGEN_FIFO/xpm_fifo_base_inst/gen_sdpram.xpm_memory_base_inst block.
INFO: [Memdata 28-208] The XPM instance: <gemm_block_i/axi_dma_1/U0/I_PRMRY_DATAMOVER/GEN_S2MM_FULL.I_S2MM_FULL_WRAPPER/GEN_ENABLE_INDET_BTT_SF.I_INDET_BTT/I_DATA_FIFO/BLK_MEM.I_SYNC_FIFOGEN_FIFO/xpm_fifo_base_inst/gen_sdpram.xpm_memory_base_inst> is part of IP: <gemm_block_i/axi_dma_1>. This XPM instance will be excluded from the .mmi because updatemem is prohibited from making changes to an XPM that is part of an IP.
INFO: [Memdata 28-208] The XPM instance: <gemm_block_i/axi_dma_1/U0/I_PRMRY_DATAMOVER/GEN_MM2S_FULL.I_MM2S_FULL_WRAPPER/GEN_INCLUDE_MM2S_SF.I_RD_SF/I_DATA_FIFO/BLK_MEM.I_SYNC_FIFOGEN_FIFO/xpm_fifo_base_inst/gen_sdpram.xpm_memory_base_inst> is part of IP: <gemm_block_i/axi_dma_1>. This XPM instance will be excluded from the .mmi because updatemem is prohibited from making changes to an XPM that is part of an IP.
INFO: [Memdata 28-208] The XPM instance: <gemm_block_i/axi_dma_0/U0/I_PRMRY_DATAMOVER/GEN_MM2S_FULL.I_MM2S_FULL_WRAPPER/GEN_INCLUDE_MM2S_SF.I_RD_SF/I_DATA_FIFO/BLK_MEM.I_SYNC_FIFOGEN_FIFO/xpm_fifo_base_inst/gen_sdpram.xpm_memory_base_inst> is part of IP: <gemm_block_i/axi_dma_0>. This XPM instance will be excluded from the .mmi because updatemem is prohibited from making changes to an XPM that is part of an IP.
Command: write_bitstream -force gemm_block_wrapper.bit
Attempting to get a license for feature 'Implementation' and/or device 'xck26'
INFO: [Common 17-349] Got license for feature 'Implementation' and/or device 'xck26'
Running DRC as a precondition to command write_bitstream
INFO: [IP_Flow 19-234] Refreshing IP repositories
INFO: [IP_Flow 19-1704] No user IP repositories specified
INFO: [IP_Flow 19-2313] Loaded Vivado IP repository 'D:/Apps/Study/Vivado/2025.2/Vivado/data/ip'.
INFO: [DRC 23-27] Running DRC with 2 threads
INFO: [Vivado 12-3199] DRC finished with 0 Errors
INFO: [Vivado 12-3200] Please refer to the DRC report (report_drc) for more information.
Integrating Hard IP ELF/MEM with the PDI.
INFO: [Designutils 20-2272] Running write_bitstream with 2 threads.
Loading data files...
Loading site data...
Loading route data...
Processing options...
Creating bitmap...
Creating bitstream...
Writing bitstream ./gemm_block_wrapper.bit...
INFO: [Vivado 12-1842] Bitgen Completed Successfully.
INFO: [Common 17-83] Releasing license: Implementation
45 Infos, 0 Warnings, 0 Critical Warnings and 0 Errors encountered.
write_bitstream completed successfully
write_bitstream: Time (s): cpu = 00:04:16 ; elapsed = 00:02:39 . Memory (MB): peak = 3661.543 ; gain = 687.480
INFO: [Common 17-206] Exiting Vivado at Thu May 14 12:14:16 2026...
