
*** Running vivado
    with args -log array_block_array_top_0_0.vds -m64 -product Vivado -mode batch -messageDb vivado.pb -notrace -source array_block_array_top_0_0.tcl



****** Vivado v2025.2 (64-bit)
  **** SW Build 6299465 on Fri Nov 14 19:35:11 GMT 2025
  **** IP Build 6300035 on Fri Nov 14 10:48:45 MST 2025
  **** SharedData Build 6298862 on Thu Nov 13 04:50:51 MST 2025
  **** Start of session at: Mon Mar 30 08:35:49 2026
    ** Copyright 1986-2022 Xilinx, Inc. All Rights Reserved.
    ** Copyright 2022-2025 Advanced Micro Devices, Inc. All Rights Reserved.

source array_block_array_top_0_0.tcl -notrace
create_project: Time (s): cpu = 00:00:20 ; elapsed = 00:00:12 . Memory (MB): peak = 556.301 ; gain = 222.352
INFO: [IP_Flow 19-234] Refreshing IP repositories
INFO: [IP_Flow 19-1704] No user IP repositories specified
INFO: [IP_Flow 19-2313] Loaded Vivado IP repository 'D:/Apps/Study/Vivado/2025.2/Vivado/data/ip'.
Command: synth_design -top array_block_array_top_0_0 -part xck26-sfvc784-2LV-c -incremental_mode off -mode out_of_context
Starting synth_design
Attempting to get a license for feature 'Synthesis' and/or device 'xck26'
INFO: [Common 17-349] Got license for feature 'Synthesis' and/or device 'xck26'
INFO: [Device 21-403] Loading part xck26-sfvc784-2LV-c
INFO: [Synth 8-7079] Multithreading enabled for synth_design using a maximum of 2 processes.
INFO: [Synth 8-7078] Launching helper process for spawning children vivado processes
INFO: [Synth 8-7075] Helper process launched with PID 3156
---------------------------------------------------------------------------------
Starting RTL Elaboration : Time (s): cpu = 00:00:09 ; elapsed = 00:00:11 . Memory (MB): peak = 1858.293 ; gain = 210.043
---------------------------------------------------------------------------------
INFO: [Synth 8-6157] synthesizing module 'array_block_array_top_0_0' [d:/HK6/Project1/testing/matmul_array/matmul/matmul.gen/sources_1/bd/array_block/ip/array_block_array_top_0_0/synth/array_block_array_top_0_0.v:53]
INFO: [Synth 8-6157] synthesizing module 'array_top' [D:/HK6/Project1/testing/matmul_array/matmul/matmul.srcs/sources_1/new/array_top.v:22]
	Parameter ARRAY_SIZE bound to: 4 - type: integer 
INFO: [Synth 8-6157] synthesizing module 'array_ctrl' [D:/HK6/Project1/testing/matmul_array/matmul/matmul.srcs/sources_1/new/array_ctrl.v:3]
	Parameter ARRAY_SIZE bound to: 4 - type: integer 
INFO: [Synth 8-6155] done synthesizing module 'array_ctrl' (0#1) [D:/HK6/Project1/testing/matmul_array/matmul/matmul.srcs/sources_1/new/array_ctrl.v:3]
INFO: [Synth 8-6157] synthesizing module 'matmul_array' [D:/HK6/Project1/testing/matmul_array/matmul/matmul.srcs/sources_1/imports/sources_1/imports/new/matmul_array.v:23]
	Parameter ARRAY_SIZE bound to: 4 - type: integer 
INFO: [Synth 8-6157] synthesizing module 'pe_wrapper' [D:/HK6/Project1/testing/matmul_array/matmul/matmul.srcs/sources_1/imports/sources_1/imports/new/pe_wrapper.v:23]
INFO: [Synth 8-6157] synthesizing module 'mac_core' [D:/HK6/Project1/testing/matmul_array/matmul/matmul.srcs/sources_1/imports/sources_1/imports/new/mac_core.v:23]
INFO: [Synth 8-6157] synthesizing module 'mac_mult_stage' [D:/HK6/Project1/testing/matmul_array/matmul/matmul.srcs/sources_1/imports/sources_1/new/mac_mult_stage.v:23]
INFO: [Synth 8-6155] done synthesizing module 'mac_mult_stage' (0#1) [D:/HK6/Project1/testing/matmul_array/matmul/matmul.srcs/sources_1/imports/sources_1/new/mac_mult_stage.v:23]
WARNING: [Synth 8-689] width (32) of port connection 'mul_out' does not match port width (16) of module 'mac_mult_stage' [D:/HK6/Project1/testing/matmul_array/matmul/matmul.srcs/sources_1/imports/sources_1/imports/new/mac_core.v:46]
INFO: [Synth 8-6157] synthesizing module 'mac_acc_stage' [D:/HK6/Project1/testing/matmul_array/matmul/matmul.srcs/sources_1/imports/sources_1/new/mac_acc_stage.v:22]
INFO: [Synth 8-6155] done synthesizing module 'mac_acc_stage' (0#1) [D:/HK6/Project1/testing/matmul_array/matmul/matmul.srcs/sources_1/imports/sources_1/new/mac_acc_stage.v:22]
WARNING: [Synth 8-689] width (32) of port connection 'mul_in' does not match port width (16) of module 'mac_acc_stage' [D:/HK6/Project1/testing/matmul_array/matmul/matmul.srcs/sources_1/imports/sources_1/imports/new/mac_core.v:55]
INFO: [Synth 8-6155] done synthesizing module 'mac_core' (0#1) [D:/HK6/Project1/testing/matmul_array/matmul/matmul.srcs/sources_1/imports/sources_1/imports/new/mac_core.v:23]
INFO: [Synth 8-6155] done synthesizing module 'pe_wrapper' (0#1) [D:/HK6/Project1/testing/matmul_array/matmul/matmul.srcs/sources_1/imports/sources_1/imports/new/pe_wrapper.v:23]
INFO: [Synth 8-6155] done synthesizing module 'matmul_array' (0#1) [D:/HK6/Project1/testing/matmul_array/matmul/matmul.srcs/sources_1/imports/sources_1/imports/new/matmul_array.v:23]
INFO: [Synth 8-6155] done synthesizing module 'array_top' (0#1) [D:/HK6/Project1/testing/matmul_array/matmul/matmul.srcs/sources_1/new/array_top.v:22]
INFO: [Synth 8-6155] done synthesizing module 'array_block_array_top_0_0' (0#1) [d:/HK6/Project1/testing/matmul_array/matmul/matmul.gen/sources_1/bd/array_block/ip/array_block_array_top_0_0/synth/array_block_array_top_0_0.v:53]
INFO: [Synth 8-6071] Mark debug on the nets applies keep_hierarchy on instance 'u_matmul'. This will prevent further optimization [D:/HK6/Project1/testing/matmul_array/matmul/matmul.srcs/sources_1/new/array_top.v:65]
INFO: [Synth 8-6071] Mark debug on the nets applies keep_hierarchy on instance 'inst'. This will prevent further optimization [d:/HK6/Project1/testing/matmul_array/matmul/matmul.gen/sources_1/bd/array_block/ip/array_block_array_top_0_0/synth/array_block_array_top_0_0.v:80]
---------------------------------------------------------------------------------
Finished RTL Elaboration : Time (s): cpu = 00:00:13 ; elapsed = 00:00:15 . Memory (MB): peak = 1985.438 ; gain = 337.188
---------------------------------------------------------------------------------
---------------------------------------------------------------------------------
Start Handling Custom Attributes
---------------------------------------------------------------------------------
---------------------------------------------------------------------------------
Finished Handling Custom Attributes : Time (s): cpu = 00:00:13 ; elapsed = 00:00:16 . Memory (MB): peak = 1985.438 ; gain = 337.188
---------------------------------------------------------------------------------
---------------------------------------------------------------------------------
Finished RTL Optimization Phase 1 : Time (s): cpu = 00:00:13 ; elapsed = 00:00:16 . Memory (MB): peak = 1985.438 ; gain = 337.188
---------------------------------------------------------------------------------
Netlist sorting complete. Time (s): cpu = 00:00:00 ; elapsed = 00:00:00.073 . Memory (MB): peak = 1985.438 ; gain = 0.000
INFO: [Project 1-570] Preparing netlist for logic optimization

Processing XDC Constraints
Initializing timing engine
Completed Processing XDC Constraints

Netlist sorting complete. Time (s): cpu = 00:00:00 ; elapsed = 00:00:00.001 . Memory (MB): peak = 2067.129 ; gain = 0.000
INFO: [Project 1-111] Unisim Transformation Summary:
No Unisim elements were transformed.

Constraint Validation Runtime : Time (s): cpu = 00:00:00 ; elapsed = 00:00:00.199 . Memory (MB): peak = 2067.207 ; gain = 0.078
INFO: [Designutils 20-5008] Incremental synthesis strategy off
---------------------------------------------------------------------------------
Finished Constraint Validation : Time (s): cpu = 00:00:28 ; elapsed = 00:00:32 . Memory (MB): peak = 2067.207 ; gain = 418.957
---------------------------------------------------------------------------------
---------------------------------------------------------------------------------
Start Loading Part and Timing Information
---------------------------------------------------------------------------------
Loading part: xck26-sfvc784-2LV-c
INFO: [Synth 8-6742] Reading net delay rules and data
---------------------------------------------------------------------------------
Finished Loading Part and Timing Information : Time (s): cpu = 00:00:28 ; elapsed = 00:00:32 . Memory (MB): peak = 2067.207 ; gain = 418.957
---------------------------------------------------------------------------------
---------------------------------------------------------------------------------
Start Applying 'set_property' XDC Constraints
---------------------------------------------------------------------------------
---------------------------------------------------------------------------------
Finished applying 'set_property' XDC Constraints : Time (s): cpu = 00:00:28 ; elapsed = 00:00:32 . Memory (MB): peak = 2067.207 ; gain = 418.957
---------------------------------------------------------------------------------
INFO: [Synth 8-802] inferred FSM for state register 'state_reg' in module 'array_ctrl'
---------------------------------------------------------------------------------------------------
                   State |                     New Encoding |                Previous Encoding 
---------------------------------------------------------------------------------------------------
                    IDLE |                               00 |                               00
                     RUN |                               01 |                               01
                   FLUSH |                               10 |                               10
                    DONE |                               11 |                               11
---------------------------------------------------------------------------------------------------
INFO: [Synth 8-3354] encoded FSM with state register 'state_reg' using encoding 'sequential' in module 'array_ctrl'
---------------------------------------------------------------------------------
Finished RTL Optimization Phase 2 : Time (s): cpu = 00:00:29 ; elapsed = 00:00:33 . Memory (MB): peak = 2067.207 ; gain = 418.957
---------------------------------------------------------------------------------
No constraint files found.
---------------------------------------------------------------------------------
Start RTL Component Statistics 
---------------------------------------------------------------------------------
Detailed RTL Component Info : 
+---Adders : 
	   2 Input   32 Bit       Adders := 16    
	   2 Input    4 Bit       Adders := 1     
	   2 Input    3 Bit       Adders := 1     
+---Registers : 
	               32 Bit    Registers := 32    
	               24 Bit    Registers := 2     
	               16 Bit    Registers := 18    
	                8 Bit    Registers := 66    
	                4 Bit    Registers := 1     
	                3 Bit    Registers := 4     
	                2 Bit    Registers := 3     
	                1 Bit    Registers := 164   
+---Muxes : 
	   2 Input   32 Bit        Muxes := 32    
	   2 Input    8 Bit        Muxes := 8     
	   4 Input    8 Bit        Muxes := 8     
	   4 Input    4 Bit        Muxes := 1     
	   4 Input    3 Bit        Muxes := 1     
	   4 Input    2 Bit        Muxes := 1     
	   2 Input    2 Bit        Muxes := 1     
	   2 Input    1 Bit        Muxes := 3     
	   4 Input    1 Bit        Muxes := 4     
---------------------------------------------------------------------------------
Finished RTL Component Statistics 
---------------------------------------------------------------------------------
---------------------------------------------------------------------------------
Start Part Resource Summary
---------------------------------------------------------------------------------
Part Resources:
DSPs: 1248 (col length:96)
BRAMs: 288 (col length: RAMB18 96 RAMB36 48)
---------------------------------------------------------------------------------
Finished Part Resource Summary
---------------------------------------------------------------------------------
No constraint files found.
---------------------------------------------------------------------------------
Start Cross Boundary and Area Optimization
---------------------------------------------------------------------------------
---------------------------------------------------------------------------------
Finished Cross Boundary and Area Optimization : Time (s): cpu = 00:00:37 ; elapsed = 00:00:42 . Memory (MB): peak = 2067.207 ; gain = 418.957
---------------------------------------------------------------------------------
No constraint files found.
---------------------------------------------------------------------------------
Start Timing Optimization
---------------------------------------------------------------------------------
---------------------------------------------------------------------------------
Finished Timing Optimization : Time (s): cpu = 00:00:38 ; elapsed = 00:00:42 . Memory (MB): peak = 2067.207 ; gain = 418.957
---------------------------------------------------------------------------------
---------------------------------------------------------------------------------
Start Technology Mapping
---------------------------------------------------------------------------------
---------------------------------------------------------------------------------
Finished Technology Mapping : Time (s): cpu = 00:00:39 ; elapsed = 00:00:43 . Memory (MB): peak = 2067.207 ; gain = 418.957
---------------------------------------------------------------------------------
---------------------------------------------------------------------------------
Start IO Insertion
---------------------------------------------------------------------------------
---------------------------------------------------------------------------------
Start Flattening Before IO Insertion
---------------------------------------------------------------------------------
---------------------------------------------------------------------------------
Finished Flattening Before IO Insertion
---------------------------------------------------------------------------------
---------------------------------------------------------------------------------
Start Final Netlist Cleanup
---------------------------------------------------------------------------------
---------------------------------------------------------------------------------
Finished Final Netlist Cleanup
---------------------------------------------------------------------------------
---------------------------------------------------------------------------------
Finished IO Insertion : Time (s): cpu = 00:00:45 ; elapsed = 00:00:50 . Memory (MB): peak = 2285.180 ; gain = 636.930
---------------------------------------------------------------------------------
---------------------------------------------------------------------------------
Start Renaming Generated Instances
---------------------------------------------------------------------------------
---------------------------------------------------------------------------------
Finished Renaming Generated Instances : Time (s): cpu = 00:00:45 ; elapsed = 00:00:50 . Memory (MB): peak = 2285.180 ; gain = 636.930
---------------------------------------------------------------------------------
---------------------------------------------------------------------------------
Start Rebuilding User Hierarchy
---------------------------------------------------------------------------------
---------------------------------------------------------------------------------
Finished Rebuilding User Hierarchy : Time (s): cpu = 00:00:46 ; elapsed = 00:00:50 . Memory (MB): peak = 2285.180 ; gain = 636.930
---------------------------------------------------------------------------------
---------------------------------------------------------------------------------
Start Renaming Generated Ports
---------------------------------------------------------------------------------
---------------------------------------------------------------------------------
Finished Renaming Generated Ports : Time (s): cpu = 00:00:46 ; elapsed = 00:00:50 . Memory (MB): peak = 2285.180 ; gain = 636.930
---------------------------------------------------------------------------------
---------------------------------------------------------------------------------
Start Handling Custom Attributes
---------------------------------------------------------------------------------
---------------------------------------------------------------------------------
Finished Handling Custom Attributes : Time (s): cpu = 00:00:46 ; elapsed = 00:00:50 . Memory (MB): peak = 2285.180 ; gain = 636.930
---------------------------------------------------------------------------------
---------------------------------------------------------------------------------
Start Renaming Generated Nets
---------------------------------------------------------------------------------
---------------------------------------------------------------------------------
Finished Renaming Generated Nets : Time (s): cpu = 00:00:46 ; elapsed = 00:00:50 . Memory (MB): peak = 2285.180 ; gain = 636.930
---------------------------------------------------------------------------------
---------------------------------------------------------------------------------
Start Writing Synthesis Report
---------------------------------------------------------------------------------

Report BlackBoxes: 
+-+--------------+----------+
| |BlackBox name |Instances |
+-+--------------+----------+
+-+--------------+----------+

Report Cell Usage: 
+------+-------+------+
|      |Cell   |Count |
+------+-------+------+
|1     |CARRY8 |   160|
|2     |LUT1   |    23|
|3     |LUT2   |   769|
|4     |LUT3   |   679|
|5     |LUT4   |   725|
|6     |LUT5   |   132|
|7     |LUT6   |   151|
|8     |MUXF7  |    65|
|9     |MUXF8  |    32|
|10    |FDCE   |  1437|
+------+-------+------+
---------------------------------------------------------------------------------
Finished Writing Synthesis Report : Time (s): cpu = 00:00:46 ; elapsed = 00:00:50 . Memory (MB): peak = 2285.180 ; gain = 636.930
---------------------------------------------------------------------------------
Synthesis finished with 0 errors, 0 critical warnings and 0 warnings.
Synthesis Optimization Runtime : Time (s): cpu = 00:00:29 ; elapsed = 00:00:46 . Memory (MB): peak = 2285.180 ; gain = 555.160
Synthesis Optimization Complete : Time (s): cpu = 00:00:46 ; elapsed = 00:00:50 . Memory (MB): peak = 2285.180 ; gain = 636.930
INFO: [Project 1-571] Translating synthesized netlist
Netlist sorting complete. Time (s): cpu = 00:00:00 ; elapsed = 00:00:00.086 . Memory (MB): peak = 2300.656 ; gain = 0.000
INFO: [Netlist 29-17] Analyzing 257 Unisim elements for replacement
INFO: [Netlist 29-28] Unisim Transformation completed in 0 CPU seconds
INFO: [Project 1-570] Preparing netlist for logic optimization
INFO: [Opt 31-138] Pushed 0 inverter(s) to 0 load pin(s).
Netlist sorting complete. Time (s): cpu = 00:00:00 ; elapsed = 00:00:00.004 . Memory (MB): peak = 2380.168 ; gain = 0.000
INFO: [Project 1-111] Unisim Transformation Summary:
No Unisim elements were transformed.

Synth Design complete | Checksum: a22128da
INFO: [Common 17-83] Releasing license: Synthesis
39 Infos, 2 Warnings, 0 Critical Warnings and 0 Errors encountered.
synth_design completed successfully
synth_design: Time (s): cpu = 00:01:01 ; elapsed = 00:01:21 . Memory (MB): peak = 2380.168 ; gain = 1766.621
INFO: [Coretcl 2-1174] Renamed 67 cell refs.
Write ShapeDB Complete: Time (s): cpu = 00:00:00 ; elapsed = 00:00:00.035 . Memory (MB): peak = 2380.168 ; gain = 0.000
INFO: [Common 17-1381] The checkpoint 'D:/HK6/Project1/testing/matmul_array/matmul/matmul.runs/array_block_array_top_0_0_synth_1/array_block_array_top_0_0.dcp' has been generated.
INFO: [Vivado 12-24828] Executing command : report_utilization -file array_block_array_top_0_0_utilization_synth.rpt -pb array_block_array_top_0_0_utilization_synth.pb
INFO: [Common 17-206] Exiting Vivado at Mon Mar 30 08:37:30 2026...
