
*** Running vivado
    with args -log gemm_block_v1_axi_smc_0.vds -m64 -product Vivado -mode batch -messageDb vivado.pb -notrace -source gemm_block_v1_axi_smc_0.tcl



****** Vivado v2025.2 (64-bit)
  **** SW Build 6299465 on Fri Nov 14 19:35:11 GMT 2025
  **** IP Build 6300035 on Fri Nov 14 10:48:45 MST 2025
  **** SharedData Build 6298862 on Thu Nov 13 04:50:51 MST 2025
  **** Start of session at: Sat Apr 11 21:14:04 2026
    ** Copyright 1986-2022 Xilinx, Inc. All Rights Reserved.
    ** Copyright 2022-2025 Advanced Micro Devices, Inc. All Rights Reserved.

source gemm_block_v1_axi_smc_0.tcl -notrace
create_project: Time (s): cpu = 00:00:38 ; elapsed = 00:00:24 . Memory (MB): peak = 541.605 ; gain = 221.387
Command: synth_design -top gemm_block_v1_axi_smc_0 -part xck26-sfvc784-2LV-c -incremental_mode off -mode out_of_context
Starting synth_design
Attempting to get a license for feature 'Synthesis' and/or device 'xck26'
INFO: [Common 17-349] Got license for feature 'Synthesis' and/or device 'xck26'
INFO: [Device 21-403] Loading part xck26-sfvc784-2LV-c
INFO: [Synth 8-7079] Multithreading enabled for synth_design using a maximum of 2 processes.
INFO: [Synth 8-7078] Launching helper process for spawning children vivado processes
INFO: [Synth 8-7075] Helper process launched with PID 5048
---------------------------------------------------------------------------------
Starting RTL Elaboration : Time (s): cpu = 00:00:14 ; elapsed = 00:00:33 . Memory (MB): peak = 1881.250 ; gain = 209.230
---------------------------------------------------------------------------------
INFO: [Synth 8-6157] synthesizing module 'gemm_block_v1_axi_smc_0' [d:/E/1subject/HK6/doan1/ver1/matmul/matmul.gen/sources_1/bd/gemm_block_v1/ip/gemm_block_v1_axi_smc_0/synth/gemm_block_v1_axi_smc_0.v:53]
INFO: [Synth 8-6157] synthesizing module 'bd_5f09' [d:/E/1subject/HK6/doan1/ver1/matmul/matmul.gen/sources_1/bd/gemm_block_v1/ip/gemm_block_v1_axi_smc_0/bd_0/synth/bd_5f09.v:10]
INFO: [Synth 8-6157] synthesizing module 'clk_map_imp_8ZCK8W' [d:/E/1subject/HK6/doan1/ver1/matmul/matmul.gen/sources_1/bd/gemm_block_v1/ip/gemm_block_v1_axi_smc_0/bd_0/synth/bd_5f09.v:1966]
INFO: [Synth 8-638] synthesizing module 'bd_5f09_psr_aclk_0' [d:/E/1subject/HK6/doan1/ver1/matmul/matmul.gen/sources_1/bd/gemm_block_v1/ip/gemm_block_v1_axi_smc_0/bd_0/ip/ip_1/synth/bd_5f09_psr_aclk_0.vhd:74]
	Parameter C_FAMILY bound to: zynquplus - type: string 
	Parameter C_EXT_RST_WIDTH bound to: 4 - type: integer 
	Parameter C_AUX_RST_WIDTH bound to: 1 - type: integer 
	Parameter C_EXT_RESET_HIGH bound to: 1'b0 
	Parameter C_AUX_RESET_HIGH bound to: 1'b0 
	Parameter C_NUM_BUS_RST bound to: 1 - type: integer 
	Parameter C_NUM_PERP_RST bound to: 1 - type: integer 
	Parameter C_NUM_INTERCONNECT_ARESETN bound to: 1 - type: integer 
	Parameter C_NUM_PERP_ARESETN bound to: 1 - type: integer 
INFO: [Synth 8-3491] module 'proc_sys_reset' declared at 'd:/E/1subject/HK6/doan1/ver1/matmul/matmul.gen/sources_1/bd/gemm_block_v1/ipshared/9438/hdl/proc_sys_reset_v5_0_vh_rfs.vhd:1243' bound to instance 'U0' of component 'proc_sys_reset' [d:/E/1subject/HK6/doan1/ver1/matmul/matmul.gen/sources_1/bd/gemm_block_v1/ip/gemm_block_v1_axi_smc_0/bd_0/ip/ip_1/synth/bd_5f09_psr_aclk_0.vhd:139]
INFO: [Synth 8-638] synthesizing module 'proc_sys_reset' [d:/E/1subject/HK6/doan1/ver1/matmul/matmul.gen/sources_1/bd/gemm_block_v1/ipshared/9438/hdl/proc_sys_reset_v5_0_vh_rfs.vhd:1302]
	Parameter INIT bound to: 1'b1 
INFO: [Synth 8-113] binding component instance 'FDRE_inst' to cell 'FDRE' [d:/E/1subject/HK6/doan1/ver1/matmul/matmul.gen/sources_1/bd/gemm_block_v1/ipshared/9438/hdl/proc_sys_reset_v5_0_vh_rfs.vhd:1371]
	Parameter INIT bound to: 1'b1 
INFO: [Synth 8-113] binding component instance 'FDRE_BSR' to cell 'FDRE' [d:/E/1subject/HK6/doan1/ver1/matmul/matmul.gen/sources_1/bd/gemm_block_v1/ipshared/9438/hdl/proc_sys_reset_v5_0_vh_rfs.vhd:1387]
	Parameter INIT bound to: 1'b0 
INFO: [Synth 8-113] binding component instance 'FDRE_BSR_N' to cell 'FDRE' [d:/E/1subject/HK6/doan1/ver1/matmul/matmul.gen/sources_1/bd/gemm_block_v1/ipshared/9438/hdl/proc_sys_reset_v5_0_vh_rfs.vhd:1413]
	Parameter INIT bound to: 1'b1 
INFO: [Synth 8-113] binding component instance 'FDRE_PER' to cell 'FDRE' [d:/E/1subject/HK6/doan1/ver1/matmul/matmul.gen/sources_1/bd/gemm_block_v1/ipshared/9438/hdl/proc_sys_reset_v5_0_vh_rfs.vhd:1436]
	Parameter INIT bound to: 1'b0 
INFO: [Synth 8-113] binding component instance 'FDRE_PER_N' to cell 'FDRE' [d:/E/1subject/HK6/doan1/ver1/matmul/matmul.gen/sources_1/bd/gemm_block_v1/ipshared/9438/hdl/proc_sys_reset_v5_0_vh_rfs.vhd:1460]
INFO: [Synth 8-638] synthesizing module 'lpf' [d:/E/1subject/HK6/doan1/ver1/matmul/matmul.gen/sources_1/bd/gemm_block_v1/ipshared/9438/hdl/proc_sys_reset_v5_0_vh_rfs.vhd:821]
INFO: [Synth 8-3491] module 'SRL16' declared at 'E:/vivado/2025.2/Vivado/scripts/rt/data/unisim_comp.v:165318' bound to instance 'POR_SRL_I' of component 'SRL16' [d:/E/1subject/HK6/doan1/ver1/matmul/matmul.gen/sources_1/bd/gemm_block_v1/ipshared/9438/hdl/proc_sys_reset_v5_0_vh_rfs.vhd:873]
INFO: [Synth 8-6157] synthesizing module 'SRL16' [E:/vivado/2025.2/Vivado/scripts/rt/data/unisim_comp.v:165318]
INFO: [Synth 8-6155] done synthesizing module 'SRL16' (0#1) [E:/vivado/2025.2/Vivado/scripts/rt/data/unisim_comp.v:165318]
	Parameter DEST_SYNC_FF bound to: 4 - type: integer 
	Parameter INIT_SYNC_FF bound to: 0 - type: integer 
	Parameter SIM_ASSERT_CHK bound to: 0 - type: integer 
	Parameter SRC_INPUT_REG bound to: 0 - type: integer 
INFO: [Synth 8-3491] module 'xpm_cdc_single' declared at 'E:/vivado/2025.2/Vivado/data/ip/xpm/xpm_cdc/hdl/xpm_cdc.sv:152' bound to instance 'ACT_LO_EXT' of component 'xpm_cdc_single' [d:/E/1subject/HK6/doan1/ver1/matmul/matmul.gen/sources_1/bd/gemm_block_v1/ipshared/9438/hdl/proc_sys_reset_v5_0_vh_rfs.vhd:968]
INFO: [Synth 8-6157] synthesizing module 'xpm_cdc_single' [E:/vivado/2025.2/Vivado/data/ip/xpm/xpm_cdc/hdl/xpm_cdc.sv:152]
INFO: [Synth 8-6155] done synthesizing module 'xpm_cdc_single' (0#1) [E:/vivado/2025.2/Vivado/data/ip/xpm/xpm_cdc/hdl/xpm_cdc.sv:152]
	Parameter DEST_SYNC_FF bound to: 4 - type: integer 
	Parameter INIT_SYNC_FF bound to: 0 - type: integer 
	Parameter SIM_ASSERT_CHK bound to: 0 - type: integer 
	Parameter SRC_INPUT_REG bound to: 0 - type: integer 
INFO: [Synth 8-3491] module 'xpm_cdc_single' declared at 'E:/vivado/2025.2/Vivado/data/ip/xpm/xpm_cdc/hdl/xpm_cdc.sv:152' bound to instance 'ACT_LO_AUX' of component 'xpm_cdc_single' [d:/E/1subject/HK6/doan1/ver1/matmul/matmul.gen/sources_1/bd/gemm_block_v1/ipshared/9438/hdl/proc_sys_reset_v5_0_vh_rfs.vhd:1015]
INFO: [Synth 8-256] done synthesizing module 'lpf' (0#1) [d:/E/1subject/HK6/doan1/ver1/matmul/matmul.gen/sources_1/bd/gemm_block_v1/ipshared/9438/hdl/proc_sys_reset_v5_0_vh_rfs.vhd:821]
INFO: [Synth 8-638] synthesizing module 'sequence_psr' [d:/E/1subject/HK6/doan1/ver1/matmul/matmul.gen/sources_1/bd/gemm_block_v1/ipshared/9438/hdl/proc_sys_reset_v5_0_vh_rfs.vhd:304]
INFO: [Synth 8-638] synthesizing module 'upcnt_n' [d:/E/1subject/HK6/doan1/ver1/matmul/matmul.gen/sources_1/bd/gemm_block_v1/ipshared/9438/hdl/proc_sys_reset_v5_0_vh_rfs.vhd:126]
INFO: [Synth 8-256] done synthesizing module 'upcnt_n' (0#1) [d:/E/1subject/HK6/doan1/ver1/matmul/matmul.gen/sources_1/bd/gemm_block_v1/ipshared/9438/hdl/proc_sys_reset_v5_0_vh_rfs.vhd:126]
INFO: [Synth 8-256] done synthesizing module 'sequence_psr' (0#1) [d:/E/1subject/HK6/doan1/ver1/matmul/matmul.gen/sources_1/bd/gemm_block_v1/ipshared/9438/hdl/proc_sys_reset_v5_0_vh_rfs.vhd:304]
INFO: [Synth 8-256] done synthesizing module 'proc_sys_reset' (0#1) [d:/E/1subject/HK6/doan1/ver1/matmul/matmul.gen/sources_1/bd/gemm_block_v1/ipshared/9438/hdl/proc_sys_reset_v5_0_vh_rfs.vhd:1302]
INFO: [Synth 8-256] done synthesizing module 'bd_5f09_psr_aclk_0' (0#1) [d:/E/1subject/HK6/doan1/ver1/matmul/matmul.gen/sources_1/bd/gemm_block_v1/ip/gemm_block_v1_axi_smc_0/bd_0/ip/ip_1/synth/bd_5f09_psr_aclk_0.vhd:74]
WARNING: [Synth 8-7071] port 'mb_reset' of module 'bd_5f09_psr_aclk_0' is unconnected for instance 'psr_aclk' [d:/E/1subject/HK6/doan1/ver1/matmul/matmul.gen/sources_1/bd/gemm_block_v1/ip/gemm_block_v1_axi_smc_0/bd_0/synth/bd_5f09.v:2015]
WARNING: [Synth 8-7071] port 'bus_struct_reset' of module 'bd_5f09_psr_aclk_0' is unconnected for instance 'psr_aclk' [d:/E/1subject/HK6/doan1/ver1/matmul/matmul.gen/sources_1/bd/gemm_block_v1/ip/gemm_block_v1_axi_smc_0/bd_0/synth/bd_5f09.v:2015]
WARNING: [Synth 8-7071] port 'peripheral_reset' of module 'bd_5f09_psr_aclk_0' is unconnected for instance 'psr_aclk' [d:/E/1subject/HK6/doan1/ver1/matmul/matmul.gen/sources_1/bd/gemm_block_v1/ip/gemm_block_v1_axi_smc_0/bd_0/synth/bd_5f09.v:2015]
WARNING: [Synth 8-7071] port 'peripheral_aresetn' of module 'bd_5f09_psr_aclk_0' is unconnected for instance 'psr_aclk' [d:/E/1subject/HK6/doan1/ver1/matmul/matmul.gen/sources_1/bd/gemm_block_v1/ip/gemm_block_v1_axi_smc_0/bd_0/synth/bd_5f09.v:2015]
WARNING: [Synth 8-7023] instance 'psr_aclk' of module 'bd_5f09_psr_aclk_0' has 10 connections declared, but only 6 given [d:/E/1subject/HK6/doan1/ver1/matmul/matmul.gen/sources_1/bd/gemm_block_v1/ip/gemm_block_v1_axi_smc_0/bd_0/synth/bd_5f09.v:2015]
INFO: [Synth 8-6155] done synthesizing module 'clk_map_imp_8ZCK8W' (0#1) [d:/E/1subject/HK6/doan1/ver1/matmul/matmul.gen/sources_1/bd/gemm_block_v1/ip/gemm_block_v1_axi_smc_0/bd_0/synth/bd_5f09.v:1966]
INFO: [Synth 8-6157] synthesizing module 'm00_exit_pipeline_imp_1O6XRH7' [d:/E/1subject/HK6/doan1/ver1/matmul/matmul.gen/sources_1/bd/gemm_block_v1/ip/gemm_block_v1_axi_smc_0/bd_0/synth/bd_5f09.v:2275]
INFO: [Synth 8-6157] synthesizing module 'bd_5f09_m00e_0' [d:/E/1subject/HK6/doan1/ver1/matmul/matmul.gen/sources_1/bd/gemm_block_v1/ip/gemm_block_v1_axi_smc_0/bd_0/ip/ip_41/synth/bd_5f09_m00e_0.sv:53]
INFO: [Synth 8-6157] synthesizing module 'xpm_cdc_async_rst' [E:/vivado/2025.2/Vivado/data/ip/xpm/xpm_cdc/hdl/xpm_cdc.sv:1175]
INFO: [Synth 8-6155] done synthesizing module 'xpm_cdc_async_rst' (0#1) [E:/vivado/2025.2/Vivado/data/ip/xpm/xpm_cdc/hdl/xpm_cdc.sv:1175]
INFO: [Synth 8-6155] done synthesizing module 'bd_5f09_m00e_0' (0#1) [d:/E/1subject/HK6/doan1/ver1/matmul/matmul.gen/sources_1/bd/gemm_block_v1/ip/gemm_block_v1_axi_smc_0/bd_0/ip/ip_41/synth/bd_5f09_m00e_0.sv:53]
INFO: [Synth 8-6155] done synthesizing module 'm00_exit_pipeline_imp_1O6XRH7' (0#1) [d:/E/1subject/HK6/doan1/ver1/matmul/matmul.gen/sources_1/bd/gemm_block_v1/ip/gemm_block_v1_axi_smc_0/bd_0/synth/bd_5f09.v:2275]
INFO: [Synth 8-6157] synthesizing module 'm00_nodes_imp_11Y5ZSN' [d:/E/1subject/HK6/doan1/ver1/matmul/matmul.gen/sources_1/bd/gemm_block_v1/ip/gemm_block_v1_axi_smc_0/bd_0/synth/bd_5f09.v:2517]
INFO: [Synth 8-6157] synthesizing module 'bd_5f09_m00arn_0' [d:/E/1subject/HK6/doan1/ver1/matmul/matmul.gen/sources_1/bd/gemm_block_v1/ip/gemm_block_v1_axi_smc_0/bd_0/ip/ip_36/synth/bd_5f09_m00arn_0.sv:53]
INFO: [Synth 8-6155] done synthesizing module 'bd_5f09_m00arn_0' (0#1) [d:/E/1subject/HK6/doan1/ver1/matmul/matmul.gen/sources_1/bd/gemm_block_v1/ip/gemm_block_v1_axi_smc_0/bd_0/ip/ip_36/synth/bd_5f09_m00arn_0.sv:53]
INFO: [Synth 8-6157] synthesizing module 'bd_5f09_m00awn_0' [d:/E/1subject/HK6/doan1/ver1/matmul/matmul.gen/sources_1/bd/gemm_block_v1/ip/gemm_block_v1_axi_smc_0/bd_0/ip/ip_38/synth/bd_5f09_m00awn_0.sv:53]
INFO: [Synth 8-6155] done synthesizing module 'bd_5f09_m00awn_0' (0#1) [d:/E/1subject/HK6/doan1/ver1/matmul/matmul.gen/sources_1/bd/gemm_block_v1/ip/gemm_block_v1_axi_smc_0/bd_0/ip/ip_38/synth/bd_5f09_m00awn_0.sv:53]
INFO: [Synth 8-6157] synthesizing module 'bd_5f09_m00bn_0' [d:/E/1subject/HK6/doan1/ver1/matmul/matmul.gen/sources_1/bd/gemm_block_v1/ip/gemm_block_v1_axi_smc_0/bd_0/ip/ip_40/synth/bd_5f09_m00bn_0.sv:53]
INFO: [Synth 8-6155] done synthesizing module 'bd_5f09_m00bn_0' (0#1) [d:/E/1subject/HK6/doan1/ver1/matmul/matmul.gen/sources_1/bd/gemm_block_v1/ip/gemm_block_v1_axi_smc_0/bd_0/ip/ip_40/synth/bd_5f09_m00bn_0.sv:53]
INFO: [Synth 8-6157] synthesizing module 'bd_5f09_m00rn_0' [d:/E/1subject/HK6/doan1/ver1/matmul/matmul.gen/sources_1/bd/gemm_block_v1/ip/gemm_block_v1_axi_smc_0/bd_0/ip/ip_37/synth/bd_5f09_m00rn_0.sv:53]
INFO: [Synth 8-6155] done synthesizing module 'bd_5f09_m00rn_0' (0#1) [d:/E/1subject/HK6/doan1/ver1/matmul/matmul.gen/sources_1/bd/gemm_block_v1/ip/gemm_block_v1_axi_smc_0/bd_0/ip/ip_37/synth/bd_5f09_m00rn_0.sv:53]
INFO: [Synth 8-6157] synthesizing module 'bd_5f09_m00wn_0' [d:/E/1subject/HK6/doan1/ver1/matmul/matmul.gen/sources_1/bd/gemm_block_v1/ip/gemm_block_v1_axi_smc_0/bd_0/ip/ip_39/synth/bd_5f09_m00wn_0.sv:53]
INFO: [Synth 8-6155] done synthesizing module 'bd_5f09_m00wn_0' (0#1) [d:/E/1subject/HK6/doan1/ver1/matmul/matmul.gen/sources_1/bd/gemm_block_v1/ip/gemm_block_v1_axi_smc_0/bd_0/ip/ip_39/synth/bd_5f09_m00wn_0.sv:53]
INFO: [Synth 8-6155] done synthesizing module 'm00_nodes_imp_11Y5ZSN' (0#1) [d:/E/1subject/HK6/doan1/ver1/matmul/matmul.gen/sources_1/bd/gemm_block_v1/ip/gemm_block_v1_axi_smc_0/bd_0/synth/bd_5f09.v:2517]
INFO: [Synth 8-6157] synthesizing module 'bd_5f09_m00s2a_0' [d:/E/1subject/HK6/doan1/ver1/matmul/matmul.gen/sources_1/bd/gemm_block_v1/ip/gemm_block_v1_axi_smc_0/bd_0/ip/ip_35/synth/bd_5f09_m00s2a_0.sv:53]
INFO: [Synth 8-6155] done synthesizing module 'bd_5f09_m00s2a_0' (0#1) [d:/E/1subject/HK6/doan1/ver1/matmul/matmul.gen/sources_1/bd/gemm_block_v1/ip/gemm_block_v1_axi_smc_0/bd_0/ip/ip_35/synth/bd_5f09_m00s2a_0.sv:53]
INFO: [Synth 8-6157] synthesizing module 'm01_exit_pipeline_imp_1LO3UZF' [d:/E/1subject/HK6/doan1/ver1/matmul/matmul.gen/sources_1/bd/gemm_block_v1/ip/gemm_block_v1_axi_smc_0/bd_0/synth/bd_5f09.v:2759]
INFO: [Synth 8-6157] synthesizing module 'bd_5f09_m01e_0' [d:/E/1subject/HK6/doan1/ver1/matmul/matmul.gen/sources_1/bd/gemm_block_v1/ip/gemm_block_v1_axi_smc_0/bd_0/ip/ip_48/synth/bd_5f09_m01e_0.sv:53]
INFO: [Synth 8-6155] done synthesizing module 'bd_5f09_m01e_0' (0#1) [d:/E/1subject/HK6/doan1/ver1/matmul/matmul.gen/sources_1/bd/gemm_block_v1/ip/gemm_block_v1_axi_smc_0/bd_0/ip/ip_48/synth/bd_5f09_m01e_0.sv:53]
INFO: [Synth 8-6155] done synthesizing module 'm01_exit_pipeline_imp_1LO3UZF' (0#1) [d:/E/1subject/HK6/doan1/ver1/matmul/matmul.gen/sources_1/bd/gemm_block_v1/ip/gemm_block_v1_axi_smc_0/bd_0/synth/bd_5f09.v:2759]
INFO: [Synth 8-6157] synthesizing module 'm01_nodes_imp_61O8OX' [d:/E/1subject/HK6/doan1/ver1/matmul/matmul.gen/sources_1/bd/gemm_block_v1/ip/gemm_block_v1_axi_smc_0/bd_0/synth/bd_5f09.v:3001]
INFO: [Synth 8-6157] synthesizing module 'bd_5f09_m01arn_0' [d:/E/1subject/HK6/doan1/ver1/matmul/matmul.gen/sources_1/bd/gemm_block_v1/ip/gemm_block_v1_axi_smc_0/bd_0/ip/ip_43/synth/bd_5f09_m01arn_0.sv:53]
INFO: [Synth 8-6155] done synthesizing module 'bd_5f09_m01arn_0' (0#1) [d:/E/1subject/HK6/doan1/ver1/matmul/matmul.gen/sources_1/bd/gemm_block_v1/ip/gemm_block_v1_axi_smc_0/bd_0/ip/ip_43/synth/bd_5f09_m01arn_0.sv:53]
INFO: [Synth 8-6157] synthesizing module 'bd_5f09_m01awn_0' [d:/E/1subject/HK6/doan1/ver1/matmul/matmul.gen/sources_1/bd/gemm_block_v1/ip/gemm_block_v1_axi_smc_0/bd_0/ip/ip_45/synth/bd_5f09_m01awn_0.sv:53]
INFO: [Synth 8-6155] done synthesizing module 'bd_5f09_m01awn_0' (0#1) [d:/E/1subject/HK6/doan1/ver1/matmul/matmul.gen/sources_1/bd/gemm_block_v1/ip/gemm_block_v1_axi_smc_0/bd_0/ip/ip_45/synth/bd_5f09_m01awn_0.sv:53]
INFO: [Synth 8-6157] synthesizing module 'bd_5f09_m01bn_0' [d:/E/1subject/HK6/doan1/ver1/matmul/matmul.gen/sources_1/bd/gemm_block_v1/ip/gemm_block_v1_axi_smc_0/bd_0/ip/ip_47/synth/bd_5f09_m01bn_0.sv:53]
INFO: [Synth 8-6155] done synthesizing module 'bd_5f09_m01bn_0' (0#1) [d:/E/1subject/HK6/doan1/ver1/matmul/matmul.gen/sources_1/bd/gemm_block_v1/ip/gemm_block_v1_axi_smc_0/bd_0/ip/ip_47/synth/bd_5f09_m01bn_0.sv:53]
INFO: [Synth 8-6157] synthesizing module 'bd_5f09_m01rn_0' [d:/E/1subject/HK6/doan1/ver1/matmul/matmul.gen/sources_1/bd/gemm_block_v1/ip/gemm_block_v1_axi_smc_0/bd_0/ip/ip_44/synth/bd_5f09_m01rn_0.sv:53]
INFO: [Synth 8-6155] done synthesizing module 'bd_5f09_m01rn_0' (0#1) [d:/E/1subject/HK6/doan1/ver1/matmul/matmul.gen/sources_1/bd/gemm_block_v1/ip/gemm_block_v1_axi_smc_0/bd_0/ip/ip_44/synth/bd_5f09_m01rn_0.sv:53]
INFO: [Synth 8-6157] synthesizing module 'bd_5f09_m01wn_0' [d:/E/1subject/HK6/doan1/ver1/matmul/matmul.gen/sources_1/bd/gemm_block_v1/ip/gemm_block_v1_axi_smc_0/bd_0/ip/ip_46/synth/bd_5f09_m01wn_0.sv:53]
INFO: [Synth 8-6155] done synthesizing module 'bd_5f09_m01wn_0' (0#1) [d:/E/1subject/HK6/doan1/ver1/matmul/matmul.gen/sources_1/bd/gemm_block_v1/ip/gemm_block_v1_axi_smc_0/bd_0/ip/ip_46/synth/bd_5f09_m01wn_0.sv:53]
INFO: [Synth 8-6155] done synthesizing module 'm01_nodes_imp_61O8OX' (0#1) [d:/E/1subject/HK6/doan1/ver1/matmul/matmul.gen/sources_1/bd/gemm_block_v1/ip/gemm_block_v1_axi_smc_0/bd_0/synth/bd_5f09.v:3001]
INFO: [Synth 8-6157] synthesizing module 'bd_5f09_m01s2a_0' [d:/E/1subject/HK6/doan1/ver1/matmul/matmul.gen/sources_1/bd/gemm_block_v1/ip/gemm_block_v1_axi_smc_0/bd_0/ip/ip_42/synth/bd_5f09_m01s2a_0.sv:53]
INFO: [Synth 8-6155] done synthesizing module 'bd_5f09_m01s2a_0' (0#1) [d:/E/1subject/HK6/doan1/ver1/matmul/matmul.gen/sources_1/bd/gemm_block_v1/ip/gemm_block_v1_axi_smc_0/bd_0/ip/ip_42/synth/bd_5f09_m01s2a_0.sv:53]
INFO: [Synth 8-6157] synthesizing module 'm02_exit_pipeline_imp_1WFI7RV' [d:/E/1subject/HK6/doan1/ver1/matmul/matmul.gen/sources_1/bd/gemm_block_v1/ip/gemm_block_v1_axi_smc_0/bd_0/synth/bd_5f09.v:3243]
INFO: [Synth 8-6157] synthesizing module 'bd_5f09_m02e_0' [d:/E/1subject/HK6/doan1/ver1/matmul/matmul.gen/sources_1/bd/gemm_block_v1/ip/gemm_block_v1_axi_smc_0/bd_0/ip/ip_55/synth/bd_5f09_m02e_0.sv:53]
INFO: [Synth 8-6155] done synthesizing module 'bd_5f09_m02e_0' (0#1) [d:/E/1subject/HK6/doan1/ver1/matmul/matmul.gen/sources_1/bd/gemm_block_v1/ip/gemm_block_v1_axi_smc_0/bd_0/ip/ip_55/synth/bd_5f09_m02e_0.sv:53]
INFO: [Synth 8-6155] done synthesizing module 'm02_exit_pipeline_imp_1WFI7RV' (0#1) [d:/E/1subject/HK6/doan1/ver1/matmul/matmul.gen/sources_1/bd/gemm_block_v1/ip/gemm_block_v1_axi_smc_0/bd_0/synth/bd_5f09.v:3243]
INFO: [Synth 8-6157] synthesizing module 'm02_nodes_imp_TBIFOA' [d:/E/1subject/HK6/doan1/ver1/matmul/matmul.gen/sources_1/bd/gemm_block_v1/ip/gemm_block_v1_axi_smc_0/bd_0/synth/bd_5f09.v:3485]
INFO: [Synth 8-6157] synthesizing module 'bd_5f09_m02arn_0' [d:/E/1subject/HK6/doan1/ver1/matmul/matmul.gen/sources_1/bd/gemm_block_v1/ip/gemm_block_v1_axi_smc_0/bd_0/ip/ip_50/synth/bd_5f09_m02arn_0.sv:53]
INFO: [Synth 8-6155] done synthesizing module 'bd_5f09_m02arn_0' (0#1) [d:/E/1subject/HK6/doan1/ver1/matmul/matmul.gen/sources_1/bd/gemm_block_v1/ip/gemm_block_v1_axi_smc_0/bd_0/ip/ip_50/synth/bd_5f09_m02arn_0.sv:53]
INFO: [Synth 8-6157] synthesizing module 'bd_5f09_m02awn_0' [d:/E/1subject/HK6/doan1/ver1/matmul/matmul.gen/sources_1/bd/gemm_block_v1/ip/gemm_block_v1_axi_smc_0/bd_0/ip/ip_52/synth/bd_5f09_m02awn_0.sv:53]
INFO: [Synth 8-6155] done synthesizing module 'bd_5f09_m02awn_0' (0#1) [d:/E/1subject/HK6/doan1/ver1/matmul/matmul.gen/sources_1/bd/gemm_block_v1/ip/gemm_block_v1_axi_smc_0/bd_0/ip/ip_52/synth/bd_5f09_m02awn_0.sv:53]
INFO: [Synth 8-6157] synthesizing module 'bd_5f09_m02bn_0' [d:/E/1subject/HK6/doan1/ver1/matmul/matmul.gen/sources_1/bd/gemm_block_v1/ip/gemm_block_v1_axi_smc_0/bd_0/ip/ip_54/synth/bd_5f09_m02bn_0.sv:53]
INFO: [Synth 8-6155] done synthesizing module 'bd_5f09_m02bn_0' (0#1) [d:/E/1subject/HK6/doan1/ver1/matmul/matmul.gen/sources_1/bd/gemm_block_v1/ip/gemm_block_v1_axi_smc_0/bd_0/ip/ip_54/synth/bd_5f09_m02bn_0.sv:53]
INFO: [Synth 8-6157] synthesizing module 'bd_5f09_m02rn_0' [d:/E/1subject/HK6/doan1/ver1/matmul/matmul.gen/sources_1/bd/gemm_block_v1/ip/gemm_block_v1_axi_smc_0/bd_0/ip/ip_51/synth/bd_5f09_m02rn_0.sv:53]
INFO: [Synth 8-6155] done synthesizing module 'bd_5f09_m02rn_0' (0#1) [d:/E/1subject/HK6/doan1/ver1/matmul/matmul.gen/sources_1/bd/gemm_block_v1/ip/gemm_block_v1_axi_smc_0/bd_0/ip/ip_51/synth/bd_5f09_m02rn_0.sv:53]
INFO: [Synth 8-6157] synthesizing module 'bd_5f09_m02wn_0' [d:/E/1subject/HK6/doan1/ver1/matmul/matmul.gen/sources_1/bd/gemm_block_v1/ip/gemm_block_v1_axi_smc_0/bd_0/ip/ip_53/synth/bd_5f09_m02wn_0.sv:53]
INFO: [Synth 8-6155] done synthesizing module 'bd_5f09_m02wn_0' (0#1) [d:/E/1subject/HK6/doan1/ver1/matmul/matmul.gen/sources_1/bd/gemm_block_v1/ip/gemm_block_v1_axi_smc_0/bd_0/ip/ip_53/synth/bd_5f09_m02wn_0.sv:53]
INFO: [Synth 8-6155] done synthesizing module 'm02_nodes_imp_TBIFOA' (0#1) [d:/E/1subject/HK6/doan1/ver1/matmul/matmul.gen/sources_1/bd/gemm_block_v1/ip/gemm_block_v1_axi_smc_0/bd_0/synth/bd_5f09.v:3485]
INFO: [Synth 8-6157] synthesizing module 'bd_5f09_m02s2a_0' [d:/E/1subject/HK6/doan1/ver1/matmul/matmul.gen/sources_1/bd/gemm_block_v1/ip/gemm_block_v1_axi_smc_0/bd_0/ip/ip_49/synth/bd_5f09_m02s2a_0.sv:53]
INFO: [Synth 8-6155] done synthesizing module 'bd_5f09_m02s2a_0' (0#1) [d:/E/1subject/HK6/doan1/ver1/matmul/matmul.gen/sources_1/bd/gemm_block_v1/ip/gemm_block_v1_axi_smc_0/bd_0/ip/ip_49/synth/bd_5f09_m02s2a_0.sv:53]
INFO: [Synth 8-6157] synthesizing module 'bd_5f09_s00a2s_0' [d:/E/1subject/HK6/doan1/ver1/matmul/matmul.gen/sources_1/bd/gemm_block_v1/ip/gemm_block_v1_axi_smc_0/bd_0/ip/ip_20/synth/bd_5f09_s00a2s_0.sv:53]
INFO: [Synth 8-6155] done synthesizing module 'bd_5f09_s00a2s_0' (0#1) [d:/E/1subject/HK6/doan1/ver1/matmul/matmul.gen/sources_1/bd/gemm_block_v1/ip/gemm_block_v1_axi_smc_0/bd_0/ip/ip_20/synth/bd_5f09_s00a2s_0.sv:53]
INFO: [Synth 8-6157] synthesizing module 's00_entry_pipeline_imp_PHH36G' [d:/E/1subject/HK6/doan1/ver1/matmul/matmul.gen/sources_1/bd/gemm_block_v1/ip/gemm_block_v1_axi_smc_0/bd_0/synth/bd_5f09.v:3727]
INFO: [Synth 8-6157] synthesizing module 'bd_5f09_s00mmu_0' [d:/E/1subject/HK6/doan1/ver1/matmul/matmul.gen/sources_1/bd/gemm_block_v1/ip/gemm_block_v1_axi_smc_0/bd_0/ip/ip_17/synth/bd_5f09_s00mmu_0.sv:53]
INFO: [Synth 8-6155] done synthesizing module 'bd_5f09_s00mmu_0' (0#1) [d:/E/1subject/HK6/doan1/ver1/matmul/matmul.gen/sources_1/bd/gemm_block_v1/ip/gemm_block_v1_axi_smc_0/bd_0/ip/ip_17/synth/bd_5f09_s00mmu_0.sv:53]
INFO: [Synth 8-6157] synthesizing module 'bd_5f09_s00sic_0' [d:/E/1subject/HK6/doan1/ver1/matmul/matmul.gen/sources_1/bd/gemm_block_v1/ip/gemm_block_v1_axi_smc_0/bd_0/ip/ip_19/synth/bd_5f09_s00sic_0.sv:53]
INFO: [Synth 8-6155] done synthesizing module 'bd_5f09_s00sic_0' (0#1) [d:/E/1subject/HK6/doan1/ver1/matmul/matmul.gen/sources_1/bd/gemm_block_v1/ip/gemm_block_v1_axi_smc_0/bd_0/ip/ip_19/synth/bd_5f09_s00sic_0.sv:53]
INFO: [Synth 8-6157] synthesizing module 'bd_5f09_s00tr_0' [d:/E/1subject/HK6/doan1/ver1/matmul/matmul.gen/sources_1/bd/gemm_block_v1/ip/gemm_block_v1_axi_smc_0/bd_0/ip/ip_18/synth/bd_5f09_s00tr_0.sv:53]
INFO: [Synth 8-6155] done synthesizing module 'bd_5f09_s00tr_0' (0#1) [d:/E/1subject/HK6/doan1/ver1/matmul/matmul.gen/sources_1/bd/gemm_block_v1/ip/gemm_block_v1_axi_smc_0/bd_0/ip/ip_18/synth/bd_5f09_s00tr_0.sv:53]
INFO: [Synth 8-6155] done synthesizing module 's00_entry_pipeline_imp_PHH36G' (0#1) [d:/E/1subject/HK6/doan1/ver1/matmul/matmul.gen/sources_1/bd/gemm_block_v1/ip/gemm_block_v1_axi_smc_0/bd_0/synth/bd_5f09.v:3727]
INFO: [Synth 8-6157] synthesizing module 's00_nodes_imp_LQVZ9E' [d:/E/1subject/HK6/doan1/ver1/matmul/matmul.gen/sources_1/bd/gemm_block_v1/ip/gemm_block_v1_axi_smc_0/bd_0/synth/bd_5f09.v:4307]
INFO: [Synth 8-6157] synthesizing module 'bd_5f09_sarn_0' [d:/E/1subject/HK6/doan1/ver1/matmul/matmul.gen/sources_1/bd/gemm_block_v1/ip/gemm_block_v1_axi_smc_0/bd_0/ip/ip_21/synth/bd_5f09_sarn_0.sv:53]
INFO: [Synth 8-6155] done synthesizing module 'bd_5f09_sarn_0' (0#1) [d:/E/1subject/HK6/doan1/ver1/matmul/matmul.gen/sources_1/bd/gemm_block_v1/ip/gemm_block_v1_axi_smc_0/bd_0/ip/ip_21/synth/bd_5f09_sarn_0.sv:53]
INFO: [Synth 8-6157] synthesizing module 'bd_5f09_sawn_0' [d:/E/1subject/HK6/doan1/ver1/matmul/matmul.gen/sources_1/bd/gemm_block_v1/ip/gemm_block_v1_axi_smc_0/bd_0/ip/ip_23/synth/bd_5f09_sawn_0.sv:53]
INFO: [Synth 8-6155] done synthesizing module 'bd_5f09_sawn_0' (0#1) [d:/E/1subject/HK6/doan1/ver1/matmul/matmul.gen/sources_1/bd/gemm_block_v1/ip/gemm_block_v1_axi_smc_0/bd_0/ip/ip_23/synth/bd_5f09_sawn_0.sv:53]
INFO: [Synth 8-6157] synthesizing module 'bd_5f09_sbn_0' [d:/E/1subject/HK6/doan1/ver1/matmul/matmul.gen/sources_1/bd/gemm_block_v1/ip/gemm_block_v1_axi_smc_0/bd_0/ip/ip_25/synth/bd_5f09_sbn_0.sv:53]
INFO: [Synth 8-6155] done synthesizing module 'bd_5f09_sbn_0' (0#1) [d:/E/1subject/HK6/doan1/ver1/matmul/matmul.gen/sources_1/bd/gemm_block_v1/ip/gemm_block_v1_axi_smc_0/bd_0/ip/ip_25/synth/bd_5f09_sbn_0.sv:53]
INFO: [Synth 8-6157] synthesizing module 'bd_5f09_srn_0' [d:/E/1subject/HK6/doan1/ver1/matmul/matmul.gen/sources_1/bd/gemm_block_v1/ip/gemm_block_v1_axi_smc_0/bd_0/ip/ip_22/synth/bd_5f09_srn_0.sv:53]
INFO: [Synth 8-6155] done synthesizing module 'bd_5f09_srn_0' (0#1) [d:/E/1subject/HK6/doan1/ver1/matmul/matmul.gen/sources_1/bd/gemm_block_v1/ip/gemm_block_v1_axi_smc_0/bd_0/ip/ip_22/synth/bd_5f09_srn_0.sv:53]
INFO: [Synth 8-6157] synthesizing module 'bd_5f09_swn_0' [d:/E/1subject/HK6/doan1/ver1/matmul/matmul.gen/sources_1/bd/gemm_block_v1/ip/gemm_block_v1_axi_smc_0/bd_0/ip/ip_24/synth/bd_5f09_swn_0.sv:53]
INFO: [Synth 8-6155] done synthesizing module 'bd_5f09_swn_0' (0#1) [d:/E/1subject/HK6/doan1/ver1/matmul/matmul.gen/sources_1/bd/gemm_block_v1/ip/gemm_block_v1_axi_smc_0/bd_0/ip/ip_24/synth/bd_5f09_swn_0.sv:53]
INFO: [Synth 8-6155] done synthesizing module 's00_nodes_imp_LQVZ9E' (0#1) [d:/E/1subject/HK6/doan1/ver1/matmul/matmul.gen/sources_1/bd/gemm_block_v1/ip/gemm_block_v1_axi_smc_0/bd_0/synth/bd_5f09.v:4307]
INFO: [Synth 8-6157] synthesizing module 'bd_5f09_s01a2s_0' [d:/E/1subject/HK6/doan1/ver1/matmul/matmul.gen/sources_1/bd/gemm_block_v1/ip/gemm_block_v1_axi_smc_0/bd_0/ip/ip_29/synth/bd_5f09_s01a2s_0.sv:53]
INFO: [Synth 8-6155] done synthesizing module 'bd_5f09_s01a2s_0' (0#1) [d:/E/1subject/HK6/doan1/ver1/matmul/matmul.gen/sources_1/bd/gemm_block_v1/ip/gemm_block_v1_axi_smc_0/bd_0/ip/ip_29/synth/bd_5f09_s01a2s_0.sv:53]
INFO: [Synth 8-6157] synthesizing module 's01_entry_pipeline_imp_1HGH4LO' [d:/E/1subject/HK6/doan1/ver1/matmul/matmul.gen/sources_1/bd/gemm_block_v1/ip/gemm_block_v1_axi_smc_0/bd_0/synth/bd_5f09.v:4549]
INFO: [Synth 8-6157] synthesizing module 'bd_5f09_s01mmu_0' [d:/E/1subject/HK6/doan1/ver1/matmul/matmul.gen/sources_1/bd/gemm_block_v1/ip/gemm_block_v1_axi_smc_0/bd_0/ip/ip_26/synth/bd_5f09_s01mmu_0.sv:53]
INFO: [Synth 8-6155] done synthesizing module 'bd_5f09_s01mmu_0' (0#1) [d:/E/1subject/HK6/doan1/ver1/matmul/matmul.gen/sources_1/bd/gemm_block_v1/ip/gemm_block_v1_axi_smc_0/bd_0/ip/ip_26/synth/bd_5f09_s01mmu_0.sv:53]
INFO: [Synth 8-6157] synthesizing module 'bd_5f09_s01sic_0' [d:/E/1subject/HK6/doan1/ver1/matmul/matmul.gen/sources_1/bd/gemm_block_v1/ip/gemm_block_v1_axi_smc_0/bd_0/ip/ip_28/synth/bd_5f09_s01sic_0.sv:53]
INFO: [Synth 8-6155] done synthesizing module 'bd_5f09_s01sic_0' (0#1) [d:/E/1subject/HK6/doan1/ver1/matmul/matmul.gen/sources_1/bd/gemm_block_v1/ip/gemm_block_v1_axi_smc_0/bd_0/ip/ip_28/synth/bd_5f09_s01sic_0.sv:53]
INFO: [Synth 8-6157] synthesizing module 'bd_5f09_s01tr_0' [d:/E/1subject/HK6/doan1/ver1/matmul/matmul.gen/sources_1/bd/gemm_block_v1/ip/gemm_block_v1_axi_smc_0/bd_0/ip/ip_27/synth/bd_5f09_s01tr_0.sv:53]
INFO: [Synth 8-6155] done synthesizing module 'bd_5f09_s01tr_0' (0#1) [d:/E/1subject/HK6/doan1/ver1/matmul/matmul.gen/sources_1/bd/gemm_block_v1/ip/gemm_block_v1_axi_smc_0/bd_0/ip/ip_27/synth/bd_5f09_s01tr_0.sv:53]
INFO: [Synth 8-6155] done synthesizing module 's01_entry_pipeline_imp_1HGH4LO' (0#1) [d:/E/1subject/HK6/doan1/ver1/matmul/matmul.gen/sources_1/bd/gemm_block_v1/ip/gemm_block_v1_axi_smc_0/bd_0/synth/bd_5f09.v:4549]
INFO: [Synth 8-6157] synthesizing module 's01_nodes_imp_1MNYVJO' [d:/E/1subject/HK6/doan1/ver1/matmul/matmul.gen/sources_1/bd/gemm_block_v1/ip/gemm_block_v1_axi_smc_0/bd_0/synth/bd_5f09.v:5129]
INFO: [Synth 8-6157] synthesizing module 'bd_5f09_sarn_1' [d:/E/1subject/HK6/doan1/ver1/matmul/matmul.gen/sources_1/bd/gemm_block_v1/ip/gemm_block_v1_axi_smc_0/bd_0/ip/ip_30/synth/bd_5f09_sarn_1.sv:53]
INFO: [Synth 8-6155] done synthesizing module 'bd_5f09_sarn_1' (0#1) [d:/E/1subject/HK6/doan1/ver1/matmul/matmul.gen/sources_1/bd/gemm_block_v1/ip/gemm_block_v1_axi_smc_0/bd_0/ip/ip_30/synth/bd_5f09_sarn_1.sv:53]
INFO: [Synth 8-6157] synthesizing module 'bd_5f09_sawn_1' [d:/E/1subject/HK6/doan1/ver1/matmul/matmul.gen/sources_1/bd/gemm_block_v1/ip/gemm_block_v1_axi_smc_0/bd_0/ip/ip_32/synth/bd_5f09_sawn_1.sv:53]
INFO: [Synth 8-6155] done synthesizing module 'bd_5f09_sawn_1' (0#1) [d:/E/1subject/HK6/doan1/ver1/matmul/matmul.gen/sources_1/bd/gemm_block_v1/ip/gemm_block_v1_axi_smc_0/bd_0/ip/ip_32/synth/bd_5f09_sawn_1.sv:53]
INFO: [Synth 8-6157] synthesizing module 'bd_5f09_sbn_1' [d:/E/1subject/HK6/doan1/ver1/matmul/matmul.gen/sources_1/bd/gemm_block_v1/ip/gemm_block_v1_axi_smc_0/bd_0/ip/ip_34/synth/bd_5f09_sbn_1.sv:53]
INFO: [Synth 8-6155] done synthesizing module 'bd_5f09_sbn_1' (0#1) [d:/E/1subject/HK6/doan1/ver1/matmul/matmul.gen/sources_1/bd/gemm_block_v1/ip/gemm_block_v1_axi_smc_0/bd_0/ip/ip_34/synth/bd_5f09_sbn_1.sv:53]
INFO: [Synth 8-6157] synthesizing module 'bd_5f09_srn_1' [d:/E/1subject/HK6/doan1/ver1/matmul/matmul.gen/sources_1/bd/gemm_block_v1/ip/gemm_block_v1_axi_smc_0/bd_0/ip/ip_31/synth/bd_5f09_srn_1.sv:53]
INFO: [Synth 8-6155] done synthesizing module 'bd_5f09_srn_1' (0#1) [d:/E/1subject/HK6/doan1/ver1/matmul/matmul.gen/sources_1/bd/gemm_block_v1/ip/gemm_block_v1_axi_smc_0/bd_0/ip/ip_31/synth/bd_5f09_srn_1.sv:53]
INFO: [Synth 8-6157] synthesizing module 'bd_5f09_swn_1' [d:/E/1subject/HK6/doan1/ver1/matmul/matmul.gen/sources_1/bd/gemm_block_v1/ip/gemm_block_v1_axi_smc_0/bd_0/ip/ip_33/synth/bd_5f09_swn_1.sv:53]
INFO: [Synth 8-6155] done synthesizing module 'bd_5f09_swn_1' (0#1) [d:/E/1subject/HK6/doan1/ver1/matmul/matmul.gen/sources_1/bd/gemm_block_v1/ip/gemm_block_v1_axi_smc_0/bd_0/ip/ip_33/synth/bd_5f09_swn_1.sv:53]
INFO: [Synth 8-6155] done synthesizing module 's01_nodes_imp_1MNYVJO' (0#1) [d:/E/1subject/HK6/doan1/ver1/matmul/matmul.gen/sources_1/bd/gemm_block_v1/ip/gemm_block_v1_axi_smc_0/bd_0/synth/bd_5f09.v:5129]
INFO: [Synth 8-6157] synthesizing module 'switchboards_imp_AFH93Q' [d:/E/1subject/HK6/doan1/ver1/matmul/matmul.gen/sources_1/bd/gemm_block_v1/ip/gemm_block_v1_axi_smc_0/bd_0/synth/bd_5f09.v:5371]
INFO: [Synth 8-6157] synthesizing module 'bd_5f09_arinsw_0' [d:/E/1subject/HK6/doan1/ver1/matmul/matmul.gen/sources_1/bd/gemm_block_v1/ip/gemm_block_v1_axi_smc_0/bd_0/ip/ip_2/synth/bd_5f09_arinsw_0.sv:53]
INFO: [Synth 8-6155] done synthesizing module 'bd_5f09_arinsw_0' (0#1) [d:/E/1subject/HK6/doan1/ver1/matmul/matmul.gen/sources_1/bd/gemm_block_v1/ip/gemm_block_v1_axi_smc_0/bd_0/ip/ip_2/synth/bd_5f09_arinsw_0.sv:53]
INFO: [Synth 8-6157] synthesizing module 'bd_5f09_aroutsw_0' [d:/E/1subject/HK6/doan1/ver1/matmul/matmul.gen/sources_1/bd/gemm_block_v1/ip/gemm_block_v1_axi_smc_0/bd_0/ip/ip_7/synth/bd_5f09_aroutsw_0.sv:53]
INFO: [Synth 8-6155] done synthesizing module 'bd_5f09_aroutsw_0' (0#1) [d:/E/1subject/HK6/doan1/ver1/matmul/matmul.gen/sources_1/bd/gemm_block_v1/ip/gemm_block_v1_axi_smc_0/bd_0/ip/ip_7/synth/bd_5f09_aroutsw_0.sv:53]
INFO: [Synth 8-6157] synthesizing module 'bd_5f09_awinsw_0' [d:/E/1subject/HK6/doan1/ver1/matmul/matmul.gen/sources_1/bd/gemm_block_v1/ip/gemm_block_v1_axi_smc_0/bd_0/ip/ip_4/synth/bd_5f09_awinsw_0.sv:53]
INFO: [Synth 8-6155] done synthesizing module 'bd_5f09_awinsw_0' (0#1) [d:/E/1subject/HK6/doan1/ver1/matmul/matmul.gen/sources_1/bd/gemm_block_v1/ip/gemm_block_v1_axi_smc_0/bd_0/ip/ip_4/synth/bd_5f09_awinsw_0.sv:53]
INFO: [Synth 8-6157] synthesizing module 'bd_5f09_awoutsw_0' [d:/E/1subject/HK6/doan1/ver1/matmul/matmul.gen/sources_1/bd/gemm_block_v1/ip/gemm_block_v1_axi_smc_0/bd_0/ip/ip_9/synth/bd_5f09_awoutsw_0.sv:53]
INFO: [Synth 8-6155] done synthesizing module 'bd_5f09_awoutsw_0' (0#1) [d:/E/1subject/HK6/doan1/ver1/matmul/matmul.gen/sources_1/bd/gemm_block_v1/ip/gemm_block_v1_axi_smc_0/bd_0/ip/ip_9/synth/bd_5f09_awoutsw_0.sv:53]
INFO: [Synth 8-6157] synthesizing module 'bd_5f09_binsw_0' [d:/E/1subject/HK6/doan1/ver1/matmul/matmul.gen/sources_1/bd/gemm_block_v1/ip/gemm_block_v1_axi_smc_0/bd_0/ip/ip_6/synth/bd_5f09_binsw_0.sv:53]
INFO: [Synth 8-6155] done synthesizing module 'bd_5f09_binsw_0' (0#1) [d:/E/1subject/HK6/doan1/ver1/matmul/matmul.gen/sources_1/bd/gemm_block_v1/ip/gemm_block_v1_axi_smc_0/bd_0/ip/ip_6/synth/bd_5f09_binsw_0.sv:53]
INFO: [Synth 8-6157] synthesizing module 'bd_5f09_boutsw_0' [d:/E/1subject/HK6/doan1/ver1/matmul/matmul.gen/sources_1/bd/gemm_block_v1/ip/gemm_block_v1_axi_smc_0/bd_0/ip/ip_11/synth/bd_5f09_boutsw_0.sv:53]
INFO: [Synth 8-6155] done synthesizing module 'bd_5f09_boutsw_0' (0#1) [d:/E/1subject/HK6/doan1/ver1/matmul/matmul.gen/sources_1/bd/gemm_block_v1/ip/gemm_block_v1_axi_smc_0/bd_0/ip/ip_11/synth/bd_5f09_boutsw_0.sv:53]
INFO: [Synth 8-6157] synthesizing module 'i_nodes_imp_1QMEB1Q' [d:/E/1subject/HK6/doan1/ver1/matmul/matmul.gen/sources_1/bd/gemm_block_v1/ip/gemm_block_v1_axi_smc_0/bd_0/synth/bd_5f09.v:2024]
INFO: [Synth 8-6157] synthesizing module 'bd_5f09_arni_0' [d:/E/1subject/HK6/doan1/ver1/matmul/matmul.gen/sources_1/bd/gemm_block_v1/ip/gemm_block_v1_axi_smc_0/bd_0/ip/ip_12/synth/bd_5f09_arni_0.sv:53]
INFO: [Synth 8-6155] done synthesizing module 'bd_5f09_arni_0' (0#1) [d:/E/1subject/HK6/doan1/ver1/matmul/matmul.gen/sources_1/bd/gemm_block_v1/ip/gemm_block_v1_axi_smc_0/bd_0/ip/ip_12/synth/bd_5f09_arni_0.sv:53]
INFO: [Synth 8-6157] synthesizing module 'bd_5f09_awni_0' [d:/E/1subject/HK6/doan1/ver1/matmul/matmul.gen/sources_1/bd/gemm_block_v1/ip/gemm_block_v1_axi_smc_0/bd_0/ip/ip_14/synth/bd_5f09_awni_0.sv:53]
INFO: [Synth 8-6155] done synthesizing module 'bd_5f09_awni_0' (0#1) [d:/E/1subject/HK6/doan1/ver1/matmul/matmul.gen/sources_1/bd/gemm_block_v1/ip/gemm_block_v1_axi_smc_0/bd_0/ip/ip_14/synth/bd_5f09_awni_0.sv:53]
INFO: [Synth 8-6157] synthesizing module 'bd_5f09_bni_0' [d:/E/1subject/HK6/doan1/ver1/matmul/matmul.gen/sources_1/bd/gemm_block_v1/ip/gemm_block_v1_axi_smc_0/bd_0/ip/ip_16/synth/bd_5f09_bni_0.sv:53]
INFO: [Synth 8-6155] done synthesizing module 'bd_5f09_bni_0' (0#1) [d:/E/1subject/HK6/doan1/ver1/matmul/matmul.gen/sources_1/bd/gemm_block_v1/ip/gemm_block_v1_axi_smc_0/bd_0/ip/ip_16/synth/bd_5f09_bni_0.sv:53]
INFO: [Synth 8-6157] synthesizing module 'bd_5f09_rni_0' [d:/E/1subject/HK6/doan1/ver1/matmul/matmul.gen/sources_1/bd/gemm_block_v1/ip/gemm_block_v1_axi_smc_0/bd_0/ip/ip_13/synth/bd_5f09_rni_0.sv:53]
INFO: [Synth 8-6155] done synthesizing module 'bd_5f09_rni_0' (0#1) [d:/E/1subject/HK6/doan1/ver1/matmul/matmul.gen/sources_1/bd/gemm_block_v1/ip/gemm_block_v1_axi_smc_0/bd_0/ip/ip_13/synth/bd_5f09_rni_0.sv:53]
INFO: [Synth 8-6157] synthesizing module 'bd_5f09_wni_0' [d:/E/1subject/HK6/doan1/ver1/matmul/matmul.gen/sources_1/bd/gemm_block_v1/ip/gemm_block_v1_axi_smc_0/bd_0/ip/ip_15/synth/bd_5f09_wni_0.sv:53]
INFO: [Synth 8-6157] synthesizing module 'xpm_memory_sdpram' [E:/vivado/2025.2/Vivado/data/ip/xpm/xpm_memory/hdl/xpm_memory.sv:8996]
INFO: [Synth 8-6157] synthesizing module 'xpm_memory_base' [E:/vivado/2025.2/Vivado/data/ip/xpm/xpm_memory/hdl/xpm_memory.sv:54]
INFO: [Synth 8-6155] done synthesizing module 'xpm_memory_base' (0#1) [E:/vivado/2025.2/Vivado/data/ip/xpm/xpm_memory/hdl/xpm_memory.sv:54]
INFO: [Synth 8-6155] done synthesizing module 'xpm_memory_sdpram' (0#1) [E:/vivado/2025.2/Vivado/data/ip/xpm/xpm_memory/hdl/xpm_memory.sv:8996]
INFO: [Synth 8-6155] done synthesizing module 'bd_5f09_wni_0' (0#1) [d:/E/1subject/HK6/doan1/ver1/matmul/matmul.gen/sources_1/bd/gemm_block_v1/ip/gemm_block_v1_axi_smc_0/bd_0/ip/ip_15/synth/bd_5f09_wni_0.sv:53]
INFO: [Synth 8-6155] done synthesizing module 'i_nodes_imp_1QMEB1Q' (0#1) [d:/E/1subject/HK6/doan1/ver1/matmul/matmul.gen/sources_1/bd/gemm_block_v1/ip/gemm_block_v1_axi_smc_0/bd_0/synth/bd_5f09.v:2024]
INFO: [Synth 8-6157] synthesizing module 'bd_5f09_rinsw_0' [d:/E/1subject/HK6/doan1/ver1/matmul/matmul.gen/sources_1/bd/gemm_block_v1/ip/gemm_block_v1_axi_smc_0/bd_0/ip/ip_3/synth/bd_5f09_rinsw_0.sv:53]
INFO: [Synth 8-6155] done synthesizing module 'bd_5f09_rinsw_0' (0#1) [d:/E/1subject/HK6/doan1/ver1/matmul/matmul.gen/sources_1/bd/gemm_block_v1/ip/gemm_block_v1_axi_smc_0/bd_0/ip/ip_3/synth/bd_5f09_rinsw_0.sv:53]
INFO: [Synth 8-6157] synthesizing module 'bd_5f09_routsw_0' [d:/E/1subject/HK6/doan1/ver1/matmul/matmul.gen/sources_1/bd/gemm_block_v1/ip/gemm_block_v1_axi_smc_0/bd_0/ip/ip_8/synth/bd_5f09_routsw_0.sv:53]
INFO: [Synth 8-6155] done synthesizing module 'bd_5f09_routsw_0' (0#1) [d:/E/1subject/HK6/doan1/ver1/matmul/matmul.gen/sources_1/bd/gemm_block_v1/ip/gemm_block_v1_axi_smc_0/bd_0/ip/ip_8/synth/bd_5f09_routsw_0.sv:53]
INFO: [Synth 8-6157] synthesizing module 'bd_5f09_winsw_0' [d:/E/1subject/HK6/doan1/ver1/matmul/matmul.gen/sources_1/bd/gemm_block_v1/ip/gemm_block_v1_axi_smc_0/bd_0/ip/ip_5/synth/bd_5f09_winsw_0.sv:53]
INFO: [Synth 8-6155] done synthesizing module 'bd_5f09_winsw_0' (0#1) [d:/E/1subject/HK6/doan1/ver1/matmul/matmul.gen/sources_1/bd/gemm_block_v1/ip/gemm_block_v1_axi_smc_0/bd_0/ip/ip_5/synth/bd_5f09_winsw_0.sv:53]
INFO: [Synth 8-6157] synthesizing module 'bd_5f09_woutsw_0' [d:/E/1subject/HK6/doan1/ver1/matmul/matmul.gen/sources_1/bd/gemm_block_v1/ip/gemm_block_v1_axi_smc_0/bd_0/ip/ip_10/synth/bd_5f09_woutsw_0.sv:53]
INFO: [Synth 8-6155] done synthesizing module 'bd_5f09_woutsw_0' (0#1) [d:/E/1subject/HK6/doan1/ver1/matmul/matmul.gen/sources_1/bd/gemm_block_v1/ip/gemm_block_v1_axi_smc_0/bd_0/ip/ip_10/synth/bd_5f09_woutsw_0.sv:53]
INFO: [Synth 8-6155] done synthesizing module 'switchboards_imp_AFH93Q' (0#1) [d:/E/1subject/HK6/doan1/ver1/matmul/matmul.gen/sources_1/bd/gemm_block_v1/ip/gemm_block_v1_axi_smc_0/bd_0/synth/bd_5f09.v:5371]
INFO: [Synth 8-6155] done synthesizing module 'bd_5f09' (0#1) [d:/E/1subject/HK6/doan1/ver1/matmul/matmul.gen/sources_1/bd/gemm_block_v1/ip/gemm_block_v1_axi_smc_0/bd_0/synth/bd_5f09.v:10]
INFO: [Synth 8-6155] done synthesizing module 'gemm_block_v1_axi_smc_0' (0#1) [d:/E/1subject/HK6/doan1/ver1/matmul/matmul.gen/sources_1/bd/gemm_block_v1/ip/gemm_block_v1_axi_smc_0/synth/gemm_block_v1_axi_smc_0.v:53]
WARNING: [Synth 8-3848] Net aresetn_out in module/entity clk_map_imp_8ZCK8W does not have driver. [d:/E/1subject/HK6/doan1/ver1/matmul/matmul.gen/sources_1/bd/gemm_block_v1/ip/gemm_block_v1_axi_smc_0/bd_0/synth/bd_5f09.v:1994]
INFO: [Synth 8-4490] FSM extraction disabled for register 'gen_pipelined.state_reg' through user attribute
INFO: [Synth 8-7129] Port aclk in module sc_util_v1_0_4_pipeline__parameterized4 is either unconnected or has no load
INFO: [Synth 8-7129] Port aclken in module sc_util_v1_0_4_pipeline__parameterized4 is either unconnected or has no load
INFO: [Synth 8-7129] Port areset in module sc_util_v1_0_4_pipeline__parameterized4 is either unconnected or has no load
INFO: [Synth 8-7129] Port aclk in module sc_util_v1_0_4_pipeline__parameterized0 is either unconnected or has no load
INFO: [Synth 8-7129] Port aclken in module sc_util_v1_0_4_pipeline__parameterized0 is either unconnected or has no load
INFO: [Synth 8-7129] Port areset in module sc_util_v1_0_4_pipeline__parameterized0 is either unconnected or has no load
INFO: [Synth 8-7129] Port din[0] in module sc_util_v1_0_4_onehot_to_binary__parameterized1 is either unconnected or has no load
INFO: [Synth 8-7129] Port connectivity[2] in module sc_switchboard_v1_0_9_top__parameterized6 is either unconnected or has no load
INFO: [Synth 8-7129] Port connectivity[1] in module sc_switchboard_v1_0_9_top__parameterized6 is either unconnected or has no load
INFO: [Synth 8-7129] Port connectivity[0] in module sc_switchboard_v1_0_9_top__parameterized6 is either unconnected or has no load
INFO: [Synth 8-7129] Port din[0] in module sc_util_v1_0_4_onehot_to_binary__parameterized0 is either unconnected or has no load
INFO: [Synth 8-7129] Port connectivity[1] in module sc_switchboard_v1_0_9_top__parameterized5 is either unconnected or has no load
INFO: [Synth 8-7129] Port connectivity[0] in module sc_switchboard_v1_0_9_top__parameterized5 is either unconnected or has no load
INFO: [Synth 8-7129] Port aclk in module sc_util_v1_0_4_pipeline__parameterized3 is either unconnected or has no load
INFO: [Synth 8-7129] Port aclken in module sc_util_v1_0_4_pipeline__parameterized3 is either unconnected or has no load
INFO: [Synth 8-7129] Port areset in module sc_util_v1_0_4_pipeline__parameterized3 is either unconnected or has no load
INFO: [Synth 8-7129] Port aclk in module sc_util_v1_0_4_pipeline__parameterized5 is either unconnected or has no load
INFO: [Synth 8-7129] Port aclken in module sc_util_v1_0_4_pipeline__parameterized5 is either unconnected or has no load
INFO: [Synth 8-7129] Port areset in module sc_util_v1_0_4_pipeline__parameterized5 is either unconnected or has no load
INFO: [Synth 8-7129] Port din[0] in module sc_util_v1_0_4_onehot_to_binary__parameterized2 is either unconnected or has no load
INFO: [Synth 8-7129] Port connectivity[2] in module sc_switchboard_v1_0_9_top__parameterized4 is either unconnected or has no load
INFO: [Synth 8-7129] Port connectivity[1] in module sc_switchboard_v1_0_9_top__parameterized4 is either unconnected or has no load
INFO: [Synth 8-7129] Port connectivity[0] in module sc_switchboard_v1_0_9_top__parameterized4 is either unconnected or has no load
INFO: [Synth 8-7129] Port connectivity[1] in module sc_switchboard_v1_0_9_top__parameterized3 is either unconnected or has no load
INFO: [Synth 8-7129] Port connectivity[0] in module sc_switchboard_v1_0_9_top__parameterized3 is either unconnected or has no load
INFO: [Synth 8-7129] Port din[0] in module sc_util_v1_0_4_onehot_to_binary__parameterized3 is either unconnected or has no load
INFO: [Synth 8-7129] Port slow_clk in module sc_util_v1_0_4_sample_cycle_ratio is either unconnected or has no load
INFO: [Synth 8-7129] Port fast_clk in module sc_util_v1_0_4_sample_cycle_ratio is either unconnected or has no load
INFO: [Synth 8-7129] Port aclk in module sc_util_v1_0_4_pipeline__parameterized11 is either unconnected or has no load
INFO: [Synth 8-7129] Port aclken in module sc_util_v1_0_4_pipeline__parameterized11 is either unconnected or has no load
INFO: [Synth 8-7129] Port areset in module sc_util_v1_0_4_pipeline__parameterized11 is either unconnected or has no load
INFO: [Synth 8-7129] Port aclk in module sc_node_v1_0_19_reg_slice3 is either unconnected or has no load
INFO: [Synth 8-7129] Port aclken in module sc_node_v1_0_19_reg_slice3 is either unconnected or has no load
INFO: [Synth 8-7129] Port areset in module sc_node_v1_0_19_reg_slice3 is either unconnected or has no load
INFO: [Synth 8-7129] Port areset in module sc_node_v1_0_19_fi_regulator is either unconnected or has no load
INFO: [Synth 8-7129] Port sleep in module xpm_memory_base is either unconnected or has no load
INFO: [Synth 8-7129] Port rsta in module xpm_memory_base is either unconnected or has no load
INFO: [Synth 8-7129] Port regcea in module xpm_memory_base is either unconnected or has no load
INFO: [Synth 8-7129] Port injectsbiterra in module xpm_memory_base is either unconnected or has no load
INFO: [Synth 8-7129] Port injectdbiterra in module xpm_memory_base is either unconnected or has no load
INFO: [Synth 8-7129] Port clkb in module xpm_memory_base is either unconnected or has no load
INFO: [Synth 8-7129] Port rstb in module xpm_memory_base is either unconnected or has no load
INFO: [Synth 8-7129] Port enb in module xpm_memory_base is either unconnected or has no load
INFO: [Synth 8-7129] Port regceb in module xpm_memory_base is either unconnected or has no load
INFO: [Synth 8-7129] Port web[0] in module xpm_memory_base is either unconnected or has no load
INFO: [Synth 8-7129] Port dinb[0] in module xpm_memory_base is either unconnected or has no load
INFO: [Synth 8-7129] Port injectsbiterrb in module xpm_memory_base is either unconnected or has no load
INFO: [Synth 8-7129] Port injectdbiterrb in module xpm_memory_base is either unconnected or has no load
INFO: [Synth 8-7129] Port s_axis_arb_tdata[15] in module sc_node_v1_0_19_si_handler__parameterized8 is either unconnected or has no load
INFO: [Synth 8-7129] Port s_axis_arb_tdata[14] in module sc_node_v1_0_19_si_handler__parameterized8 is either unconnected or has no load
INFO: [Synth 8-7129] Port s_axis_arb_tdata[13] in module sc_node_v1_0_19_si_handler__parameterized8 is either unconnected or has no load
INFO: [Synth 8-7129] Port s_axis_arb_tdata[12] in module sc_node_v1_0_19_si_handler__parameterized8 is either unconnected or has no load
INFO: [Synth 8-7129] Port s_axis_arb_tdata[11] in module sc_node_v1_0_19_si_handler__parameterized8 is either unconnected or has no load
INFO: [Synth 8-7129] Port s_axis_arb_tdata[10] in module sc_node_v1_0_19_si_handler__parameterized8 is either unconnected or has no load
INFO: [Synth 8-7129] Port s_axis_arb_tdata[9] in module sc_node_v1_0_19_si_handler__parameterized8 is either unconnected or has no load
INFO: [Synth 8-7129] Port s_axis_arb_tdata[8] in module sc_node_v1_0_19_si_handler__parameterized8 is either unconnected or has no load
INFO: [Synth 8-7129] Port s_axis_arb_tdata[7] in module sc_node_v1_0_19_si_handler__parameterized8 is either unconnected or has no load
INFO: [Synth 8-7129] Port s_axis_arb_tdata[6] in module sc_node_v1_0_19_si_handler__parameterized8 is either unconnected or has no load
INFO: [Synth 8-7129] Port s_axis_arb_tdata[5] in module sc_node_v1_0_19_si_handler__parameterized8 is either unconnected or has no load
INFO: [Synth 8-7129] Port s_axis_arb_tdata[4] in module sc_node_v1_0_19_si_handler__parameterized8 is either unconnected or has no load
INFO: [Synth 8-7129] Port s_axis_arb_tdata[3] in module sc_node_v1_0_19_si_handler__parameterized8 is either unconnected or has no load
INFO: [Synth 8-7129] Port s_axis_arb_tdata[2] in module sc_node_v1_0_19_si_handler__parameterized8 is either unconnected or has no load
INFO: [Synth 8-7129] Port m_axis_arb_tready in module sc_node_v1_0_19_si_handler__parameterized8 is either unconnected or has no load
INFO: [Synth 8-7129] Port aclk in module sc_util_v1_0_4_axic_register_slice is either unconnected or has no load
INFO: [Synth 8-7129] Port areset in module sc_util_v1_0_4_axic_register_slice is either unconnected or has no load
INFO: [Synth 8-7129] Port aclken in module sc_util_v1_0_4_axic_register_slice is either unconnected or has no load
INFO: [Synth 8-7129] Port m_sc_aclken in module sc_node_v1_0_19_top__parameterized13 is either unconnected or has no load
INFO: [Synth 8-7129] Port din[0] in module sc_util_v1_0_4_onehot_to_binary__parameterized4 is either unconnected or has no load
INFO: [Synth 8-7129] Port aclk in module sc_util_v1_0_4_pipeline__parameterized8 is either unconnected or has no load
INFO: [Synth 8-7129] Port aclken in module sc_util_v1_0_4_pipeline__parameterized8 is either unconnected or has no load
INFO: [Synth 8-7129] Port areset in module sc_util_v1_0_4_pipeline__parameterized8 is either unconnected or has no load
INFO: [Synth 8-7129] Port s_sc_payld[56] in module sc_node_v1_0_19_ingress__parameterized7 is either unconnected or has no load
INFO: [Synth 8-7129] Port s_sc_payld[55] in module sc_node_v1_0_19_ingress__parameterized7 is either unconnected or has no load
INFO: [Synth 8-7129] Port aclk in module sc_util_v1_0_4_pipeline__parameterized10 is either unconnected or has no load
INFO: [Synth 8-7129] Port aclken in module sc_util_v1_0_4_pipeline__parameterized10 is either unconnected or has no load
INFO: [Synth 8-7129] Port areset in module sc_util_v1_0_4_pipeline__parameterized10 is either unconnected or has no load
INFO: [Synth 8-7129] Port aclk in module sc_node_v1_0_19_reg_slice3__parameterized0 is either unconnected or has no load
INFO: [Synth 8-7129] Port aclken in module sc_node_v1_0_19_reg_slice3__parameterized0 is either unconnected or has no load
INFO: [Synth 8-7129] Port areset in module sc_node_v1_0_19_reg_slice3__parameterized0 is either unconnected or has no load
INFO: [Synth 8-7129] Port s_sc_info[2] in module sc_node_v1_0_19_si_handler__parameterized7 is either unconnected or has no load
INFO: [Synth 8-7129] Port s_sc_info[1] in module sc_node_v1_0_19_si_handler__parameterized7 is either unconnected or has no load
INFO: [Synth 8-7129] Port s_sc_info[0] in module sc_node_v1_0_19_si_handler__parameterized7 is either unconnected or has no load
INFO: [Synth 8-7129] Port s_axis_arb_tvalid in module sc_node_v1_0_19_si_handler__parameterized7 is either unconnected or has no load
INFO: [Synth 8-7129] Port s_axis_arb_tdata[15] in module sc_node_v1_0_19_si_handler__parameterized7 is either unconnected or has no load
INFO: [Synth 8-7129] Port s_axis_arb_tdata[14] in module sc_node_v1_0_19_si_handler__parameterized7 is either unconnected or has no load
INFO: [Synth 8-7129] Port s_axis_arb_tdata[13] in module sc_node_v1_0_19_si_handler__parameterized7 is either unconnected or has no load
INFO: [Synth 8-7129] Port s_axis_arb_tdata[12] in module sc_node_v1_0_19_si_handler__parameterized7 is either unconnected or has no load
INFO: [Synth 8-7129] Port s_axis_arb_tdata[11] in module sc_node_v1_0_19_si_handler__parameterized7 is either unconnected or has no load
INFO: [Synth 8-7129] Port s_axis_arb_tdata[10] in module sc_node_v1_0_19_si_handler__parameterized7 is either unconnected or has no load
INFO: [Synth 8-7129] Port s_axis_arb_tdata[9] in module sc_node_v1_0_19_si_handler__parameterized7 is either unconnected or has no load
INFO: [Synth 8-7129] Port s_axis_arb_tdata[8] in module sc_node_v1_0_19_si_handler__parameterized7 is either unconnected or has no load
INFO: [Synth 8-7129] Port s_axis_arb_tdata[7] in module sc_node_v1_0_19_si_handler__parameterized7 is either unconnected or has no load
INFO: [Synth 8-7129] Port s_axis_arb_tdata[6] in module sc_node_v1_0_19_si_handler__parameterized7 is either unconnected or has no load
INFO: [Synth 8-7129] Port s_axis_arb_tdata[5] in module sc_node_v1_0_19_si_handler__parameterized7 is either unconnected or has no load
INFO: [Synth 8-7129] Port s_axis_arb_tdata[4] in module sc_node_v1_0_19_si_handler__parameterized7 is either unconnected or has no load
INFO: [Synth 8-7129] Port s_axis_arb_tdata[3] in module sc_node_v1_0_19_si_handler__parameterized7 is either unconnected or has no load
INFO: [Synth 8-7129] Port s_axis_arb_tdata[2] in module sc_node_v1_0_19_si_handler__parameterized7 is either unconnected or has no load
INFO: [Synth 8-7129] Port s_axis_arb_tdata[1] in module sc_node_v1_0_19_si_handler__parameterized7 is either unconnected or has no load
INFO: [Synth 8-7129] Port s_axis_arb_tdata[0] in module sc_node_v1_0_19_si_handler__parameterized7 is either unconnected or has no load
INFO: [Synth 8-7129] Port m_axis_arb_tready in module sc_node_v1_0_19_si_handler__parameterized7 is either unconnected or has no load
INFO: [Common 17-14] Message 'Synth 8-7129' appears 100 times and further instances of the messages will be disabled. Use the Tcl command set_msg_config to change the current settings.
---------------------------------------------------------------------------------
Finished RTL Elaboration : Time (s): cpu = 00:00:41 ; elapsed = 00:01:02 . Memory (MB): peak = 2229.762 ; gain = 557.742
---------------------------------------------------------------------------------
---------------------------------------------------------------------------------
Start Handling Custom Attributes
---------------------------------------------------------------------------------
---------------------------------------------------------------------------------
Finished Handling Custom Attributes : Time (s): cpu = 00:00:41 ; elapsed = 00:01:02 . Memory (MB): peak = 2229.762 ; gain = 557.742
---------------------------------------------------------------------------------
---------------------------------------------------------------------------------
Finished RTL Optimization Phase 1 : Time (s): cpu = 00:00:41 ; elapsed = 00:01:02 . Memory (MB): peak = 2229.762 ; gain = 557.742
---------------------------------------------------------------------------------
Netlist sorting complete. Time (s): cpu = 00:00:05 ; elapsed = 00:00:04 . Memory (MB): peak = 2313.938 ; gain = 0.000
INFO: [Netlist 29-17] Analyzing 1 Unisim elements for replacement
INFO: [Netlist 29-28] Unisim Transformation completed in 0 CPU seconds
INFO: [Project 1-570] Preparing netlist for logic optimization

Processing XDC Constraints
Initializing timing engine
Parsing XDC File [d:/E/1subject/HK6/doan1/ver1/matmul/matmul.gen/sources_1/bd/gemm_block_v1/ip/gemm_block_v1_axi_smc_0/ooc.xdc] for cell 'inst'
create_clock: Time (s): cpu = 00:00:11 ; elapsed = 00:00:11 . Memory (MB): peak = 2590.617 ; gain = 34.180
Finished Parsing XDC File [d:/E/1subject/HK6/doan1/ver1/matmul/matmul.gen/sources_1/bd/gemm_block_v1/ip/gemm_block_v1_axi_smc_0/ooc.xdc] for cell 'inst'
Parsing XDC File [d:/E/1subject/HK6/doan1/ver1/matmul/matmul.gen/sources_1/bd/gemm_block_v1/ip/gemm_block_v1_axi_smc_0/bd_0/ip/ip_1/bd_5f09_psr_aclk_0_board.xdc] for cell 'inst/clk_map/psr_aclk/U0'
Finished Parsing XDC File [d:/E/1subject/HK6/doan1/ver1/matmul/matmul.gen/sources_1/bd/gemm_block_v1/ip/gemm_block_v1_axi_smc_0/bd_0/ip/ip_1/bd_5f09_psr_aclk_0_board.xdc] for cell 'inst/clk_map/psr_aclk/U0'
Parsing XDC File [d:/E/1subject/HK6/doan1/ver1/matmul/matmul.gen/sources_1/bd/gemm_block_v1/ip/gemm_block_v1_axi_smc_0/smartconnect.xdc] for cell 'inst'
Finished Parsing XDC File [d:/E/1subject/HK6/doan1/ver1/matmul/matmul.gen/sources_1/bd/gemm_block_v1/ip/gemm_block_v1_axi_smc_0/smartconnect.xdc] for cell 'inst'
Parsing XDC File [D:/E/1subject/HK6/doan1/ver1/matmul/matmul.runs/gemm_block_v1_axi_smc_0_synth_1/dont_touch.xdc]
Finished Parsing XDC File [D:/E/1subject/HK6/doan1/ver1/matmul/matmul.runs/gemm_block_v1_axi_smc_0_synth_1/dont_touch.xdc]
INFO: [Project 1-236] Implementation specific constraints were found while reading constraint file [E:/vivado/2025.2/Vivado/data/ip/xpm/xpm_cdc/tcl/xpm_cdc_single.tcl]. These constraints will be ignored for synthesis but will be used in implementation. Impacted constraints are listed in the file [.Xil/gemm_block_v1_axi_smc_0_propImpl.xdc].
Resolution: To avoid this warning, move constraints listed in [.Xil/gemm_block_v1_axi_smc_0_propImpl.xdc] to another XDC file and exclude this new file from synthesis with the used_in_synthesis property (File Properties dialog in GUI) and re-run elaboration/synthesis.
INFO: [Project 1-236] Implementation specific constraints were found while reading constraint file [E:/vivado/2025.2/Vivado/data/ip/xpm/xpm_memory/tcl/xpm_memory_xdc.tcl]. These constraints will be ignored for synthesis but will be used in implementation. Impacted constraints are listed in the file [.Xil/gemm_block_v1_axi_smc_0_propImpl.xdc].
Resolution: To avoid this warning, move constraints listed in [.Xil/gemm_block_v1_axi_smc_0_propImpl.xdc] to another XDC file and exclude this new file from synthesis with the used_in_synthesis property (File Properties dialog in GUI) and re-run elaboration/synthesis.
INFO: [Project 1-1714] 73 XPM XDC files have been applied to the design.
Completed Processing XDC Constraints

Netlist sorting complete. Time (s): cpu = 00:00:00 ; elapsed = 00:00:00.031 . Memory (MB): peak = 2590.617 ; gain = 0.000
INFO: [Project 1-111] Unisim Transformation Summary:
  A total of 1 instances were transformed.
  SRL16 => SRL16E: 1 instance 

Constraint Validation Runtime : Time (s): cpu = 00:00:01 ; elapsed = 00:00:00.947 . Memory (MB): peak = 2590.617 ; gain = 0.000
INFO: [Designutils 20-5008] Incremental synthesis strategy off
---------------------------------------------------------------------------------
Finished Constraint Validation : Time (s): cpu = 00:01:48 ; elapsed = 00:02:12 . Memory (MB): peak = 2590.617 ; gain = 918.598
---------------------------------------------------------------------------------
---------------------------------------------------------------------------------
Start Loading Part and Timing Information
---------------------------------------------------------------------------------
Loading part: xck26-sfvc784-2LV-c
INFO: [Synth 8-6742] Reading net delay rules and data
---------------------------------------------------------------------------------
Finished Loading Part and Timing Information : Time (s): cpu = 00:01:48 ; elapsed = 00:02:12 . Memory (MB): peak = 2590.617 ; gain = 918.598
---------------------------------------------------------------------------------
---------------------------------------------------------------------------------
Start Applying 'set_property' XDC Constraints
---------------------------------------------------------------------------------
---------------------------------------------------------------------------------
Finished applying 'set_property' XDC Constraints : Time (s): cpu = 00:01:48 ; elapsed = 00:02:12 . Memory (MB): peak = 2590.617 ; gain = 918.598
---------------------------------------------------------------------------------
INFO: [Synth 8-802] inferred FSM for state register 'gen_axi.gen_write.write_cs_reg' in module 'sc_mmu_v1_0_16_decerr_slave'
INFO: [Synth 8-802] inferred FSM for state register 'gen_endpoint.w_state_reg' in module 'sc_mmu_v1_0_16_top'
INFO: [Synth 8-802] inferred FSM for state register 'gen_endpoint.r_state_reg' in module 'sc_mmu_v1_0_16_top'
INFO: [Synth 8-802] inferred FSM for state register 'w_state_reg' in module 'sc_si_converter_v1_0_16_axilite_conv'
INFO: [Synth 8-802] inferred FSM for state register 'r_state_reg' in module 'sc_si_converter_v1_0_16_axilite_conv'
INFO: [Synth 8-802] inferred FSM for state register 'gen_endpoint.w_state_reg' in module 'sc_mmu_v1_0_16_top__parameterized0'
INFO: [Synth 8-802] inferred FSM for state register 'gen_endpoint.r_state_reg' in module 'sc_mmu_v1_0_16_top__parameterized0'
INFO: [Synth 8-4490] FSM extraction disabled for register 'gen_pipelined.state_reg' through user attribute
INFO: [Synth 8-4490] FSM extraction disabled for register 'gen_pipelined.state_reg' through user attribute
---------------------------------------------------------------------------------------------------
                   State |                     New Encoding |                Previous Encoding 
---------------------------------------------------------------------------------------------------
            P_WRITE_IDLE |                              001 |                               00
            P_WRITE_DATA |                              010 |                               01
            P_WRITE_RESP |                              100 |                               10
---------------------------------------------------------------------------------------------------
INFO: [Synth 8-3354] encoded FSM with state register 'gen_axi.gen_write.write_cs_reg' using encoding 'one-hot' in module 'sc_mmu_v1_0_16_decerr_slave'
---------------------------------------------------------------------------------------------------
                   State |                     New Encoding |                Previous Encoding 
---------------------------------------------------------------------------------------------------
                  iSTATE |                               00 | 00000000000000000000000000000000
*
                 W_STALL |                               01 | 00000000000000000000000000000001
               W_PENDING |                               10 | 00000000000000000000000000000010
                W_DECERR |                               11 | 00000000000000000000000000000011
---------------------------------------------------------------------------------------------------
INFO: [Synth 8-3354] encoded FSM with state register 'gen_endpoint.w_state_reg' using encoding 'sequential' in module 'sc_mmu_v1_0_16_top'
---------------------------------------------------------------------------------------------------
                   State |                     New Encoding |                Previous Encoding 
---------------------------------------------------------------------------------------------------
                  iSTATE |                             0001 | 00000000000000000000000000000000
*
                 R_STALL |                             0010 | 00000000000000000000000000000001
               R_PENDING |                             0100 | 00000000000000000000000000000010
                R_DECERR |                             1000 | 00000000000000000000000000000011
---------------------------------------------------------------------------------------------------
INFO: [Synth 8-3354] encoded FSM with state register 'gen_endpoint.r_state_reg' using encoding 'one-hot' in module 'sc_mmu_v1_0_16_top'
---------------------------------------------------------------------------------------------------
                   State |                     New Encoding |                Previous Encoding 
---------------------------------------------------------------------------------------------------
                  W_IDLE |                              000 | 00000000000000000000000000000000
                    W_RX |                              001 | 00000000000000000000000000000001
                    W_TX |                              010 | 00000000000000000000000000000010
              W_COMPLETE |                              011 | 00000000000000000000000000000100
               W_RECOVER |                              100 | 00000000000000000000000000000011
---------------------------------------------------------------------------------------------------
INFO: [Synth 8-3354] encoded FSM with state register 'w_state_reg' using encoding 'sequential' in module 'sc_si_converter_v1_0_16_axilite_conv'
---------------------------------------------------------------------------------------------------
                   State |                     New Encoding |                Previous Encoding 
---------------------------------------------------------------------------------------------------
                  R_IDLE |                               00 | 00000000000000000000000000000000
               R_PENDING |                               01 | 00000000000000000000000000000001
                    R_RX |                               10 | 00000000000000000000000000000010
                    R_TX |                               11 | 00000000000000000000000000000011
---------------------------------------------------------------------------------------------------
INFO: [Synth 8-3354] encoded FSM with state register 'r_state_reg' using encoding 'sequential' in module 'sc_si_converter_v1_0_16_axilite_conv'
---------------------------------------------------------------------------------------------------
                   State |                     New Encoding |                Previous Encoding 
---------------------------------------------------------------------------------------------------
                  iSTATE |                               00 | 00000000000000000000000000000000
*
                 W_STALL |                               01 | 00000000000000000000000000000001
               W_PENDING |                               10 | 00000000000000000000000000000010
                W_DECERR |                               11 | 00000000000000000000000000000011
---------------------------------------------------------------------------------------------------
INFO: [Synth 8-3354] encoded FSM with state register 'gen_endpoint.w_state_reg' using encoding 'sequential' in module 'sc_mmu_v1_0_16_top__parameterized0'
---------------------------------------------------------------------------------------------------
                   State |                     New Encoding |                Previous Encoding 
---------------------------------------------------------------------------------------------------
                  iSTATE |                             0001 | 00000000000000000000000000000000
*
                 R_STALL |                             0010 | 00000000000000000000000000000001
               R_PENDING |                             0100 | 00000000000000000000000000000010
                R_DECERR |                             1000 | 00000000000000000000000000000011
---------------------------------------------------------------------------------------------------
INFO: [Synth 8-3354] encoded FSM with state register 'gen_endpoint.r_state_reg' using encoding 'one-hot' in module 'sc_mmu_v1_0_16_top__parameterized0'
---------------------------------------------------------------------------------
Finished RTL Optimization Phase 2 : Time (s): cpu = 00:01:53 ; elapsed = 00:02:17 . Memory (MB): peak = 2590.617 ; gain = 918.598
---------------------------------------------------------------------------------
---------------------------------------------------------------------------------
Start RTL Component Statistics 
---------------------------------------------------------------------------------
---------------------------------------------------------------------------------
Finished RTL Component Statistics 
---------------------------------------------------------------------------------
---------------------------------------------------------------------------------
Start Part Resource Summary
---------------------------------------------------------------------------------
Part Resources:
DSPs: 1248 (col length:96)
BRAMs: 288 (col length: RAMB18 96 RAMB36 48)
---------------------------------------------------------------------------------
Finished Part Resource Summary
---------------------------------------------------------------------------------
---------------------------------------------------------------------------------
Start Cross Boundary and Area Optimization
---------------------------------------------------------------------------------
WARNING: [Synth 8-3332] Sequential element (clk_map/psr_aclk/U0/FDRE_inst) is unused and will be removed from module bd_5f09.
WARNING: [Synth 8-3332] Sequential element (clk_map/psr_aclk/U0/BSR_OUT_DFF[0].FDRE_BSR) is unused and will be removed from module bd_5f09.
WARNING: [Synth 8-3332] Sequential element (clk_map/psr_aclk/U0/PR_OUT_DFF[0].FDRE_PER) is unused and will be removed from module bd_5f09.
WARNING: [Synth 8-3332] Sequential element (clk_map/psr_aclk/U0/ACTIVE_LOW_PR_OUT_DFF[0].FDRE_PER_N) is unused and will be removed from module bd_5f09.
---------------------------------------------------------------------------------
Finished Cross Boundary and Area Optimization : Time (s): cpu = 00:02:30 ; elapsed = 00:02:56 . Memory (MB): peak = 2590.617 ; gain = 918.598
---------------------------------------------------------------------------------
---------------------------------------------------------------------------------
Start Applying XDC Timing Constraints
---------------------------------------------------------------------------------
---------------------------------------------------------------------------------
Finished Applying XDC Timing Constraints : Time (s): cpu = 00:02:40 ; elapsed = 00:03:08 . Memory (MB): peak = 2946.320 ; gain = 1274.301
---------------------------------------------------------------------------------
---------------------------------------------------------------------------------
Start Timing Optimization
---------------------------------------------------------------------------------
---------------------------------------------------------------------------------
Finished Timing Optimization : Time (s): cpu = 00:02:45 ; elapsed = 00:03:13 . Memory (MB): peak = 3037.883 ; gain = 1365.863
---------------------------------------------------------------------------------
---------------------------------------------------------------------------------
Start Technology Mapping
---------------------------------------------------------------------------------
---------------------------------------------------------------------------------
Finished Technology Mapping : Time (s): cpu = 00:02:47 ; elapsed = 00:03:15 . Memory (MB): peak = 3047.977 ; gain = 1375.957
---------------------------------------------------------------------------------
---------------------------------------------------------------------------------
Start IO Insertion
---------------------------------------------------------------------------------
---------------------------------------------------------------------------------
Start Flattening Before IO Insertion
---------------------------------------------------------------------------------
---------------------------------------------------------------------------------
Finished Flattening Before IO Insertion
---------------------------------------------------------------------------------
---------------------------------------------------------------------------------
Start Final Netlist Cleanup
---------------------------------------------------------------------------------
---------------------------------------------------------------------------------
Finished Final Netlist Cleanup
---------------------------------------------------------------------------------
---------------------------------------------------------------------------------
Finished IO Insertion : Time (s): cpu = 00:02:51 ; elapsed = 00:03:19 . Memory (MB): peak = 3238.617 ; gain = 1566.598
---------------------------------------------------------------------------------
---------------------------------------------------------------------------------
Start Renaming Generated Instances
---------------------------------------------------------------------------------
---------------------------------------------------------------------------------
Finished Renaming Generated Instances : Time (s): cpu = 00:02:51 ; elapsed = 00:03:19 . Memory (MB): peak = 3238.617 ; gain = 1566.598
---------------------------------------------------------------------------------
---------------------------------------------------------------------------------
Start Rebuilding User Hierarchy
---------------------------------------------------------------------------------
---------------------------------------------------------------------------------
Finished Rebuilding User Hierarchy : Time (s): cpu = 00:02:51 ; elapsed = 00:03:20 . Memory (MB): peak = 3238.617 ; gain = 1566.598
---------------------------------------------------------------------------------
---------------------------------------------------------------------------------
Start Renaming Generated Ports
---------------------------------------------------------------------------------
---------------------------------------------------------------------------------
Finished Renaming Generated Ports : Time (s): cpu = 00:02:51 ; elapsed = 00:03:20 . Memory (MB): peak = 3238.617 ; gain = 1566.598
---------------------------------------------------------------------------------
---------------------------------------------------------------------------------
Start Handling Custom Attributes
---------------------------------------------------------------------------------
---------------------------------------------------------------------------------
Finished Handling Custom Attributes : Time (s): cpu = 00:02:52 ; elapsed = 00:03:20 . Memory (MB): peak = 3238.617 ; gain = 1566.598
---------------------------------------------------------------------------------
---------------------------------------------------------------------------------
Start Renaming Generated Nets
---------------------------------------------------------------------------------
---------------------------------------------------------------------------------
Finished Renaming Generated Nets : Time (s): cpu = 00:02:52 ; elapsed = 00:03:20 . Memory (MB): peak = 3238.617 ; gain = 1566.598
---------------------------------------------------------------------------------
---------------------------------------------------------------------------------
Start Writing Synthesis Report
---------------------------------------------------------------------------------

Report BlackBoxes: 
+-+--------------+----------+
| |BlackBox name |Instances |
+-+--------------+----------+
+-+--------------+----------+

Report Cell Usage: 
+------+---------+------+
|      |Cell     |Count |
+------+---------+------+
|1     |CARRY8   |    10|
|2     |LUT1     |   204|
|3     |LUT2     |   564|
|4     |LUT3     |   473|
|5     |LUT4     |   342|
|6     |LUT5     |   354|
|7     |LUT6     |   567|
|8     |MUXF7    |     7|
|9     |RAM16X1D |     2|
|10    |SRL16    |     1|
|11    |SRL16E   |     2|
|12    |FDCE     |   207|
|13    |FDRE     |  1605|
|14    |FDSE     |    66|
+------+---------+------+
---------------------------------------------------------------------------------
Finished Writing Synthesis Report : Time (s): cpu = 00:02:52 ; elapsed = 00:03:20 . Memory (MB): peak = 3238.617 ; gain = 1566.598
---------------------------------------------------------------------------------
Synthesis finished with 0 errors, 0 critical warnings and 4 warnings.
Synthesis Optimization Runtime : Time (s): cpu = 00:01:15 ; elapsed = 00:02:24 . Memory (MB): peak = 3238.617 ; gain = 1205.742
Synthesis Optimization Complete : Time (s): cpu = 00:02:52 ; elapsed = 00:03:20 . Memory (MB): peak = 3238.617 ; gain = 1566.598
INFO: [Project 1-571] Translating synthesized netlist
Netlist sorting complete. Time (s): cpu = 00:00:00 ; elapsed = 00:00:00.360 . Memory (MB): peak = 3238.617 ; gain = 0.000
INFO: [Netlist 29-17] Analyzing 20 Unisim elements for replacement
INFO: [Netlist 29-28] Unisim Transformation completed in 0 CPU seconds
INFO: [Project 1-570] Preparing netlist for logic optimization
INFO: [Opt 31-138] Pushed 0 inverter(s) to 0 load pin(s).
Netlist sorting complete. Time (s): cpu = 00:00:00 ; elapsed = 00:00:00.003 . Memory (MB): peak = 3238.617 ; gain = 0.000
INFO: [Project 1-111] Unisim Transformation Summary:
  A total of 3 instances were transformed.
  RAM16X1D => RAM32X1D (RAMD32(x2)): 2 instances
  SRL16 => SRL16E: 1 instance 

Synth Design complete | Checksum: cd0f0c6a
INFO: [Common 17-83] Releasing license: Synthesis
306 Infos, 10 Warnings, 0 Critical Warnings and 0 Errors encountered.
synth_design completed successfully
synth_design: Time (s): cpu = 00:03:13 ; elapsed = 00:03:50 . Memory (MB): peak = 3238.617 ; gain = 2641.527
Write ShapeDB Complete: Time (s): cpu = 00:00:00 ; elapsed = 00:00:00.006 . Memory (MB): peak = 3238.617 ; gain = 0.000
INFO: [Common 17-1381] The checkpoint 'D:/E/1subject/HK6/doan1/ver1/matmul/matmul.runs/gemm_block_v1_axi_smc_0_synth_1/gemm_block_v1_axi_smc_0.dcp' has been generated.
INFO: [Coretcl 2-1648] Added synthesis output to IP cache for IP gemm_block_v1_axi_smc_0, cache-ID = f72624c652710933
INFO: [Coretcl 2-1174] Renamed 306 cell refs.
Write ShapeDB Complete: Time (s): cpu = 00:00:00 ; elapsed = 00:00:00.006 . Memory (MB): peak = 3238.617 ; gain = 0.000
INFO: [Common 17-1381] The checkpoint 'D:/E/1subject/HK6/doan1/ver1/matmul/matmul.runs/gemm_block_v1_axi_smc_0_synth_1/gemm_block_v1_axi_smc_0.dcp' has been generated.
INFO: [Vivado 12-24828] Executing command : report_utilization -file gemm_block_v1_axi_smc_0_utilization_synth.rpt -pb gemm_block_v1_axi_smc_0_utilization_synth.pb
INFO: [Common 17-206] Exiting Vivado at Sat Apr 11 21:18:53 2026...
