
*** Running vivado
    with args -log acc_block_acc_reg_0_0.vds -m64 -product Vivado -mode batch -messageDb vivado.pb -notrace -source acc_block_acc_reg_0_0.tcl



****** Vivado v2025.2 (64-bit)
  **** SW Build 6299465 on Fri Nov 14 19:35:11 GMT 2025
  **** IP Build 6300035 on Fri Nov 14 10:48:45 MST 2025
  **** SharedData Build 6298862 on Thu Nov 13 04:50:51 MST 2025
  **** Start of session at: Wed Mar 25 22:41:49 2026
    ** Copyright 1986-2022 Xilinx, Inc. All Rights Reserved.
    ** Copyright 2022-2025 Advanced Micro Devices, Inc. All Rights Reserved.

source acc_block_acc_reg_0_0.tcl -notrace
create_project: Time (s): cpu = 00:00:28 ; elapsed = 00:00:22 . Memory (MB): peak = 555.629 ; gain = 222.914
INFO: [IP_Flow 19-234] Refreshing IP repositories
INFO: [IP_Flow 19-1704] No user IP repositories specified
INFO: [IP_Flow 19-2313] Loaded Vivado IP repository 'D:/Apps/Study/Vivado/2025.2/Vivado/data/ip'.
Command: synth_design -top acc_block_acc_reg_0_0 -part xck26-sfvc784-2LV-c -incremental_mode off -mode out_of_context
Starting synth_design
Attempting to get a license for feature 'Synthesis' and/or device 'xck26'
INFO: [Common 17-349] Got license for feature 'Synthesis' and/or device 'xck26'
INFO: [Device 21-403] Loading part xck26-sfvc784-2LV-c
INFO: [Synth 8-7079] Multithreading enabled for synth_design using a maximum of 2 processes.
INFO: [Synth 8-7078] Launching helper process for spawning children vivado processes
INFO: [Synth 8-7075] Helper process launched with PID 12992
---------------------------------------------------------------------------------
Starting RTL Elaboration : Time (s): cpu = 00:00:13 ; elapsed = 00:00:15 . Memory (MB): peak = 1856.336 ; gain = 210.434
---------------------------------------------------------------------------------
INFO: [Synth 8-6157] synthesizing module 'acc_block_acc_reg_0_0' [d:/HK6/Project1/testing/accumulator/accumulator/accumulator.gen/sources_1/bd/acc_block/ip/acc_block_acc_reg_0_0/synth/acc_block_acc_reg_0_0.v:53]
INFO: [Synth 8-6157] synthesizing module 'acc_reg' [D:/HK6/Project1/testing/accumulator/accumulator/accumulator.srcs/sources_1/new/acc_reg.v:23]
INFO: [Synth 8-6157] synthesizing module 'acc_ctrl' [D:/HK6/Project1/testing/accumulator/accumulator/accumulator.srcs/sources_1/new/acc_ctrl.v:22]
INFO: [Synth 8-226] default block is never used [D:/HK6/Project1/testing/accumulator/accumulator/accumulator.srcs/sources_1/new/acc_ctrl.v:49]
INFO: [Synth 8-6155] done synthesizing module 'acc_ctrl' (0#1) [D:/HK6/Project1/testing/accumulator/accumulator/accumulator.srcs/sources_1/new/acc_ctrl.v:22]
INFO: [Synth 8-6157] synthesizing module 'acc_top' [D:/HK6/Project1/testing/accumulator/accumulator/accumulator.srcs/sources_1/new/acc_top.v:23]
INFO: [Synth 8-6157] synthesizing module 'mul_stage' [D:/HK6/Project1/testing/accumulator/accumulator/accumulator.srcs/sources_1/new/mul_stage.v:23]
INFO: [Synth 8-6155] done synthesizing module 'mul_stage' (0#1) [D:/HK6/Project1/testing/accumulator/accumulator/accumulator.srcs/sources_1/new/mul_stage.v:23]
INFO: [Synth 8-6157] synthesizing module 'acc_stage' [D:/HK6/Project1/testing/accumulator/accumulator/accumulator.srcs/sources_1/new/acc_stage.v:23]
INFO: [Synth 8-6155] done synthesizing module 'acc_stage' (0#1) [D:/HK6/Project1/testing/accumulator/accumulator/accumulator.srcs/sources_1/new/acc_stage.v:23]
INFO: [Synth 8-6155] done synthesizing module 'acc_top' (0#1) [D:/HK6/Project1/testing/accumulator/accumulator/accumulator.srcs/sources_1/new/acc_top.v:23]
INFO: [Synth 8-6155] done synthesizing module 'acc_reg' (0#1) [D:/HK6/Project1/testing/accumulator/accumulator/accumulator.srcs/sources_1/new/acc_reg.v:23]
INFO: [Synth 8-6155] done synthesizing module 'acc_block_acc_reg_0_0' (0#1) [d:/HK6/Project1/testing/accumulator/accumulator/accumulator.gen/sources_1/bd/acc_block/ip/acc_block_acc_reg_0_0/synth/acc_block_acc_reg_0_0.v:53]
---------------------------------------------------------------------------------
Finished RTL Elaboration : Time (s): cpu = 00:00:17 ; elapsed = 00:00:20 . Memory (MB): peak = 1980.094 ; gain = 334.191
---------------------------------------------------------------------------------
---------------------------------------------------------------------------------
Start Handling Custom Attributes
---------------------------------------------------------------------------------
---------------------------------------------------------------------------------
Finished Handling Custom Attributes : Time (s): cpu = 00:00:17 ; elapsed = 00:00:20 . Memory (MB): peak = 1980.094 ; gain = 334.191
---------------------------------------------------------------------------------
---------------------------------------------------------------------------------
Finished RTL Optimization Phase 1 : Time (s): cpu = 00:00:17 ; elapsed = 00:00:20 . Memory (MB): peak = 1980.094 ; gain = 334.191
---------------------------------------------------------------------------------
Netlist sorting complete. Time (s): cpu = 00:00:00 ; elapsed = 00:00:00.004 . Memory (MB): peak = 1980.094 ; gain = 0.000
INFO: [Project 1-570] Preparing netlist for logic optimization

Processing XDC Constraints
Initializing timing engine
Completed Processing XDC Constraints

Netlist sorting complete. Time (s): cpu = 00:00:00 ; elapsed = 00:00:00 . Memory (MB): peak = 2036.164 ; gain = 0.000
INFO: [Project 1-111] Unisim Transformation Summary:
No Unisim elements were transformed.

Constraint Validation Runtime : Time (s): cpu = 00:00:00 ; elapsed = 00:00:00.087 . Memory (MB): peak = 2036.164 ; gain = 0.000
INFO: [Designutils 20-5008] Incremental synthesis strategy off
---------------------------------------------------------------------------------
Finished Constraint Validation : Time (s): cpu = 00:00:36 ; elapsed = 00:00:47 . Memory (MB): peak = 2036.164 ; gain = 390.262
---------------------------------------------------------------------------------
---------------------------------------------------------------------------------
Start Loading Part and Timing Information
---------------------------------------------------------------------------------
Loading part: xck26-sfvc784-2LV-c
INFO: [Synth 8-6742] Reading net delay rules and data
---------------------------------------------------------------------------------
Finished Loading Part and Timing Information : Time (s): cpu = 00:00:36 ; elapsed = 00:00:47 . Memory (MB): peak = 2036.164 ; gain = 390.262
---------------------------------------------------------------------------------
---------------------------------------------------------------------------------
Start Applying 'set_property' XDC Constraints
---------------------------------------------------------------------------------
---------------------------------------------------------------------------------
Finished applying 'set_property' XDC Constraints : Time (s): cpu = 00:00:36 ; elapsed = 00:00:47 . Memory (MB): peak = 2036.164 ; gain = 390.262
---------------------------------------------------------------------------------
INFO: [Synth 8-802] inferred FSM for state register 'state_reg' in module 'acc_ctrl'
---------------------------------------------------------------------------------------------------
                   State |                     New Encoding |                Previous Encoding 
---------------------------------------------------------------------------------------------------
                    IDLE |                             0001 |                               00
                    MULT |                             0010 |                               01
                     ADD |                             0100 |                               10
                WAIT_LOW |                             1000 |                               11
---------------------------------------------------------------------------------------------------
INFO: [Synth 8-3354] encoded FSM with state register 'state_reg' using encoding 'one-hot' in module 'acc_ctrl'
---------------------------------------------------------------------------------
Finished RTL Optimization Phase 2 : Time (s): cpu = 00:00:36 ; elapsed = 00:00:48 . Memory (MB): peak = 2036.164 ; gain = 390.262
---------------------------------------------------------------------------------
No constraint files found.
---------------------------------------------------------------------------------
Start RTL Component Statistics 
---------------------------------------------------------------------------------
Detailed RTL Component Info : 
+---Adders : 
	   2 Input   16 Bit       Adders := 1     
+---Registers : 
	               16 Bit    Registers := 1     
	                8 Bit    Registers := 1     
+---Muxes : 
	   4 Input    1 Bit        Muxes := 1     
---------------------------------------------------------------------------------
Finished RTL Component Statistics 
---------------------------------------------------------------------------------
---------------------------------------------------------------------------------
Start Part Resource Summary
---------------------------------------------------------------------------------
Part Resources:
DSPs: 1248 (col length:96)
BRAMs: 288 (col length: RAMB18 96 RAMB36 48)
---------------------------------------------------------------------------------
Finished Part Resource Summary
---------------------------------------------------------------------------------
No constraint files found.
---------------------------------------------------------------------------------
Start Cross Boundary and Area Optimization
---------------------------------------------------------------------------------
---------------------------------------------------------------------------------
Finished Cross Boundary and Area Optimization : Time (s): cpu = 00:00:41 ; elapsed = 00:00:53 . Memory (MB): peak = 2036.574 ; gain = 390.672
---------------------------------------------------------------------------------
No constraint files found.
---------------------------------------------------------------------------------
Start Timing Optimization
---------------------------------------------------------------------------------
---------------------------------------------------------------------------------
Finished Timing Optimization : Time (s): cpu = 00:00:41 ; elapsed = 00:00:53 . Memory (MB): peak = 2036.574 ; gain = 390.672
---------------------------------------------------------------------------------
---------------------------------------------------------------------------------
Start Technology Mapping
---------------------------------------------------------------------------------
---------------------------------------------------------------------------------
Finished Technology Mapping : Time (s): cpu = 00:00:41 ; elapsed = 00:00:53 . Memory (MB): peak = 2036.574 ; gain = 390.672
---------------------------------------------------------------------------------
---------------------------------------------------------------------------------
Start IO Insertion
---------------------------------------------------------------------------------
---------------------------------------------------------------------------------
Start Flattening Before IO Insertion
---------------------------------------------------------------------------------
---------------------------------------------------------------------------------
Finished Flattening Before IO Insertion
---------------------------------------------------------------------------------
---------------------------------------------------------------------------------
Start Final Netlist Cleanup
---------------------------------------------------------------------------------
---------------------------------------------------------------------------------
Finished Final Netlist Cleanup
---------------------------------------------------------------------------------
---------------------------------------------------------------------------------
Finished IO Insertion : Time (s): cpu = 00:01:00 ; elapsed = 00:01:20 . Memory (MB): peak = 2266.129 ; gain = 620.227
---------------------------------------------------------------------------------
---------------------------------------------------------------------------------
Start Renaming Generated Instances
---------------------------------------------------------------------------------
---------------------------------------------------------------------------------
Finished Renaming Generated Instances : Time (s): cpu = 00:01:00 ; elapsed = 00:01:20 . Memory (MB): peak = 2266.129 ; gain = 620.227
---------------------------------------------------------------------------------
---------------------------------------------------------------------------------
Start Rebuilding User Hierarchy
---------------------------------------------------------------------------------
---------------------------------------------------------------------------------
Finished Rebuilding User Hierarchy : Time (s): cpu = 00:01:00 ; elapsed = 00:01:20 . Memory (MB): peak = 2266.129 ; gain = 620.227
---------------------------------------------------------------------------------
---------------------------------------------------------------------------------
Start Renaming Generated Ports
---------------------------------------------------------------------------------
---------------------------------------------------------------------------------
Finished Renaming Generated Ports : Time (s): cpu = 00:01:00 ; elapsed = 00:01:20 . Memory (MB): peak = 2266.129 ; gain = 620.227
---------------------------------------------------------------------------------
---------------------------------------------------------------------------------
Start Handling Custom Attributes
---------------------------------------------------------------------------------
---------------------------------------------------------------------------------
Finished Handling Custom Attributes : Time (s): cpu = 00:01:00 ; elapsed = 00:01:20 . Memory (MB): peak = 2266.129 ; gain = 620.227
---------------------------------------------------------------------------------
---------------------------------------------------------------------------------
Start Renaming Generated Nets
---------------------------------------------------------------------------------
---------------------------------------------------------------------------------
Finished Renaming Generated Nets : Time (s): cpu = 00:01:00 ; elapsed = 00:01:20 . Memory (MB): peak = 2266.129 ; gain = 620.227
---------------------------------------------------------------------------------
---------------------------------------------------------------------------------
Start Writing Synthesis Report
---------------------------------------------------------------------------------

Report BlackBoxes: 
+-+--------------+----------+
| |BlackBox name |Instances |
+-+--------------+----------+
+-+--------------+----------+

Report Cell Usage: 
+------+-------+------+
|      |Cell   |Count |
+------+-------+------+
|1     |CARRY8 |     2|
|2     |LUT1   |     1|
|3     |LUT2   |    10|
|4     |LUT3   |     2|
|5     |LUT4   |     1|
|6     |LUT5   |     2|
|7     |LUT6   |    14|
|8     |FDCE   |    27|
|9     |FDPE   |     1|
+------+-------+------+
---------------------------------------------------------------------------------
Finished Writing Synthesis Report : Time (s): cpu = 00:01:00 ; elapsed = 00:01:20 . Memory (MB): peak = 2266.129 ; gain = 620.227
---------------------------------------------------------------------------------
Synthesis finished with 0 errors, 0 critical warnings and 0 warnings.
Synthesis Optimization Runtime : Time (s): cpu = 00:00:40 ; elapsed = 00:01:15 . Memory (MB): peak = 2266.129 ; gain = 564.156
Synthesis Optimization Complete : Time (s): cpu = 00:01:00 ; elapsed = 00:01:20 . Memory (MB): peak = 2266.129 ; gain = 620.227
INFO: [Project 1-571] Translating synthesized netlist
Netlist sorting complete. Time (s): cpu = 00:00:00 ; elapsed = 00:00:00.001 . Memory (MB): peak = 2280.625 ; gain = 0.000
INFO: [Netlist 29-17] Analyzing 2 Unisim elements for replacement
INFO: [Netlist 29-28] Unisim Transformation completed in 0 CPU seconds
INFO: [Project 1-570] Preparing netlist for logic optimization
INFO: [Opt 31-138] Pushed 0 inverter(s) to 0 load pin(s).
Netlist sorting complete. Time (s): cpu = 00:00:00 ; elapsed = 00:00:00 . Memory (MB): peak = 2365.145 ; gain = 0.000
INFO: [Project 1-111] Unisim Transformation Summary:
No Unisim elements were transformed.

Synth Design complete | Checksum: 9a06ffcf
INFO: [Common 17-83] Releasing license: Synthesis
34 Infos, 0 Warnings, 0 Critical Warnings and 0 Errors encountered.
synth_design completed successfully
synth_design: Time (s): cpu = 00:01:18 ; elapsed = 00:01:46 . Memory (MB): peak = 2365.145 ; gain = 1750.875
INFO: [Coretcl 2-1174] Renamed 5 cell refs.
Write ShapeDB Complete: Time (s): cpu = 00:00:00 ; elapsed = 00:00:00.012 . Memory (MB): peak = 2365.145 ; gain = 0.000
INFO: [Common 17-1381] The checkpoint 'D:/HK6/Project1/testing/accumulator/accumulator/accumulator.runs/acc_block_acc_reg_0_0_synth_1/acc_block_acc_reg_0_0.dcp' has been generated.
INFO: [Vivado 12-24828] Executing command : report_utilization -file acc_block_acc_reg_0_0_utilization_synth.rpt -pb acc_block_acc_reg_0_0_utilization_synth.pb
INFO: [Common 17-206] Exiting Vivado at Wed Mar 25 22:44:12 2026...
