Copyright 1986-2022 Xilinx, Inc. All Rights Reserved. Copyright 2022-2025 Advanced Micro Devices, Inc. All Rights Reserved.
---------------------------------------------------------------------------------------------------------------------------------------------
| Tool Version : Vivado v.2025.2 (win64) Build 6299465 Fri Nov 14 19:35:11 GMT 2025
| Date         : Mon Mar 30 08:44:19 2026
| Host         : VuDuong-32 running 64-bit major release  (build 9200)
| Command      : report_control_sets -verbose -file array_block_wrapper_control_sets_placed.rpt
| Design       : array_block_wrapper
| Device       : xck26
---------------------------------------------------------------------------------------------------------------------------------------------

Control Set Information

Table of Contents
-----------------
1. Summary
2. Histogram
3. Flip-Flop Distribution
4. Detailed Control Set Information

1. Summary
----------

+----------------------------------------------------------+-------+
|                          Status                          | Count |
+----------------------------------------------------------+-------+
| Total control sets                                       |   195 |
|    Minimum number of control sets                        |   195 |
|    Addition due to synthesis replication                 |     0 |
|    Addition due to physical synthesis replication        |     0 |
| Unused register locations in slices containing registers |   227 |
+----------------------------------------------------------+-------+
* Control sets can be merged at opt_design using control_set_merge or merge_equivalent_drivers
** Run report_qor_suggestions for automated merging and remapping suggestions


2. Histogram
------------

+--------------------+-------+
|       Fanout       | Count |
+--------------------+-------+
| Total control sets |   195 |
| >= 0 to < 4        |    69 |
| >= 4 to < 6        |    17 |
| >= 6 to < 8        |    14 |
| >= 8 to < 10       |    21 |
| >= 10 to < 12      |     3 |
| >= 12 to < 14      |     7 |
| >= 14 to < 16      |     0 |
| >= 16              |    64 |
+--------------------+-------+
* Control sets can be remapped at either synth_design or opt_design


3. Flip-Flop Distribution
-------------------------

+--------------+-----------------------+------------------------+-----------------+--------------+
| Clock Enable | Synchronous Set/Reset | Asynchronous Set/Reset | Total Registers | Total Slices |
+--------------+-----------------------+------------------------+-----------------+--------------+
| No           | No                    | No                     |             304 |           86 |
| No           | No                    | Yes                    |             445 |          121 |
| No           | Yes                   | No                     |             195 |          100 |
| Yes          | No                    | No                     |             734 |           99 |
| Yes          | No                    | Yes                    |            1033 |          124 |
| Yes          | Yes                   | No                     |             686 |          169 |
+--------------+-----------------------+------------------------+-----------------+--------------+


4. Detailed Control Set Information
-----------------------------------

+-----------------------------------------------+--------------------------------------------------------------------------------------------------------------------------------------------------------------------------------------------------------------+-------------------------------------------------------------------------------------------------------------------------------------------------------------------+------------------+----------------+--------------+
|                  Clock Signal                 |                                                                                                 Enable Signal                                                                                                |                                                                          Set/Reset Signal                                                                         | Slice Load Count | Bel Load Count | Bels / Slice |
+-----------------------------------------------+--------------------------------------------------------------------------------------------------------------------------------------------------------------------------------------------------------------+-------------------------------------------------------------------------------------------------------------------------------------------------------------------+------------------+----------------+--------------+
|  array_block_i/zynq_ultra_ps_e_0/inst/pl_clk0 |                                                                                                                                                                                                              | array_block_i/smartconnect_0/inst/m00_nodes/m00_ar_node/inst/s_sc_areset_pipe                                                                                     |                1 |              1 |         1.00 |
|  array_block_i/zynq_ultra_ps_e_0/inst/pl_clk0 |                                                                                                                                                                                                              | array_block_i/smartconnect_0/inst/m00_nodes/m00_aw_node/inst/s_sc_areset_pipe                                                                                     |                1 |              1 |         1.00 |
|  array_block_i/zynq_ultra_ps_e_0/inst/pl_clk0 |                                                                                                                                                                                                              | array_block_i/smartconnect_0/inst/m00_nodes/m00_b_node/inst/s_sc_areset_pipe                                                                                      |                1 |              1 |         1.00 |
|  array_block_i/zynq_ultra_ps_e_0/inst/pl_clk0 | array_block_i/smartconnect_0/inst/s00_entry_pipeline/s00_si_converter/inst/gen_normal.splitter_inst/gen_wsplitter.gen_wthread_loop[0].b_split_fifo/gen_srls[0].srl_nx1/shift                                 |                                                                                                                                                                   |                1 |              1 |         1.00 |
|  array_block_i/zynq_ultra_ps_e_0/inst/pl_clk0 |                                                                                                                                                                                                              | array_block_i/smartconnect_0/inst/switchboards/i_nodes/i_r_node/inst/s_sc_areset_pipe                                                                             |                1 |              1 |         1.00 |
|  array_block_i/zynq_ultra_ps_e_0/inst/pl_clk0 |                                                                                                                                                                                                              | array_block_i/smartconnect_0/inst/switchboards/i_nodes/i_aw_node/inst/s_sc_areset_pipe                                                                            |                1 |              1 |         1.00 |
|  array_block_i/zynq_ultra_ps_e_0/inst/pl_clk0 | array_block_i/smartconnect_0/inst/switchboards/i_nodes/i_aw_node/inst/inst_si_handler/gen_m_axis_arb_fifo.inst_axis_arb_fifo/gen_srls[0].srl_nx1/shift                                                       |                                                                                                                                                                   |                1 |              1 |         1.00 |
|  array_block_i/zynq_ultra_ps_e_0/inst/pl_clk0 |                                                                                                                                                                                                              | array_block_i/smartconnect_0/inst/switchboards/i_nodes/i_w_node/inst/s_sc_areset_pipe                                                                             |                1 |              1 |         1.00 |
|  array_block_i/zynq_ultra_ps_e_0/inst/pl_clk0 |                                                                                                                                                                                                              | array_block_i/smartconnect_0/inst/s00_nodes/s00_ar_node/inst/s_sc_areset_pipe                                                                                     |                1 |              1 |         1.00 |
|  array_block_i/zynq_ultra_ps_e_0/inst/pl_clk0 |                                                                                                                                                                                                              | array_block_i/smartconnect_0/inst/m00_nodes/m00_w_node/inst/s_sc_areset_pipe                                                                                      |                1 |              1 |         1.00 |
|  array_block_i/zynq_ultra_ps_e_0/inst/pl_clk0 |                                                                                                                                                                                                              | array_block_i/smartconnect_0/inst/s00_nodes/s00_aw_node/inst/s_sc_areset_pipe                                                                                     |                1 |              1 |         1.00 |
|  array_block_i/zynq_ultra_ps_e_0/inst/pl_clk0 |                                                                                                                                                                                                              | array_block_i/smartconnect_0/inst/s00_nodes/s00_b_node/inst/s_sc_areset_pipe                                                                                      |                1 |              1 |         1.00 |
|  array_block_i/zynq_ultra_ps_e_0/inst/pl_clk0 |                                                                                                                                                                                                              | array_block_i/smartconnect_0/inst/s00_nodes/s00_r_node/inst/s_sc_areset_pipe                                                                                      |                1 |              1 |         1.00 |
|  array_block_i/zynq_ultra_ps_e_0/inst/pl_clk0 |                                                                                                                                                                                                              | array_block_i/smartconnect_0/inst/s00_nodes/s00_w_node/inst/s_sc_areset_pipe                                                                                      |                1 |              1 |         1.00 |
|  array_block_i/zynq_ultra_ps_e_0/inst/pl_clk0 |                                                                                                                                                                                                              | array_block_i/smartconnect_0/inst/switchboards/i_nodes/i_b_node/inst/s_sc_areset_pipe                                                                             |                1 |              1 |         1.00 |
|  array_block_i/zynq_ultra_ps_e_0/inst/pl_clk0 |                                                                                                                                                                                                              | array_block_i/smartconnect_0/inst/switchboards/i_nodes/i_ar_node/inst/s_sc_areset_pipe                                                                            |                1 |              1 |         1.00 |
|  array_block_i/zynq_ultra_ps_e_0/inst/pl_clk0 |                                                                                                                                                                                                              | array_block_i/smartconnect_0/inst/m00_nodes/m00_r_node/inst/s_sc_areset_pipe                                                                                      |                1 |              1 |         1.00 |
|  array_block_i/zynq_ultra_ps_e_0/inst/pl_clk0 | array_block_i/smartconnect_0/inst/s00_entry_pipeline/s00_si_converter/inst/gen_normal.splitter_inst/gen_rsplitter.gen_rthread_loop[0].r_split_fifo/gen_srls[0].srl_nx1/shift                                 |                                                                                                                                                                   |                1 |              1 |         1.00 |
|  array_block_i/zynq_ultra_ps_e_0/inst/pl_clk0 |                                                                                                                                                                                                              | array_block_i/smartconnect_0/inst/switchboards/i_nodes/i_w_node/inst/inst_si_handler/areset_r                                                                     |                1 |              2 |         2.00 |
|  array_block_i/zynq_ultra_ps_e_0/inst/pl_clk0 |                                                                                                                                                                                                              | array_block_i/smartconnect_0/inst/s00_entry_pipeline/s00_transaction_regulator/inst/gen_endpoint.gen_w_singleorder.w_singleorder/gen_id_reg.aresetn_d_reg_n_0_[0] |                1 |              2 |         2.00 |
|  array_block_i/zynq_ultra_ps_e_0/inst/pl_clk0 |                                                                                                                                                                                                              | array_block_i/smartconnect_0/inst/s00_entry_pipeline/s00_transaction_regulator/inst/areset                                                                        |                1 |              2 |         2.00 |
|  array_block_i/zynq_ultra_ps_e_0/inst/pl_clk0 | array_block_i/smartconnect_0/inst/s00_entry_pipeline/s00_si_converter/inst/converter.low_area_converter.low_area_wrap_inst/ar_state[0]                                                                       | array_block_i/smartconnect_0/inst/s00_entry_pipeline/s00_si_converter/inst/areset                                                                                 |                1 |              2 |         2.00 |
|  array_block_i/zynq_ultra_ps_e_0/inst/pl_clk0 | array_block_i/axi_gpio_0/U0/AXI_LITE_IPIF_I/I_SLAVE_ATTACHMENT/is_read_i_1_n_0                                                                                                                               | array_block_i/axi_gpio_0/U0/AXI_LITE_IPIF_I/I_SLAVE_ATTACHMENT/SR[0]                                                                                              |                1 |              2 |         2.00 |
|  array_block_i/zynq_ultra_ps_e_0/inst/pl_clk0 | array_block_i/smartconnect_0/inst/s00_entry_pipeline/s00_si_converter/inst/converter.low_area_converter.low_area_wrap_inst/aw_state[0]                                                                       | array_block_i/smartconnect_0/inst/s00_entry_pipeline/s00_si_converter/inst/areset                                                                                 |                1 |              2 |         2.00 |
|  array_block_i/zynq_ultra_ps_e_0/inst/pl_clk0 | array_block_i/smartconnect_0/inst/s00_entry_pipeline/s00_si_converter/inst/converter.low_area_converter.low_area_wrap_inst/b_state[0]                                                                        | array_block_i/smartconnect_0/inst/s00_entry_pipeline/s00_si_converter/inst/areset                                                                                 |                1 |              2 |         2.00 |
|  array_block_i/zynq_ultra_ps_e_0/inst/pl_clk0 | array_block_i/smartconnect_0/inst/s00_entry_pipeline/s00_mmu/inst/aw_reg_stall/E[0]                                                                                                                          | array_block_i/smartconnect_0/inst/s00_entry_pipeline/s00_mmu/inst/areset                                                                                          |                2 |              2 |         1.00 |
|  array_block_i/zynq_ultra_ps_e_0/inst/pl_clk0 | array_block_i/smartconnect_0/inst/switchboards/i_nodes/i_w_node/inst/inst_mi_handler/gen_normal_area.inst_fifo_node_payld/gen_reg_fifo.inst_reg_fifo/E[0]                                                    |                                                                                                                                                                   |                1 |              2 |         2.00 |
|  array_block_i/zynq_ultra_ps_e_0/inst/pl_clk0 |                                                                                                                                                                                                              | array_block_i/smartconnect_0/inst/s00_entry_pipeline/s00_mmu/inst/areset_d                                                                                        |                1 |              2 |         2.00 |
|  array_block_i/zynq_ultra_ps_e_0/inst/pl_clk0 | array_block_i/smartconnect_0/inst/switchboards/i_nodes/i_w_node/inst/inst_mi_handler/gen_normal_area.inst_fifo_node_payld/gen_reg_fifo.inst_reg_fifo/E[0]                                                    | array_block_i/smartconnect_0/inst/switchboards/i_nodes/i_w_node/inst/inst_mi_handler/gen_normal_area.inst_fifo_node_payld/gen_reg_fifo.inst_reg_fifo/SR[0]        |                1 |              2 |         2.00 |
|  array_block_i/zynq_ultra_ps_e_0/inst/pl_clk0 |                                                                                                                                                                                                              | array_block_i/smartconnect_0/inst/m00_exit_pipeline/m00_exit/inst/exit_inst/gen_w_cmd_reg.aresetn_d_reg_n_0_[0]                                                   |                2 |              2 |         1.00 |
|  array_block_i/zynq_ultra_ps_e_0/inst/pl_clk0 | array_block_i/array_top_0/inst/u_ctrl/FSM_sequential_state_reg[1]_i_1_n_0                                                                                                                                    | array_block_i/axi_gpio_0/U0/gpio_core_1/gpio_io_o[0]                                                                                                              |                2 |              2 |         1.00 |
|  array_block_i/zynq_ultra_ps_e_0/inst/pl_clk0 | array_block_i/smartconnect_0/inst/switchboards/i_nodes/i_w_node/inst/inst_si_handler/gen_si_handler.gen_request_fifos.gen_req_fifo[0].inst_req_fifo/gen_xpm_memory_fifo.inst_fifo/wr_wea                     |                                                                                                                                                                   |                1 |              2 |         2.00 |
|  array_block_i/zynq_ultra_ps_e_0/inst/pl_clk0 | array_block_i/smartconnect_0/inst/s00_entry_pipeline/s00_si_converter/inst/gen_normal.splitter_inst/gen_wsplitter.wsplit_first_offset_fifo/gen_pipelined.load_mesg                                           |                                                                                                                                                                   |                1 |              2 |         2.00 |
|  array_block_i/zynq_ultra_ps_e_0/inst/pl_clk0 |                                                                                                                                                                                                              | array_block_i/smartconnect_0/inst/switchboards/i_nodes/i_aw_node/inst/inst_si_handler/areset_r                                                                    |                2 |              2 |         1.00 |
|  array_block_i/zynq_ultra_ps_e_0/inst/pl_clk0 | array_block_i/smartconnect_0/inst/s00_entry_pipeline/s00_si_converter/inst/gen_normal.splitter_inst/gen_wsplitter.wsplit_first_offset_fifo/gen_srls[3].srl_nx1/shift                                         |                                                                                                                                                                   |                1 |              2 |         2.00 |
|  array_block_i/zynq_ultra_ps_e_0/inst/pl_clk0 |                                                                                                                                                                                                              | array_block_i/smartconnect_0/inst/switchboards/i_nodes/i_w_node/inst/inst_mi_handler/areset_r                                                                     |                1 |              2 |         2.00 |
|  array_block_i/zynq_ultra_ps_e_0/inst/pl_clk0 | array_block_i/smartconnect_0/inst/s00_entry_pipeline/s00_si_converter/inst/converter.low_area_converter.low_area_wrap_inst/w_resp_fifo/FSM_sequential_b_state_reg[1]_0[0]                                    | array_block_i/smartconnect_0/inst/s00_entry_pipeline/s00_si_converter/inst/areset                                                                                 |                1 |              2 |         2.00 |
|  array_block_i/zynq_ultra_ps_e_0/inst/pl_clk0 |                                                                                                                                                                                                              | array_block_i/smartconnect_0/inst/switchboards/i_nodes/i_ar_node/inst/inst_mi_handler/areset_r                                                                    |                1 |              2 |         2.00 |
|  array_block_i/zynq_ultra_ps_e_0/inst/pl_clk0 |                                                                                                                                                                                                              | array_block_i/smartconnect_0/inst/switchboards/i_nodes/i_aw_node/inst/inst_mi_handler/areset_r                                                                    |                1 |              2 |         2.00 |
|  array_block_i/zynq_ultra_ps_e_0/inst/pl_clk0 | array_block_i/smartconnect_0/inst/s00_entry_pipeline/s00_si_converter/inst/gen_normal.splitter_inst/gen_wsplitter.wsplit_last_offset_fifo/gen_srls[3].srl_nx1/shift                                          |                                                                                                                                                                   |                1 |              2 |         2.00 |
|  array_block_i/zynq_ultra_ps_e_0/inst/pl_clk0 |                                                                                                                                                                                                              | array_block_i/smartconnect_0/inst/switchboards/i_nodes/i_b_node/inst/inst_mi_handler/areset_r                                                                     |                1 |              2 |         2.00 |
|  array_block_i/zynq_ultra_ps_e_0/inst/pl_clk0 | array_block_i/smartconnect_0/inst/s00_entry_pipeline/s00_si_converter/inst/gen_normal.splitter_inst/gen_wsplitter.wsplit_last_offset_fifo/gen_pipelined.load_mesg                                            |                                                                                                                                                                   |                1 |              2 |         2.00 |
|  array_block_i/zynq_ultra_ps_e_0/inst/pl_clk0 | array_block_i/smartconnect_0/inst/s00_entry_pipeline/s00_si_converter/inst/converter.low_area_converter.low_area_wrap_inst/p_1_in                                                                            | array_block_i/smartconnect_0/inst/s00_entry_pipeline/s00_si_converter/inst/gen_normal.splitter_inst/gen_wsplitter.gen_wthread_loop[0].b_split_fifo/SR[0]          |                1 |              2 |         2.00 |
|  array_block_i/zynq_ultra_ps_e_0/inst/pl_clk0 | array_block_i/smartconnect_0/inst/switchboards/i_nodes/i_ar_node/inst/inst_mi_handler/gen_normal_area.gen_fi_regulator.inst_fi_regulator/E[0]                                                                | array_block_i/smartconnect_0/inst/switchboards/i_nodes/i_ar_node/inst/inst_si_handler/areset_r                                                                    |                1 |              2 |         2.00 |
|  array_block_i/zynq_ultra_ps_e_0/inst/pl_clk0 | array_block_i/smartconnect_0/inst/switchboards/i_nodes/i_ar_node/inst/inst_si_handler/gen_si_handler.gen_arbiter_rr_minimal_area.inst_arbiter/E[0]                                                           | array_block_i/smartconnect_0/inst/switchboards/i_nodes/i_ar_node/inst/inst_si_handler/areset_r                                                                    |                1 |              2 |         2.00 |
|  array_block_i/zynq_ultra_ps_e_0/inst/pl_clk0 | array_block_i/smartconnect_0/inst/switchboards/i_nodes/i_aw_node/inst/inst_mi_handler/gen_normal_area.gen_fi_regulator.inst_fi_regulator/E[0]                                                                | array_block_i/smartconnect_0/inst/switchboards/i_nodes/i_aw_node/inst/inst_si_handler/areset_r                                                                    |                1 |              2 |         2.00 |
|  array_block_i/zynq_ultra_ps_e_0/inst/pl_clk0 | array_block_i/smartconnect_0/inst/m00_exit_pipeline/m00_exit/inst/splitter_inst/gen_axi4lite.axilite_conv/m_axi_bready_i1                                                                                    | array_block_i/smartconnect_0/inst/m00_exit_pipeline/m00_exit/inst/splitter_inst/gen_axi4lite.axilite_conv/s_axi_bresp_i[1]_i_1_n_0                                |                1 |              2 |         2.00 |
|  array_block_i/zynq_ultra_ps_e_0/inst/pl_clk0 | array_block_i/smartconnect_0/inst/switchboards/i_nodes/i_aw_node/inst/inst_si_handler/gen_m_axis_arb_fifo.inst_axis_arb_fifo/E[0]                                                                            | array_block_i/smartconnect_0/inst/switchboards/i_nodes/i_aw_node/inst/inst_si_handler/areset_r                                                                    |                1 |              2 |         2.00 |
|  array_block_i/zynq_ultra_ps_e_0/inst/pl_clk0 | array_block_i/smartconnect_0/inst/s00_entry_pipeline/s00_si_converter/inst/converter.low_area_converter.low_area_wrap_inst/bresp_accum[1]_i_1_n_0                                                            | array_block_i/smartconnect_0/inst/s00_entry_pipeline/s00_si_converter/inst/areset                                                                                 |                1 |              2 |         2.00 |
|  array_block_i/zynq_ultra_ps_e_0/inst/pl_clk0 | array_block_i/smartconnect_0/inst/switchboards/i_nodes/i_r_node/inst/inst_mi_handler/gen_normal_area.gen_fi_regulator.inst_fi_regulator/s_sc_valid                                                           | array_block_i/smartconnect_0/inst/switchboards/i_nodes/i_r_node/inst/inst_mi_handler/areset_r                                                                     |                2 |              2 |         1.00 |
|  array_block_i/zynq_ultra_ps_e_0/inst/pl_clk0 | array_block_i/smartconnect_0/inst/m00_exit_pipeline/m00_exit/inst/splitter_inst/gen_axi4lite.axilite_conv/r_state[0]                                                                                         | array_block_i/smartconnect_0/inst/m00_exit_pipeline/m00_exit/inst/areset                                                                                          |                1 |              2 |         2.00 |
|  array_block_i/zynq_ultra_ps_e_0/inst/pl_clk0 | array_block_i/smartconnect_0/inst/s00_entry_pipeline/s00_si_converter/inst/gen_normal.splitter_inst/gen_wsplitter.wsplit_last_offset_fifo/gen_pipelined.state[2]_i_1__1_n_0                                  | array_block_i/smartconnect_0/inst/s00_entry_pipeline/s00_si_converter/inst/areset                                                                                 |                1 |              3 |         3.00 |
|  array_block_i/zynq_ultra_ps_e_0/inst/pl_clk0 | array_block_i/smartconnect_0/inst/s00_entry_pipeline/s00_si_converter/inst/gen_normal.splitter_inst/gen_rsplitter.gen_rthread_loop[0].r_split_fifo/gen_pipelined.state[2]_i_1__2_n_0                         | array_block_i/smartconnect_0/inst/s00_entry_pipeline/s00_si_converter/inst/areset                                                                                 |                3 |              3 |         1.00 |
|  array_block_i/zynq_ultra_ps_e_0/inst/pl_clk0 |                                                                                                                                                                                                              | array_block_i/smartconnect_0/inst/switchboards/i_nodes/i_r_node/inst/inst_mi_handler/areset_r                                                                     |                2 |              3 |         1.50 |
|  array_block_i/zynq_ultra_ps_e_0/inst/pl_clk0 | array_block_i/smartconnect_0/inst/m00_exit_pipeline/m00_exit/inst/splitter_inst/gen_axi4lite.axilite_conv/m_aruser[0]                                                                                        | array_block_i/smartconnect_0/inst/m00_exit_pipeline/m00_exit/inst/areset                                                                                          |                2 |              3 |         1.50 |
|  array_block_i/zynq_ultra_ps_e_0/inst/pl_clk0 | array_block_i/smartconnect_0/inst/m00_exit_pipeline/m00_exit/inst/splitter_inst/gen_axi4lite.axilite_conv/w_state[0]                                                                                         | array_block_i/smartconnect_0/inst/m00_exit_pipeline/m00_exit/inst/areset                                                                                          |                1 |              3 |         3.00 |
|  array_block_i/zynq_ultra_ps_e_0/inst/pl_clk0 | array_block_i/smartconnect_0/inst/s00_entry_pipeline/s00_si_converter/inst/gen_normal.splitter_inst/gen_wsplitter.wsplit_first_offset_fifo/gen_pipelined.state[2]_i_1__0_n_0                                 | array_block_i/smartconnect_0/inst/s00_entry_pipeline/s00_si_converter/inst/areset                                                                                 |                2 |              3 |         1.50 |
|  array_block_i/zynq_ultra_ps_e_0/inst/pl_clk0 | array_block_i/smartconnect_0/inst/s00_entry_pipeline/s00_mmu/inst/aw_reg_stall/state                                                                                                                         | array_block_i/smartconnect_0/inst/s00_entry_pipeline/s00_mmu/inst/areset                                                                                          |                1 |              3 |         3.00 |
|  array_block_i/zynq_ultra_ps_e_0/inst/pl_clk0 | array_block_i/smartconnect_0/inst/s00_entry_pipeline/s00_si_converter/inst/gen_normal.splitter_inst/aw_cmd_reg/state                                                                                         | array_block_i/smartconnect_0/inst/s00_entry_pipeline/s00_si_converter/inst/areset                                                                                 |                2 |              3 |         1.50 |
|  array_block_i/zynq_ultra_ps_e_0/inst/pl_clk0 | array_block_i/smartconnect_0/inst/s00_entry_pipeline/s00_si_converter/inst/gen_normal.splitter_inst/gen_wsplitter.w_split_fifo/gen_pipelined.state[2]_i_1__3_n_0                                             | array_block_i/smartconnect_0/inst/s00_entry_pipeline/s00_si_converter/inst/areset                                                                                 |                2 |              3 |         1.50 |
|  array_block_i/zynq_ultra_ps_e_0/inst/pl_clk0 | array_block_i/smartconnect_0/inst/s00_entry_pipeline/s00_si_converter/inst/gen_normal.splitter_inst/ar_cmd_reg/state                                                                                         | array_block_i/smartconnect_0/inst/s00_entry_pipeline/s00_si_converter/inst/areset                                                                                 |                1 |              3 |         3.00 |
|  array_block_i/zynq_ultra_ps_e_0/inst/pl_clk0 | array_block_i/smartconnect_0/inst/s00_entry_pipeline/s00_si_converter/inst/gen_normal.splitter_inst/gen_wsplitter.gen_wthread_loop[0].b_split_fifo/gen_pipelined.state[2]_i_1_n_0                            | array_block_i/smartconnect_0/inst/s00_entry_pipeline/s00_si_converter/inst/areset                                                                                 |                2 |              3 |         1.50 |
|  array_block_i/zynq_ultra_ps_e_0/inst/pl_clk0 | array_block_i/array_top_0/inst/u_ctrl/k_cnt[0]                                                                                                                                                               | array_block_i/axi_gpio_0/U0/gpio_core_1/gpio_io_o[0]                                                                                                              |                1 |              3 |         3.00 |
|  array_block_i/zynq_ultra_ps_e_0/inst/pl_clk0 | array_block_i/smartconnect_0/inst/s00_entry_pipeline/s00_mmu/inst/gen_endpoint.decerr_slave_inst/gen_axi.gen_write.write_cs[0]                                                                               | array_block_i/smartconnect_0/inst/s00_entry_pipeline/s00_mmu/inst/areset                                                                                          |                1 |              3 |         3.00 |
|  array_block_i/zynq_ultra_ps_e_0/inst/pl_clk0 | array_block_i/smartconnect_0/inst/s00_entry_pipeline/s00_si_converter/inst/converter.low_area_converter.low_area_wrap_inst/w_resp_fifo/gen_pipelined.state[2]_i_1__4_n_0                                     | array_block_i/smartconnect_0/inst/s00_entry_pipeline/s00_si_converter/inst/areset                                                                                 |                3 |              3 |         1.00 |
|  array_block_i/zynq_ultra_ps_e_0/inst/pl_clk0 | array_block_i/smartconnect_0/inst/switchboards/i_nodes/i_w_node/inst/inst_si_handler/gen_si_handler.gen_request_fifos.gen_req_fifo[0].inst_req_fifo/gen_xpm_memory_fifo.inst_fifo/gen_pipelined.state_reg[1] | array_block_i/smartconnect_0/inst/switchboards/i_nodes/i_w_node/inst/inst_si_handler/areset_r                                                                     |                1 |              3 |         3.00 |
|  array_block_i/zynq_ultra_ps_e_0/inst/pl_clk0 | array_block_i/smartconnect_0/inst/s00_entry_pipeline/s00_mmu/inst/ar_reg_stall/state                                                                                                                         | array_block_i/smartconnect_0/inst/s00_entry_pipeline/s00_mmu/inst/areset                                                                                          |                1 |              3 |         3.00 |
|  array_block_i/zynq_ultra_ps_e_0/inst/pl_clk0 | array_block_i/smartconnect_0/inst/switchboards/i_nodes/i_aw_node/inst/inst_si_handler/gen_m_axis_arb_fifo.inst_axis_arb_fifo/gen_pipelined.state[1]_i_1_n_0                                                  | array_block_i/smartconnect_0/inst/switchboards/i_nodes/i_aw_node/inst/inst_si_handler/areset_r                                                                    |                1 |              3 |         3.00 |
|  array_block_i/zynq_ultra_ps_e_0/inst/pl_clk0 | array_block_i/smartconnect_0/inst/switchboards/i_nodes/i_b_node/inst/inst_mi_handler/gen_normal_area.inst_fifo_node_payld/gen_reg_fifo.inst_reg_fifo/gen_single_rank.inst_cntr/E[0]                          |                                                                                                                                                                   |                2 |              3 |         1.50 |
|  array_block_i/zynq_ultra_ps_e_0/inst/pl_clk0 |                                                                                                                                                                                                              | array_block_i/proc_sys_reset_0/U0/EXT_LPF/lpf_int                                                                                                                 |                3 |              4 |         1.33 |
|  array_block_i/zynq_ultra_ps_e_0/inst/pl_clk0 | array_block_i/smartconnect_0/inst/s00_entry_pipeline/s00_si_converter/inst/gen_normal.splitter_inst/gen_wsplitter.gen_wthread_loop[0].b_split_fifo/fifoaddr[3]_i_1_n_0                                       | array_block_i/smartconnect_0/inst/s00_entry_pipeline/s00_si_converter/inst/areset                                                                                 |                1 |              4 |         4.00 |
|  array_block_i/zynq_ultra_ps_e_0/inst/pl_clk0 |                                                                                                                                                                                                              | array_block_i/axi_gpio_0/U0/AXI_LITE_IPIF_I/I_SLAVE_ATTACHMENT/clear                                                                                              |                1 |              4 |         4.00 |
|  array_block_i/zynq_ultra_ps_e_0/inst/pl_clk0 | array_block_i/smartconnect_0/inst/switchboards/i_nodes/i_aw_node/inst/inst_si_handler/gen_m_axis_arb_fifo.inst_axis_arb_fifo/fifoaddr[3]_i_1_n_0                                                             | array_block_i/smartconnect_0/inst/switchboards/i_nodes/i_aw_node/inst/inst_si_handler/areset_r                                                                    |                1 |              4 |         4.00 |
|  array_block_i/zynq_ultra_ps_e_0/inst/pl_clk0 | array_block_i/smartconnect_0/inst/s00_entry_pipeline/s00_si_converter/inst/gen_normal.splitter_inst/gen_rsplitter.gen_rthread_loop[0].r_split_fifo/fifoaddr[3]_i_1__3_n_0                                    | array_block_i/smartconnect_0/inst/s00_entry_pipeline/s00_si_converter/inst/areset                                                                                 |                1 |              4 |         4.00 |
|  array_block_i/zynq_ultra_ps_e_0/inst/pl_clk0 | array_block_i/smartconnect_0/inst/s00_entry_pipeline/s00_mmu/inst/ar_reg_stall/E[0]                                                                                                                          | array_block_i/smartconnect_0/inst/s00_entry_pipeline/s00_mmu/inst/areset                                                                                          |                1 |              4 |         4.00 |
|  array_block_i/zynq_ultra_ps_e_0/inst/pl_clk0 |                                                                                                                                                                                                              | array_block_i/smartconnect_0/inst/clk_map/psr_aclk/U0/EXT_LPF/lpf_int                                                                                             |                2 |              4 |         2.00 |
|  array_block_i/zynq_ultra_ps_e_0/inst/pl_clk0 | array_block_i/smartconnect_0/inst/s00_entry_pipeline/s00_si_converter/inst/converter.low_area_converter.low_area_wrap_inst/read_bytes[3]_i_1_n_0                                                             | array_block_i/smartconnect_0/inst/s00_entry_pipeline/s00_si_converter/inst/areset                                                                                 |                2 |              4 |         2.00 |
|  array_block_i/zynq_ultra_ps_e_0/inst/pl_clk0 | array_block_i/smartconnect_0/inst/s00_entry_pipeline/s00_si_converter/inst/gen_normal.splitter_inst/gen_wsplitter.wsplit_last_offset_fifo/fifoaddr[3]_i_1__1_n_0                                             | array_block_i/smartconnect_0/inst/s00_entry_pipeline/s00_si_converter/inst/areset                                                                                 |                1 |              4 |         4.00 |
|  array_block_i/zynq_ultra_ps_e_0/inst/pl_clk0 | array_block_i/smartconnect_0/inst/s00_entry_pipeline/s00_si_converter/inst/gen_normal.splitter_inst/gen_wsplitter.wsplit_first_offset_fifo/fifoaddr[3]_i_1__0_n_0                                            | array_block_i/smartconnect_0/inst/s00_entry_pipeline/s00_si_converter/inst/areset                                                                                 |                2 |              4 |         2.00 |
|  array_block_i/zynq_ultra_ps_e_0/inst/pl_clk0 | array_block_i/smartconnect_0/inst/s00_entry_pipeline/s00_si_converter/inst/gen_normal.splitter_inst/gen_wsplitter.w_split_fifo/fifoaddr[3]_i_1__2_n_0                                                        | array_block_i/smartconnect_0/inst/s00_entry_pipeline/s00_si_converter/inst/areset                                                                                 |                1 |              4 |         4.00 |
|  array_block_i/zynq_ultra_ps_e_0/inst/pl_clk0 | array_block_i/axi_gpio_0/U0/AXI_LITE_IPIF_I/I_SLAVE_ATTACHMENT/bus2ip_addr_i[8]_i_1_n_0                                                                                                                      | array_block_i/axi_gpio_0/U0/AXI_LITE_IPIF_I/I_SLAVE_ATTACHMENT/SR[0]                                                                                              |                2 |              4 |         2.00 |
|  array_block_i/zynq_ultra_ps_e_0/inst/pl_clk0 | array_block_i/axi_gpio_0/U0/AXI_LITE_IPIF_I/I_SLAVE_ATTACHMENT/start2                                                                                                                                        | array_block_i/axi_gpio_0/U0/AXI_LITE_IPIF_I/I_SLAVE_ATTACHMENT/I_DECODER/cs_ce_clr                                                                                |                1 |              4 |         4.00 |
|  array_block_i/zynq_ultra_ps_e_0/inst/pl_clk0 | array_block_i/array_top_0/inst/u_ctrl/next_state[0]                                                                                                                                                          | array_block_i/axi_gpio_0/U0/gpio_core_1/gpio_io_o[0]                                                                                                              |                1 |              4 |         4.00 |
|  array_block_i/zynq_ultra_ps_e_0/inst/pl_clk0 | array_block_i/smartconnect_0/inst/s00_entry_pipeline/s00_si_converter/inst/converter.low_area_converter.low_area_wrap_inst/w_resp_fifo/fifoaddr[4]_i_1_n_0                                                   | array_block_i/smartconnect_0/inst/s00_entry_pipeline/s00_si_converter/inst/areset                                                                                 |                2 |              5 |         2.50 |
|  array_block_i/zynq_ultra_ps_e_0/inst/pl_clk0 | array_block_i/smartconnect_0/inst/s00_entry_pipeline/s00_si_converter/inst/gen_normal.splitter_inst/ar_cmd_reg/E[0]                                                                                          | array_block_i/smartconnect_0/inst/s00_entry_pipeline/s00_si_converter/inst/areset                                                                                 |                1 |              5 |         5.00 |
|  array_block_i/zynq_ultra_ps_e_0/inst/pl_clk0 | array_block_i/smartconnect_0/inst/s00_entry_pipeline/s00_si_converter/inst/gen_normal.splitter_inst/gen_wsplitter.w_acceptance[4]_i_1_n_0                                                                    | array_block_i/smartconnect_0/inst/s00_entry_pipeline/s00_si_converter/inst/areset                                                                                 |                1 |              5 |         5.00 |
|  array_block_i/zynq_ultra_ps_e_0/inst/pl_clk0 | array_block_i/proc_sys_reset_0/U0/SEQ/seq_cnt_en                                                                                                                                                             | array_block_i/proc_sys_reset_0/U0/SEQ/seq_clr                                                                                                                     |                1 |              6 |         6.00 |
|  array_block_i/zynq_ultra_ps_e_0/inst/pl_clk0 | array_block_i/smartconnect_0/inst/clk_map/psr_aclk/U0/SEQ/seq_cnt_en                                                                                                                                         | array_block_i/smartconnect_0/inst/clk_map/psr_aclk/U0/SEQ/seq_clr                                                                                                 |                2 |              6 |         3.00 |
|  array_block_i/zynq_ultra_ps_e_0/inst/pl_clk0 | array_block_i/smartconnect_0/inst/s00_entry_pipeline/s00_si_converter/inst/converter.low_area_converter.low_area_wrap_inst/num_outstanding_bursts_read[0]                                                    | array_block_i/smartconnect_0/inst/s00_entry_pipeline/s00_si_converter/inst/areset                                                                                 |                2 |              6 |         3.00 |
|  array_block_i/zynq_ultra_ps_e_0/inst/pl_clk0 | array_block_i/smartconnect_0/inst/s00_entry_pipeline/s00_si_converter/inst/converter.low_area_converter.low_area_wrap_inst/num_outstanding_writes[0]                                                         | array_block_i/smartconnect_0/inst/s00_entry_pipeline/s00_si_converter/inst/areset                                                                                 |                2 |              6 |         3.00 |
|  array_block_i/zynq_ultra_ps_e_0/inst/pl_clk0 | array_block_i/smartconnect_0/inst/s00_entry_pipeline/s00_si_converter/inst/converter.low_area_converter.low_area_wrap_inst/r_state[0]                                                                        | array_block_i/smartconnect_0/inst/s00_entry_pipeline/s00_si_converter/inst/areset                                                                                 |                4 |              6 |         1.50 |
|  array_block_i/zynq_ultra_ps_e_0/inst/pl_clk0 | array_block_i/smartconnect_0/inst/s00_nodes/s00_w_node/inst/inst_mi_handler/m_sc_req[0]                                                                                                                      | array_block_i/smartconnect_0/inst/switchboards/i_nodes/i_w_node/inst/inst_si_handler/areset_r                                                                     |                2 |              6 |         3.00 |
|  array_block_i/zynq_ultra_ps_e_0/inst/pl_clk0 |                                                                                                                                                                                                              | array_block_i/smartconnect_0/inst/s00_entry_pipeline/s00_si_converter/inst/gen_normal.splitter_inst/gen_wsplitter.sr_axi_awlen_d[5]_i_1_n_0                       |                4 |              6 |         1.50 |
|  array_block_i/zynq_ultra_ps_e_0/inst/pl_clk0 | array_block_i/smartconnect_0/inst/s00_entry_pipeline/s00_si_converter/inst/converter.low_area_converter.low_area_wrap_inst/w_resp_fifo/E[0]                                                                  | array_block_i/smartconnect_0/inst/s00_entry_pipeline/s00_si_converter/inst/areset                                                                                 |                4 |              6 |         1.50 |
|  array_block_i/zynq_ultra_ps_e_0/inst/pl_clk0 | array_block_i/smartconnect_0/inst/s00_entry_pipeline/s00_si_converter/inst/converter.low_area_converter.low_area_wrap_inst/num_outstanding_writes_resp[0]                                                    | array_block_i/smartconnect_0/inst/s00_entry_pipeline/s00_si_converter/inst/areset                                                                                 |                2 |              6 |         3.00 |
|  array_block_i/zynq_ultra_ps_e_0/inst/pl_clk0 | array_block_i/smartconnect_0/inst/s00_entry_pipeline/s00_si_converter/inst/gen_normal.splitter_inst/gen_wsplitter.w_split_fifo/gen_srls[8].srl_nx1/shift                                                     |                                                                                                                                                                   |                1 |              7 |         7.00 |
|  array_block_i/zynq_ultra_ps_e_0/inst/pl_clk0 | array_block_i/smartconnect_0/inst/s00_entry_pipeline/s00_si_converter/inst/gen_normal.splitter_inst/gen_wsplitter.w_split_fifo/gen_pipelined.load_mesg                                                       |                                                                                                                                                                   |                1 |              7 |         7.00 |
|  array_block_i/zynq_ultra_ps_e_0/inst/pl_clk0 | array_block_i/smartconnect_0/inst/m00_exit_pipeline/m00_exit/inst/splitter_inst/gen_axi4lite.axilite_conv/ar_addr_d[8]_i_1_n_0                                                                               | array_block_i/smartconnect_0/inst/m00_exit_pipeline/m00_exit/inst/areset                                                                                          |                2 |              7 |         3.50 |
|  array_block_i/zynq_ultra_ps_e_0/inst/pl_clk0 | array_block_i/smartconnect_0/inst/m00_exit_pipeline/m00_exit/inst/splitter_inst/gen_axi4lite.axilite_conv/aw_addr[8]_i_1_n_0                                                                                 | array_block_i/smartconnect_0/inst/m00_exit_pipeline/m00_exit/inst/areset                                                                                          |                2 |              7 |         3.50 |
|  array_block_i/zynq_ultra_ps_e_0/inst/pl_clk0 | array_block_i/axi_gpio_0/U0/AXI_LITE_IPIF_I/I_SLAVE_ATTACHMENT/I_DECODER/E[0]                                                                                                                                | array_block_i/axi_gpio_0/U0/AXI_LITE_IPIF_I/I_SLAVE_ATTACHMENT/SR[0]                                                                                              |                4 |              7 |         1.75 |
|  array_block_i/zynq_ultra_ps_e_0/inst/pl_clk0 | array_block_i/smartconnect_0/inst/m00_exit_pipeline/m00_exit/inst/splitter_inst/gen_axi4lite.axilite_conv/r_beats[7]_i_1_n_0                                                                                 | array_block_i/smartconnect_0/inst/m00_exit_pipeline/m00_exit/inst/areset                                                                                          |                3 |              8 |         2.67 |
|  array_block_i/zynq_ultra_ps_e_0/inst/pl_clk0 | array_block_i/smartconnect_0/inst/s00_entry_pipeline/s00_mmu/inst/gen_endpoint.decerr_slave_inst/gen_axi.gen_read.read_cnt[7]_i_1_n_0                                                                        | array_block_i/smartconnect_0/inst/s00_entry_pipeline/s00_mmu/inst/areset                                                                                          |                2 |              8 |         4.00 |
|  array_block_i/zynq_ultra_ps_e_0/inst/pl_clk0 | array_block_i/smartconnect_0/inst/s00_entry_pipeline/s00_si_converter/inst/gen_normal.splitter_inst/aw_cmd_reg/skid_buffer[1136]_i_1_n_0                                                                     |                                                                                                                                                                   |                3 |              8 |         2.67 |
|  array_block_i/zynq_ultra_ps_e_0/inst/pl_clk0 | array_block_i/smartconnect_0/inst/s00_entry_pipeline/s00_si_converter/inst/converter.low_area_converter.low_area_wrap_inst/first_rd_iterations[7]_i_1_n_0                                                    | array_block_i/smartconnect_0/inst/s00_entry_pipeline/s00_si_converter/inst/areset                                                                                 |                6 |              8 |         1.33 |
|  array_block_i/zynq_ultra_ps_e_0/inst/pl_clk0 | array_block_i/smartconnect_0/inst/s00_entry_pipeline/s00_si_converter/inst/gen_normal.splitter_inst/aw_cmd_reg/m_vector_i[0]                                                                                 |                                                                                                                                                                   |                3 |              8 |         2.67 |
|  array_block_i/zynq_ultra_ps_e_0/inst/pl_clk0 | array_block_i/smartconnect_0/inst/s00_entry_pipeline/s00_si_converter/inst/gen_normal.splitter_inst/aw_cmd_reg/E[0]                                                                                          |                                                                                                                                                                   |                3 |              8 |         2.67 |
|  array_block_i/zynq_ultra_ps_e_0/inst/pl_clk0 | array_block_i/smartconnect_0/inst/s00_entry_pipeline/s00_si_converter/inst/converter.low_area_converter.low_area_wrap_inst/r_state__1[2]                                                                     | array_block_i/smartconnect_0/inst/s00_entry_pipeline/s00_si_converter/inst/areset                                                                                 |                3 |              8 |         2.67 |
|  array_block_i/zynq_ultra_ps_e_0/inst/pl_clk0 | array_block_i/smartconnect_0/inst/s00_entry_pipeline/s00_si_converter/inst/converter.low_area_converter.low_area_wrap_inst/si_rd_count[7]_i_1_n_0                                                            | array_block_i/smartconnect_0/inst/s00_entry_pipeline/s00_si_converter/inst/areset                                                                                 |                3 |              8 |         2.67 |
|  array_block_i/zynq_ultra_ps_e_0/inst/pl_clk0 | array_block_i/smartconnect_0/inst/switchboards/i_nodes/i_aw_node/inst/inst_si_handler/gen_si_handler.gen_arbiter_rr_minimal_area.inst_arbiter/grant_i_reg[0]_1[0]                                            |                                                                                                                                                                   |                3 |              8 |         2.67 |
|  array_block_i/zynq_ultra_ps_e_0/inst/pl_clk0 | array_block_i/smartconnect_0/inst/s00_entry_pipeline/s00_si_converter/inst/gen_normal.splitter_inst/ar_cmd_reg/gen_rsplitter.ar_split_state_reg[0]                                                           |                                                                                                                                                                   |                3 |              8 |         2.67 |
|  array_block_i/zynq_ultra_ps_e_0/inst/pl_clk0 | array_block_i/smartconnect_0/inst/s00_entry_pipeline/s00_si_converter/inst/converter.low_area_converter.low_area_wrap_inst/w_resp_fifo/gen_srls[9].srl_nx1/shift                                             |                                                                                                                                                                   |                2 |              9 |         4.50 |
|  array_block_i/zynq_ultra_ps_e_0/inst/pl_clk0 | array_block_i/smartconnect_0/inst/s00_entry_pipeline/s00_si_converter/inst/converter.low_area_converter.low_area_wrap_inst/conv_size[0]                                                                      | array_block_i/smartconnect_0/inst/s00_entry_pipeline/s00_si_converter/inst/areset                                                                                 |                4 |              9 |         2.25 |
|  array_block_i/zynq_ultra_ps_e_0/inst/pl_clk0 | array_block_i/smartconnect_0/inst/s00_entry_pipeline/s00_si_converter/inst/converter.low_area_converter.low_area_wrap_inst/w_resp_fifo/gen_pipelined.load_mesg                                               |                                                                                                                                                                   |                3 |              9 |         3.00 |
|  array_block_i/zynq_ultra_ps_e_0/inst/pl_clk0 | array_block_i/smartconnect_0/inst/s00_entry_pipeline/s00_si_converter/inst/converter.low_area_converter.low_area_wrap_inst/b_cnt[8]_i_1_n_0                                                                  | array_block_i/smartconnect_0/inst/s00_entry_pipeline/s00_si_converter/inst/areset                                                                                 |                3 |              9 |         3.00 |
|  array_block_i/zynq_ultra_ps_e_0/inst/pl_clk0 | array_block_i/smartconnect_0/inst/s00_entry_pipeline/s00_si_converter/inst/gen_normal.splitter_inst/gen_wsplitter.w_split_fifo/E[0]                                                                          | array_block_i/smartconnect_0/inst/s00_entry_pipeline/s00_si_converter/inst/areset                                                                                 |                3 |              9 |         3.00 |
|  array_block_i/zynq_ultra_ps_e_0/inst/pl_clk0 | array_block_i/smartconnect_0/inst/m00_exit_pipeline/m00_exit/inst/splitter_inst/gen_axi4lite.axilite_conv/ar_cnt[8]_i_1_n_0                                                                                  | array_block_i/smartconnect_0/inst/m00_exit_pipeline/m00_exit/inst/areset                                                                                          |                3 |              9 |         3.00 |
|  array_block_i/zynq_ultra_ps_e_0/inst/pl_clk0 | array_block_i/smartconnect_0/inst/m00_exit_pipeline/m00_exit/inst/splitter_inst/gen_axi4lite.axilite_conv/b_cnt[0]                                                                                           | array_block_i/smartconnect_0/inst/m00_exit_pipeline/m00_exit/inst/splitter_inst/gen_axi4lite.axilite_conv/b_cnt[8]_i_1_n_0                                        |                2 |              9 |         4.50 |
|  array_block_i/zynq_ultra_ps_e_0/inst/pl_clk0 | array_block_i/smartconnect_0/inst/s00_entry_pipeline/s00_si_converter/inst/converter.low_area_converter.low_area_wrap_inst/w_cnt[8]_i_1_n_0                                                                  | array_block_i/smartconnect_0/inst/s00_entry_pipeline/s00_si_converter/inst/areset                                                                                 |                4 |              9 |         2.25 |
|  array_block_i/zynq_ultra_ps_e_0/inst/pl_clk0 | array_block_i/smartconnect_0/inst/m00_exit_pipeline/m00_exit/inst/splitter_inst/gen_axi4lite.axilite_conv/w_cnt[8]_i_1_n_0                                                                                   | array_block_i/smartconnect_0/inst/m00_exit_pipeline/m00_exit/inst/areset                                                                                          |                3 |              9 |         3.00 |
|  array_block_i/zynq_ultra_ps_e_0/inst/pl_clk0 | array_block_i/smartconnect_0/inst/s00_entry_pipeline/s00_si_converter/inst/converter.low_area_converter.low_area_wrap_inst/gen_rsplitter.ar_split_state_reg                                                  |                                                                                                                                                                   |                6 |              9 |         1.50 |
|  array_block_i/zynq_ultra_ps_e_0/inst/pl_clk0 | array_block_i/smartconnect_0/inst/s00_entry_pipeline/s00_si_converter/inst/converter.low_area_converter.low_area_wrap_inst/gen_wsplitter.aw_split_state_reg_0                                                |                                                                                                                                                                   |                6 |              9 |         1.50 |
|  array_block_i/zynq_ultra_ps_e_0/inst/pl_clk0 | array_block_i/smartconnect_0/inst/s00_entry_pipeline/s00_si_converter/inst/converter.low_area_converter.low_area_wrap_inst/w_resp_fifo/aw_done_reg[0]                                                        | array_block_i/smartconnect_0/inst/s00_entry_pipeline/s00_si_converter/inst/areset                                                                                 |                4 |             10 |         2.50 |
|  array_block_i/zynq_ultra_ps_e_0/inst/pl_clk0 |                                                                                                                                                                                                              | array_block_i/smartconnect_0/inst/s00_entry_pipeline/s00_mmu/inst/areset                                                                                          |                7 |             10 |         1.43 |
|  array_block_i/zynq_ultra_ps_e_0/inst/pl_clk0 | array_block_i/smartconnect_0/inst/s00_entry_pipeline/s00_si_converter/inst/converter.low_area_converter.low_area_wrap_inst/s_rvalid_i_i_1_n_0                                                                | array_block_i/smartconnect_0/inst/s00_entry_pipeline/s00_si_converter/inst/areset                                                                                 |                4 |             11 |         2.75 |
|  array_block_i/zynq_ultra_ps_e_0/inst/pl_clk0 | array_block_i/smartconnect_0/inst/s00_entry_pipeline/s00_si_converter/inst/converter.low_area_converter.low_area_wrap_inst/w_wrap_last_awaddr[0]                                                             | array_block_i/smartconnect_0/inst/s00_entry_pipeline/s00_si_converter/inst/areset                                                                                 |                2 |             12 |         6.00 |
|  array_block_i/zynq_ultra_ps_e_0/inst/pl_clk0 | array_block_i/smartconnect_0/inst/s00_entry_pipeline/s00_si_converter/inst/converter.low_area_converter.low_area_wrap_inst/next_awaddr_i[0]                                                                  | array_block_i/smartconnect_0/inst/s00_entry_pipeline/s00_si_converter/inst/areset                                                                                 |                2 |             12 |         6.00 |
|  array_block_i/zynq_ultra_ps_e_0/inst/pl_clk0 | array_block_i/smartconnect_0/inst/s00_entry_pipeline/s00_si_converter/inst/converter.low_area_converter.low_area_wrap_inst/conv_araddr[11]_i_1_n_0                                                           | array_block_i/smartconnect_0/inst/s00_entry_pipeline/s00_si_converter/inst/areset                                                                                 |                6 |             12 |         2.00 |
|  array_block_i/zynq_ultra_ps_e_0/inst/pl_clk0 | array_block_i/smartconnect_0/inst/s00_entry_pipeline/s00_si_converter/inst/converter.low_area_converter.low_area_wrap_inst/conv_addr_i[11]_i_1_n_0                                                           | array_block_i/smartconnect_0/inst/s00_entry_pipeline/s00_si_converter/inst/areset                                                                                 |                4 |             12 |         3.00 |
|  array_block_i/zynq_ultra_ps_e_0/inst/pl_clk0 | array_block_i/smartconnect_0/inst/s00_entry_pipeline/s00_si_converter/inst/converter.low_area_converter.low_area_wrap_inst/r_wrap_last_araddr[0]                                                             | array_block_i/smartconnect_0/inst/s00_entry_pipeline/s00_si_converter/inst/areset                                                                                 |                2 |             12 |         6.00 |
|  array_block_i/zynq_ultra_ps_e_0/inst/pl_clk0 | array_block_i/smartconnect_0/inst/s00_entry_pipeline/s00_si_converter/inst/converter.low_area_converter.low_area_wrap_inst/w_wrap_awaddr[0]                                                                  | array_block_i/smartconnect_0/inst/s00_entry_pipeline/s00_si_converter/inst/areset                                                                                 |                7 |             12 |         1.71 |
|  array_block_i/zynq_ultra_ps_e_0/inst/pl_clk0 | array_block_i/smartconnect_0/inst/s00_entry_pipeline/s00_si_converter/inst/converter.low_area_converter.low_area_wrap_inst/r_cnt[12]_i_1_n_0                                                                 | array_block_i/smartconnect_0/inst/s00_entry_pipeline/s00_si_converter/inst/areset                                                                                 |                4 |             13 |         3.25 |
|  array_block_i/zynq_ultra_ps_e_0/inst/pl_clk0 | array_block_i/smartconnect_0/inst/s00_entry_pipeline/s00_si_converter/inst/gen_normal.splitter_inst/ar_cmd_reg/m_vector_i[0]                                                                                 |                                                                                                                                                                   |                5 |             16 |         3.20 |
|  array_block_i/zynq_ultra_ps_e_0/inst/pl_clk0 | array_block_i/smartconnect_0/inst/s00_entry_pipeline/s00_si_converter/inst/gen_normal.splitter_inst/ar_cmd_reg/skid_buffer[1136]_i_1__0_n_0                                                                  |                                                                                                                                                                   |                7 |             16 |         2.29 |
|  array_block_i/zynq_ultra_ps_e_0/inst/pl_clk0 | array_block_i/smartconnect_0/inst/s00_entry_pipeline/s00_transaction_regulator/inst/gen_endpoint.gen_w_singleorder.w_singleorder/gen_id_reg.s_rid_i0                                                         |                                                                                                                                                                   |                4 |             16 |         4.00 |
|  array_block_i/zynq_ultra_ps_e_0/inst/pl_clk0 | array_block_i/smartconnect_0/inst/s00_entry_pipeline/s00_transaction_regulator/inst/gen_endpoint.gen_r_singleorder.r_singleorder/gen_id_reg.s_rid_i0                                                         |                                                                                                                                                                   |                2 |             16 |         8.00 |
|  array_block_i/zynq_ultra_ps_e_0/inst/pl_clk0 |                                                                                                                                                                                                              | array_block_i/smartconnect_0/inst/m00_exit_pipeline/m00_exit/inst/areset                                                                                          |                9 |             16 |         1.78 |
|  array_block_i/zynq_ultra_ps_e_0/inst/pl_clk0 | array_block_i/smartconnect_0/inst/switchboards/i_nodes/i_ar_node/inst/inst_si_handler/gen_si_handler.gen_arbiter_rr_minimal_area.inst_arbiter/s_sc_handshake[0]                                              |                                                                                                                                                                   |                6 |             16 |         2.67 |
|  array_block_i/zynq_ultra_ps_e_0/inst/pl_clk0 | array_block_i/smartconnect_0/inst/s00_entry_pipeline/s00_mmu/inst/gen_endpoint.decerr_slave_inst/gen_axi.gen_write.s_axi_bid_i[15]_i_1_n_0                                                                   | array_block_i/smartconnect_0/inst/s00_entry_pipeline/s00_mmu/inst/areset                                                                                          |                4 |             16 |         4.00 |
|  array_block_i/zynq_ultra_ps_e_0/inst/pl_clk0 | array_block_i/smartconnect_0/inst/s00_entry_pipeline/s00_mmu/inst/gen_endpoint.decerr_slave_inst/gen_axi.gen_read.s_axi_rid_i[15]_i_1_n_0                                                                    | array_block_i/smartconnect_0/inst/s00_entry_pipeline/s00_mmu/inst/areset                                                                                          |                2 |             16 |         8.00 |
|  array_block_i/zynq_ultra_ps_e_0/inst/pl_clk0 | array_block_i/smartconnect_0/inst/s00_entry_pipeline/s00_si_converter/inst/converter.low_area_converter.low_area_wrap_inst/max_read_bytes[0]                                                                 | array_block_i/smartconnect_0/inst/s00_entry_pipeline/s00_si_converter/inst/areset                                                                                 |                8 |             17 |         2.12 |
|  array_block_i/zynq_ultra_ps_e_0/inst/pl_clk0 | array_block_i/smartconnect_0/inst/s00_entry_pipeline/s00_si_converter/inst/converter.low_area_converter.low_area_wrap_inst/aw_user[0]                                                                        | array_block_i/smartconnect_0/inst/s00_entry_pipeline/s00_si_converter/inst/areset                                                                                 |               14 |             26 |         1.86 |
|  array_block_i/zynq_ultra_ps_e_0/inst/pl_clk0 |                                                                                                                                                                                                              | array_block_i/smartconnect_0/inst/s00_entry_pipeline/s00_si_converter/inst/areset                                                                                 |               24 |             30 |         1.25 |
|  array_block_i/zynq_ultra_ps_e_0/inst/pl_clk0 | array_block_i/array_top_0/inst/u_matmul/ROW[0].COL[0].u_pe/u_mac/mult_reg/valid_out_reg_0[0]                                                                                                                 | array_block_i/axi_gpio_0/U0/gpio_core_1/gpio_io_o[0]                                                                                                              |                9 |             32 |         3.56 |
|  array_block_i/zynq_ultra_ps_e_0/inst/pl_clk0 | array_block_i/smartconnect_0/inst/s00_entry_pipeline/s00_si_converter/inst/converter.low_area_converter.low_area_wrap_inst/r_burst_bytes[0]                                                                  | array_block_i/smartconnect_0/inst/s00_entry_pipeline/s00_si_converter/inst/areset                                                                                 |               10 |             32 |         3.20 |
|  array_block_i/zynq_ultra_ps_e_0/inst/pl_clk0 | array_block_i/array_top_0/inst/u_matmul/ROW[2].COL[1].u_pe/u_mac/mult_reg/E[0]                                                                                                                               | array_block_i/axi_gpio_0/U0/gpio_core_1/gpio_io_o[0]                                                                                                              |                9 |             32 |         3.56 |
|  array_block_i/zynq_ultra_ps_e_0/inst/pl_clk0 | array_block_i/array_top_0/inst/u_matmul/ROW[2].COL[1].u_pe/u_mac/mult_reg/valid_out_reg_0[0]                                                                                                                 | array_block_i/axi_gpio_0/U0/gpio_core_1/gpio_io_o[0]                                                                                                              |                9 |             32 |         3.56 |
|  array_block_i/zynq_ultra_ps_e_0/inst/pl_clk0 | array_block_i/array_top_0/inst/u_matmul/ROW[1].COL[3].u_pe/u_mac/mult_reg/valid_out_reg_0[0]                                                                                                                 | array_block_i/axi_gpio_0/U0/gpio_core_1/gpio_io_o[0]                                                                                                              |               10 |             32 |         3.20 |
|  array_block_i/zynq_ultra_ps_e_0/inst/pl_clk0 | array_block_i/array_top_0/inst/u_matmul/ROW[1].COL[3].u_pe/u_mac/mult_reg/valid_out_reg_1[0]                                                                                                                 | array_block_i/axi_gpio_0/U0/gpio_core_1/gpio_io_o[0]                                                                                                              |               10 |             32 |         3.20 |
|  array_block_i/zynq_ultra_ps_e_0/inst/pl_clk0 | array_block_i/array_top_0/inst/u_matmul/ROW[2].COL[0].u_pe/u_mac/mult_reg/E[0]                                                                                                                               | array_block_i/axi_gpio_0/U0/gpio_core_1/gpio_io_o[0]                                                                                                              |                7 |             32 |         4.57 |
|  array_block_i/zynq_ultra_ps_e_0/inst/pl_clk0 | array_block_i/array_top_0/inst/u_matmul/ROW[2].COL[0].u_pe/u_mac/mult_reg/valid_out_reg_0[0]                                                                                                                 | array_block_i/axi_gpio_0/U0/gpio_core_1/gpio_io_o[0]                                                                                                              |                7 |             32 |         4.57 |
|  array_block_i/zynq_ultra_ps_e_0/inst/pl_clk0 | array_block_i/axi_gpio_0/U0/AXI_LITE_IPIF_I/I_SLAVE_ATTACHMENT/I_DECODER/bus2ip_rnw_i_reg[0]                                                                                                                 | array_block_i/axi_gpio_0/U0/AXI_LITE_IPIF_I/I_SLAVE_ATTACHMENT/SR[0]                                                                                              |                9 |             32 |         3.56 |
|  array_block_i/zynq_ultra_ps_e_0/inst/pl_clk0 | array_block_i/smartconnect_0/inst/m00_exit_pipeline/m00_exit/inst/splitter_inst/gen_axi4lite.axilite_conv/s_axi_rdata_i[31]_i_1_n_0                                                                          | array_block_i/smartconnect_0/inst/m00_exit_pipeline/m00_exit/inst/areset                                                                                          |                8 |             32 |         4.00 |
|  array_block_i/zynq_ultra_ps_e_0/inst/pl_clk0 | array_block_i/array_top_0/inst/u_matmul/ROW[0].COL[3].u_pe/u_mac/mult_reg/valid_out_reg_1[0]                                                                                                                 | array_block_i/axi_gpio_0/U0/gpio_core_1/gpio_io_o[0]                                                                                                              |               10 |             32 |         3.20 |
|  array_block_i/zynq_ultra_ps_e_0/inst/pl_clk0 | array_block_i/array_top_0/inst/u_matmul/ROW[0].COL[3].u_pe/u_mac/mult_reg/valid_out_reg_0[0]                                                                                                                 | array_block_i/axi_gpio_0/U0/gpio_core_1/gpio_io_o[0]                                                                                                              |               10 |             32 |         3.20 |
|  array_block_i/zynq_ultra_ps_e_0/inst/pl_clk0 | array_block_i/array_top_0/inst/u_matmul/ROW[1].COL[0].u_pe/u_mac/mult_reg/E[0]                                                                                                                               | array_block_i/axi_gpio_0/U0/gpio_core_1/gpio_io_o[0]                                                                                                              |               13 |             32 |         2.46 |
|  array_block_i/zynq_ultra_ps_e_0/inst/pl_clk0 | array_block_i/array_top_0/inst/u_matmul/ROW[1].COL[0].u_pe/u_mac/mult_reg/valid_out_reg_0[0]                                                                                                                 | array_block_i/axi_gpio_0/U0/gpio_core_1/gpio_io_o[0]                                                                                                              |               13 |             32 |         2.46 |
|  array_block_i/zynq_ultra_ps_e_0/inst/pl_clk0 | array_block_i/smartconnect_0/inst/switchboards/i_nodes/i_r_node/inst/inst_mi_handler/gen_normal_area.gen_upsizer.inst_upsizer/gen_r_ch.accum[0]                                                              |                                                                                                                                                                   |               10 |             32 |         3.20 |
|  array_block_i/zynq_ultra_ps_e_0/inst/pl_clk0 | array_block_i/axi_gpio_0/U0/AXI_LITE_IPIF_I/I_SLAVE_ATTACHMENT/s_axi_rresp_i[0]                                                                                                                              | array_block_i/axi_gpio_0/U0/AXI_LITE_IPIF_I/I_SLAVE_ATTACHMENT/SR[0]                                                                                              |                8 |             32 |         4.00 |
|  array_block_i/zynq_ultra_ps_e_0/inst/pl_clk0 | array_block_i/array_top_0/inst/u_matmul/ROW[3].COL[1].u_pe/u_mac/mult_reg/E[0]                                                                                                                               | array_block_i/axi_gpio_0/U0/gpio_core_1/gpio_io_o[0]                                                                                                              |                7 |             32 |         4.57 |
|  array_block_i/zynq_ultra_ps_e_0/inst/pl_clk0 | array_block_i/array_top_0/inst/u_matmul/ROW[1].COL[1].u_pe/u_mac/mult_reg/valid_out_reg_0[0]                                                                                                                 | array_block_i/axi_gpio_0/U0/gpio_core_1/gpio_io_o[0]                                                                                                              |                7 |             32 |         4.57 |
|  array_block_i/zynq_ultra_ps_e_0/inst/pl_clk0 | array_block_i/array_top_0/inst/u_matmul/ROW[0].COL[2].u_pe/u_mac/mult_reg/E[0]                                                                                                                               | array_block_i/axi_gpio_0/U0/gpio_core_1/gpio_io_o[0]                                                                                                              |                6 |             32 |         5.33 |
|  array_block_i/zynq_ultra_ps_e_0/inst/pl_clk0 | array_block_i/array_top_0/inst/u_matmul/ROW[0].COL[2].u_pe/u_mac/mult_reg/valid_out_reg_0[0]                                                                                                                 | array_block_i/axi_gpio_0/U0/gpio_core_1/gpio_io_o[0]                                                                                                              |                6 |             32 |         5.33 |
|  array_block_i/zynq_ultra_ps_e_0/inst/pl_clk0 | array_block_i/array_top_0/inst/u_matmul/ROW[2].COL[2].u_pe/u_mac/mult_reg/valid_out_reg_0[0]                                                                                                                 | array_block_i/axi_gpio_0/U0/gpio_core_1/gpio_io_o[0]                                                                                                              |                8 |             32 |         4.00 |
|  array_block_i/zynq_ultra_ps_e_0/inst/pl_clk0 | array_block_i/array_top_0/inst/u_matmul/ROW[2].COL[2].u_pe/u_mac/mult_reg/E[0]                                                                                                                               | array_block_i/axi_gpio_0/U0/gpio_core_1/gpio_io_o[0]                                                                                                              |                8 |             32 |         4.00 |
|  array_block_i/zynq_ultra_ps_e_0/inst/pl_clk0 | array_block_i/array_top_0/inst/u_matmul/ROW[2].COL[3].u_pe/u_mac/mult_reg/valid_out_reg_0[0]                                                                                                                 | array_block_i/axi_gpio_0/U0/gpio_core_1/gpio_io_o[0]                                                                                                              |                9 |             32 |         3.56 |
|  array_block_i/zynq_ultra_ps_e_0/inst/pl_clk0 | array_block_i/array_top_0/inst/u_matmul/ROW[2].COL[3].u_pe/u_mac/mult_reg/valid_out_reg_1[0]                                                                                                                 | array_block_i/axi_gpio_0/U0/gpio_core_1/gpio_io_o[0]                                                                                                              |                9 |             32 |         3.56 |
|  array_block_i/zynq_ultra_ps_e_0/inst/pl_clk0 | array_block_i/array_top_0/inst/u_matmul/ROW[3].COL[0].u_pe/u_mac/mult_reg/E[0]                                                                                                                               | array_block_i/axi_gpio_0/U0/gpio_core_1/gpio_io_o[0]                                                                                                              |                9 |             32 |         3.56 |
|  array_block_i/zynq_ultra_ps_e_0/inst/pl_clk0 | array_block_i/array_top_0/inst/u_matmul/ROW[3].COL[0].u_pe/u_mac/mult_reg/valid_out_reg_0[0]                                                                                                                 | array_block_i/axi_gpio_0/U0/gpio_core_1/gpio_io_o[0]                                                                                                              |                9 |             32 |         3.56 |
|  array_block_i/zynq_ultra_ps_e_0/inst/pl_clk0 | array_block_i/array_top_0/inst/u_matmul/ROW[3].COL[1].u_pe/u_mac/mult_reg/valid_out_reg_0[0]                                                                                                                 | array_block_i/axi_gpio_0/U0/gpio_core_1/gpio_io_o[0]                                                                                                              |                7 |             32 |         4.57 |
|  array_block_i/zynq_ultra_ps_e_0/inst/pl_clk0 | array_block_i/array_top_0/inst/u_matmul/ROW[3].COL[2].u_pe/u_mac/mult_reg/E[0]                                                                                                                               | array_block_i/axi_gpio_0/U0/gpio_core_1/gpio_io_o[0]                                                                                                              |                9 |             32 |         3.56 |
|  array_block_i/zynq_ultra_ps_e_0/inst/pl_clk0 | array_block_i/array_top_0/inst/u_matmul/ROW[3].COL[2].u_pe/u_mac/mult_reg/valid_out_reg_0[0]                                                                                                                 | array_block_i/axi_gpio_0/U0/gpio_core_1/gpio_io_o[0]                                                                                                              |                9 |             32 |         3.56 |
|  array_block_i/zynq_ultra_ps_e_0/inst/pl_clk0 | array_block_i/array_top_0/inst/u_matmul/ROW[3].COL[3].u_pe/u_mac/mult_reg/valid_out_reg_1[0]                                                                                                                 | array_block_i/axi_gpio_0/U0/gpio_core_1/gpio_io_o[0]                                                                                                              |               10 |             32 |         3.20 |
|  array_block_i/zynq_ultra_ps_e_0/inst/pl_clk0 | array_block_i/array_top_0/inst/u_matmul/ROW[3].COL[3].u_pe/u_mac/mult_reg/valid_out_reg_0[0]                                                                                                                 | array_block_i/axi_gpio_0/U0/gpio_core_1/gpio_io_o[0]                                                                                                              |               10 |             32 |         3.20 |
|  array_block_i/zynq_ultra_ps_e_0/inst/pl_clk0 | array_block_i/array_top_0/inst/u_matmul/ROW[1].COL[1].u_pe/u_mac/mult_reg/E[0]                                                                                                                               | array_block_i/axi_gpio_0/U0/gpio_core_1/gpio_io_o[0]                                                                                                              |                7 |             32 |         4.57 |
|  array_block_i/zynq_ultra_ps_e_0/inst/pl_clk0 | array_block_i/array_top_0/inst/u_matmul/ROW[1].COL[2].u_pe/u_mac/mult_reg/valid_out_reg_0[0]                                                                                                                 | array_block_i/axi_gpio_0/U0/gpio_core_1/gpio_io_o[0]                                                                                                              |                9 |             32 |         3.56 |
|  array_block_i/zynq_ultra_ps_e_0/inst/pl_clk0 | array_block_i/array_top_0/inst/u_matmul/ROW[1].COL[2].u_pe/u_mac/mult_reg/E[0]                                                                                                                               | array_block_i/axi_gpio_0/U0/gpio_core_1/gpio_io_o[0]                                                                                                              |                9 |             32 |         3.56 |
|  array_block_i/zynq_ultra_ps_e_0/inst/pl_clk0 | array_block_i/array_top_0/inst/u_matmul/ROW[0].COL[0].u_pe/u_mac/mult_reg/E[0]                                                                                                                               | array_block_i/axi_gpio_0/U0/gpio_core_1/gpio_io_o[0]                                                                                                              |                9 |             32 |         3.56 |
|  array_block_i/zynq_ultra_ps_e_0/inst/pl_clk0 | array_block_i/smartconnect_0/inst/switchboards/i_nodes/i_r_node/inst/inst_mi_handler/gen_normal_area.gen_upsizer.inst_upsizer/gen_r_ch.accum[bytes][4][userdata][7]_i_1_n_0                                  |                                                                                                                                                                   |                9 |             32 |         3.56 |
|  array_block_i/zynq_ultra_ps_e_0/inst/pl_clk0 | array_block_i/smartconnect_0/inst/switchboards/i_nodes/i_r_node/inst/inst_mi_handler/gen_normal_area.gen_upsizer.inst_upsizer/gen_r_ch.accum[bytes][8][userdata][7]_i_1_n_0                                  |                                                                                                                                                                   |                8 |             32 |         4.00 |
|  array_block_i/zynq_ultra_ps_e_0/inst/pl_clk0 | array_block_i/smartconnect_0/inst/switchboards/i_nodes/i_r_node/inst/inst_mi_handler/gen_normal_area.gen_upsizer.inst_upsizer/gen_r_ch.accum[bytes][0][userdata][7]_i_1_n_0                                  |                                                                                                                                                                   |                9 |             32 |         3.56 |
|  array_block_i/zynq_ultra_ps_e_0/inst/pl_clk0 | array_block_i/array_top_0/inst/u_matmul/ROW[0].COL[1].u_pe/u_mac/mult_reg/valid_out_reg_0[0]                                                                                                                 | array_block_i/axi_gpio_0/U0/gpio_core_1/gpio_io_o[0]                                                                                                              |                7 |             32 |         4.57 |
|  array_block_i/zynq_ultra_ps_e_0/inst/pl_clk0 | array_block_i/array_top_0/inst/u_matmul/ROW[0].COL[1].u_pe/u_mac/mult_reg/E[0]                                                                                                                               | array_block_i/axi_gpio_0/U0/gpio_core_1/gpio_io_o[0]                                                                                                              |                7 |             32 |         4.57 |
|  array_block_i/zynq_ultra_ps_e_0/inst/pl_clk0 | array_block_i/smartconnect_0/inst/s00_entry_pipeline/s00_si_converter/inst/converter.low_area_converter.low_area_wrap_inst/ar_user[0]                                                                        | array_block_i/smartconnect_0/inst/s00_entry_pipeline/s00_si_converter/inst/areset                                                                                 |               17 |             34 |         2.00 |
|  array_block_i/zynq_ultra_ps_e_0/inst/pl_clk0 |                                                                                                                                                                                                              | array_block_i/axi_gpio_0/U0/AXI_LITE_IPIF_I/I_SLAVE_ATTACHMENT/I_DECODER/bus2ip_rnw_i_reg_0                                                                       |               13 |             38 |         2.92 |
|  array_block_i/zynq_ultra_ps_e_0/inst/pl_clk0 | array_block_i/smartconnect_0/inst/s00_entry_pipeline/s00_si_converter/inst/converter.low_area_converter.low_area_wrap_inst/outstanding_awid[0]                                                               | array_block_i/smartconnect_0/inst/s00_entry_pipeline/s00_si_converter/inst/areset                                                                                 |               13 |             39 |         3.00 |
|  array_block_i/zynq_ultra_ps_e_0/inst/pl_clk0 | array_block_i/smartconnect_0/inst/s00_entry_pipeline/s00_mmu/inst/aw_reg_stall/skid_buffer[1136]_i_1__0_n_0                                                                                                  |                                                                                                                                                                   |                6 |             41 |         6.83 |
|  array_block_i/zynq_ultra_ps_e_0/inst/pl_clk0 | array_block_i/smartconnect_0/inst/s00_entry_pipeline/s00_mmu/inst/aw_reg_stall/m_vector_i[0]                                                                                                                 |                                                                                                                                                                   |                6 |             41 |         6.83 |
|  array_block_i/zynq_ultra_ps_e_0/inst/pl_clk0 | array_block_i/smartconnect_0/inst/s00_entry_pipeline/s00_mmu/inst/ar_reg_stall/m_vector_i[0]                                                                                                                 |                                                                                                                                                                   |                7 |             41 |         5.86 |
|  array_block_i/zynq_ultra_ps_e_0/inst/pl_clk0 | array_block_i/smartconnect_0/inst/s00_entry_pipeline/s00_mmu/inst/ar_reg_stall/skid_buffer[1136]_i_1_n_0                                                                                                     |                                                                                                                                                                   |                7 |             41 |         5.86 |
|  array_block_i/zynq_ultra_ps_e_0/inst/pl_clk0 |                                                                                                                                                                                                              | array_block_i/axi_gpio_0/U0/AXI_LITE_IPIF_I/I_SLAVE_ATTACHMENT/SR[0]                                                                                              |               15 |             45 |         3.00 |
|  array_block_i/zynq_ultra_ps_e_0/inst/pl_clk0 |                                                                                                                                                                                                              | array_block_i/smartconnect_0/inst/clk_map/psr_aclk/U0/interconnect_aresetn[0]                                                                                     |               19 |             57 |         3.00 |
|  array_block_i/zynq_ultra_ps_e_0/inst/pl_clk0 | array_block_i/smartconnect_0/inst/switchboards/i_nodes/i_r_node/inst/inst_mi_handler/gen_normal_area.gen_upsizer.inst_upsizer/gen_normal_area.upsizer_valid                                                  |                                                                                                                                                                   |               23 |            130 |         5.65 |
|  array_block_i/zynq_ultra_ps_e_0/inst/pl_clk0 | array_block_i/smartconnect_0/inst/switchboards/i_nodes/i_w_node/inst/inst_si_handler/gen_si_handler.gen_request_fifos.gen_req_fifo[0].inst_req_fifo/gen_xpm_memory_fifo.inst_fifo/gen_pipelined.state_reg[1] |                                                                                                                                                                   |               21 |            149 |         7.10 |
|  array_block_i/zynq_ultra_ps_e_0/inst/pl_clk0 |                                                                                                                                                                                                              |                                                                                                                                                                   |               86 |            306 |         3.56 |
|  array_block_i/zynq_ultra_ps_e_0/inst/pl_clk0 |                                                                                                                                                                                                              | array_block_i/axi_gpio_0/U0/gpio_core_1/gpio_io_o[0]                                                                                                              |              103 |            388 |         3.77 |
+-----------------------------------------------+--------------------------------------------------------------------------------------------------------------------------------------------------------------------------------------------------------------+-------------------------------------------------------------------------------------------------------------------------------------------------------------------+------------------+----------------+--------------+


