Copyright 1986-2022 Xilinx, Inc. All Rights Reserved. Copyright 2022-2025 Advanced Micro Devices, Inc. All Rights Reserved.
---------------------------------------------------------------------------------------------------------------------------------------------
| Tool Version : Vivado v.2025.2 (win64) Build 6299465 Fri Nov 14 19:35:11 GMT 2025
| Date         : Mon Mar 30 08:44:19 2026
| Host         : VuDuong-32 running 64-bit major release  (build 9200)
| Command      : report_utilization -file array_block_wrapper_utilization_placed.rpt -pb array_block_wrapper_utilization_placed.pb
| Design       : array_block_wrapper
| Device       : xck26-sfvc784-2LV-c
| Speed File   : -2LV
| Design State : Fully Placed
---------------------------------------------------------------------------------------------------------------------------------------------

Utilization Design Information

Table of Contents
-----------------
1. CLB Logic
1.1 Summary of Registers by Type
2. CLB Logic Distribution
3. BLOCKRAM
4. ARITHMETIC
5. I/O
6. CLOCK
7. ADVANCED
8. CONFIGURATION
9. Primitives
10. Black Boxes
11. Instantiated Netlists

1. CLB Logic
------------

+----------------------------+------+-------+------------+-----------+-------+
|          Site Type         | Used | Fixed | Prohibited | Available | Util% |
+----------------------------+------+-------+------------+-----------+-------+
| CLB LUTs                   | 3175 |     0 |          0 |    117120 |  2.71 |
|   LUT as Logic             | 3148 |     0 |          0 |    117120 |  2.69 |
|   LUT as Memory            |   27 |     0 |          0 |     57600 |  0.05 |
|     LUT as Distributed RAM |    2 |     0 |            |           |       |
|     LUT as Shift Register  |   25 |     0 |            |           |       |
| CLB Registers              | 3397 |     0 |          0 |    234240 |  1.45 |
|   Register as Flip Flop    | 3397 |     0 |          0 |    234240 |  1.45 |
|   Register as Latch        |    0 |     0 |          0 |    234240 |  0.00 |
| CARRY8                     |  169 |     0 |          0 |     14640 |  1.15 |
| F7 Muxes                   |   65 |     0 |          0 |     58560 |  0.11 |
| F8 Muxes                   |   32 |     0 |          0 |     29280 |  0.11 |
| F9 Muxes                   |    0 |     0 |          0 |     14640 |  0.00 |
| Unique Control Sets        |  195 |       |          0 |     29280 |  0.67 |
+----------------------------+------+-------+------------+-----------+-------+
* Warning! LUT value is adjusted to account for LUT combining.
** Note: Available Control Sets calculated as Slices * 2, Review the Control Sets Report for more information regarding control sets.


1.1 Summary of Registers by Type
--------------------------------

+-------+--------------+-------------+--------------+
| Total | Clock Enable | Synchronous | Asynchronous |
+-------+--------------+-------------+--------------+
| 0     |            _ |           - |            - |
| 0     |            _ |           - |          Set |
| 0     |            _ |           - |        Reset |
| 0     |            _ |         Set |            - |
| 0     |            _ |       Reset |            - |
| 0     |          Yes |           - |            - |
| 0     |          Yes |           - |          Set |
| 1478  |          Yes |           - |        Reset |
| 115   |          Yes |         Set |            - |
| 1804  |          Yes |       Reset |            - |
+-------+--------------+-------------+--------------+


2. CLB Logic Distribution
-------------------------

+--------------------------------------------+------+-------+------------+-----------+-------+
|                  Site Type                 | Used | Fixed | Prohibited | Available | Util% |
+--------------------------------------------+------+-------+------------+-----------+-------+
| CLB                                        |  606 |     0 |          0 |     14640 |  4.14 |
|   CLBL                                     |  226 |     0 |            |           |       |
|   CLBM                                     |  380 |     0 |            |           |       |
| LUT as Logic                               | 3148 |     0 |          0 |    117120 |  2.69 |
|   using O5 output only                     |   78 |       |            |           |       |
|   using O6 output only                     | 1719 |       |            |           |       |
|   using O5 and O6                          | 1351 |       |            |           |       |
| LUT as Memory                              |   27 |     0 |          0 |     57600 |  0.05 |
|   LUT as Distributed RAM                   |    2 |     0 |            |           |       |
|     using O5 output only                   |    0 |       |            |           |       |
|     using O6 output only                   |    2 |       |            |           |       |
|     using O5 and O6                        |    0 |       |            |           |       |
|   LUT as Shift Register                    |   25 |     0 |            |           |       |
|     using O5 output only                   |    0 |       |            |           |       |
|     using O6 output only                   |   25 |       |            |           |       |
|     using O5 and O6                        |    0 |       |            |           |       |
| CLB Registers                              | 3397 |     0 |          0 |    234240 |  1.45 |
|   Register driven from within the CLB      | 2442 |       |            |           |       |
|   Register driven from outside the CLB     |  955 |       |            |           |       |
|     LUT in front of the register is unused |  694 |       |            |           |       |
|     LUT in front of the register is used   |  261 |       |            |           |       |
+--------------------------------------------+------+-------+------------+-----------+-------+


3. BLOCKRAM
-----------

+----------------+------+-------+------------+-----------+-------+
|    Site Type   | Used | Fixed | Prohibited | Available | Util% |
+----------------+------+-------+------------+-----------+-------+
| Block RAM Tile |    0 |     0 |          0 |       144 |  0.00 |
|   RAMB36/FIFO* |    0 |     0 |          0 |       144 |  0.00 |
|   RAMB18       |    0 |     0 |          0 |       288 |  0.00 |
| URAM           |    0 |     0 |          0 |        64 |  0.00 |
+----------------+------+-------+------------+-----------+-------+
* Note: Each Block RAM Tile only has one FIFO logic available and therefore can accommodate only one FIFO36E2 or one FIFO18E2. However, if a FIFO18E2 occupies a Block RAM Tile, that tile can still accommodate a RAMB18E2


4. ARITHMETIC
-------------

+-----------+------+-------+------------+-----------+-------+
| Site Type | Used | Fixed | Prohibited | Available | Util% |
+-----------+------+-------+------------+-----------+-------+
| DSPs      |    0 |     0 |          0 |      1248 |  0.00 |
+-----------+------+-------+------------+-----------+-------+


5. I/O
------

+------------------+------+-------+------------+-----------+-------+
|     Site Type    | Used | Fixed | Prohibited | Available | Util% |
+------------------+------+-------+------------+-----------+-------+
| Bonded IOB       |    0 |     0 |          0 |       189 |  0.00 |
|   HPIOB_M        |    0 |     0 |          0 |        58 |  0.00 |
|   HPIOB_S        |    0 |     0 |          0 |        58 |  0.00 |
|   HDIOB_M        |    0 |     0 |          0 |        35 |  0.00 |
|   HDIOB_S        |    0 |     0 |          0 |        35 |  0.00 |
|   HPIOB_SNGL     |    0 |     0 |          0 |         3 |  0.00 |
| HPIOBDIFFINBUF   |    0 |     0 |          0 |        82 |  0.00 |
| HPIOBDIFFOUTBUF  |    0 |     0 |          0 |        82 |  0.00 |
| HDIOBDIFFINBUF   |    0 |     0 |          0 |        35 |  0.00 |
| BITSLICE_CONTROL |    0 |     0 |          0 |        32 |  0.00 |
| BITSLICE_RX_TX   |    0 |     0 |          0 |      1248 |  0.00 |
| BITSLICE_TX      |    0 |     0 |          0 |        32 |  0.00 |
| RIU_OR           |    0 |     0 |          0 |        16 |  0.00 |
+------------------+------+-------+------------+-----------+-------+


6. CLOCK
--------

+------------+------+-------+------------+-----------+-------+
|  Site Type | Used | Fixed | Prohibited | Available | Util% |
+------------+------+-------+------------+-----------+-------+
| BUFGCE     |    1 |     0 |          0 |       112 |  0.89 |
| BUFGCE_DIV |    0 |     0 |          0 |        16 |  0.00 |
| BUFG_GT    |    0 |     0 |          0 |        96 |  0.00 |
| BUFG_PS    |    1 |     0 |          0 |        96 |  1.04 |
| BUFGCTRL*  |    0 |     0 |          0 |        32 |  0.00 |
| PLL        |    0 |     0 |          0 |         8 |  0.00 |
| MMCM       |    0 |     0 |          0 |         4 |  0.00 |
+------------+------+-------+------------+-----------+-------+
* Note: Each used BUFGCTRL counts as two GLOBAL CLOCK BUFFERs. This table does not include global clocking resources, only buffer cell usage. See the Clock Utilization Report (report_clock_utilization) for detailed accounting of global clocking resource availability.


7. ADVANCED
-----------

+-----------------+------+-------+------------+-----------+--------+
|    Site Type    | Used | Fixed | Prohibited | Available |  Util% |
+-----------------+------+-------+------------+-----------+--------+
| GTHE4_CHANNEL   |    0 |     0 |          0 |         4 |   0.00 |
| GTHE4_COMMON    |    0 |     0 |          0 |         1 |   0.00 |
| OBUFDS_GTE4     |    0 |     0 |          0 |         2 |   0.00 |
| OBUFDS_GTE4_ADV |    0 |     0 |          0 |         2 |   0.00 |
| PCIE40E4        |    0 |     0 |          0 |         2 |   0.00 |
| PS8             |    1 |     0 |          0 |         1 | 100.00 |
| SYSMONE4        |    0 |     0 |          0 |         1 |   0.00 |
| VCU             |    0 |     0 |          0 |         1 |   0.00 |
+-----------------+------+-------+------------+-----------+--------+


8. CONFIGURATION
----------------

+-------------+------+-------+------------+-----------+-------+
|  Site Type  | Used | Fixed | Prohibited | Available | Util% |
+-------------+------+-------+------------+-----------+-------+
| BSCANE2     |    0 |     0 |          0 |         4 |  0.00 |
| DNA_PORTE2  |    0 |     0 |          0 |         1 |  0.00 |
| EFUSE_USR   |    0 |     0 |          0 |         1 |  0.00 |
| FRAME_ECCE4 |    0 |     0 |          0 |         1 |  0.00 |
| ICAPE3      |    0 |     0 |          0 |         2 |  0.00 |
| MASTER_JTAG |    0 |     0 |          0 |         1 |  0.00 |
| STARTUPE3   |    0 |     0 |          0 |         1 |  0.00 |
+-------------+------+-------+------------+-----------+-------+


9. Primitives
-------------

+----------+------+---------------------+
| Ref Name | Used | Functional Category |
+----------+------+---------------------+
| FDRE     | 1804 |            Register |
| FDCE     | 1478 |            Register |
| LUT2     | 1295 |                 CLB |
| LUT4     | 1007 |                 CLB |
| LUT3     | 1004 |                 CLB |
| LUT6     |  656 |                 CLB |
| LUT5     |  426 |                 CLB |
| CARRY8   |  169 |                 CLB |
| FDSE     |  115 |            Register |
| LUT1     |  111 |                 CLB |
| MUXF7    |   65 |                 CLB |
| MUXF8    |   32 |                 CLB |
| SRL16E   |   16 |                 CLB |
| SRLC32E  |    9 |                 CLB |
| RAMD32   |    2 |                 CLB |
| PS8      |    1 |            Advanced |
| BUFG_PS  |    1 |               Clock |
| BUFGCE   |    1 |               Clock |
+----------+------+---------------------+


10. Black Boxes
---------------

+----------+------+
| Ref Name | Used |
+----------+------+


11. Instantiated Netlists
-------------------------

+---------------------------------+------+
|             Ref Name            | Used |
+---------------------------------+------+
| array_block_zynq_ultra_ps_e_0_0 |    1 |
| array_block_smartconnect_0_0    |    1 |
| array_block_proc_sys_reset_0_0  |    1 |
| array_block_axi_gpio_0_0        |    1 |
| array_block_array_top_0_0       |    1 |
+---------------------------------+------+


