/gemm_block_i/axi_smc_1/inst/s02_entry_pipeline/s02_si_converter
/gemm_block_i/axi_smc_1/inst/s00_entry_pipeline/s00_mmu/inst/aw_sreg
/gemm_block_i/axi_smc_1/inst/s02_entry_pipeline/s02_mmu/inst/ar_sreg
/gemm_block_i/axi_smc_1/inst/s02_entry_pipeline/s02_mmu/inst/aw_reg_stall
/gemm_block_i/axi_smc_1/inst/s03_entry_pipeline/s03_transaction_regulator/inst/gen_endpoint.gen_w_singleorder.w_singleorder/sc_transaction_regulator_v1_0_12_singleorder__parameterized1__GC0
/gemm_block_i/axi_smc_1/inst/s00_entry_pipeline/s00_transaction_regulator/inst/sc_transaction_regulator_v1_0_12_top__parameterized1__GC0
/gemm_block_i/axi_smc_1/inst/s03_entry_pipeline/s03_si_converter
/gemm_block_i/axi_smc_1/inst/s00_entry_pipeline/s00_si_converter
/gemm_block_i/gemm_accelerator_0/inst/fifo_C_inst/sc_fifo_fwft__GB3
/gemm_block_i/axi_smc_1/inst/s00_entry_pipeline/s00_mmu/inst/ar_sreg
/gemm_block_i/axi_smc_1/inst/s03_entry_pipeline/s03_mmu/inst/aw_reg_stall
/gemm_block_i/axi_smc/inst/s00_entry_pipeline/s00_entry_pipeline_imp_OQLSHC__GC0
/gemm_block_i/axi_smc/inst/s01_entry_pipeline/s01_mmu/inst/ar_reg_stall
/gemm_block_i/axi_smc_1/inst/m00_exit_pipeline/m00_exit/inst/ar_reg
/gemm_block_i/gemm_accelerator_0/inst/fifo_B_inst/sc_fifo__GBM2
/gemm_block_i/gemm_block__GC0
/gemm_block_i/axi_smc_1/inst/s00_entry_pipeline/s00_mmu/inst/sc_mmu_v1_0_16_top__parameterized1__GC0
/gemm_block_i/axi_smc_1/inst/s02_entry_pipeline/s02_mmu/inst/aw_sreg
/gemm_block_i/axi_smc_1/inst/s03_entry_pipeline/s03_mmu/inst/sc_mmu_v1_0_16_top__parameterized2__GC0
/gemm_block_i/axi_smc_1/inst/s02_entry_pipeline/s02_mmu/inst/b_sreg
/gemm_block_i/axi_smc_1/inst/s02_entry_pipeline/s02_mmu/inst/r_sreg
/gemm_block_i/axi_smc_1/inst/bd_90f7__GC0
/gemm_block_i/axi_smc_1/inst/m00_exit_pipeline/m00_exit/inst/w_reg
/gemm_block_i/gemm_accelerator_0/inst/fifo_C_inst/sc_fifo_fwft__GB1
/gemm_block_i/axi_smc_1/inst/s03_entry_pipeline/s03_transaction_regulator/inst/sc_transaction_regulator_v1_0_12_top__parameterized3__GC0
/gemm_block_i/axi_smc_1/inst/s02_entry_pipeline/s02_mmu/inst/w_sreg
/gemm_block_i/gemm_accelerator_0/inst/fifo_B_inst/sc_fifo__GBM0
/gemm_block_i/axi_smc_1/inst/s03_entry_pipeline/s03_mmu/inst/aw_sreg
/gemm_block_i/axi_smc_1/inst/s03_entry_pipeline/s03_transaction_regulator/inst/gen_endpoint.gen_w_singleorder.w_singleorder/gen_cmd_reg.cmd_reg
/gemm_block_i/axi_smc_1/inst/s02_entry_pipeline/s02_mmu/inst/ar_reg_stall
/gemm_block_i/axi_smc/inst/s00_entry_pipeline/s00_mmu/inst/aw_reg_stall
/gemm_block_i/axi_smc_1/inst/m00_exit_pipeline/m00_exit/inst/r_reg
/gemm_block_i/axi_smc_1/inst/s03_entry_pipeline/s03_mmu/inst/b_sreg
/gemm_block_i/axi_smc_1/inst/s03_entry_pipeline/s03_mmu/inst/r_sreg
/gemm_block_i/axi_smc_1/inst/s03_entry_pipeline/s03_mmu/inst/ar_reg_stall
/gemm_block_i/gemm_accelerator_0/inst/fifo_A_inst/sc_fifo__GBM1
/gemm_block_i/axi_smc_1/inst/s00_entry_pipeline/s00_mmu/inst/w_sreg
/gemm_block_i/gemm_accelerator_0/inst/fifo_C_inst/sc_fifo_fwft__GB0
/gemm_block_i/gemm_accelerator_0/inst/fifo_A_inst/sc_fifo__GBM0
/gemm_block_i/axi_smc/inst/s01_entry_pipeline/s01_mmu/inst/sc_mmu_v1_0_16_top__parameterized0__GC0
/gemm_block_i/gemm_accelerator_0/inst/fifo_C_inst/sc_fifo_fwft__GB4
/gemm_block_i/axi_smc_1/inst/m00_exit_pipeline/m00_exit/inst/sc_exit_v1_0_18_top__parameterized1__GC0
/gemm_block_i/axi_smc_1/inst/m00_exit_pipeline/m00_exit/inst/b_reg
/gemm_block_i/gemm_accelerator_0/gemm_block_gemm_accelerator_0_0_GT0
/gemm_block_i/axi_smc_1/inst/s03_entry_pipeline/s03_mmu/inst/ar_sreg
/gemm_block_i/axi_smc_1/inst/s00_entry_pipeline/s00_transaction_regulator/inst/gen_endpoint.gen_r_singleorder.r_singleorder/gen_cmd_reg.cmd_reg
/gemm_block_i/axi_smc_1/inst/s00_entry_pipeline/s00_transaction_regulator/inst/gen_endpoint.gen_r_singleorder.r_singleorder/sc_transaction_regulator_v1_0_12_singleorder__parameterized1__GC0
/gemm_block_i/axi_smc_1/inst/s00_entry_pipeline/s00_mmu/inst/b_sreg
/gemm_block_i/axi_smc/inst/bd_31d6__GC0
/gemm_block_i/axi_smc_1/inst/s02_entry_pipeline/s02_mmu/inst/sc_mmu_v1_0_16_top__parameterized1__GC0
/gemm_block_i/gemm_accelerator_0/gemm_block_gemm_accelerator_0_0_GT1
/gemm_block_i/axi_smc_1/inst/s03_entry_pipeline/s03_mmu/inst/w_sreg
/gemm_block_i/axi_smc_1/inst/s00_entry_pipeline/s00_mmu/inst/ar_reg_stall
/gemm_block_i/axi_smc_1/inst/s02_entry_pipeline/s02_transaction_regulator/inst/sc_transaction_regulator_v1_0_12_top__parameterized2__GC0
/gemm_block_i/axi_smc_1/inst/s00_entry_pipeline/s00_mmu/inst/r_sreg
/gemm_block_i/axi_smc_1/inst/m00_exit_pipeline/m00_exit/inst/aw_reg
/gemm_block_i/axi_smc/inst/s01_entry_pipeline/s01_mmu/inst/aw_reg_stall
/gemm_block_i/gemm_accelerator_0/inst/fifo_C_inst/sc_fifo_fwft__GB2
/gemm_block_i/axi_smc_1/inst/s02_entry_pipeline/s02_transaction_regulator/inst/gen_endpoint.gen_r_singleorder.r_singleorder/sc_transaction_regulator_v1_0_12_singleorder__parameterized1__GC0
/gemm_block_i/axi_smc_1/inst/s02_entry_pipeline/s02_transaction_regulator/inst/gen_endpoint.gen_r_singleorder.r_singleorder/gen_cmd_reg.cmd_reg
/gemm_block_i/axi_smc/inst/s01_entry_pipeline/s01_entry_pipeline_imp_1HXCTYC__GC0
/gemm_block_i/axi_smc/inst/s00_entry_pipeline/s00_mmu/inst/sc_mmu_v1_0_16_top__GC0
/gemm_block_i/axi_smc/inst/s00_entry_pipeline/s00_mmu/inst/ar_reg_stall
/gemm_block_i/axi_smc_1/inst/s00_entry_pipeline/s00_mmu/inst/aw_reg_stall
