xilinx rtfpga
rt::do_reinfer_area_combined 1
WARNING: [Synth 8-7129] Port connectivity[4] in module sc_switchboard_v1_0_9_top__parameterized10 is either unconnected or has no load
WARNING: [Synth 8-7129] Port connectivity[3] in module sc_switchboard_v1_0_9_top__parameterized10 is either unconnected or has no load
WARNING: [Synth 8-7129] Port connectivity[2] in module sc_switchboard_v1_0_9_top__parameterized10 is either unconnected or has no load
WARNING: [Synth 8-7129] Port connectivity[1] in module sc_switchboard_v1_0_9_top__parameterized10 is either unconnected or has no load
WARNING: [Synth 8-7129] Port connectivity[0] in module sc_switchboard_v1_0_9_top__parameterized10 is either unconnected or has no load
WARNING: [Synth 8-7129] Port s_sc_send[4] in module sc_switchboard_v1_0_9_top__parameterized10 is either unconnected or has no load
WARNING: [Synth 8-7129] Port s_sc_send[1] in module sc_switchboard_v1_0_9_top__parameterized10 is either unconnected or has no load
WARNING: [Synth 8-7129] Port s_sc_req[4] in module sc_switchboard_v1_0_9_top__parameterized10 is either unconnected or has no load
WARNING: [Synth 8-7129] Port s_sc_req[1] in module sc_switchboard_v1_0_9_top__parameterized10 is either unconnected or has no load
WARNING: [Synth 8-7129] Port s_sc_info[4] in module sc_switchboard_v1_0_9_top__parameterized10 is either unconnected or has no load
WARNING: [Synth 8-7129] Port s_sc_info[1] in module sc_switchboard_v1_0_9_top__parameterized10 is either unconnected or has no load
WARNING: [Synth 8-7129] Port s_sc_payld[799] in module sc_switchboard_v1_0_9_top__parameterized10 is either unconnected or has no load
WARNING: [Synth 8-7129] Port s_sc_payld[798] in module sc_switchboard_v1_0_9_top__parameterized10 is either unconnected or has no load
WARNING: [Synth 8-7129] Port s_sc_payld[797] in module sc_switchboard_v1_0_9_top__parameterized10 is either unconnected or has no load
WARNING: [Synth 8-7129] Port s_sc_payld[796] in module sc_switchboard_v1_0_9_top__parameterized10 is either unconnected or has no load
WARNING: [Synth 8-7129] Port s_sc_payld[795] in module sc_switchboard_v1_0_9_top__parameterized10 is either unconnected or has no load
WARNING: [Synth 8-7129] Port s_sc_payld[794] in module sc_switchboard_v1_0_9_top__parameterized10 is either unconnected or has no load
WARNING: [Synth 8-7129] Port s_sc_payld[793] in module sc_switchboard_v1_0_9_top__parameterized10 is either unconnected or has no load
WARNING: [Synth 8-7129] Port s_sc_payld[792] in module sc_switchboard_v1_0_9_top__parameterized10 is either unconnected or has no load
WARNING: [Synth 8-7129] Port s_sc_payld[791] in module sc_switchboard_v1_0_9_top__parameterized10 is either unconnected or has no load
WARNING: [Synth 8-7129] Port s_sc_payld[790] in module sc_switchboard_v1_0_9_top__parameterized10 is either unconnected or has no load
WARNING: [Synth 8-7129] Port s_sc_payld[789] in module sc_switchboard_v1_0_9_top__parameterized10 is either unconnected or has no load
WARNING: [Synth 8-7129] Port s_sc_payld[788] in module sc_switchboard_v1_0_9_top__parameterized10 is either unconnected or has no load
WARNING: [Synth 8-7129] Port s_sc_payld[787] in module sc_switchboard_v1_0_9_top__parameterized10 is either unconnected or has no load
WARNING: [Synth 8-7129] Port s_sc_payld[786] in module sc_switchboard_v1_0_9_top__parameterized10 is either unconnected or has no load
WARNING: [Synth 8-7129] Port s_sc_payld[785] in module sc_switchboard_v1_0_9_top__parameterized10 is either unconnected or has no load
WARNING: [Synth 8-7129] Port s_sc_payld[784] in module sc_switchboard_v1_0_9_top__parameterized10 is either unconnected or has no load
WARNING: [Synth 8-7129] Port s_sc_payld[783] in module sc_switchboard_v1_0_9_top__parameterized10 is either unconnected or has no load
WARNING: [Synth 8-7129] Port s_sc_payld[782] in module sc_switchboard_v1_0_9_top__parameterized10 is either unconnected or has no load
WARNING: [Synth 8-7129] Port s_sc_payld[781] in module sc_switchboard_v1_0_9_top__parameterized10 is either unconnected or has no load
WARNING: [Synth 8-7129] Port s_sc_payld[780] in module sc_switchboard_v1_0_9_top__parameterized10 is either unconnected or has no load
WARNING: [Synth 8-7129] Port s_sc_payld[779] in module sc_switchboard_v1_0_9_top__parameterized10 is either unconnected or has no load
WARNING: [Synth 8-7129] Port s_sc_payld[778] in module sc_switchboard_v1_0_9_top__parameterized10 is either unconnected or has no load
WARNING: [Synth 8-7129] Port s_sc_payld[777] in module sc_switchboard_v1_0_9_top__parameterized10 is either unconnected or has no load
WARNING: [Synth 8-7129] Port s_sc_payld[776] in module sc_switchboard_v1_0_9_top__parameterized10 is either unconnected or has no load
WARNING: [Synth 8-7129] Port s_sc_payld[775] in module sc_switchboard_v1_0_9_top__parameterized10 is either unconnected or has no load
WARNING: [Synth 8-7129] Port s_sc_payld[774] in module sc_switchboard_v1_0_9_top__parameterized10 is either unconnected or has no load
WARNING: [Synth 8-7129] Port s_sc_payld[773] in module sc_switchboard_v1_0_9_top__parameterized10 is either unconnected or has no load
WARNING: [Synth 8-7129] Port s_sc_payld[772] in module sc_switchboard_v1_0_9_top__parameterized10 is either unconnected or has no load
WARNING: [Synth 8-7129] Port s_sc_payld[771] in module sc_switchboard_v1_0_9_top__parameterized10 is either unconnected or has no load
WARNING: [Synth 8-7129] Port s_sc_payld[770] in module sc_switchboard_v1_0_9_top__parameterized10 is either unconnected or has no load
WARNING: [Synth 8-7129] Port s_sc_payld[769] in module sc_switchboard_v1_0_9_top__parameterized10 is either unconnected or has no load
WARNING: [Synth 8-7129] Port s_sc_payld[768] in module sc_switchboard_v1_0_9_top__parameterized10 is either unconnected or has no load
WARNING: [Synth 8-7129] Port s_sc_payld[767] in module sc_switchboard_v1_0_9_top__parameterized10 is either unconnected or has no load
WARNING: [Synth 8-7129] Port s_sc_payld[766] in module sc_switchboard_v1_0_9_top__parameterized10 is either unconnected or has no load
WARNING: [Synth 8-7129] Port s_sc_payld[765] in module sc_switchboard_v1_0_9_top__parameterized10 is either unconnected or has no load
WARNING: [Synth 8-7129] Port s_sc_payld[764] in module sc_switchboard_v1_0_9_top__parameterized10 is either unconnected or has no load
WARNING: [Synth 8-7129] Port s_sc_payld[763] in module sc_switchboard_v1_0_9_top__parameterized10 is either unconnected or has no load
WARNING: [Synth 8-7129] Port s_sc_payld[762] in module sc_switchboard_v1_0_9_top__parameterized10 is either unconnected or has no load
WARNING: [Synth 8-7129] Port s_sc_payld[761] in module sc_switchboard_v1_0_9_top__parameterized10 is either unconnected or has no load
WARNING: [Synth 8-7129] Port s_sc_payld[760] in module sc_switchboard_v1_0_9_top__parameterized10 is either unconnected or has no load
WARNING: [Synth 8-7129] Port s_sc_payld[759] in module sc_switchboard_v1_0_9_top__parameterized10 is either unconnected or has no load
WARNING: [Synth 8-7129] Port s_sc_payld[758] in module sc_switchboard_v1_0_9_top__parameterized10 is either unconnected or has no load
WARNING: [Synth 8-7129] Port s_sc_payld[757] in module sc_switchboard_v1_0_9_top__parameterized10 is either unconnected or has no load
WARNING: [Synth 8-7129] Port s_sc_payld[756] in module sc_switchboard_v1_0_9_top__parameterized10 is either unconnected or has no load
WARNING: [Synth 8-7129] Port s_sc_payld[755] in module sc_switchboard_v1_0_9_top__parameterized10 is either unconnected or has no load
WARNING: [Synth 8-7129] Port s_sc_payld[754] in module sc_switchboard_v1_0_9_top__parameterized10 is either unconnected or has no load
WARNING: [Synth 8-7129] Port s_sc_payld[753] in module sc_switchboard_v1_0_9_top__parameterized10 is either unconnected or has no load
WARNING: [Synth 8-7129] Port s_sc_payld[752] in module sc_switchboard_v1_0_9_top__parameterized10 is either unconnected or has no load
WARNING: [Synth 8-7129] Port s_sc_payld[751] in module sc_switchboard_v1_0_9_top__parameterized10 is either unconnected or has no load
WARNING: [Synth 8-7129] Port s_sc_payld[750] in module sc_switchboard_v1_0_9_top__parameterized10 is either unconnected or has no load
WARNING: [Synth 8-7129] Port s_sc_payld[749] in module sc_switchboard_v1_0_9_top__parameterized10 is either unconnected or has no load
WARNING: [Synth 8-7129] Port s_sc_payld[748] in module sc_switchboard_v1_0_9_top__parameterized10 is either unconnected or has no load
WARNING: [Synth 8-7129] Port s_sc_payld[747] in module sc_switchboard_v1_0_9_top__parameterized10 is either unconnected or has no load
WARNING: [Synth 8-7129] Port s_sc_payld[746] in module sc_switchboard_v1_0_9_top__parameterized10 is either unconnected or has no load
WARNING: [Synth 8-7129] Port s_sc_payld[745] in module sc_switchboard_v1_0_9_top__parameterized10 is either unconnected or has no load
WARNING: [Synth 8-7129] Port s_sc_payld[744] in module sc_switchboard_v1_0_9_top__parameterized10 is either unconnected or has no load
WARNING: [Synth 8-7129] Port s_sc_payld[743] in module sc_switchboard_v1_0_9_top__parameterized10 is either unconnected or has no load
WARNING: [Synth 8-7129] Port s_sc_payld[742] in module sc_switchboard_v1_0_9_top__parameterized10 is either unconnected or has no load
WARNING: [Synth 8-7129] Port s_sc_payld[741] in module sc_switchboard_v1_0_9_top__parameterized10 is either unconnected or has no load
WARNING: [Synth 8-7129] Port s_sc_payld[740] in module sc_switchboard_v1_0_9_top__parameterized10 is either unconnected or has no load
WARNING: [Synth 8-7129] Port s_sc_payld[739] in module sc_switchboard_v1_0_9_top__parameterized10 is either unconnected or has no load
WARNING: [Synth 8-7129] Port s_sc_payld[738] in module sc_switchboard_v1_0_9_top__parameterized10 is either unconnected or has no load
WARNING: [Synth 8-7129] Port s_sc_payld[737] in module sc_switchboard_v1_0_9_top__parameterized10 is either unconnected or has no load
WARNING: [Synth 8-7129] Port s_sc_payld[736] in module sc_switchboard_v1_0_9_top__parameterized10 is either unconnected or has no load
WARNING: [Synth 8-7129] Port s_sc_payld[735] in module sc_switchboard_v1_0_9_top__parameterized10 is either unconnected or has no load
WARNING: [Synth 8-7129] Port s_sc_payld[734] in module sc_switchboard_v1_0_9_top__parameterized10 is either unconnected or has no load
WARNING: [Synth 8-7129] Port s_sc_payld[733] in module sc_switchboard_v1_0_9_top__parameterized10 is either unconnected or has no load
WARNING: [Synth 8-7129] Port s_sc_payld[732] in module sc_switchboard_v1_0_9_top__parameterized10 is either unconnected or has no load
WARNING: [Synth 8-7129] Port s_sc_payld[731] in module sc_switchboard_v1_0_9_top__parameterized10 is either unconnected or has no load
WARNING: [Synth 8-7129] Port s_sc_payld[730] in module sc_switchboard_v1_0_9_top__parameterized10 is either unconnected or has no load
WARNING: [Synth 8-7129] Port s_sc_payld[729] in module sc_switchboard_v1_0_9_top__parameterized10 is either unconnected or has no load
WARNING: [Synth 8-7129] Port s_sc_payld[728] in module sc_switchboard_v1_0_9_top__parameterized10 is either unconnected or has no load
WARNING: [Synth 8-7129] Port s_sc_payld[727] in module sc_switchboard_v1_0_9_top__parameterized10 is either unconnected or has no load
WARNING: [Synth 8-7129] Port s_sc_payld[726] in module sc_switchboard_v1_0_9_top__parameterized10 is either unconnected or has no load
WARNING: [Synth 8-7129] Port s_sc_payld[725] in module sc_switchboard_v1_0_9_top__parameterized10 is either unconnected or has no load
WARNING: [Synth 8-7129] Port s_sc_payld[724] in module sc_switchboard_v1_0_9_top__parameterized10 is either unconnected or has no load
WARNING: [Synth 8-7129] Port s_sc_payld[723] in module sc_switchboard_v1_0_9_top__parameterized10 is either unconnected or has no load
WARNING: [Synth 8-7129] Port s_sc_payld[722] in module sc_switchboard_v1_0_9_top__parameterized10 is either unconnected or has no load
WARNING: [Synth 8-7129] Port s_sc_payld[721] in module sc_switchboard_v1_0_9_top__parameterized10 is either unconnected or has no load
WARNING: [Synth 8-7129] Port s_sc_payld[720] in module sc_switchboard_v1_0_9_top__parameterized10 is either unconnected or has no load
WARNING: [Synth 8-7129] Port s_sc_payld[719] in module sc_switchboard_v1_0_9_top__parameterized10 is either unconnected or has no load
WARNING: [Synth 8-7129] Port s_sc_payld[718] in module sc_switchboard_v1_0_9_top__parameterized10 is either unconnected or has no load
WARNING: [Synth 8-7129] Port s_sc_payld[717] in module sc_switchboard_v1_0_9_top__parameterized10 is either unconnected or has no load
WARNING: [Synth 8-7129] Port s_sc_payld[716] in module sc_switchboard_v1_0_9_top__parameterized10 is either unconnected or has no load
WARNING: [Synth 8-7129] Port s_sc_payld[715] in module sc_switchboard_v1_0_9_top__parameterized10 is either unconnected or has no load
WARNING: [Synth 8-7129] Port s_sc_payld[714] in module sc_switchboard_v1_0_9_top__parameterized10 is either unconnected or has no load
WARNING: [Synth 8-7129] Port s_sc_payld[713] in module sc_switchboard_v1_0_9_top__parameterized10 is either unconnected or has no load
WARNING: [Synth 8-7129] Port s_sc_payld[712] in module sc_switchboard_v1_0_9_top__parameterized10 is either unconnected or has no load
WARNING: [Synth 8-7129] Port s_sc_payld[711] in module sc_switchboard_v1_0_9_top__parameterized10 is either unconnected or has no load
INFO: [Common 17-14] Message 'Synth 8-7129' appears 100 times and further instances of the messages will be disabled. Use the Tcl command set_msg_config to change the current settings.
WARNING: [Synth 8-13161] RAM (\m00_nodes/m00_ar_node/inst /\inst_mi_handler/gen_normal_area.gen_node_prog_full.inst_node_prog_full/gen_xpm_memory_fifo.inst_fifo/gen_mem_rep[0].inst_xpm_memory /xpm_memory_base_inst/i_0) is optimized away because it doesn't have any load.
WARNING: [Synth 8-6014] Unused sequential element gen_wr_a.gen_word_narrow.mem_reg was removed. 
WARNING: [Synth 8-13161] RAM (\m00_nodes/m00_aw_node/inst /\inst_mi_handler/gen_normal_area.gen_node_prog_full.inst_node_prog_full/gen_xpm_memory_fifo.inst_fifo/gen_mem_rep[0].inst_xpm_memory /xpm_memory_base_inst/i_0) is optimized away because it doesn't have any load.
WARNING: [Synth 8-6014] Unused sequential element gen_wr_a.gen_word_narrow.mem_reg was removed. 
WARNING: [Synth 8-13161] RAM (\m00_nodes/m00_w_node/inst /\inst_mi_handler/gen_normal_area.gen_node_prog_full.inst_node_prog_full/gen_xpm_memory_fifo.inst_fifo/gen_mem_rep[0].inst_xpm_memory /xpm_memory_base_inst/i_0) is optimized away because it doesn't have any load.
WARNING: [Synth 8-6014] Unused sequential element gen_wr_a.gen_word_narrow.mem_reg was removed. 
WARNING: [Synth 8-13161] RAM (\s00_nodes/s00_ar_node/inst /\inst_mi_handler/gen_normal_area.gen_fifo_req.inst_fifo_req/gen_xpm_memory_fifo.inst_fifo/gen_mem_rep[0].inst_xpm_memory /xpm_memory_base_inst/i_0) is optimized away because it doesn't have any load.
WARNING: [Synth 8-6014] Unused sequential element gen_wr_a.gen_word_narrow.mem_reg was removed. 
WARNING: [Synth 8-13161] RAM (\s00_nodes/s00_r_node/inst /\inst_mi_handler/gen_normal_area.gen_node_prog_full.inst_node_prog_full/gen_xpm_memory_fifo.inst_fifo/gen_mem_rep[0].inst_xpm_memory /xpm_memory_base_inst/i_0) is optimized away because it doesn't have any load.
WARNING: [Synth 8-6014] Unused sequential element gen_wr_a.gen_word_narrow.mem_reg was removed. 
WARNING: [Synth 8-13161] RAM (\s02_nodes/s02_ar_node/inst /\inst_mi_handler/gen_normal_area.gen_fifo_req.inst_fifo_req/gen_xpm_memory_fifo.inst_fifo/gen_mem_rep[0].inst_xpm_memory /xpm_memory_base_inst/i_0) is optimized away because it doesn't have any load.
WARNING: [Synth 8-6014] Unused sequential element gen_wr_a.gen_word_narrow.mem_reg was removed. 
WARNING: [Synth 8-13161] RAM (\s02_nodes/s02_r_node/inst /\inst_mi_handler/gen_normal_area.gen_node_prog_full.inst_node_prog_full/gen_xpm_memory_fifo.inst_fifo/gen_mem_rep[0].inst_xpm_memory /xpm_memory_base_inst/i_0) is optimized away because it doesn't have any load.
WARNING: [Synth 8-6014] Unused sequential element gen_wr_a.gen_word_narrow.mem_reg was removed. 
WARNING: [Synth 8-13161] RAM (\s03_nodes/s03_aw_node/inst /\inst_mi_handler/gen_normal_area.gen_fifo_req.inst_fifo_req/gen_xpm_memory_fifo.inst_fifo/gen_mem_rep[0].inst_xpm_memory /xpm_memory_base_inst/i_0) is optimized away because it doesn't have any load.
WARNING: [Synth 8-6014] Unused sequential element gen_wr_a.gen_word_narrow.mem_reg was removed. 
WARNING: [Synth 8-13161] RAM (\s03_nodes/s03_b_node/inst /\inst_mi_handler/gen_normal_area.gen_node_prog_full.inst_node_prog_full/gen_xpm_memory_fifo.inst_fifo/gen_mem_rep[0].inst_xpm_memory /xpm_memory_base_inst/i_0) is optimized away because it doesn't have any load.
WARNING: [Synth 8-6014] Unused sequential element gen_wr_a.gen_word_narrow.mem_reg was removed. 
INFO: [Synth 8-3886] merging instance 's03_nodes/s03_w_node/inst/inst_mi_handler/gen_normal_area.gen_upsizer.inst_upsizer/inst_upsizer_target_pipeline/gen_pipe[1].pipe_reg[1][17]' (FDRE) to 's03_nodes/s03_w_node/inst/inst_mi_handler/gen_normal_area.gen_upsizer.inst_upsizer/inst_upsizer_target_pipeline/gen_pipe[1].pipe_reg[1][12]'
INFO: [Synth 8-3886] merging instance 's03_nodes/s03_w_node/inst/inst_mi_handler/gen_normal_area.gen_upsizer.inst_upsizer/inst_upsizer_target_pipeline/gen_pipe[1].pipe_reg[1][16]' (FDRE) to 's03_nodes/s03_w_node/inst/inst_mi_handler/gen_normal_area.gen_upsizer.inst_upsizer/inst_upsizer_target_pipeline/gen_pipe[1].pipe_reg[1][12]'
INFO: [Synth 8-3886] merging instance 's03_nodes/s03_w_node/inst/inst_mi_handler/gen_normal_area.gen_upsizer.inst_upsizer/inst_upsizer_target_pipeline/gen_pipe[1].pipe_reg[1][15]' (FDRE) to 's03_nodes/s03_w_node/inst/inst_mi_handler/gen_normal_area.gen_upsizer.inst_upsizer/inst_upsizer_target_pipeline/gen_pipe[1].pipe_reg[1][12]'
INFO: [Synth 8-3886] merging instance 's03_nodes/s03_w_node/inst/inst_mi_handler/gen_normal_area.gen_upsizer.inst_upsizer/inst_upsizer_target_pipeline/gen_pipe[1].pipe_reg[1][14]' (FDRE) to 's03_nodes/s03_w_node/inst/inst_mi_handler/gen_normal_area.gen_upsizer.inst_upsizer/inst_upsizer_target_pipeline/gen_pipe[1].pipe_reg[1][12]'
INFO: [Synth 8-3886] merging instance 's03_nodes/s03_w_node/inst/inst_mi_handler/gen_normal_area.gen_upsizer.inst_upsizer/inst_upsizer_target_pipeline/gen_pipe[1].pipe_reg[1][12]' (FDRE) to 's03_nodes/s03_w_node/inst/inst_mi_handler/gen_normal_area.gen_upsizer.inst_upsizer/inst_upsizer_target_pipeline/gen_pipe[1].pipe_reg[1][13]'
INFO: [Synth 8-3886] merging instance 's03_nodes/s03_w_node/inst/inst_mi_handler/gen_normal_area.gen_upsizer.inst_upsizer/inst_upsizer_target_pipeline/gen_pipe[1].pipe_reg[1][13]' (FDRE) to 's03_nodes/s03_w_node/inst/inst_mi_handler/gen_normal_area.gen_upsizer.inst_upsizer/inst_upsizer_target_pipeline/gen_pipe[1].pipe_reg[1][10]'
INFO: [Synth 8-3886] merging instance 's03_nodes/s03_w_node/inst/inst_mi_handler/gen_normal_area.gen_upsizer.inst_upsizer/inst_upsizer_target_pipeline/gen_pipe[1].pipe_reg[1][10]' (FDRE) to 's03_nodes/s03_w_node/inst/inst_mi_handler/gen_normal_area.gen_upsizer.inst_upsizer/inst_upsizer_target_pipeline/gen_pipe[1].pipe_reg[1][9]'
INFO: [Synth 8-3886] merging instance 's03_nodes/s03_w_node/inst/inst_mi_handler/gen_normal_area.gen_upsizer.inst_upsizer/inst_upsizer_target_pipeline/gen_pipe[1].pipe_reg[1][8]' (FDRE) to 's03_nodes/s03_w_node/inst/inst_mi_handler/gen_normal_area.gen_upsizer.inst_upsizer/inst_upsizer_target_pipeline/gen_pipe[1].pipe_reg[1][9]'
INFO: [Synth 8-3886] merging instance 's03_nodes/s03_w_node/inst/inst_mi_handler/gen_normal_area.gen_upsizer.inst_upsizer/inst_upsizer_target_pipeline/gen_pipe[1].pipe_reg[1][9]' (FDRE) to 's03_nodes/s03_w_node/inst/inst_mi_handler/gen_normal_area.gen_upsizer.inst_upsizer/inst_upsizer_target_pipeline/gen_pipe[1].pipe_reg[1][7]'
INFO: [Synth 8-3886] merging instance 's03_nodes/s03_w_node/inst/inst_mi_handler/gen_normal_area.gen_upsizer.inst_upsizer/inst_upsizer_target_pipeline/gen_pipe[1].pipe_reg[1][6]' (FDRE) to 's03_nodes/s03_w_node/inst/inst_mi_handler/gen_normal_area.gen_upsizer.inst_upsizer/inst_upsizer_target_pipeline/gen_pipe[1].pipe_reg[1][7]'
INFO: [Synth 8-3886] merging instance 's03_nodes/s03_w_node/inst/inst_mi_handler/gen_normal_area.gen_upsizer.inst_upsizer/inst_upsizer_target_pipeline/gen_pipe[1].pipe_reg[1][7]' (FDRE) to 's03_nodes/s03_w_node/inst/inst_mi_handler/gen_normal_area.gen_upsizer.inst_upsizer/inst_upsizer_target_pipeline/gen_pipe[1].pipe_reg[1][5]'
INFO: [Synth 8-3886] merging instance 's03_nodes/s03_w_node/inst/inst_mi_handler/gen_normal_area.gen_upsizer.inst_upsizer/inst_upsizer_target_pipeline/gen_pipe[1].pipe_reg[1][5]' (FDRE) to 's03_nodes/s03_w_node/inst/inst_mi_handler/gen_normal_area.gen_upsizer.inst_upsizer/inst_upsizer_target_pipeline/gen_pipe[1].pipe_reg[1][2]'
INFO: [Synth 8-3333] propagating constant 0 across sequential element (\s03_nodes/s03_w_node/inst /\inst_mi_handler/gen_normal_area.gen_upsizer.inst_upsizer/inst_upsizer_target_pipeline/gen_pipe[1].pipe_reg[1][2] )
INFO: [Synth 8-3886] merging instance 'clk_map/psr_aclk/U0/SEQ/core_dec_reg[1]' (FD) to 'clk_map/psr_aclk/U0/SEQ/bsr_dec_reg[1]'
INFO: [Synth 8-3333] propagating constant 0 across sequential element (\m00_nodes/m00_w_node/inst /\inst_si_handler/gen_si_handler.gen_request_fifos.gen_req_fifo[0].inst_req_fifo/gen_xpm_memory_fifo.inst_fifo/gen_mem_rep[0].inst_wr_addra/count_r_reg[0] )
INFO: [Synth 8-3333] propagating constant 0 across sequential element (\m00_nodes/m00_w_node/inst /\inst_si_handler/gen_si_handler.gen_request_fifos.gen_req_fifo[0].inst_req_fifo/gen_xpm_memory_fifo.inst_fifo/gen_mem_rep[0].inst_wr_addra/count_r_reg[1] )
INFO: [Synth 8-3333] propagating constant 0 across sequential element (\m00_nodes/m00_w_node/inst /\inst_si_handler/gen_si_handler.gen_request_fifos.gen_req_fifo[0].inst_req_fifo/gen_xpm_memory_fifo.inst_fifo/gen_mem_rep[0].inst_wr_addra/count_r_reg[2] )
INFO: [Synth 8-3333] propagating constant 0 across sequential element (\m00_nodes/m00_w_node/inst /\inst_si_handler/gen_si_handler.gen_request_fifos.gen_req_fifo[0].inst_req_fifo/gen_xpm_memory_fifo.inst_fifo/gen_mem_rep[0].inst_rd_addrb/count_r_reg[0] )
INFO: [Synth 8-3333] propagating constant 0 across sequential element (\m00_nodes/m00_w_node/inst /\inst_si_handler/gen_si_handler.gen_request_fifos.gen_req_fifo[0].inst_req_fifo/gen_xpm_memory_fifo.inst_fifo/gen_mem_rep[0].inst_rd_addrb/count_r_reg[1] )
INFO: [Synth 8-3333] propagating constant 0 across sequential element (\m00_nodes/m00_w_node/inst /\inst_si_handler/gen_si_handler.gen_request_fifos.gen_req_fifo[0].inst_req_fifo/gen_xpm_memory_fifo.inst_fifo/gen_mem_rep[0].inst_rd_addrb/count_r_reg[2] )
INFO: [Synth 8-3333] propagating constant 0 across sequential element (\m00_nodes/m00_w_node/inst /\inst_si_handler/gen_si_handler.gen_request_fifos.gen_req_fifo[1].inst_req_fifo/gen_xpm_memory_fifo.inst_fifo/gen_mem_rep[0].inst_wr_addra/count_r_reg[0] )
INFO: [Synth 8-3333] propagating constant 0 across sequential element (\m00_nodes/m00_w_node/inst /\inst_si_handler/gen_si_handler.gen_request_fifos.gen_req_fifo[1].inst_req_fifo/gen_xpm_memory_fifo.inst_fifo/gen_mem_rep[0].inst_wr_addra/count_r_reg[1] )
INFO: [Synth 8-3333] propagating constant 0 across sequential element (\m00_nodes/m00_w_node/inst /\inst_si_handler/gen_si_handler.gen_request_fifos.gen_req_fifo[1].inst_req_fifo/gen_xpm_memory_fifo.inst_fifo/gen_mem_rep[0].inst_wr_addra/count_r_reg[2] )
INFO: [Synth 8-3333] propagating constant 0 across sequential element (\m00_nodes/m00_w_node/inst /\inst_si_handler/gen_si_handler.gen_request_fifos.gen_req_fifo[1].inst_req_fifo/gen_xpm_memory_fifo.inst_fifo/gen_mem_rep[0].inst_rd_addrb/count_r_reg[0] )
INFO: [Synth 8-3333] propagating constant 0 across sequential element (\m00_nodes/m00_w_node/inst /\inst_si_handler/gen_si_handler.gen_request_fifos.gen_req_fifo[1].inst_req_fifo/gen_xpm_memory_fifo.inst_fifo/gen_mem_rep[0].inst_rd_addrb/count_r_reg[1] )
INFO: [Synth 8-3333] propagating constant 0 across sequential element (\m00_nodes/m00_w_node/inst /\inst_si_handler/gen_si_handler.gen_request_fifos.gen_req_fifo[1].inst_req_fifo/gen_xpm_memory_fifo.inst_fifo/gen_mem_rep[0].inst_rd_addrb/count_r_reg[2] )
INFO: [Synth 8-3333] propagating constant 0 across sequential element (\m00_nodes/m00_w_node/inst /\inst_si_handler/gen_si_handler.gen_request_fifos.gen_req_fifo[2].inst_req_fifo/gen_xpm_memory_fifo.inst_fifo/gen_mem_rep[0].inst_wr_addra/count_r_reg[0] )
INFO: [Synth 8-3333] propagating constant 0 across sequential element (\m00_nodes/m00_w_node/inst /\inst_si_handler/gen_si_handler.gen_request_fifos.gen_req_fifo[2].inst_req_fifo/gen_xpm_memory_fifo.inst_fifo/gen_mem_rep[0].inst_wr_addra/count_r_reg[1] )
INFO: [Synth 8-3333] propagating constant 0 across sequential element (\m00_nodes/m00_w_node/inst /\inst_si_handler/gen_si_handler.gen_request_fifos.gen_req_fifo[2].inst_req_fifo/gen_xpm_memory_fifo.inst_fifo/gen_mem_rep[0].inst_wr_addra/count_r_reg[2] )
INFO: [Synth 8-3333] propagating constant 0 across sequential element (\m00_nodes/m00_w_node/inst /\inst_si_handler/gen_si_handler.gen_request_fifos.gen_req_fifo[2].inst_req_fifo/gen_xpm_memory_fifo.inst_fifo/gen_mem_rep[0].inst_rd_addrb/count_r_reg[0] )
INFO: [Synth 8-3333] propagating constant 0 across sequential element (\m00_nodes/m00_w_node/inst /\inst_si_handler/gen_si_handler.gen_request_fifos.gen_req_fifo[2].inst_req_fifo/gen_xpm_memory_fifo.inst_fifo/gen_mem_rep[0].inst_rd_addrb/count_r_reg[1] )
INFO: [Synth 8-3333] propagating constant 0 across sequential element (\m00_nodes/m00_w_node/inst /\inst_si_handler/gen_si_handler.gen_request_fifos.gen_req_fifo[2].inst_req_fifo/gen_xpm_memory_fifo.inst_fifo/gen_mem_rep[0].inst_rd_addrb/count_r_reg[2] )
INFO: [Synth 8-3333] propagating constant 0 across sequential element (\m00_nodes/m00_w_node/inst /\inst_si_handler/gen_si_handler.gen_request_fifos.gen_req_fifo[4].inst_req_fifo/gen_xpm_memory_fifo.inst_fifo/gen_mem_rep[0].inst_wr_addra/count_r_reg[0] )
INFO: [Synth 8-3333] propagating constant 0 across sequential element (\m00_nodes/m00_w_node/inst /\inst_si_handler/gen_si_handler.gen_request_fifos.gen_req_fifo[4].inst_req_fifo/gen_xpm_memory_fifo.inst_fifo/gen_mem_rep[0].inst_wr_addra/count_r_reg[1] )
INFO: [Synth 8-3333] propagating constant 0 across sequential element (\m00_nodes/m00_w_node/inst /\inst_si_handler/gen_si_handler.gen_request_fifos.gen_req_fifo[4].inst_req_fifo/gen_xpm_memory_fifo.inst_fifo/gen_mem_rep[0].inst_wr_addra/count_r_reg[2] )
INFO: [Synth 8-3333] propagating constant 0 across sequential element (\m00_nodes/m00_w_node/inst /\inst_si_handler/gen_si_handler.gen_request_fifos.gen_req_fifo[4].inst_req_fifo/gen_xpm_memory_fifo.inst_fifo/gen_mem_rep[0].inst_rd_addrb/count_r_reg[0] )
INFO: [Synth 8-3333] propagating constant 0 across sequential element (\m00_nodes/m00_w_node/inst /\inst_si_handler/gen_si_handler.gen_request_fifos.gen_req_fifo[4].inst_req_fifo/gen_xpm_memory_fifo.inst_fifo/gen_mem_rep[0].inst_rd_addrb/count_r_reg[1] )
INFO: [Synth 8-3333] propagating constant 0 across sequential element (\m00_nodes/m00_w_node/inst /\inst_si_handler/gen_si_handler.gen_request_fifos.gen_req_fifo[4].inst_req_fifo/gen_xpm_memory_fifo.inst_fifo/gen_mem_rep[0].inst_rd_addrb/count_r_reg[2] )
INFO: [Synth 8-3333] propagating constant 0 across sequential element (\s03_nodes/s03_w_node/inst /\inst_mi_handler/gen_normal_area.gen_upsizer.inst_upsizer/gen_w_ch.accum_reg[sc_route][0] )
INFO: [Synth 8-3886] merging instance 's03_nodes/s03_w_node/inst/inst_mi_handler/gen_normal_area.gen_upsizer.inst_upsizer/gen_w_ch.post_upsize_ratio_reg[0]' (FDRE) to 's03_nodes/s03_w_node/inst/inst_mi_handler/gen_normal_area.gen_upsizer.inst_upsizer/gen_w_ch.post_pntr_shift_reg[0]'
INFO: [Synth 8-3886] merging instance 's03_nodes/s03_w_node/inst/inst_mi_handler/gen_normal_area.gen_upsizer.inst_upsizer/gen_w_ch.post_upsize_ratio_reg[1]' (FDRE) to 's03_nodes/s03_w_node/inst/inst_mi_handler/gen_normal_area.gen_upsizer.inst_upsizer/gen_w_ch.post_pntr_shift_reg[0]'
INFO: [Synth 8-3886] merging instance 's03_nodes/s03_w_node/inst/inst_mi_handler/gen_normal_area.gen_upsizer.inst_upsizer/gen_w_ch.post_upsize_ratio_reg[2]' (FDSE) to 's03_nodes/s03_w_node/inst/inst_mi_handler/gen_normal_area.gen_upsizer.inst_upsizer/gen_w_ch.post_pntr_mask_reg[1]'
INFO: [Synth 8-3886] merging instance 's03_nodes/s03_w_node/inst/inst_mi_handler/gen_normal_area.gen_upsizer.inst_upsizer/gen_w_ch.post_pntr_mask_reg[1]' (FDSE) to 's03_nodes/s03_w_node/inst/inst_mi_handler/gen_normal_area.gen_upsizer.inst_upsizer/gen_w_ch.post_pntr_mask_reg[0]'
INFO: [Synth 8-3886] merging instance 's03_nodes/s03_w_node/inst/inst_mi_handler/gen_normal_area.gen_upsizer.inst_upsizer/gen_w_ch.post_pntr_mask_reg[0]' (FDSE) to 's03_nodes/s03_w_node/inst/inst_mi_handler/gen_normal_area.gen_upsizer.inst_upsizer/gen_w_ch.post_pntr_shift_reg[1]'
INFO: [Synth 8-3886] merging instance 's03_nodes/s03_w_node/inst/inst_mi_handler/gen_normal_area.gen_upsizer.inst_upsizer/gen_w_ch.post_pntr_shift_reg[7]' (FDRE) to 's03_nodes/s03_w_node/inst/inst_mi_handler/gen_normal_area.gen_upsizer.inst_upsizer/gen_w_ch.post_pntr_shift_reg[0]'
INFO: [Synth 8-3886] merging instance 's03_nodes/s03_w_node/inst/inst_mi_handler/gen_normal_area.gen_upsizer.inst_upsizer/gen_w_ch.post_pntr_shift_reg[6]' (FDRE) to 's03_nodes/s03_w_node/inst/inst_mi_handler/gen_normal_area.gen_upsizer.inst_upsizer/gen_w_ch.post_pntr_shift_reg[0]'
INFO: [Synth 8-3886] merging instance 's03_nodes/s03_w_node/inst/inst_mi_handler/gen_normal_area.gen_upsizer.inst_upsizer/gen_w_ch.post_pntr_shift_reg[5]' (FDRE) to 's03_nodes/s03_w_node/inst/inst_mi_handler/gen_normal_area.gen_upsizer.inst_upsizer/gen_w_ch.post_pntr_shift_reg[0]'
INFO: [Synth 8-3886] merging instance 's03_nodes/s03_w_node/inst/inst_mi_handler/gen_normal_area.gen_upsizer.inst_upsizer/gen_w_ch.post_pntr_shift_reg[4]' (FDRE) to 's03_nodes/s03_w_node/inst/inst_mi_handler/gen_normal_area.gen_upsizer.inst_upsizer/gen_w_ch.post_pntr_shift_reg[0]'
INFO: [Synth 8-3886] merging instance 's03_nodes/s03_w_node/inst/inst_mi_handler/gen_normal_area.gen_upsizer.inst_upsizer/gen_w_ch.post_pntr_shift_reg[3]' (FDRE) to 's03_nodes/s03_w_node/inst/inst_mi_handler/gen_normal_area.gen_upsizer.inst_upsizer/gen_w_ch.post_pntr_shift_reg[0]'
INFO: [Synth 8-3886] merging instance 's03_nodes/s03_w_node/inst/inst_mi_handler/gen_normal_area.gen_upsizer.inst_upsizer/gen_w_ch.post_pntr_shift_reg[2]' (FDRE) to 's03_nodes/s03_w_node/inst/inst_mi_handler/gen_normal_area.gen_upsizer.inst_upsizer/gen_w_ch.post_pntr_shift_reg[0]'
INFO: [Synth 8-3333] propagating constant 1 across sequential element (\s03_nodes/s03_w_node/inst /\inst_mi_handler/gen_normal_area.gen_upsizer.inst_upsizer/gen_w_ch.post_pntr_shift_reg[1] )
INFO: [Synth 8-3333] propagating constant 0 across sequential element (\s03_nodes/s03_w_node/inst /\inst_mi_handler/gen_normal_area.gen_upsizer.inst_upsizer/gen_w_ch.post_pntr_shift_reg[0] )
INFO: [Synth 8-3333] propagating constant 0 across sequential element (\m00_nodes/m00_aw_node/inst /\inst_si_handler/gen_si_handler.gen_request_counters.gen_req_counter[0].inst_req_counter/count_r_reg[0] )
INFO: [Synth 8-3333] propagating constant 0 across sequential element (\m00_nodes/m00_aw_node/inst /\inst_si_handler/gen_si_handler.gen_request_counters.gen_req_counter[0].inst_req_counter/count_r_reg[1] )
INFO: [Synth 8-3333] propagating constant 0 across sequential element (\m00_nodes/m00_aw_node/inst /\inst_si_handler/gen_si_handler.gen_request_counters.gen_req_counter[1].inst_req_counter/count_r_reg[0] )
INFO: [Synth 8-3333] propagating constant 0 across sequential element (\m00_nodes/m00_aw_node/inst /\inst_si_handler/gen_si_handler.gen_request_counters.gen_req_counter[1].inst_req_counter/count_r_reg[1] )
INFO: [Synth 8-3333] propagating constant 0 across sequential element (\m00_nodes/m00_aw_node/inst /\inst_si_handler/gen_si_handler.gen_request_counters.gen_req_counter[2].inst_req_counter/count_r_reg[0] )
INFO: [Synth 8-3333] propagating constant 0 across sequential element (\m00_nodes/m00_aw_node/inst /\inst_si_handler/gen_si_handler.gen_request_counters.gen_req_counter[2].inst_req_counter/count_r_reg[1] )
INFO: [Synth 8-3333] propagating constant 0 across sequential element (\m00_nodes/m00_aw_node/inst /\inst_si_handler/gen_si_handler.gen_request_counters.gen_req_counter[4].inst_req_counter/count_r_reg[0] )
INFO: [Synth 8-3333] propagating constant 0 across sequential element (\m00_nodes/m00_aw_node/inst /\inst_si_handler/gen_si_handler.gen_request_counters.gen_req_counter[4].inst_req_counter/count_r_reg[1] )
INFO: [Synth 8-3333] propagating constant 0 across sequential element (\m00_nodes/m00_ar_node/inst /\inst_si_handler/gen_si_handler.gen_request_counters.gen_req_counter[1].inst_req_counter/count_r_reg[0] )
INFO: [Synth 8-3333] propagating constant 0 across sequential element (\m00_nodes/m00_ar_node/inst /\inst_si_handler/gen_si_handler.gen_request_counters.gen_req_counter[1].inst_req_counter/count_r_reg[1] )
INFO: [Synth 8-3333] propagating constant 0 across sequential element (\m00_nodes/m00_ar_node/inst /\inst_si_handler/gen_si_handler.gen_request_counters.gen_req_counter[3].inst_req_counter/count_r_reg[0] )
INFO: [Synth 8-3333] propagating constant 0 across sequential element (\m00_nodes/m00_ar_node/inst /\inst_si_handler/gen_si_handler.gen_request_counters.gen_req_counter[3].inst_req_counter/count_r_reg[1] )
INFO: [Synth 8-3333] propagating constant 0 across sequential element (\m00_nodes/m00_ar_node/inst /\inst_si_handler/gen_si_handler.gen_request_counters.gen_req_counter[4].inst_req_counter/count_r_reg[0] )
INFO: [Synth 8-3333] propagating constant 0 across sequential element (\m00_nodes/m00_ar_node/inst /\inst_si_handler/gen_si_handler.gen_request_counters.gen_req_counter[4].inst_req_counter/count_r_reg[1] )
INFO: [Synth 8-3333] propagating constant 1 across sequential element (\m00_nodes/m00_w_node/inst /\inst_si_handler/gen_si_handler.gen_request_fifos.gen_req_fifo[0].inst_req_fifo/gen_xpm_memory_fifo.inst_fifo/gen_wr.inst_wr_addra_p1/count_r_reg[0] )
INFO: [Synth 8-3333] propagating constant 0 across sequential element (\m00_nodes/m00_w_node/inst /\inst_si_handler/gen_si_handler.gen_request_fifos.gen_req_fifo[0].inst_req_fifo/gen_xpm_memory_fifo.inst_fifo/gen_wr.inst_wr_addra_p1/count_r_reg[1] )
INFO: [Synth 8-3333] propagating constant 0 across sequential element (\m00_nodes/m00_w_node/inst /\inst_si_handler/gen_si_handler.gen_request_fifos.gen_req_fifo[0].inst_req_fifo/gen_xpm_memory_fifo.inst_fifo/gen_wr.inst_wr_addra_p1/count_r_reg[2] )
INFO: [Synth 8-3333] propagating constant 1 across sequential element (\m00_nodes/m00_w_node/inst /\inst_si_handler/gen_si_handler.gen_request_fifos.gen_req_fifo[1].inst_req_fifo/gen_xpm_memory_fifo.inst_fifo/gen_wr.inst_wr_addra_p1/count_r_reg[0] )
INFO: [Synth 8-3333] propagating constant 0 across sequential element (\m00_nodes/m00_w_node/inst /\inst_si_handler/gen_si_handler.gen_request_fifos.gen_req_fifo[1].inst_req_fifo/gen_xpm_memory_fifo.inst_fifo/gen_wr.inst_wr_addra_p1/count_r_reg[1] )
INFO: [Synth 8-3333] propagating constant 0 across sequential element (\m00_nodes/m00_w_node/inst /\inst_si_handler/gen_si_handler.gen_request_fifos.gen_req_fifo[1].inst_req_fifo/gen_xpm_memory_fifo.inst_fifo/gen_wr.inst_wr_addra_p1/count_r_reg[2] )
INFO: [Synth 8-3333] propagating constant 1 across sequential element (\m00_nodes/m00_w_node/inst /\inst_si_handler/gen_si_handler.gen_request_fifos.gen_req_fifo[2].inst_req_fifo/gen_xpm_memory_fifo.inst_fifo/gen_wr.inst_wr_addra_p1/count_r_reg[0] )
INFO: [Synth 8-3333] propagating constant 0 across sequential element (\m00_nodes/m00_w_node/inst /\inst_si_handler/gen_si_handler.gen_request_fifos.gen_req_fifo[2].inst_req_fifo/gen_xpm_memory_fifo.inst_fifo/gen_wr.inst_wr_addra_p1/count_r_reg[1] )
INFO: [Synth 8-3333] propagating constant 0 across sequential element (\m00_nodes/m00_w_node/inst /\inst_si_handler/gen_si_handler.gen_request_fifos.gen_req_fifo[2].inst_req_fifo/gen_xpm_memory_fifo.inst_fifo/gen_wr.inst_wr_addra_p1/count_r_reg[2] )
INFO: [Synth 8-3333] propagating constant 1 across sequential element (\s03_nodes/s03_w_node/inst /\inst_mi_handler/gen_normal_area.inst_fifo_send/gen_AB_reg_slice.payld_b_reg[0] )
INFO: [Synth 8-3333] propagating constant 1 across sequential element (\s03_nodes/s03_w_node/inst /\inst_mi_handler/gen_normal_area.inst_fifo_send/gen_AB_reg_slice.payld_a_reg[0] )
INFO: [Synth 8-3333] propagating constant 1 across sequential element (\m00_nodes/m00_w_node/inst /\inst_si_handler/gen_si_handler.gen_request_fifos.gen_req_fifo[4].inst_req_fifo/gen_xpm_memory_fifo.inst_fifo/gen_wr.inst_wr_addra_p1/count_r_reg[0] )
INFO: [Synth 8-3333] propagating constant 0 across sequential element (\m00_nodes/m00_w_node/inst /\inst_si_handler/gen_si_handler.gen_request_fifos.gen_req_fifo[4].inst_req_fifo/gen_xpm_memory_fifo.inst_fifo/gen_wr.inst_wr_addra_p1/count_r_reg[1] )
INFO: [Synth 8-3333] propagating constant 0 across sequential element (\m00_nodes/m00_w_node/inst /\inst_si_handler/gen_si_handler.gen_request_fifos.gen_req_fifo[4].inst_req_fifo/gen_xpm_memory_fifo.inst_fifo/gen_wr.inst_wr_addra_p1/count_r_reg[2] )
INFO: [Synth 8-3333] propagating constant 0 across sequential element (\s03_nodes/s03_w_node/inst /p_0_out_inferred__5/\inst_mi_handler/inst_ingress/inst_incoming_count/count_r_reg[2] )
INFO: [Synth 8-3333] propagating constant 0 across sequential element (\s03_nodes/s03_w_node/inst /p_0_out_inferred__5/\inst_mi_handler/inst_ingress/inst_incoming_count/count_r_reg[3] )
INFO: [Synth 8-3333] propagating constant 0 across sequential element (\s03_nodes/s03_w_node/inst /p_0_out_inferred__5/\inst_mi_handler/inst_ingress/inst_incoming_count/count_r_reg[1] )
INFO: [Synth 8-3333] propagating constant 0 across sequential element (\s03_nodes/s03_w_node/inst /p_0_out_inferred__5/\inst_mi_handler/inst_ingress/inst_incoming_count/count_r_reg[0] )
INFO: [Synth 8-3333] propagating constant 1 across sequential element (\s03_nodes/s03_w_node/inst /\inst_mi_handler/inst_ingress/inst_incoming_count/is_zero_r_reg )
INFO: [Synth 8-3333] propagating constant 1 across sequential element (\s03_nodes/s03_aw_node/inst /\inst_mi_handler/gen_normal_area.inst_fifo_send/gen_AB_reg_slice.payld_b_reg[0] )
INFO: [Synth 8-3333] propagating constant 1 across sequential element (\s03_nodes/s03_aw_node/inst /\inst_mi_handler/gen_normal_area.inst_fifo_send/gen_AB_reg_slice.payld_a_reg[0] )
INFO: [Synth 8-3886] merging instance 'm00_nodes/m00_aw_node/inst/inst_si_handler/gen_si_handler.gen_request_counters.gen_req_counter[4].inst_req_counter/is_zero_r_reg' (FDSE) to 'm00_nodes/m00_aw_node/inst/inst_si_handler/gen_si_handler.gen_request_counters.gen_req_counter[2].inst_req_counter/is_zero_r_reg'
INFO: [Synth 8-3886] merging instance 'm00_nodes/m00_aw_node/inst/inst_si_handler/gen_si_handler.gen_request_counters.gen_req_counter[2].inst_req_counter/is_zero_r_reg' (FDSE) to 'm00_nodes/m00_aw_node/inst/inst_si_handler/gen_si_handler.gen_request_counters.gen_req_counter[1].inst_req_counter/is_zero_r_reg'
INFO: [Synth 8-3886] merging instance 'm00_nodes/m00_aw_node/inst/inst_si_handler/gen_si_handler.gen_request_counters.gen_req_counter[1].inst_req_counter/is_zero_r_reg' (FDSE) to 'm00_nodes/m00_aw_node/inst/inst_si_handler/gen_si_handler.gen_request_counters.gen_req_counter[0].inst_req_counter/is_zero_r_reg'
INFO: [Synth 8-3333] propagating constant 1 across sequential element (\m00_nodes/m00_aw_node/inst /\inst_si_handler/gen_si_handler.gen_request_counters.gen_req_counter[0].inst_req_counter/is_zero_r_reg )
INFO: [Synth 8-3333] propagating constant 1 across sequential element (\s02_nodes/s02_ar_node/inst /\inst_mi_handler/gen_normal_area.inst_fifo_send/gen_AB_reg_slice.payld_b_reg[0] )
INFO: [Synth 8-3333] propagating constant 1 across sequential element (\s02_nodes/s02_ar_node/inst /\inst_mi_handler/gen_normal_area.inst_fifo_send/gen_AB_reg_slice.payld_a_reg[0] )
INFO: [Synth 8-3333] propagating constant 1 across sequential element (\s00_nodes/s00_ar_node/inst /\inst_mi_handler/gen_normal_area.inst_fifo_send/gen_AB_reg_slice.payld_b_reg[0] )
INFO: [Synth 8-3333] propagating constant 1 across sequential element (\s00_nodes/s00_ar_node/inst /\inst_mi_handler/gen_normal_area.inst_fifo_send/gen_AB_reg_slice.payld_a_reg[0] )
INFO: [Synth 8-3886] merging instance 'm00_nodes/m00_ar_node/inst/inst_si_handler/gen_si_handler.gen_request_counters.gen_req_counter[4].inst_req_counter/is_zero_r_reg' (FDSE) to 'm00_nodes/m00_ar_node/inst/inst_si_handler/gen_si_handler.gen_request_counters.gen_req_counter[3].inst_req_counter/is_zero_r_reg'
INFO: [Synth 8-3886] merging instance 'm00_nodes/m00_ar_node/inst/inst_si_handler/gen_si_handler.gen_request_counters.gen_req_counter[3].inst_req_counter/is_zero_r_reg' (FDSE) to 'm00_nodes/m00_ar_node/inst/inst_si_handler/gen_si_handler.gen_request_counters.gen_req_counter[1].inst_req_counter/is_zero_r_reg'
INFO: [Synth 8-3333] propagating constant 1 across sequential element (\m00_nodes/m00_ar_node/inst /\inst_si_handler/gen_si_handler.gen_request_counters.gen_req_counter[1].inst_req_counter/is_zero_r_reg )
INFO: [Synth 8-3886] merging instance 'switchboards/b_switchboard/inst/gen_mi[2].inst_opipe_payld/gen_pipe[1].pipe_reg[1][10]' (FDRE) to 'switchboards/b_switchboard/inst/gen_mi[3].inst_opipe_payld/gen_pipe[1].pipe_reg[1][10]'
INFO: [Synth 8-3886] merging instance 'switchboards/b_switchboard/inst/gen_mi[0].inst_opipe_payld/gen_pipe[1].pipe_reg[1][10]' (FDRE) to 'switchboards/b_switchboard/inst/gen_mi[3].inst_opipe_payld/gen_pipe[1].pipe_reg[1][10]'
INFO: [Synth 8-3886] merging instance 'switchboards/b_switchboard/inst/gen_mi[2].inst_opipe_payld/gen_pipe[1].pipe_reg[1][8]' (FDRE) to 'switchboards/b_switchboard/inst/gen_mi[3].inst_opipe_payld/gen_pipe[1].pipe_reg[1][8]'
INFO: [Synth 8-3886] merging instance 'switchboards/b_switchboard/inst/gen_mi[0].inst_opipe_payld/gen_pipe[1].pipe_reg[1][8]' (FDRE) to 'switchboards/b_switchboard/inst/gen_mi[3].inst_opipe_payld/gen_pipe[1].pipe_reg[1][8]'
INFO: [Synth 8-3886] merging instance 'switchboards/b_switchboard/inst/gen_mi[2].inst_opipe_payld/gen_pipe[1].pipe_reg[1][9]' (FDRE) to 'switchboards/b_switchboard/inst/gen_mi[3].inst_opipe_payld/gen_pipe[1].pipe_reg[1][9]'
INFO: [Synth 8-3886] merging instance 'switchboards/b_switchboard/inst/gen_mi[0].inst_opipe_payld/gen_pipe[1].pipe_reg[1][9]' (FDRE) to 'switchboards/b_switchboard/inst/gen_mi[3].inst_opipe_payld/gen_pipe[1].pipe_reg[1][9]'
INFO: [Synth 8-3886] merging instance 'switchboards/b_switchboard/inst/gen_mi[2].inst_opipe_payld/gen_pipe[1].pipe_reg[1][6]' (FDRE) to 'switchboards/b_switchboard/inst/gen_mi[3].inst_opipe_payld/gen_pipe[1].pipe_reg[1][6]'
INFO: [Synth 8-3886] merging instance 'switchboards/b_switchboard/inst/gen_mi[0].inst_opipe_payld/gen_pipe[1].pipe_reg[1][6]' (FDRE) to 'switchboards/b_switchboard/inst/gen_mi[3].inst_opipe_payld/gen_pipe[1].pipe_reg[1][6]'
INFO: [Synth 8-3886] merging instance 'switchboards/b_switchboard/inst/gen_mi[2].inst_opipe_payld/gen_pipe[1].pipe_reg[1][7]' (FDRE) to 'switchboards/b_switchboard/inst/gen_mi[3].inst_opipe_payld/gen_pipe[1].pipe_reg[1][7]'
INFO: [Synth 8-3886] merging instance 'switchboards/b_switchboard/inst/gen_mi[0].inst_opipe_payld/gen_pipe[1].pipe_reg[1][7]' (FDRE) to 'switchboards/b_switchboard/inst/gen_mi[3].inst_opipe_payld/gen_pipe[1].pipe_reg[1][7]'
INFO: [Synth 8-3886] merging instance 'switchboards/b_switchboard/inst/gen_mi[2].inst_opipe_payld/gen_pipe[1].pipe_reg[1][5]' (FDRE) to 'switchboards/b_switchboard/inst/gen_mi[3].inst_opipe_payld/gen_pipe[1].pipe_reg[1][5]'
INFO: [Synth 8-3886] merging instance 'switchboards/b_switchboard/inst/gen_mi[0].inst_opipe_payld/gen_pipe[1].pipe_reg[1][5]' (FDRE) to 'switchboards/b_switchboard/inst/gen_mi[3].inst_opipe_payld/gen_pipe[1].pipe_reg[1][5]'
INFO: [Synth 8-3886] merging instance 'switchboards/b_switchboard/inst/gen_mi[2].inst_opipe_payld/gen_pipe[1].pipe_reg[1][3]' (FDRE) to 'switchboards/b_switchboard/inst/gen_mi[3].inst_opipe_payld/gen_pipe[1].pipe_reg[1][3]'
INFO: [Synth 8-3886] merging instance 'switchboards/b_switchboard/inst/gen_mi[0].inst_opipe_payld/gen_pipe[1].pipe_reg[1][3]' (FDRE) to 'switchboards/b_switchboard/inst/gen_mi[3].inst_opipe_payld/gen_pipe[1].pipe_reg[1][3]'
INFO: [Synth 8-3886] merging instance 'switchboards/b_switchboard/inst/gen_mi[2].inst_opipe_payld/gen_pipe[1].pipe_reg[1][4]' (FDRE) to 'switchboards/b_switchboard/inst/gen_mi[3].inst_opipe_payld/gen_pipe[1].pipe_reg[1][4]'
INFO: [Synth 8-3886] merging instance 'switchboards/b_switchboard/inst/gen_mi[0].inst_opipe_payld/gen_pipe[1].pipe_reg[1][4]' (FDRE) to 'switchboards/b_switchboard/inst/gen_mi[3].inst_opipe_payld/gen_pipe[1].pipe_reg[1][4]'
INFO: [Synth 8-3886] merging instance 'switchboards/b_switchboard/inst/gen_mi[2].inst_opipe_payld/gen_pipe[1].pipe_reg[1][1]' (FDRE) to 'switchboards/b_switchboard/inst/gen_mi[3].inst_opipe_payld/gen_pipe[1].pipe_reg[1][1]'
INFO: [Synth 8-3886] merging instance 'switchboards/b_switchboard/inst/gen_mi[0].inst_opipe_payld/gen_pipe[1].pipe_reg[1][1]' (FDRE) to 'switchboards/b_switchboard/inst/gen_mi[3].inst_opipe_payld/gen_pipe[1].pipe_reg[1][1]'
INFO: [Synth 8-3886] merging instance 'switchboards/b_switchboard/inst/gen_mi[2].inst_opipe_payld/gen_pipe[1].pipe_reg[1][2]' (FDRE) to 'switchboards/b_switchboard/inst/gen_mi[3].inst_opipe_payld/gen_pipe[1].pipe_reg[1][2]'
INFO: [Synth 8-3886] merging instance 'switchboards/b_switchboard/inst/gen_mi[0].inst_opipe_payld/gen_pipe[1].pipe_reg[1][2]' (FDRE) to 'switchboards/b_switchboard/inst/gen_mi[3].inst_opipe_payld/gen_pipe[1].pipe_reg[1][2]'
INFO: [Synth 8-3886] merging instance 'switchboards/r_switchboard/inst/gen_mi[2].inst_opipe_payld/gen_pipe[1].pipe_reg[1][12]' (FDRE) to 'switchboards/r_switchboard/inst/gen_mi[0].inst_opipe_payld/gen_pipe[1].pipe_reg[1][12]'
INFO: [Synth 8-3886] merging instance 'switchboards/r_switchboard/inst/gen_mi[3].inst_opipe_payld/gen_pipe[1].pipe_reg[1][12]' (FDRE) to 'switchboards/r_switchboard/inst/gen_mi[0].inst_opipe_payld/gen_pipe[1].pipe_reg[1][12]'
INFO: [Synth 8-3886] merging instance 'switchboards/r_switchboard/inst/gen_mi[2].inst_opipe_payld/gen_pipe[1].pipe_reg[1][13]' (FDRE) to 'switchboards/r_switchboard/inst/gen_mi[0].inst_opipe_payld/gen_pipe[1].pipe_reg[1][13]'
INFO: [Synth 8-3886] merging instance 'switchboards/r_switchboard/inst/gen_mi[3].inst_opipe_payld/gen_pipe[1].pipe_reg[1][13]' (FDRE) to 'switchboards/r_switchboard/inst/gen_mi[0].inst_opipe_payld/gen_pipe[1].pipe_reg[1][13]'
INFO: [Synth 8-3886] merging instance 'switchboards/r_switchboard/inst/gen_mi[2].inst_opipe_payld/gen_pipe[1].pipe_reg[1][10]' (FDRE) to 'switchboards/r_switchboard/inst/gen_mi[0].inst_opipe_payld/gen_pipe[1].pipe_reg[1][10]'
INFO: [Synth 8-3886] merging instance 'switchboards/r_switchboard/inst/gen_mi[3].inst_opipe_payld/gen_pipe[1].pipe_reg[1][10]' (FDRE) to 'switchboards/r_switchboard/inst/gen_mi[0].inst_opipe_payld/gen_pipe[1].pipe_reg[1][10]'
INFO: [Synth 8-3886] merging instance 'switchboards/r_switchboard/inst/gen_mi[2].inst_opipe_payld/gen_pipe[1].pipe_reg[1][11]' (FDRE) to 'switchboards/r_switchboard/inst/gen_mi[0].inst_opipe_payld/gen_pipe[1].pipe_reg[1][11]'
INFO: [Synth 8-3886] merging instance 'switchboards/r_switchboard/inst/gen_mi[3].inst_opipe_payld/gen_pipe[1].pipe_reg[1][11]' (FDRE) to 'switchboards/r_switchboard/inst/gen_mi[0].inst_opipe_payld/gen_pipe[1].pipe_reg[1][11]'
INFO: [Synth 8-3886] merging instance 'switchboards/r_switchboard/inst/gen_mi[2].inst_opipe_payld/gen_pipe[1].pipe_reg[1][8]' (FDRE) to 'switchboards/r_switchboard/inst/gen_mi[0].inst_opipe_payld/gen_pipe[1].pipe_reg[1][8]'
INFO: [Synth 8-3886] merging instance 'switchboards/r_switchboard/inst/gen_mi[3].inst_opipe_payld/gen_pipe[1].pipe_reg[1][8]' (FDRE) to 'switchboards/r_switchboard/inst/gen_mi[0].inst_opipe_payld/gen_pipe[1].pipe_reg[1][8]'
INFO: [Synth 8-3886] merging instance 'switchboards/r_switchboard/inst/gen_mi[2].inst_opipe_payld/gen_pipe[1].pipe_reg[1][9]' (FDRE) to 'switchboards/r_switchboard/inst/gen_mi[0].inst_opipe_payld/gen_pipe[1].pipe_reg[1][9]'
INFO: [Synth 8-3886] merging instance 'switchboards/r_switchboard/inst/gen_mi[3].inst_opipe_payld/gen_pipe[1].pipe_reg[1][9]' (FDRE) to 'switchboards/r_switchboard/inst/gen_mi[0].inst_opipe_payld/gen_pipe[1].pipe_reg[1][9]'
INFO: [Synth 8-3886] merging instance 'switchboards/r_switchboard/inst/gen_mi[2].inst_opipe_payld/gen_pipe[1].pipe_reg[1][6]' (FDRE) to 'switchboards/r_switchboard/inst/gen_mi[0].inst_opipe_payld/gen_pipe[1].pipe_reg[1][6]'
INFO: [Synth 8-3886] merging instance 'switchboards/r_switchboard/inst/gen_mi[3].inst_opipe_payld/gen_pipe[1].pipe_reg[1][6]' (FDRE) to 'switchboards/r_switchboard/inst/gen_mi[0].inst_opipe_payld/gen_pipe[1].pipe_reg[1][6]'
INFO: [Synth 8-3886] merging instance 'switchboards/r_switchboard/inst/gen_mi[2].inst_opipe_payld/gen_pipe[1].pipe_reg[1][7]' (FDRE) to 'switchboards/r_switchboard/inst/gen_mi[0].inst_opipe_payld/gen_pipe[1].pipe_reg[1][7]'
INFO: [Synth 8-3886] merging instance 'switchboards/r_switchboard/inst/gen_mi[3].inst_opipe_payld/gen_pipe[1].pipe_reg[1][7]' (FDRE) to 'switchboards/r_switchboard/inst/gen_mi[0].inst_opipe_payld/gen_pipe[1].pipe_reg[1][7]'
INFO: [Synth 8-3886] merging instance 'switchboards/r_switchboard/inst/gen_mi[2].inst_opipe_payld/gen_pipe[1].pipe_reg[1][5]' (FDRE) to 'switchboards/r_switchboard/inst/gen_mi[0].inst_opipe_payld/gen_pipe[1].pipe_reg[1][5]'
INFO: [Synth 8-3886] merging instance 'switchboards/r_switchboard/inst/gen_mi[3].inst_opipe_payld/gen_pipe[1].pipe_reg[1][5]' (FDRE) to 'switchboards/r_switchboard/inst/gen_mi[0].inst_opipe_payld/gen_pipe[1].pipe_reg[1][5]'
INFO: [Synth 8-3886] merging instance 'switchboards/r_switchboard/inst/gen_mi[2].inst_opipe_payld/gen_pipe[1].pipe_reg[1][3]' (FDRE) to 'switchboards/r_switchboard/inst/gen_mi[0].inst_opipe_payld/gen_pipe[1].pipe_reg[1][3]'
INFO: [Synth 8-3886] merging instance 'switchboards/r_switchboard/inst/gen_mi[3].inst_opipe_payld/gen_pipe[1].pipe_reg[1][3]' (FDRE) to 'switchboards/r_switchboard/inst/gen_mi[0].inst_opipe_payld/gen_pipe[1].pipe_reg[1][3]'
INFO: [Synth 8-3886] merging instance 'switchboards/r_switchboard/inst/gen_mi[2].inst_opipe_payld/gen_pipe[1].pipe_reg[1][4]' (FDRE) to 'switchboards/r_switchboard/inst/gen_mi[0].inst_opipe_payld/gen_pipe[1].pipe_reg[1][4]'
INFO: [Synth 8-3886] merging instance 'switchboards/r_switchboard/inst/gen_mi[3].inst_opipe_payld/gen_pipe[1].pipe_reg[1][4]' (FDRE) to 'switchboards/r_switchboard/inst/gen_mi[0].inst_opipe_payld/gen_pipe[1].pipe_reg[1][4]'
INFO: [Synth 8-3886] merging instance 'switchboards/r_switchboard/inst/gen_mi[2].inst_opipe_payld/gen_pipe[1].pipe_reg[1][1]' (FDRE) to 'switchboards/r_switchboard/inst/gen_mi[0].inst_opipe_payld/gen_pipe[1].pipe_reg[1][1]'
INFO: [Synth 8-3886] merging instance 'switchboards/r_switchboard/inst/gen_mi[3].inst_opipe_payld/gen_pipe[1].pipe_reg[1][1]' (FDRE) to 'switchboards/r_switchboard/inst/gen_mi[0].inst_opipe_payld/gen_pipe[1].pipe_reg[1][1]'
INFO: [Synth 8-3886] merging instance 'switchboards/r_switchboard/inst/gen_mi[2].inst_opipe_payld/gen_pipe[1].pipe_reg[1][2]' (FDRE) to 'switchboards/r_switchboard/inst/gen_mi[0].inst_opipe_payld/gen_pipe[1].pipe_reg[1][2]'
INFO: [Synth 8-3886] merging instance 'switchboards/r_switchboard/inst/gen_mi[3].inst_opipe_payld/gen_pipe[1].pipe_reg[1][2]' (FDRE) to 'switchboards/r_switchboard/inst/gen_mi[0].inst_opipe_payld/gen_pipe[1].pipe_reg[1][2]'
INFO: [Synth 8-3886] merging instance 'switchboards/r_switchboard/inst/gen_mi[2].inst_opipe_payld/gen_pipe[1].pipe_reg[1][40]' (FDRE) to 'switchboards/r_switchboard/inst/gen_mi[0].inst_opipe_payld/gen_pipe[1].pipe_reg[1][40]'
INFO: [Synth 8-3886] merging instance 'switchboards/r_switchboard/inst/gen_mi[3].inst_opipe_payld/gen_pipe[1].pipe_reg[1][40]' (FDRE) to 'switchboards/r_switchboard/inst/gen_mi[0].inst_opipe_payld/gen_pipe[1].pipe_reg[1][40]'
INFO: [Synth 8-3886] merging instance 'switchboards/r_switchboard/inst/gen_mi[2].inst_opipe_payld/gen_pipe[1].pipe_reg[1][41]' (FDRE) to 'switchboards/r_switchboard/inst/gen_mi[0].inst_opipe_payld/gen_pipe[1].pipe_reg[1][41]'
INFO: [Synth 8-3886] merging instance 'switchboards/r_switchboard/inst/gen_mi[3].inst_opipe_payld/gen_pipe[1].pipe_reg[1][41]' (FDRE) to 'switchboards/r_switchboard/inst/gen_mi[0].inst_opipe_payld/gen_pipe[1].pipe_reg[1][41]'
INFO: [Synth 8-3886] merging instance 'switchboards/r_switchboard/inst/gen_mi[2].inst_opipe_payld/gen_pipe[1].pipe_reg[1][38]' (FDRE) to 'switchboards/r_switchboard/inst/gen_mi[0].inst_opipe_payld/gen_pipe[1].pipe_reg[1][38]'
INFO: [Synth 8-3886] merging instance 'switchboards/r_switchboard/inst/gen_mi[3].inst_opipe_payld/gen_pipe[1].pipe_reg[1][38]' (FDRE) to 'switchboards/r_switchboard/inst/gen_mi[0].inst_opipe_payld/gen_pipe[1].pipe_reg[1][38]'
INFO: [Synth 8-3886] merging instance 'switchboards/r_switchboard/inst/gen_mi[2].inst_opipe_payld/gen_pipe[1].pipe_reg[1][39]' (FDRE) to 'switchboards/r_switchboard/inst/gen_mi[0].inst_opipe_payld/gen_pipe[1].pipe_reg[1][39]'
INFO: [Synth 8-3886] merging instance 'switchboards/r_switchboard/inst/gen_mi[3].inst_opipe_payld/gen_pipe[1].pipe_reg[1][39]' (FDRE) to 'switchboards/r_switchboard/inst/gen_mi[0].inst_opipe_payld/gen_pipe[1].pipe_reg[1][39]'
INFO: [Synth 8-3886] merging instance 'switchboards/r_switchboard/inst/gen_mi[2].inst_opipe_payld/gen_pipe[1].pipe_reg[1][36]' (FDRE) to 'switchboards/r_switchboard/inst/gen_mi[0].inst_opipe_payld/gen_pipe[1].pipe_reg[1][36]'
INFO: [Synth 8-3886] merging instance 'switchboards/r_switchboard/inst/gen_mi[3].inst_opipe_payld/gen_pipe[1].pipe_reg[1][36]' (FDRE) to 'switchboards/r_switchboard/inst/gen_mi[0].inst_opipe_payld/gen_pipe[1].pipe_reg[1][36]'
INFO: [Synth 8-3886] merging instance 'switchboards/r_switchboard/inst/gen_mi[2].inst_opipe_payld/gen_pipe[1].pipe_reg[1][37]' (FDRE) to 'switchboards/r_switchboard/inst/gen_mi[0].inst_opipe_payld/gen_pipe[1].pipe_reg[1][37]'
INFO: [Synth 8-3886] merging instance 'switchboards/r_switchboard/inst/gen_mi[3].inst_opipe_payld/gen_pipe[1].pipe_reg[1][37]' (FDRE) to 'switchboards/r_switchboard/inst/gen_mi[0].inst_opipe_payld/gen_pipe[1].pipe_reg[1][37]'
INFO: [Synth 8-3886] merging instance 'switchboards/r_switchboard/inst/gen_mi[2].inst_opipe_payld/gen_pipe[1].pipe_reg[1][34]' (FDRE) to 'switchboards/r_switchboard/inst/gen_mi[0].inst_opipe_payld/gen_pipe[1].pipe_reg[1][34]'
INFO: [Synth 8-3886] merging instance 'switchboards/r_switchboard/inst/gen_mi[3].inst_opipe_payld/gen_pipe[1].pipe_reg[1][34]' (FDRE) to 'switchboards/r_switchboard/inst/gen_mi[0].inst_opipe_payld/gen_pipe[1].pipe_reg[1][34]'
INFO: [Synth 8-3886] merging instance 'switchboards/r_switchboard/inst/gen_mi[2].inst_opipe_payld/gen_pipe[1].pipe_reg[1][35]' (FDRE) to 'switchboards/r_switchboard/inst/gen_mi[0].inst_opipe_payld/gen_pipe[1].pipe_reg[1][35]'
INFO: [Synth 8-3886] merging instance 'switchboards/r_switchboard/inst/gen_mi[3].inst_opipe_payld/gen_pipe[1].pipe_reg[1][35]' (FDRE) to 'switchboards/r_switchboard/inst/gen_mi[0].inst_opipe_payld/gen_pipe[1].pipe_reg[1][35]'
INFO: [Synth 8-3886] merging instance 'switchboards/r_switchboard/inst/gen_mi[2].inst_opipe_payld/gen_pipe[1].pipe_reg[1][32]' (FDRE) to 'switchboards/r_switchboard/inst/gen_mi[0].inst_opipe_payld/gen_pipe[1].pipe_reg[1][32]'
INFO: [Synth 8-3886] merging instance 'switchboards/r_switchboard/inst/gen_mi[3].inst_opipe_payld/gen_pipe[1].pipe_reg[1][32]' (FDRE) to 'switchboards/r_switchboard/inst/gen_mi[0].inst_opipe_payld/gen_pipe[1].pipe_reg[1][32]'
INFO: [Synth 8-3886] merging instance 'switchboards/r_switchboard/inst/gen_mi[2].inst_opipe_payld/gen_pipe[1].pipe_reg[1][33]' (FDRE) to 'switchboards/r_switchboard/inst/gen_mi[0].inst_opipe_payld/gen_pipe[1].pipe_reg[1][33]'
INFO: [Synth 8-3886] merging instance 'switchboards/r_switchboard/inst/gen_mi[3].inst_opipe_payld/gen_pipe[1].pipe_reg[1][33]' (FDRE) to 'switchboards/r_switchboard/inst/gen_mi[0].inst_opipe_payld/gen_pipe[1].pipe_reg[1][33]'
INFO: [Synth 8-3886] merging instance 'switchboards/r_switchboard/inst/gen_mi[2].inst_opipe_payld/gen_pipe[1].pipe_reg[1][30]' (FDRE) to 'switchboards/r_switchboard/inst/gen_mi[0].inst_opipe_payld/gen_pipe[1].pipe_reg[1][30]'
INFO: [Synth 8-3886] merging instance 'switchboards/r_switchboard/inst/gen_mi[3].inst_opipe_payld/gen_pipe[1].pipe_reg[1][30]' (FDRE) to 'switchboards/r_switchboard/inst/gen_mi[0].inst_opipe_payld/gen_pipe[1].pipe_reg[1][30]'
INFO: [Synth 8-3886] merging instance 'switchboards/r_switchboard/inst/gen_mi[2].inst_opipe_payld/gen_pipe[1].pipe_reg[1][31]' (FDRE) to 'switchboards/r_switchboard/inst/gen_mi[0].inst_opipe_payld/gen_pipe[1].pipe_reg[1][31]'
INFO: [Synth 8-3886] merging instance 'switchboards/r_switchboard/inst/gen_mi[3].inst_opipe_payld/gen_pipe[1].pipe_reg[1][31]' (FDRE) to 'switchboards/r_switchboard/inst/gen_mi[0].inst_opipe_payld/gen_pipe[1].pipe_reg[1][31]'
INFO: [Synth 8-3886] merging instance 'switchboards/r_switchboard/inst/gen_mi[2].inst_opipe_payld/gen_pipe[1].pipe_reg[1][28]' (FDRE) to 'switchboards/r_switchboard/inst/gen_mi[0].inst_opipe_payld/gen_pipe[1].pipe_reg[1][28]'
INFO: [Common 17-14] Message 'Synth 8-3886' appears 100 times and further instances of the messages will be disabled. Use the Tcl command set_msg_config to change the current settings.
INFO: [Synth 8-3333] propagating constant 0 across sequential element (\m00_nodes/m00_aw_node/inst /\inst_si_handler/gen_si_handler.gen_arbiter_rr_normal_area.inst_arbiter/last_grant_reg[1] )
INFO: [Synth 8-3333] propagating constant 0 across sequential element (\m00_nodes/m00_ar_node/inst /\inst_si_handler/gen_si_handler.gen_arbiter_rr_normal_area.inst_arbiter/last_grant_reg[3] )
INFO: [Synth 8-3333] propagating constant 0 across sequential element (\m00_nodes/m00_ar_node/inst /\inst_si_handler/gen_si_handler.gen_arbiter_rr_normal_area.inst_arbiter/grant_i_reg[4] )
INFO: [Synth 8-3333] propagating constant 0 across sequential element (\m00_nodes/m00_aw_node/inst /\inst_si_handler/gen_m_axis_arb_fifo.inst_axis_arb_fifo/gen_pipelined.mesg_reg_reg[1] )
INFO: [Synth 8-3333] propagating constant 0 across sequential element (\m00_nodes/m00_aw_node/inst /\inst_si_handler/gen_si_handler.gen_arbiter_rr_normal_area.inst_arbiter/grant_i_reg[1] )
INFO: [Synth 8-3333] propagating constant 0 across sequential element (\m00_nodes/m00_ar_node/inst /\inst_mi_handler/inst_ingress/inst_pipeline_recv/gen_pipe[1].pipe_reg[1][4] )
INFO: [Synth 8-3333] propagating constant 0 across sequential element (\m00_nodes/m00_w_node/inst /\inst_mi_handler/inst_ingress/inst_pipeline_recv/gen_pipe[1].pipe_reg[1][2] )
INFO: [Synth 8-3333] propagating constant 0 across sequential element (\m00_nodes/m00_aw_node/inst /\inst_mi_handler/inst_ingress/inst_pipeline_recv/gen_pipe[1].pipe_reg[1][1] )
