Copyright 1986-2022 Xilinx, Inc. All Rights Reserved. Copyright 2022-2025 Advanced Micro Devices, Inc. All Rights Reserved.
---------------------------------------------------------------------------------------------------------------------------------------------
| Tool Version : Vivado v.2025.2 (win64) Build 6299465 Fri Nov 14 19:35:11 GMT 2025
| Date         : Sat Apr 11 11:26:45 2026
| Host         : ZUYYYY running 64-bit major release  (build 9200)
| Command      : upgrade_ip
| Device       : xck26-sfvc784-2LV-c
---------------------------------------------------------------------------------------------------------------------------------------------

Upgrade Log for IP 'gemm_block_zynq_ultra_ps_e_0_0'

1. Summary
----------

SUCCESS in the update of gemm_block_zynq_ultra_ps_e_0_0 (xilinx.com:ip:zynq_ultra_ps_e:3.5 (Rev. 8)) to current project options.

2. Upgrade messages
-------------------

Set parameter PSU__GPIO_EMIO__PERIPHERAL__IO to value <Select> (source 'default')
WARNING: upgrade cannot add parameter PSU__USE__USB3_0_HUB with default value 0 : a parameter called PSU__USE__USB3_0_HUB already exists in zynq_ultra_ps_e_v3_5
WARNING: upgrade cannot add parameter PSU__USE__USB3_1_HUB with default value 0 : a parameter called PSU__USE__USB3_1_HUB already exists in zynq_ultra_ps_e_v3_5
Set parameter PSU__CRF_APB__DBG_TRACE_CTRL__FREQMHZ to value 125 (source 'default')
WARNING: upgrade cannot get value of parameter PSU__CRF_APB__DBG_TRACE_CTRL__FREQRANGE_MAX : there is no parameter called PSU__CRF_APB__DBG_TRACE_CTRL__FREQRANGE_MAX in zynq_ultra_ps_e_v3_5
WARNING: upgrade cannot set value of parameter PSU__CRF_APB__DBG_TRACE_CTRL__FREQRANGE_MAX to 125 : there is no parameter called PSU__CRF_APB__DBG_TRACE_CTRL__FREQRANGE_MAX
Set parameter PSU__PROTECTION__FPD_SEGMENTS to value SA:0xFD1A0000; SIZE:1280; UNIT:KB; RegionTZ:Secure; WrAllowed:Read/Write; subsystemId:PMU Firmware |  SA:0xFD000000; SIZE:64; UNIT:KB; RegionTZ:Secure; WrAllowed:Read/Write; subsystemId:PMU Firmware |  SA:0xFD010000; SIZE:64; UNIT:KB; RegionTZ:Secure; WrAllowed:Read/Write; subsystemId:PMU Firmware |  SA:0xFD020000; SIZE:64; UNIT:KB; RegionTZ:Secure; WrAllowed:Read/Write; subsystemId:PMU Firmware |  SA:0xFD030000; SIZE:64; UNIT:KB; RegionTZ:Secure; WrAllowed:Read/Write; subsystemId:PMU Firmware |  SA:0xFD040000; SIZE:64; UNIT:KB; RegionTZ:Secure; WrAllowed:Read/Write; subsystemId:PMU Firmware |  SA:0xFD050000; SIZE:64; UNIT:KB; RegionTZ:Secure; WrAllowed:Read/Write; subsystemId:PMU Firmware |  SA:0xFD610000; SIZE:512; UNIT:KB; RegionTZ:Secure; WrAllowed:Read/Write; subsystemId:PMU Firmware |  SA:0xFD5D0000; SIZE:64; UNIT:KB; RegionTZ:Secure; WrAllowed:Read/Write; subsystemId:PMU Firmware | SA:0xFD1A0000 ; SIZE:1280; UNIT:KB; RegionTZ:Secure ; WrAllowed:Read/Write; subsystemId:Secure Subsystem (source 'default')






Copyright 1986-2022 Xilinx, Inc. All Rights Reserved. Copyright 2022-2025 Advanced Micro Devices, Inc. All Rights Reserved.
---------------------------------------------------------------------------------------------------------------------------------------------
| Tool Version : Vivado v.2025.2 (win64) Build 6299465 Fri Nov 14 19:35:11 GMT 2025
| Date         : Sat Apr 11 11:26:45 2026
| Host         : ZUYYYY running 64-bit major release  (build 9200)
| Command      : upgrade_ip
| Device       : xck26-sfvc784-2LV-c
---------------------------------------------------------------------------------------------------------------------------------------------

Upgrade Log for IP 'gemm_block_rst_ps8_0_99M_0'

1. Summary
----------

SUCCESS in the update of gemm_block_rst_ps8_0_99M_0 (xilinx.com:ip:proc_sys_reset:5.0 (Rev. 17)) to current project options.






Copyright 1986-2022 Xilinx, Inc. All Rights Reserved. Copyright 2022-2025 Advanced Micro Devices, Inc. All Rights Reserved.
---------------------------------------------------------------------------------------------------------------------------------------------
| Tool Version : Vivado v.2025.2 (win64) Build 6299465 Fri Nov 14 19:35:11 GMT 2025
| Date         : Sat Apr 11 11:26:45 2026
| Host         : ZUYYYY running 64-bit major release  (build 9200)
| Command      : upgrade_ip
| Device       : xck26-sfvc784-2LV-c
---------------------------------------------------------------------------------------------------------------------------------------------

Upgrade Log for IP 'gemm_block_axi_gpio_0_0'

1. Summary
----------

SUCCESS in the update of gemm_block_axi_gpio_0_0 (xilinx.com:ip:axi_gpio:2.0 (Rev. 37)) to current project options.






Copyright 1986-2022 Xilinx, Inc. All Rights Reserved. Copyright 2022-2025 Advanced Micro Devices, Inc. All Rights Reserved.
---------------------------------------------------------------------------------------------------------------------------------------------
| Tool Version : Vivado v.2025.2 (win64) Build 6299465 Fri Nov 14 19:35:11 GMT 2025
| Date         : Wed Apr  8 19:57:05 2026
| Host         : VuDuong-32 running 64-bit major release  (build 9200)
| Command      : upgrade_ip
| Device       : xck26-sfvc784-2LV-c
---------------------------------------------------------------------------------------------------------------------------------------------

Upgrade Log for IP 'gemm_block_gemm_accelerator_0_0'

1. Summary
----------

SUCCESS in the update of gemm_block_gemm_accelerator_0_0 (xilinx.com:user:gemm_accelerator:1.0 (Rev. 28)) to current project options.






Copyright 1986-2022 Xilinx, Inc. All Rights Reserved. Copyright 2022-2025 Advanced Micro Devices, Inc. All Rights Reserved.
---------------------------------------------------------------------------------------------------------------------------------------------
| Tool Version : Vivado v.2025.2 (win64) Build 6299465 Fri Nov 14 19:35:11 GMT 2025
| Date         : Wed Apr  8 19:53:24 2026
| Host         : VuDuong-32 running 64-bit major release  (build 9200)
| Command      : upgrade_ip
| Device       : xck26-sfvc784-2LV-c
---------------------------------------------------------------------------------------------------------------------------------------------

Upgrade Log for IP 'gemm_block_gemm_accelerator_0_0'

1. Summary
----------

SUCCESS in the upgrade of gemm_block_gemm_accelerator_0_0 (xilinx.com:user:gemm_accelerator:1.0) from (Rev. 27) to (Rev. 28)






Copyright 1986-2022 Xilinx, Inc. All Rights Reserved. Copyright 2022-2025 Advanced Micro Devices, Inc. All Rights Reserved.
---------------------------------------------------------------------------------------------------------------------------------------------
| Tool Version : Vivado v.2025.2 (win64) Build 6299465 Fri Nov 14 19:35:11 GMT 2025
| Date         : Wed Apr  8 11:09:47 2026
| Host         : VuDuong-32 running 64-bit major release  (build 9200)
| Command      : upgrade_ip
| Device       : xck26-sfvc784-2LV-c
---------------------------------------------------------------------------------------------------------------------------------------------

Upgrade Log for IP 'gemm_block_gemm_accelerator_0_0'

1. Summary
----------

SUCCESS in the update of gemm_block_gemm_accelerator_0_0 (xilinx.com:user:gemm_accelerator:1.0 (Rev. 27)) to current project options.






Copyright 1986-2022 Xilinx, Inc. All Rights Reserved. Copyright 2022-2025 Advanced Micro Devices, Inc. All Rights Reserved.
---------------------------------------------------------------------------------------------------------------------------------------------
| Tool Version : Vivado v.2025.2 (win64) Build 6299465 Fri Nov 14 19:35:11 GMT 2025
| Date         : Wed Apr  8 10:49:53 2026
| Host         : VuDuong-32 running 64-bit major release  (build 9200)
| Command      : upgrade_ip
| Device       : xck26-sfvc784-2LV-c
---------------------------------------------------------------------------------------------------------------------------------------------

Upgrade Log for IP 'gemm_block_gemm_accelerator_0_0'

1. Summary
----------

SUCCESS in the update of gemm_block_gemm_accelerator_0_0 (xilinx.com:user:gemm_accelerator:1.0 (Rev. 27)) to current project options.






Copyright 1986-2022 Xilinx, Inc. All Rights Reserved. Copyright 2022-2025 Advanced Micro Devices, Inc. All Rights Reserved.
---------------------------------------------------------------------------------------------------------------------------------------------
| Tool Version : Vivado v.2025.2 (win64) Build 6299465 Fri Nov 14 19:35:11 GMT 2025
| Date         : Wed Apr  8 10:41:53 2026
| Host         : VuDuong-32 running 64-bit major release  (build 9200)
| Command      : upgrade_ip
| Device       : xck26-sfvc784-2LV-c
---------------------------------------------------------------------------------------------------------------------------------------------

Upgrade Log for IP 'gemm_block_gemm_accelerator_0_0'

1. Summary
----------

SUCCESS in the update of gemm_block_gemm_accelerator_0_0 (xilinx.com:user:gemm_accelerator:1.0 (Rev. 27)) to current project options.






Copyright 1986-2022 Xilinx, Inc. All Rights Reserved. Copyright 2022-2025 Advanced Micro Devices, Inc. All Rights Reserved.
---------------------------------------------------------------------------------------------------------------------------------------------
| Tool Version : Vivado v.2025.2 (win64) Build 6299465 Fri Nov 14 19:35:11 GMT 2025
| Date         : Wed Apr  8 10:09:02 2026
| Host         : VuDuong-32 running 64-bit major release  (build 9200)
| Command      : upgrade_ip
| Device       : xck26-sfvc784-2LV-c
---------------------------------------------------------------------------------------------------------------------------------------------

Upgrade Log for IP 'gemm_block_gemm_accelerator_0_0'

1. Summary
----------

SUCCESS in the upgrade of gemm_block_gemm_accelerator_0_0 (xilinx.com:user:gemm_accelerator:1.0) from (Rev. 26) to (Rev. 27)






Copyright 1986-2022 Xilinx, Inc. All Rights Reserved. Copyright 2022-2025 Advanced Micro Devices, Inc. All Rights Reserved.
---------------------------------------------------------------------------------------------------------------------------------------------
| Tool Version : Vivado v.2025.2 (win64) Build 6299465 Fri Nov 14 19:35:11 GMT 2025
| Date         : Wed Apr  8 10:07:03 2026
| Host         : VuDuong-32 running 64-bit major release  (build 9200)
| Command      : upgrade_ip
| Device       : xck26-sfvc784-2LV-c
---------------------------------------------------------------------------------------------------------------------------------------------

Upgrade Log for IP 'gemm_block_gemm_accelerator_0_0'

1. Summary
----------

SUCCESS in the update of gemm_block_gemm_accelerator_0_0 (xilinx.com:user:gemm_accelerator:1.0 (Rev. 26)) to current project options.






Copyright 1986-2022 Xilinx, Inc. All Rights Reserved. Copyright 2022-2025 Advanced Micro Devices, Inc. All Rights Reserved.
---------------------------------------------------------------------------------------------------------------------------------------------
| Tool Version : Vivado v.2025.2 (win64) Build 6299465 Fri Nov 14 19:35:11 GMT 2025
| Date         : Tue Apr  7 23:18:23 2026
| Host         : VuDuong-32 running 64-bit major release  (build 9200)
| Command      : upgrade_ip
| Device       : xck26-sfvc784-2LV-c
---------------------------------------------------------------------------------------------------------------------------------------------

Upgrade Log for IP 'gemm_block_gemm_accelerator_0_0'

1. Summary
----------

CAUTION (success, with warnings) in the upgrade of gemm_block_gemm_accelerator_0_0 (xilinx.com:user:gemm_accelerator:1.0) from (Rev. 25) to (Rev. 26)

After upgrade, an IP may have parameter differences compared to the original customization. Please review the parameters within the IP customization GUI to ensure proper functionality.

2. Customization warnings
-------------------------

Parameter 'FIFO_DEPTH' is no longer present on the upgraded IP 'gemm_block_gemm_accelerator_0_0', and cannot be set to '1024'

Parameter 'BRAM_DEPTH' is no longer present on the upgraded IP 'gemm_block_gemm_accelerator_0_0', and cannot be set to '1024'


3. Debug Commands
-----------------

  The following debug information can be passed to Vivado as Tcl commands,
in order to validate or debug the output of the upgrade flow.
  You may consult any warnings from within this upgrade, and alter or remove
the configuration parameter(s) which caused the warning; then execute the Tcl
commands, and use the IP Customization GUI to verify the IP configuration.

create_ip -vlnv xilinx.com:user:gemm_accelerator:1.0 -user_name gemm_block_gemm_accelerator_0_0
set_property -dict "\
  CONFIG.Component_Name {gemm_block_gemm_accelerator_0_0} \
  CONFIG.N {16} \
  CONFIG.aclk.ASSOCIATED_BUSIF {m_axis_c:s_axis_a:s_axis_b} \
  CONFIG.aclk.ASSOCIATED_PORT {} \
  CONFIG.aclk.ASSOCIATED_RESET {aresetn} \
  CONFIG.aclk.CLK_DOMAIN {} \
  CONFIG.aclk.FREQ_HZ {100000000} \
  CONFIG.aclk.FREQ_TOLERANCE_HZ {0} \
  CONFIG.aclk.INSERT_VIP {0} \
  CONFIG.aclk.PHASE {0.0} \
  CONFIG.aresetn.INSERT_VIP {0} \
  CONFIG.aresetn.POLARITY {ACTIVE_LOW} \
  CONFIG.m_axis_c.CLK_DOMAIN {} \
  CONFIG.m_axis_c.FREQ_HZ {100000000} \
  CONFIG.m_axis_c.HAS_TKEEP {0} \
  CONFIG.m_axis_c.HAS_TLAST {1} \
  CONFIG.m_axis_c.HAS_TREADY {1} \
  CONFIG.m_axis_c.HAS_TSTRB {0} \
  CONFIG.m_axis_c.INSERT_VIP {0} \
  CONFIG.m_axis_c.LAYERED_METADATA {undef} \
  CONFIG.m_axis_c.PHASE {0.0} \
  CONFIG.m_axis_c.TDATA_NUM_BYTES {4} \
  CONFIG.m_axis_c.TDEST_WIDTH {0} \
  CONFIG.m_axis_c.TID_WIDTH {0} \
  CONFIG.m_axis_c.TUSER_WIDTH {0} \
  CONFIG.s_axis_a.CLK_DOMAIN {} \
  CONFIG.s_axis_a.FREQ_HZ {100000000} \
  CONFIG.s_axis_a.HAS_TKEEP {0} \
  CONFIG.s_axis_a.HAS_TLAST {0} \
  CONFIG.s_axis_a.HAS_TREADY {1} \
  CONFIG.s_axis_a.HAS_TSTRB {0} \
  CONFIG.s_axis_a.INSERT_VIP {0} \
  CONFIG.s_axis_a.LAYERED_METADATA {undef} \
  CONFIG.s_axis_a.PHASE {0.0} \
  CONFIG.s_axis_a.TDATA_NUM_BYTES {16} \
  CONFIG.s_axis_a.TDEST_WIDTH {0} \
  CONFIG.s_axis_a.TID_WIDTH {0} \
  CONFIG.s_axis_a.TUSER_WIDTH {0} \
  CONFIG.s_axis_b.CLK_DOMAIN {} \
  CONFIG.s_axis_b.FREQ_HZ {100000000} \
  CONFIG.s_axis_b.HAS_TKEEP {0} \
  CONFIG.s_axis_b.HAS_TLAST {0} \
  CONFIG.s_axis_b.HAS_TREADY {1} \
  CONFIG.s_axis_b.HAS_TSTRB {0} \
  CONFIG.s_axis_b.INSERT_VIP {0} \
  CONFIG.s_axis_b.LAYERED_METADATA {undef} \
  CONFIG.s_axis_b.PHASE {0.0} \
  CONFIG.s_axis_b.TDATA_NUM_BYTES {16} \
  CONFIG.s_axis_b.TDEST_WIDTH {0} \
  CONFIG.s_axis_b.TID_WIDTH {0} \
  CONFIG.s_axis_b.TUSER_WIDTH {0} " [get_ips gemm_block_gemm_accelerator_0_0]







Copyright 1986-2022 Xilinx, Inc. All Rights Reserved. Copyright 2022-2025 Advanced Micro Devices, Inc. All Rights Reserved.
---------------------------------------------------------------------------------------------------------------------------------------------
| Tool Version : Vivado v.2025.2 (win64) Build 6299465 Fri Nov 14 19:35:11 GMT 2025
| Date         : Tue Apr  7 23:16:52 2026
| Host         : VuDuong-32 running 64-bit major release  (build 9200)
| Command      : upgrade_ip
| Device       : xck26-sfvc784-2LV-c
---------------------------------------------------------------------------------------------------------------------------------------------

Upgrade Log for IP 'gemm_block_gemm_accelerator_0_0'

1. Summary
----------

SUCCESS in the update of gemm_block_gemm_accelerator_0_0 (xilinx.com:user:gemm_accelerator:1.0 (Rev. 25)) to current project options.






Copyright 1986-2022 Xilinx, Inc. All Rights Reserved. Copyright 2022-2025 Advanced Micro Devices, Inc. All Rights Reserved.
---------------------------------------------------------------------------------------------------------------------------------------------
| Tool Version : Vivado v.2025.2 (win64) Build 6299465 Fri Nov 14 19:35:11 GMT 2025
| Date         : Tue Apr  7 22:08:04 2026
| Host         : VuDuong-32 running 64-bit major release  (build 9200)
| Command      : upgrade_ip
| Device       : xck26-sfvc784-2LV-c
---------------------------------------------------------------------------------------------------------------------------------------------

Upgrade Log for IP 'gemm_block_gemm_accelerator_0_0'

1. Summary
----------

SUCCESS in the update of gemm_block_gemm_accelerator_0_0 (xilinx.com:user:gemm_accelerator:1.0 (Rev. 25)) to current project options.






Copyright 1986-2022 Xilinx, Inc. All Rights Reserved. Copyright 2022-2025 Advanced Micro Devices, Inc. All Rights Reserved.
---------------------------------------------------------------------------------------------------------------------------------------------
| Tool Version : Vivado v.2025.2 (win64) Build 6299465 Fri Nov 14 19:35:11 GMT 2025
| Date         : Tue Apr  7 22:06:10 2026
| Host         : VuDuong-32 running 64-bit major release  (build 9200)
| Command      : upgrade_ip
| Device       : xck26-sfvc784-2LV-c
---------------------------------------------------------------------------------------------------------------------------------------------

Upgrade Log for IP 'gemm_block_gemm_accelerator_0_0'

1. Summary
----------

SUCCESS in the upgrade of gemm_block_gemm_accelerator_0_0 (xilinx.com:user:gemm_accelerator:1.0) from (Rev. 24) to (Rev. 25)






Copyright 1986-2022 Xilinx, Inc. All Rights Reserved. Copyright 2022-2025 Advanced Micro Devices, Inc. All Rights Reserved.
---------------------------------------------------------------------------------------------------------------------------------------------
| Tool Version : Vivado v.2025.2 (win64) Build 6299465 Fri Nov 14 19:35:11 GMT 2025
| Date         : Tue Apr  7 21:07:57 2026
| Host         : VuDuong-32 running 64-bit major release  (build 9200)
| Command      : upgrade_ip
| Device       : xck26-sfvc784-2LV-c
---------------------------------------------------------------------------------------------------------------------------------------------

Upgrade Log for IP 'gemm_block_gemm_accelerator_0_0'

1. Summary
----------

SUCCESS in the update of gemm_block_gemm_accelerator_0_0 (xilinx.com:user:gemm_accelerator:1.0 (Rev. 24)) to current project options.






Copyright 1986-2022 Xilinx, Inc. All Rights Reserved. Copyright 2022-2025 Advanced Micro Devices, Inc. All Rights Reserved.
---------------------------------------------------------------------------------------------------------------------------------------------
| Tool Version : Vivado v.2025.2 (win64) Build 6299465 Fri Nov 14 19:35:11 GMT 2025
| Date         : Tue Apr  7 20:57:40 2026
| Host         : VuDuong-32 running 64-bit major release  (build 9200)
| Command      : upgrade_ip
| Device       : xck26-sfvc784-2LV-c
---------------------------------------------------------------------------------------------------------------------------------------------

Upgrade Log for IP 'gemm_block_gemm_accelerator_0_0'

1. Summary
----------

SUCCESS in the update of gemm_block_gemm_accelerator_0_0 (xilinx.com:user:gemm_accelerator:1.0 (Rev. 24)) to current project options.






Copyright 1986-2022 Xilinx, Inc. All Rights Reserved. Copyright 2022-2025 Advanced Micro Devices, Inc. All Rights Reserved.
---------------------------------------------------------------------------------------------------------------------------------------------
| Tool Version : Vivado v.2025.2 (win64) Build 6299465 Fri Nov 14 19:35:11 GMT 2025
| Date         : Tue Apr  7 17:58:52 2026
| Host         : VuDuong-32 running 64-bit major release  (build 9200)
| Command      : upgrade_ip
| Device       : xck26-sfvc784-2LV-c
---------------------------------------------------------------------------------------------------------------------------------------------

Upgrade Log for IP 'gemm_block_gemm_accelerator_0_0'

1. Summary
----------

SUCCESS in the update of gemm_block_gemm_accelerator_0_0 (xilinx.com:user:gemm_accelerator:1.0 (Rev. 24)) to current project options.






Copyright 1986-2022 Xilinx, Inc. All Rights Reserved. Copyright 2022-2025 Advanced Micro Devices, Inc. All Rights Reserved.
---------------------------------------------------------------------------------------------------------------------------------------------
| Tool Version : Vivado v.2025.2 (win64) Build 6299465 Fri Nov 14 19:35:11 GMT 2025
| Date         : Tue Apr  7 17:46:10 2026
| Host         : VuDuong-32 running 64-bit major release  (build 9200)
| Command      : upgrade_ip
| Device       : xck26-sfvc784-2LV-c
---------------------------------------------------------------------------------------------------------------------------------------------

Upgrade Log for IP 'gemm_block_gemm_accelerator_0_0'

1. Summary
----------

SUCCESS in the update of gemm_block_gemm_accelerator_0_0 (xilinx.com:user:gemm_accelerator:1.0 (Rev. 24)) to current project options.






Copyright 1986-2022 Xilinx, Inc. All Rights Reserved. Copyright 2022-2025 Advanced Micro Devices, Inc. All Rights Reserved.
---------------------------------------------------------------------------------------------------------------------------------------------
| Tool Version : Vivado v.2025.2 (win64) Build 6299465 Fri Nov 14 19:35:11 GMT 2025
| Date         : Tue Apr  7 16:00:57 2026
| Host         : VuDuong-32 running 64-bit major release  (build 9200)
| Command      : upgrade_ip
| Device       : xck26-sfvc784-2LV-c
---------------------------------------------------------------------------------------------------------------------------------------------

Upgrade Log for IP 'gemm_block_gemm_accelerator_0_0'

1. Summary
----------

SUCCESS in the update of gemm_block_gemm_accelerator_0_0 (xilinx.com:user:gemm_accelerator:1.0 (Rev. 24)) to current project options.






Copyright 1986-2022 Xilinx, Inc. All Rights Reserved. Copyright 2022-2025 Advanced Micro Devices, Inc. All Rights Reserved.
---------------------------------------------------------------------------------------------------------------------------------------------
| Tool Version : Vivado v.2025.2 (win64) Build 6299465 Fri Nov 14 19:35:11 GMT 2025
| Date         : Tue Apr  7 12:20:40 2026
| Host         : VuDuong-32 running 64-bit major release  (build 9200)
| Command      : upgrade_ip
| Device       : xck26-sfvc784-2LV-c
---------------------------------------------------------------------------------------------------------------------------------------------

Upgrade Log for IP 'gemm_block_gemm_accelerator_0_0'

1. Summary
----------

SUCCESS in the upgrade of gemm_block_gemm_accelerator_0_0 (xilinx.com:user:gemm_accelerator:1.0) from (Rev. 23) to (Rev. 24)






Copyright 1986-2022 Xilinx, Inc. All Rights Reserved. Copyright 2022-2025 Advanced Micro Devices, Inc. All Rights Reserved.
---------------------------------------------------------------------------------------------------------------------------------------------
| Tool Version : Vivado v.2025.2 (win64) Build 6299465 Fri Nov 14 19:35:11 GMT 2025
| Date         : Tue Apr  7 12:19:22 2026
| Host         : VuDuong-32 running 64-bit major release  (build 9200)
| Command      : upgrade_ip
| Device       : xck26-sfvc784-2LV-c
---------------------------------------------------------------------------------------------------------------------------------------------

Upgrade Log for IP 'gemm_block_gemm_accelerator_0_0'

1. Summary
----------

SUCCESS in the update of gemm_block_gemm_accelerator_0_0 (xilinx.com:user:gemm_accelerator:1.0 (Rev. 23)) to current project options.






Copyright 1986-2022 Xilinx, Inc. All Rights Reserved. Copyright 2022-2025 Advanced Micro Devices, Inc. All Rights Reserved.
---------------------------------------------------------------------------------------------------------------------------------------------
| Tool Version : Vivado v.2025.2 (win64) Build 6299465 Fri Nov 14 19:35:11 GMT 2025
| Date         : Tue Apr  7 00:29:41 2026
| Host         : VuDuong-32 running 64-bit major release  (build 9200)
| Command      : upgrade_ip
| Device       : xck26-sfvc784-2LV-c
---------------------------------------------------------------------------------------------------------------------------------------------

Upgrade Log for IP 'gemm_block_gemm_accelerator_0_0'

1. Summary
----------

CAUTION (success, with warnings) in the upgrade of gemm_block_gemm_accelerator_0_0 (xilinx.com:user:gemm_accelerator:1.0) from (Rev. 22) to (Rev. 23)

After upgrade, an IP may have parameter and port differences compared to the original customization. Please review the parameters within the IP customization GUI to ensure proper functionality. Also, please review the updated IP instantiation template to ensure proper connectivity, and update your design if required.

2. Connection Warnings
----------------------

Detected external port differences while upgrading 'gemm_block_gemm_accelerator_0_0'. These changes may impact your design.


-Upgrade has added port 's_axis_a_tlast'

-Upgrade has added port 's_axis_b_tlast'







Copyright 1986-2022 Xilinx, Inc. All Rights Reserved. Copyright 2022-2025 Advanced Micro Devices, Inc. All Rights Reserved.
---------------------------------------------------------------------------------------------------------------------------------------------
| Tool Version : Vivado v.2025.2 (win64) Build 6299465 Fri Nov 14 19:35:11 GMT 2025
| Date         : Tue Apr  7 00:23:48 2026
| Host         : VuDuong-32 running 64-bit major release  (build 9200)
| Command      : upgrade_ip
| Device       : xck26-sfvc784-2LV-c
---------------------------------------------------------------------------------------------------------------------------------------------

Upgrade Log for IP 'gemm_block_gemm_accelerator_0_0'

1. Summary
----------

SUCCESS in the update of gemm_block_gemm_accelerator_0_0 (xilinx.com:user:gemm_accelerator:1.0 (Rev. 22)) to current project options.






Copyright 1986-2022 Xilinx, Inc. All Rights Reserved. Copyright 2022-2025 Advanced Micro Devices, Inc. All Rights Reserved.
---------------------------------------------------------------------------------------------------------------------------------------------
| Tool Version : Vivado v.2025.2 (win64) Build 6299465 Fri Nov 14 19:35:11 GMT 2025
| Date         : Sun Apr  5 21:05:02 2026
| Host         : VuDuong-32 running 64-bit major release  (build 9200)
| Command      : upgrade_ip
| Device       : xck26-sfvc784-2LV-c
---------------------------------------------------------------------------------------------------------------------------------------------

Upgrade Log for IP 'gemm_block_gemm_accelerator_0_0'

1. Summary
----------

SUCCESS in the update of gemm_block_gemm_accelerator_0_0 (xilinx.com:user:gemm_accelerator:1.0 (Rev. 22)) to current project options.






Copyright 1986-2022 Xilinx, Inc. All Rights Reserved. Copyright 2022-2025 Advanced Micro Devices, Inc. All Rights Reserved.
---------------------------------------------------------------------------------------------------------------------------------------------
| Tool Version : Vivado v.2025.2 (win64) Build 6299465 Fri Nov 14 19:35:11 GMT 2025
| Date         : Sun Apr  5 20:34:26 2026
| Host         : VuDuong-32 running 64-bit major release  (build 9200)
| Command      : upgrade_ip
| Device       : xck26-sfvc784-2LV-c
---------------------------------------------------------------------------------------------------------------------------------------------

Upgrade Log for IP 'gemm_block_gemm_accelerator_0_0'

1. Summary
----------

SUCCESS in the upgrade of gemm_block_gemm_accelerator_0_0 (xilinx.com:user:gemm_accelerator:1.0) from (Rev. 21) to (Rev. 22)






Copyright 1986-2022 Xilinx, Inc. All Rights Reserved. Copyright 2022-2025 Advanced Micro Devices, Inc. All Rights Reserved.
---------------------------------------------------------------------------------------------------------------------------------------------
| Tool Version : Vivado v.2025.2 (win64) Build 6299465 Fri Nov 14 19:35:11 GMT 2025
| Date         : Sun Apr  5 19:52:34 2026
| Host         : VuDuong-32 running 64-bit major release  (build 9200)
| Command      : upgrade_ip
| Device       : xck26-sfvc784-2LV-c
---------------------------------------------------------------------------------------------------------------------------------------------

Upgrade Log for IP 'gemm_block_gemm_accelerator_0_0'

1. Summary
----------

SUCCESS in the upgrade of gemm_block_gemm_accelerator_0_0 (xilinx.com:user:gemm_accelerator:1.0) from (Rev. 20) to (Rev. 21)






Copyright 1986-2022 Xilinx, Inc. All Rights Reserved. Copyright 2022-2025 Advanced Micro Devices, Inc. All Rights Reserved.
---------------------------------------------------------------------------------------------------------------------------------------------
| Tool Version : Vivado v.2025.2 (win64) Build 6299465 Fri Nov 14 19:35:11 GMT 2025
| Date         : Sun Apr  5 16:22:58 2026
| Host         : VuDuong-32 running 64-bit major release  (build 9200)
| Command      : upgrade_ip
| Device       : xck26-sfvc784-2LV-c
---------------------------------------------------------------------------------------------------------------------------------------------

Upgrade Log for IP 'gemm_block_gemm_accelerator_0_0'

1. Summary
----------

SUCCESS in the update of gemm_block_gemm_accelerator_0_0 (xilinx.com:user:gemm_accelerator:1.0 (Rev. 20)) to current project options.

