
*** Running vivado
    with args -log gemm_system_wrapper.vdi -applog -m64 -product Vivado -messageDb vivado.pb -mode batch -source gemm_system_wrapper.tcl -notrace



****** Vivado v2025.2 (64-bit)
  **** SW Build 6299465 on Fri Nov 14 19:35:11 GMT 2025
  **** IP Build 6300035 on Fri Nov 14 10:48:45 MST 2025
  **** SharedData Build 6298862 on Thu Nov 13 04:50:51 MST 2025
  **** Start of session at: Sun Jul  5 23:59:11 2026
    ** Copyright 1986-2022 Xilinx, Inc. All Rights Reserved.
    ** Copyright 2022-2025 Advanced Micro Devices, Inc. All Rights Reserved.

source gemm_system_wrapper.tcl -notrace
INFO: [IP_Flow 19-234] Refreshing IP repositories
INFO: [IP_Flow 19-1704] No user IP repositories specified
INFO: [IP_Flow 19-2313] Loaded Vivado IP repository 'E:/vivado/2025.2/Vivado/data/ip'.
Command: link_design -top gemm_system_wrapper -part xck26-sfvc784-2LV-c
Design is defaulting to srcset: sources_1
Design is defaulting to constrset: constrs_1
INFO: [Device 21-403] Loading part xck26-sfvc784-2LV-c
INFO: [Project 1-5699] Read binary netlist with skipMacroContent - 1
INFO: [Project 1-454] Reading design checkpoint 'd:/E/1subject/HK6/doan1/int8-matmul-accelerator/gemm_accelerator/gemm_accelerator.gen/sources_1/bd/gemm_system/ip/gemm_system_axi_datamover_0_0/gemm_system_axi_datamover_0_0.dcp' for cell 'gemm_system_i/axi_datamover_0'
INFO: [Project 1-454] Reading design checkpoint 'd:/E/1subject/HK6/doan1/int8-matmul-accelerator/gemm_accelerator/gemm_accelerator.gen/sources_1/bd/gemm_system/ip/gemm_system_axi_smc_2/gemm_system_axi_smc_2.dcp' for cell 'gemm_system_i/axi_smc'
INFO: [Project 1-454] Reading design checkpoint 'd:/E/1subject/HK6/doan1/int8-matmul-accelerator/gemm_accelerator/gemm_accelerator.gen/sources_1/bd/gemm_system/ip/gemm_system_gemm_l2_axi_lite_regs_0_0/gemm_system_gemm_l2_axi_lite_regs_0_0.dcp' for cell 'gemm_system_i/gemm_l2_axi_lite_regs_0'
INFO: [Project 1-454] Reading design checkpoint 'd:/E/1subject/HK6/doan1/int8-matmul-accelerator/gemm_accelerator/gemm_accelerator.gen/sources_1/bd/gemm_system/ip/gemm_system_gemm_top_l2_0_0/gemm_system_gemm_top_l2_0_0.dcp' for cell 'gemm_system_i/gemm_top_l2_0'
INFO: [Project 1-454] Reading design checkpoint 'd:/E/1subject/HK6/doan1/int8-matmul-accelerator/gemm_accelerator/gemm_accelerator.gen/sources_1/bd/gemm_system/ip/gemm_system_rst_ps8_0_99M_1/gemm_system_rst_ps8_0_99M_1.dcp' for cell 'gemm_system_i/rst_ps8_0_99M'
INFO: [Project 1-454] Reading design checkpoint 'd:/E/1subject/HK6/doan1/int8-matmul-accelerator/gemm_accelerator/gemm_accelerator.gen/sources_1/bd/gemm_system/ip/gemm_system_smartconnect_0_1/gemm_system_smartconnect_0_1.dcp' for cell 'gemm_system_i/smartconnect_0'
INFO: [Project 1-454] Reading design checkpoint 'd:/E/1subject/HK6/doan1/int8-matmul-accelerator/gemm_accelerator/gemm_accelerator.gen/sources_1/bd/gemm_system/ip/gemm_system_smartconnect_1_0/gemm_system_smartconnect_1_0.dcp' for cell 'gemm_system_i/smartconnect_1'
INFO: [Project 1-454] Reading design checkpoint 'd:/E/1subject/HK6/doan1/int8-matmul-accelerator/gemm_accelerator/gemm_accelerator.gen/sources_1/bd/gemm_system/ip/gemm_system_zynq_ultra_ps_e_0_0/gemm_system_zynq_ultra_ps_e_0_0.dcp' for cell 'gemm_system_i/zynq_ultra_ps_e_0'
Netlist sorting complete. Time (s): cpu = 00:00:01 ; elapsed = 00:00:00.856 . Memory (MB): peak = 1700.707 ; gain = 0.000
INFO: [Netlist 29-17] Analyzing 1642 Unisim elements for replacement
INFO: [Netlist 29-28] Unisim Transformation completed in 3 CPU seconds
INFO: [Project 1-479] Netlist was created with Vivado 2025.2
INFO: [Project 1-570] Preparing netlist for logic optimization
Parsing XDC File [d:/E/1subject/HK6/doan1/int8-matmul-accelerator/gemm_accelerator/gemm_accelerator.gen/sources_1/bd/gemm_system/ip/gemm_system_zynq_ultra_ps_e_0_0/gemm_system_zynq_ultra_ps_e_0_0.xdc] for cell 'gemm_system_i/zynq_ultra_ps_e_0/inst'
Finished Parsing XDC File [d:/E/1subject/HK6/doan1/int8-matmul-accelerator/gemm_accelerator/gemm_accelerator.gen/sources_1/bd/gemm_system/ip/gemm_system_zynq_ultra_ps_e_0_0/gemm_system_zynq_ultra_ps_e_0_0.xdc] for cell 'gemm_system_i/zynq_ultra_ps_e_0/inst'
Parsing XDC File [d:/E/1subject/HK6/doan1/int8-matmul-accelerator/gemm_accelerator/gemm_accelerator.gen/sources_1/bd/gemm_system/ip/gemm_system_axi_datamover_0_0/gemm_system_axi_datamover_0_0.xdc] for cell 'gemm_system_i/axi_datamover_0/U0'
Finished Parsing XDC File [d:/E/1subject/HK6/doan1/int8-matmul-accelerator/gemm_accelerator/gemm_accelerator.gen/sources_1/bd/gemm_system/ip/gemm_system_axi_datamover_0_0/gemm_system_axi_datamover_0_0.xdc] for cell 'gemm_system_i/axi_datamover_0/U0'
Parsing XDC File [d:/E/1subject/HK6/doan1/int8-matmul-accelerator/gemm_accelerator/gemm_accelerator.gen/sources_1/bd/gemm_system/ip/gemm_system_rst_ps8_0_99M_1/gemm_system_rst_ps8_0_99M_1_board.xdc] for cell 'gemm_system_i/rst_ps8_0_99M/U0'
Finished Parsing XDC File [d:/E/1subject/HK6/doan1/int8-matmul-accelerator/gemm_accelerator/gemm_accelerator.gen/sources_1/bd/gemm_system/ip/gemm_system_rst_ps8_0_99M_1/gemm_system_rst_ps8_0_99M_1_board.xdc] for cell 'gemm_system_i/rst_ps8_0_99M/U0'
Parsing XDC File [d:/E/1subject/HK6/doan1/int8-matmul-accelerator/gemm_accelerator/gemm_accelerator.gen/sources_1/bd/gemm_system/ip/gemm_system_smartconnect_0_1/bd_0/ip/ip_1/bd_6dc6_psr_aclk_0_board.xdc] for cell 'gemm_system_i/smartconnect_0/inst/clk_map/psr_aclk/U0'
Finished Parsing XDC File [d:/E/1subject/HK6/doan1/int8-matmul-accelerator/gemm_accelerator/gemm_accelerator.gen/sources_1/bd/gemm_system/ip/gemm_system_smartconnect_0_1/bd_0/ip/ip_1/bd_6dc6_psr_aclk_0_board.xdc] for cell 'gemm_system_i/smartconnect_0/inst/clk_map/psr_aclk/U0'
Parsing XDC File [d:/E/1subject/HK6/doan1/int8-matmul-accelerator/gemm_accelerator/gemm_accelerator.gen/sources_1/bd/gemm_system/ip/gemm_system_smartconnect_0_1/smartconnect.xdc] for cell 'gemm_system_i/smartconnect_0/inst'
Finished Parsing XDC File [d:/E/1subject/HK6/doan1/int8-matmul-accelerator/gemm_accelerator/gemm_accelerator.gen/sources_1/bd/gemm_system/ip/gemm_system_smartconnect_0_1/smartconnect.xdc] for cell 'gemm_system_i/smartconnect_0/inst'
Parsing XDC File [d:/E/1subject/HK6/doan1/int8-matmul-accelerator/gemm_accelerator/gemm_accelerator.gen/sources_1/bd/gemm_system/ip/gemm_system_smartconnect_1_0/bd_0/ip/ip_1/bd_6d56_psr_aclk_0_board.xdc] for cell 'gemm_system_i/smartconnect_1/inst/clk_map/psr_aclk/U0'
Finished Parsing XDC File [d:/E/1subject/HK6/doan1/int8-matmul-accelerator/gemm_accelerator/gemm_accelerator.gen/sources_1/bd/gemm_system/ip/gemm_system_smartconnect_1_0/bd_0/ip/ip_1/bd_6d56_psr_aclk_0_board.xdc] for cell 'gemm_system_i/smartconnect_1/inst/clk_map/psr_aclk/U0'
Parsing XDC File [d:/E/1subject/HK6/doan1/int8-matmul-accelerator/gemm_accelerator/gemm_accelerator.gen/sources_1/bd/gemm_system/ip/gemm_system_smartconnect_1_0/smartconnect.xdc] for cell 'gemm_system_i/smartconnect_1/inst'
Finished Parsing XDC File [d:/E/1subject/HK6/doan1/int8-matmul-accelerator/gemm_accelerator/gemm_accelerator.gen/sources_1/bd/gemm_system/ip/gemm_system_smartconnect_1_0/smartconnect.xdc] for cell 'gemm_system_i/smartconnect_1/inst'
Parsing XDC File [d:/E/1subject/HK6/doan1/int8-matmul-accelerator/gemm_accelerator/gemm_accelerator.gen/sources_1/bd/gemm_system/ip/gemm_system_axi_smc_2/bd_0/ip/ip_1/bd_9f0d_psr_aclk_0_board.xdc] for cell 'gemm_system_i/axi_smc/inst/clk_map/psr_aclk/U0'
Finished Parsing XDC File [d:/E/1subject/HK6/doan1/int8-matmul-accelerator/gemm_accelerator/gemm_accelerator.gen/sources_1/bd/gemm_system/ip/gemm_system_axi_smc_2/bd_0/ip/ip_1/bd_9f0d_psr_aclk_0_board.xdc] for cell 'gemm_system_i/axi_smc/inst/clk_map/psr_aclk/U0'
Parsing XDC File [d:/E/1subject/HK6/doan1/int8-matmul-accelerator/gemm_accelerator/gemm_accelerator.gen/sources_1/bd/gemm_system/ip/gemm_system_axi_smc_2/smartconnect.xdc] for cell 'gemm_system_i/axi_smc/inst'
Finished Parsing XDC File [d:/E/1subject/HK6/doan1/int8-matmul-accelerator/gemm_accelerator/gemm_accelerator.gen/sources_1/bd/gemm_system/ip/gemm_system_axi_smc_2/smartconnect.xdc] for cell 'gemm_system_i/axi_smc/inst'
Parsing XDC File [d:/E/1subject/HK6/doan1/int8-matmul-accelerator/gemm_accelerator/gemm_accelerator.gen/sources_1/bd/gemm_system/ip/gemm_system_axi_datamover_0_0/gemm_system_axi_datamover_0_0_clocks.xdc] for cell 'gemm_system_i/axi_datamover_0/U0'
Finished Parsing XDC File [d:/E/1subject/HK6/doan1/int8-matmul-accelerator/gemm_accelerator/gemm_accelerator.gen/sources_1/bd/gemm_system/ip/gemm_system_axi_datamover_0_0/gemm_system_axi_datamover_0_0_clocks.xdc] for cell 'gemm_system_i/axi_datamover_0/U0'
INFO: [Project 1-1714] 67 XPM XDC files have been applied to the design.
INFO: [Opt 31-138] Pushed 0 inverter(s) to 0 load pin(s).
Netlist sorting complete. Time (s): cpu = 00:00:00 ; elapsed = 00:00:00.018 . Memory (MB): peak = 2882.191 ; gain = 0.000
INFO: [Project 1-111] Unisim Transformation Summary:
  A total of 803 instances were transformed.
  DSP48E2 => DSP48E2 (DSP_ALU, DSP_A_B_DATA, DSP_C_DATA, DSP_MULTIPLIER, DSP_M_DATA, DSP_OUTPUT, DSP_PREADD, DSP_PREADD_DATA): 256 instances
  RAM16X1D => RAM32X1D (RAMD32(x2)): 512 instances
  RAM32M => RAM32M (RAMD32(x6), RAMS32(x2)): 3 instances
  RAM32M16 => RAM32M16 (RAMD32(x14), RAMS32(x2)): 32 instances

20 Infos, 0 Warnings, 0 Critical Warnings and 0 Errors encountered.
link_design completed successfully
link_design: Time (s): cpu = 00:00:43 ; elapsed = 00:00:39 . Memory (MB): peak = 2882.191 ; gain = 2263.766
Command: opt_design -directive Explore
INFO: [Vivado_Tcl 4-136] Directive used for opt_design is: Explore
Attempting to get a license for feature 'Implementation' and/or device 'xck26'
INFO: [Common 17-349] Got license for feature 'Implementation' and/or device 'xck26'
Running DRC as a precondition to command opt_design

Starting DRC Task
INFO: [DRC 23-27] Running DRC with 2 threads
INFO: [Project 1-461] DRC finished with 0 Errors
INFO: [Project 1-462] Please refer to the DRC report (report_drc) for more information.

Time (s): cpu = 00:00:01 ; elapsed = 00:00:00.716 . Memory (MB): peak = 2882.191 ; gain = 0.000

Starting Logic Optimization Task

Phase 1 Initialization

Phase 1.1 Core Generation And Design Setup
Phase 1.1 Core Generation And Design Setup | Checksum: 17583ab72

Time (s): cpu = 00:00:01 ; elapsed = 00:00:00.092 . Memory (MB): peak = 3041.688 ; gain = 0.000

Phase 1.2 Setup Constraints And Sort Netlist
Phase 1.2 Setup Constraints And Sort Netlist | Checksum: 17583ab72

Time (s): cpu = 00:00:01 ; elapsed = 00:00:00.121 . Memory (MB): peak = 3041.688 ; gain = 0.000
Phase 1 Initialization | Checksum: 17583ab72

Time (s): cpu = 00:00:01 ; elapsed = 00:00:00.125 . Memory (MB): peak = 3041.688 ; gain = 0.000

Phase 2 Timer Update And Timing Data Collection

Phase 2.1 Detect if minReqCache needed
Phase 2.1 Detect if minReqCache needed | Checksum: 17583ab72

Time (s): cpu = 00:00:01 ; elapsed = 00:00:00.183 . Memory (MB): peak = 3053.910 ; gain = 12.223

Phase 2.2 Timer Update
INFO: [Timing 38-35] Done setting XDC timing constraints.
Phase 2.2 Timer Update | Checksum: 17583ab72

Time (s): cpu = 00:00:18 ; elapsed = 00:00:10 . Memory (MB): peak = 3244.816 ; gain = 203.129

Phase 2.3 Timing Data Collection
Phase 2.3 Timing Data Collection | Checksum: 17583ab72

Time (s): cpu = 00:00:18 ; elapsed = 00:00:10 . Memory (MB): peak = 3244.816 ; gain = 203.129
Phase 2 Timer Update And Timing Data Collection | Checksum: 17583ab72

Time (s): cpu = 00:00:18 ; elapsed = 00:00:10 . Memory (MB): peak = 3244.816 ; gain = 203.129

Phase 3 Retarget
INFO: [Opt 31-1851] Number of loadless carry chains removed were: 0
INFO: [Opt 31-1834] Total Chains To Be Transformed Were: 0 AND Number of Transformed insts Created are: 0
INFO: [Opt 31-138] Pushed 323 inverter(s) to 24089 load pin(s).
INFO: [Opt 31-49] Retargeted 0 cell(s).
Phase 3 Retarget | Checksum: 1ffcf62f2

Time (s): cpu = 00:00:21 ; elapsed = 00:00:13 . Memory (MB): peak = 3244.816 ; gain = 203.129
Retarget | Checksum: 1ffcf62f2
INFO: [Opt 31-389] Phase Retarget created 90 cells and removed 687 cells
INFO: [Opt 31-1021] In phase Retarget, 41 netlist objects are constrained preventing optimization. Please run opt_design with -debug_log to get more detail. 

Phase 4 Constant propagation
INFO: [Opt 31-138] Pushed 6 inverter(s) to 8 load pin(s).
Phase 4 Constant propagation | Checksum: 1bd7b39a7

Time (s): cpu = 00:00:21 ; elapsed = 00:00:13 . Memory (MB): peak = 3244.816 ; gain = 203.129
Constant propagation | Checksum: 1bd7b39a7
INFO: [Opt 31-389] Phase Constant propagation created 110 cells and removed 615 cells
INFO: [Opt 31-1021] In phase Constant propagation, 41 netlist objects are constrained preventing optimization. Please run opt_design with -debug_log to get more detail. 

Phase 5 Sweep
INFO: [Constraints 18-11670] Building netlist checker database with flags, 0x8
Done building netlist checker database: Time (s): cpu = 00:00:00 ; elapsed = 00:00:00.061 . Memory (MB): peak = 3244.816 ; gain = 0.000
INFO: [Constraints 18-11670] Building netlist checker database with flags, 0x8
Done building netlist checker database: Time (s): cpu = 00:00:01 ; elapsed = 00:00:00.063 . Memory (MB): peak = 3244.816 ; gain = 0.000
Phase 5 Sweep | Checksum: 2056e7a07

Time (s): cpu = 00:00:23 ; elapsed = 00:00:15 . Memory (MB): peak = 3244.816 ; gain = 203.129
Sweep | Checksum: 2056e7a07
INFO: [Opt 31-389] Phase Sweep created 0 cells and removed 359 cells
INFO: [Opt 31-1021] In phase Sweep, 53 netlist objects are constrained preventing optimization. Please run opt_design with -debug_log to get more detail. 

Phase 6 BUFG optimization
INFO: [Opt 31-1077] Phase BUFG optimization inserted 0 global clock buffer(s) for CLOCK_LOW_FANOUT.
Phase 6 BUFG optimization | Checksum: 2056e7a07

Time (s): cpu = 00:00:25 ; elapsed = 00:00:16 . Memory (MB): peak = 3244.816 ; gain = 203.129
BUFG optimization | Checksum: 2056e7a07
INFO: [Opt 31-662] Phase BUFG optimization created 0 cells of which 0 are BUFGs and removed 0 cells.

Phase 7 Shift Register Optimization
INFO: [Opt 31-1064] SRL Remap converted 0 SRLs to 0 registers and converted 0 registers of register chains to 0 SRLs
Phase 7 Shift Register Optimization | Checksum: 2056e7a07

Time (s): cpu = 00:00:26 ; elapsed = 00:00:16 . Memory (MB): peak = 3244.816 ; gain = 203.129
Shift Register Optimization | Checksum: 2056e7a07
INFO: [Opt 31-389] Phase Shift Register Optimization created 0 cells and removed 0 cells
INFO: [Opt 31-1555] control_set_opt supports Versal devices only, and device xck26 is unsupported

Phase 8 Post Processing Netlist
Phase 8 Post Processing Netlist | Checksum: 196d554e9

Time (s): cpu = 00:00:26 ; elapsed = 00:00:16 . Memory (MB): peak = 3244.816 ; gain = 203.129
Post Processing Netlist | Checksum: 196d554e9
INFO: [Opt 31-389] Phase Post Processing Netlist created 0 cells and removed 0 cells
INFO: [Opt 31-1021] In phase Post Processing Netlist, 41 netlist objects are constrained preventing optimization. Please run opt_design with -debug_log to get more detail. 

Phase 9 Finalization

Phase 9.1 Finalizing Design Cores and Updating Shapes
Phase 9.1 Finalizing Design Cores and Updating Shapes | Checksum: 1f5b0679c

Time (s): cpu = 00:00:26 ; elapsed = 00:00:17 . Memory (MB): peak = 3244.816 ; gain = 203.129

Phase 9.2 Verifying Netlist Connectivity

Starting Connectivity Check Task

Time (s): cpu = 00:00:01 ; elapsed = 00:00:00.051 . Memory (MB): peak = 3244.816 ; gain = 0.000
Phase 9.2 Verifying Netlist Connectivity | Checksum: 1f5b0679c

Time (s): cpu = 00:00:27 ; elapsed = 00:00:17 . Memory (MB): peak = 3244.816 ; gain = 203.129
Phase 9 Finalization | Checksum: 1f5b0679c

Time (s): cpu = 00:00:27 ; elapsed = 00:00:17 . Memory (MB): peak = 3244.816 ; gain = 203.129
Opt_design Change Summary
=========================


-------------------------------------------------------------------------------------------------------------------------
|  Phase                        |  #Cells created  |  #Cells Removed  |  #Constrained objects preventing optimizations  |
-------------------------------------------------------------------------------------------------------------------------
|  Retarget                     |              90  |             687  |                                             41  |
|  Constant propagation         |             110  |             615  |                                             41  |
|  Sweep                        |               0  |             359  |                                             53  |
|  BUFG optimization            |               0  |               0  |                                              0  |
|  Shift Register Optimization  |               0  |               0  |                                              0  |
|  Post Processing Netlist      |               0  |               0  |                                             41  |
-------------------------------------------------------------------------------------------------------------------------


Ending Logic Optimization Task | Checksum: 1f5b0679c

Time (s): cpu = 00:00:27 ; elapsed = 00:00:17 . Memory (MB): peak = 3244.816 ; gain = 203.129
Netlist sorting complete. Time (s): cpu = 00:00:00 ; elapsed = 00:00:00.024 . Memory (MB): peak = 3244.816 ; gain = 0.000
INFO: [Common 17-83] Releasing license: Implementation
47 Infos, 0 Warnings, 0 Critical Warnings and 0 Errors encountered.
opt_design completed successfully
opt_design: Time (s): cpu = 00:00:30 ; elapsed = 00:00:20 . Memory (MB): peak = 3244.816 ; gain = 362.625
INFO: [Vivado 12-24828] Executing command : report_drc -file gemm_system_wrapper_drc_opted.rpt -pb gemm_system_wrapper_drc_opted.pb -rpx gemm_system_wrapper_drc_opted.rpx
Command: report_drc -file gemm_system_wrapper_drc_opted.rpt -pb gemm_system_wrapper_drc_opted.pb -rpx gemm_system_wrapper_drc_opted.rpx
INFO: [IP_Flow 19-1839] IP Catalog is up to date.
INFO: [Timing 38-35] Done setting XDC timing constraints.
INFO: [DRC 23-27] Running DRC with 2 threads
INFO: [Vivado_Tcl 2-168] The results of DRC are in file D:/E/1subject/HK6/doan1/int8-matmul-accelerator/gemm_accelerator/gemm_accelerator.runs/impl_1/gemm_system_wrapper_drc_opted.rpt.
report_drc completed successfully
report_drc: Time (s): cpu = 00:00:37 ; elapsed = 00:00:26 . Memory (MB): peak = 3962.121 ; gain = 717.305
generate_parallel_reports: Time (s): cpu = 00:00:37 ; elapsed = 00:00:26 . Memory (MB): peak = 3962.121 ; gain = 717.305
INFO: [Timing 38-480] Writing timing data to binary archive.
Write ShapeDB Complete: Time (s): cpu = 00:00:00 ; elapsed = 00:00:00.062 . Memory (MB): peak = 3962.121 ; gain = 0.000
INFO: [Common 17-1381] The checkpoint 'D:/E/1subject/HK6/doan1/int8-matmul-accelerator/gemm_accelerator/gemm_accelerator.runs/impl_1/gemm_system_wrapper_opt.dcp' has been generated.
Command: place_design -directive Explore
Attempting to get a license for feature 'Implementation' and/or device 'xck26'
INFO: [Common 17-349] Got license for feature 'Implementation' and/or device 'xck26'
INFO: [Common 17-83] Releasing license: Implementation
INFO: [DRC 23-27] Running DRC with 2 threads
INFO: [Vivado_Tcl 4-198] DRC finished with 0 Errors
INFO: [Vivado_Tcl 4-199] Please refer to the DRC report (report_drc) for more information.
INFO: [Vivado_Tcl 4-2302] The placer was invoked with the 'Explore' directive.
Running DRC as a precondition to command place_design
INFO: [DRC 23-27] Running DRC with 2 threads
INFO: [Vivado_Tcl 4-198] DRC finished with 0 Errors
INFO: [Vivado_Tcl 4-199] Please refer to the DRC report (report_drc) for more information.
INFO: [Place 30-611] Multithreading enabled for place_design using a maximum of 2 CPUs

Starting Placer Task

Phase 1 Placer Initialization

Phase 1.1 Placer Initialization Netlist Sorting
Netlist sorting complete. Time (s): cpu = 00:00:00 ; elapsed = 00:00:00.019 . Memory (MB): peak = 3962.121 ; gain = 0.000
Phase 1.1 Placer Initialization Netlist Sorting | Checksum: 161bdc2e9

Time (s): cpu = 00:00:00 ; elapsed = 00:00:00.033 . Memory (MB): peak = 3962.121 ; gain = 0.000
Netlist sorting complete. Time (s): cpu = 00:00:00 ; elapsed = 00:00:00.021 . Memory (MB): peak = 3962.121 ; gain = 0.000

Phase 1.2 IO Placement/ Clock Placement/ Build Placer Device
Phase 1.2 IO Placement/ Clock Placement/ Build Placer Device | Checksum: 12576f268

Time (s): cpu = 00:00:05 ; elapsed = 00:00:03 . Memory (MB): peak = 3962.121 ; gain = 0.000

Phase 1.3 Build Placer Netlist Model
Phase 1.3 Build Placer Netlist Model | Checksum: 1b52e1466

Time (s): cpu = 00:00:30 ; elapsed = 00:00:21 . Memory (MB): peak = 4058.148 ; gain = 96.027

Phase 1.4 Constrain Clocks/Macros
Phase 1.4 Constrain Clocks/Macros | Checksum: 1b52e1466

Time (s): cpu = 00:00:30 ; elapsed = 00:00:21 . Memory (MB): peak = 4058.148 ; gain = 96.027
Phase 1 Placer Initialization | Checksum: 1b52e1466

Time (s): cpu = 00:00:30 ; elapsed = 00:00:21 . Memory (MB): peak = 4058.148 ; gain = 96.027

Phase 2 Global Placement

Phase 2.1 Floorplanning

Phase 2.1.1 Partition Driven Placement

Phase 2.1.1.1 PBP: Partition Driven Placement
Phase 2.1.1.1 PBP: Partition Driven Placement | Checksum: 157af568c

Time (s): cpu = 00:00:54 ; elapsed = 00:00:36 . Memory (MB): peak = 4058.148 ; gain = 96.027

Phase 2.1.1.2 PBP: Clock Region Placement
INFO: [Place 30-3162] Check ILP status : ILP-based clock placer completed successfully.
Phase 2.1.1.2 PBP: Clock Region Placement | Checksum: 1e86907b3

Time (s): cpu = 00:00:55 ; elapsed = 00:00:37 . Memory (MB): peak = 4058.148 ; gain = 96.027

Phase 2.1.1.3 PBP: Discrete Incremental
Phase 2.1.1.3 PBP: Discrete Incremental | Checksum: 147b172fd

Time (s): cpu = 00:00:55 ; elapsed = 00:00:37 . Memory (MB): peak = 4058.148 ; gain = 96.027

Phase 2.1.1.4 PBP: Compute Congestion
Phase 2.1.1.4 PBP: Compute Congestion | Checksum: 147b172fd

Time (s): cpu = 00:01:05 ; elapsed = 00:00:42 . Memory (MB): peak = 4058.148 ; gain = 96.027

Phase 2.1.1.5 PBP: Macro Placement
Phase 2.1.1.5 PBP: Macro Placement | Checksum: 2cdac37c2

Time (s): cpu = 00:01:06 ; elapsed = 00:00:43 . Memory (MB): peak = 4058.148 ; gain = 96.027

Phase 2.1.1.6 PBP: UpdateTiming
Phase 2.1.1.6 PBP: UpdateTiming | Checksum: 2ac696a1f

Time (s): cpu = 00:01:09 ; elapsed = 00:00:45 . Memory (MB): peak = 4062.000 ; gain = 99.879

Phase 2.1.1.7 PBP: Add part constraints
Phase 2.1.1.7 PBP: Add part constraints | Checksum: 2ac696a1f

Time (s): cpu = 00:01:09 ; elapsed = 00:00:45 . Memory (MB): peak = 4062.000 ; gain = 99.879
Phase 2.1.1 Partition Driven Placement | Checksum: 2ac696a1f

Time (s): cpu = 00:01:09 ; elapsed = 00:00:45 . Memory (MB): peak = 4062.000 ; gain = 99.879
Phase 2.1 Floorplanning | Checksum: 2ac696a1f

Time (s): cpu = 00:01:09 ; elapsed = 00:00:45 . Memory (MB): peak = 4062.000 ; gain = 99.879

Phase 2.2 Update Timing before SLR Path Opt
Phase 2.2 Update Timing before SLR Path Opt | Checksum: 2ac696a1f

Time (s): cpu = 00:01:09 ; elapsed = 00:00:46 . Memory (MB): peak = 4062.000 ; gain = 99.879

Phase 2.3 Post-Processing in Floorplanning
Phase 2.3 Post-Processing in Floorplanning | Checksum: 22eca0e0d

Time (s): cpu = 00:01:10 ; elapsed = 00:00:46 . Memory (MB): peak = 4062.000 ; gain = 99.879

Phase 2.4 Global Place Phase1
Phase 2.4 Global Place Phase1 | Checksum: 20cb65d73

Time (s): cpu = 00:02:48 ; elapsed = 00:01:43 . Memory (MB): peak = 4177.398 ; gain = 215.277

Phase 2.5 Global Place Phase2

Phase 2.5.1 UpdateTiming Before Physical Synthesis
Phase 2.5.1 UpdateTiming Before Physical Synthesis | Checksum: 2833e61ef

Time (s): cpu = 00:02:53 ; elapsed = 00:01:46 . Memory (MB): peak = 4177.398 ; gain = 215.277

Phase 2.5.2 Physical Synthesis In Placer
INFO: [Physopt 32-1035] Found 120 LUTNM shape to break, 671 LUT instances to create LUTNM shape
INFO: [Physopt 32-1044] Break lutnm for timing: one critical 0, two critical 120, total 120, new lutff created 0
INFO: [Physopt 32-1138] End 1 Pass. Optimized 403 nets or LUTs. Breaked 120 LUTs, combined 283 existing LUTs and moved 0 existing LUT
INFO: [Physopt 32-1030] Pass 1. Identified 21 candidate driver sets for equivalent driver rewiring.
INFO: [Physopt 32-661] Optimized 10 nets.  Re-placed 41 instances.
INFO: [Physopt 32-775] End 1 Pass. Optimized 10 nets or cells. Created 0 new cell, deleted 0 existing cell and moved 41 existing cells
Netlist sorting complete. Time (s): cpu = 00:00:00 ; elapsed = 00:00:00.241 . Memory (MB): peak = 4177.398 ; gain = 0.000
INFO: [Physopt 32-1132] Very high fanout net 'gemm_system_i/gemm_top_l2_0/inst/u_l2_tiling_agu/u_gemm_compute_core/u_post_accumulator/row_cnt_r2_in[3]' is not considered as a candidate in VHFN optimization. The fanout considered for this optimization is changed from 1540 to 517 due to a timing constraint or macro primitives that prevent optimization on all of the loads. To force replication, set the FORCE_MAX_FANOUT property on the net to a number less than 517.
INFO: [Physopt 32-1408] Pass 1. Identified 6 candidate nets for high-fanout optimization.
INFO: [Physopt 32-81] Processed net gemm_system_i/gemm_l2_axi_lite_regs_0/inst/cfg_scale_shift_o[3]. Replicated 7 times.
INFO: [Physopt 32-81] Processed net gemm_system_i/gemm_l2_axi_lite_regs_0/inst/cfg_scale_shift_o[4]. Replicated 7 times.
INFO: [Physopt 32-81] Processed net gemm_system_i/gemm_l2_axi_lite_regs_0/inst/cfg_scale_shift_o[2]. Replicated 7 times.
INFO: [Physopt 32-81] Processed net gemm_system_i/gemm_l2_axi_lite_regs_0/inst/cfg_scale_shift_o[1]. Replicated 7 times.
INFO: [Physopt 32-81] Processed net gemm_system_i/gemm_l2_axi_lite_regs_0/inst/cfg_scale_shift_o[0]. Replicated 9 times.
INFO: [Physopt 32-81] Processed net gemm_system_i/rst_ps8_0_99M/U0/peripheral_aresetn[0]. Replicated 81 times.
INFO: [Physopt 32-232] Optimized 6 nets. Created 118 new instances.
INFO: [Physopt 32-775] End 1 Pass. Optimized 6 nets or cells. Created 118 new cells, deleted 0 existing cell and moved 0 existing cell
Netlist sorting complete. Time (s): cpu = 00:00:01 ; elapsed = 00:00:00.478 . Memory (MB): peak = 4177.398 ; gain = 0.000
INFO: [Physopt 32-456] No candidate cells for DSP register optimization found in the design.
INFO: [Physopt 32-775] End 2 Pass. Optimized 0 net or cell. Created 0 new cell, deleted 0 existing cell and moved 0 existing cell
INFO: [Physopt 32-1123] No candidate cells found for Shift Register to Pipeline optimization
INFO: [Physopt 32-775] End 2 Pass. Optimized 0 net or cell. Created 0 new cell, deleted 0 existing cell and moved 0 existing cell
INFO: [Physopt 32-1401] No candidate cells found for Shift Register optimization.
INFO: [Physopt 32-677] No candidate cells for Shift Register optimization found in the design
INFO: [Physopt 32-775] End 1 Pass. Optimized 0 net or cell. Created 0 new cell, deleted 0 existing cell and moved 0 existing cell
INFO: [Physopt 32-526] No candidate cells for BRAM register optimization found in the design
INFO: [Physopt 32-775] End 1 Pass. Optimized 0 net or cell. Created 0 new cell, deleted 0 existing cell and moved 0 existing cell
INFO: [Physopt 32-846] No candidate cells for URAM register optimization found in the design
INFO: [Physopt 32-775] End 1 Pass. Optimized 0 net or cell. Created 0 new cell, deleted 0 existing cell and moved 0 existing cell
INFO: [Physopt 32-846] No candidate cells for URAM register optimization found in the design
INFO: [Physopt 32-775] End 1 Pass. Optimized 0 net or cell. Created 0 new cell, deleted 0 existing cell and moved 0 existing cell
INFO: [Physopt 32-949] No candidate nets found for dynamic/static region interface net replication
INFO: [Physopt 32-775] End 1 Pass. Optimized 0 net or cell. Created 0 new cell, deleted 0 existing cell and moved 0 existing cell
Netlist sorting complete. Time (s): cpu = 00:00:00 ; elapsed = 00:00:00.022 . Memory (MB): peak = 4177.398 ; gain = 0.000

Summary of Physical Synthesis Optimizations
============================================


-----------------------------------------------------------------------------------------------------------------------------------------------------------
|  Optimization                                     |  Added Cells  |  Removed Cells  |  Optimized Cells/Nets  |  Dont Touch  |  Iterations  |  Elapsed   |
-----------------------------------------------------------------------------------------------------------------------------------------------------------
|  LUT Combining                                    |          120  |            283  |                   403  |           0  |           1  |  00:00:00  |
|  Retime                                           |            0  |              0  |                     0  |           0  |           1  |  00:00:00  |
|  Equivalent Driver Rewiring                       |            0  |              0  |                    10  |           0  |           1  |  00:00:01  |
|  Very High Fanout                                 |          118  |              0  |                     6  |           0  |           1  |  00:00:04  |
|  DSP Register                                     |            0  |              0  |                     0  |           0  |           1  |  00:00:00  |
|  Shift Register to Pipeline                       |            0  |              0  |                     0  |           0  |           1  |  00:00:00  |
|  Shift Register                                   |            0  |              0  |                     0  |           0  |           1  |  00:00:00  |
|  BRAM Register                                    |            0  |              0  |                     0  |           0  |           1  |  00:00:00  |
|  URAM Register                                    |            0  |              0  |                     0  |           0  |           1  |  00:00:00  |
|  Dynamic/Static Region Interface Net Replication  |            0  |              0  |                     0  |           0  |           1  |  00:00:00  |
|  Total                                            |          238  |            283  |                   419  |           0  |          10  |  00:00:06  |
-----------------------------------------------------------------------------------------------------------------------------------------------------------


Phase 2.5.2 Physical Synthesis In Placer | Checksum: 2b9873fd0

Time (s): cpu = 00:03:05 ; elapsed = 00:01:57 . Memory (MB): peak = 4177.398 ; gain = 215.277
Phase 2.5 Global Place Phase2 | Checksum: 2f42e50a6

Time (s): cpu = 00:03:17 ; elapsed = 00:02:04 . Memory (MB): peak = 4177.398 ; gain = 215.277
Phase 2 Global Placement | Checksum: 2f42e50a6

Time (s): cpu = 00:03:17 ; elapsed = 00:02:04 . Memory (MB): peak = 4177.398 ; gain = 215.277

Phase 3 Detail Placement

Phase 3.1 Commit Multi Column Macros
Phase 3.1 Commit Multi Column Macros | Checksum: 244a9131a

Time (s): cpu = 00:03:30 ; elapsed = 00:02:11 . Memory (MB): peak = 4177.398 ; gain = 215.277

Phase 3.2 Commit Most Macros & LUTRAMs
Phase 3.2 Commit Most Macros & LUTRAMs | Checksum: 2d15bec6e

Time (s): cpu = 00:03:34 ; elapsed = 00:02:14 . Memory (MB): peak = 4177.398 ; gain = 215.277

Phase 3.3 Small Shape DP

Phase 3.3.1 Small Shape Clustering
Phase 3.3.1 Small Shape Clustering | Checksum: 25d581117

Time (s): cpu = 00:04:07 ; elapsed = 00:02:33 . Memory (MB): peak = 4177.398 ; gain = 215.277

Phase 3.3.2 Slice Area Swap

Phase 3.3.2.1 Slice Area Swap Initial
Phase 3.3.2.1 Slice Area Swap Initial | Checksum: 2ebdb3522

Time (s): cpu = 00:04:19 ; elapsed = 00:02:40 . Memory (MB): peak = 4177.398 ; gain = 215.277
Phase 3.3.2 Slice Area Swap | Checksum: 2ebdb3522

Time (s): cpu = 00:04:19 ; elapsed = 00:02:41 . Memory (MB): peak = 4177.398 ; gain = 215.277
Phase 3.3 Small Shape DP | Checksum: 2d6ffb598

Time (s): cpu = 00:04:44 ; elapsed = 00:02:54 . Memory (MB): peak = 4177.398 ; gain = 215.277

Phase 3.4 Re-assign LUT pins
Phase 3.4 Re-assign LUT pins | Checksum: 2e18c9fd8

Time (s): cpu = 00:04:46 ; elapsed = 00:02:56 . Memory (MB): peak = 4177.398 ; gain = 215.277

Phase 3.5 Pipeline Register Optimization
Phase 3.5 Pipeline Register Optimization | Checksum: 2c05f8636

Time (s): cpu = 00:04:46 ; elapsed = 00:02:56 . Memory (MB): peak = 4177.398 ; gain = 215.277

Phase 3.6 Fast Optimization
Phase 3.6 Fast Optimization | Checksum: 1c9bbb973

Time (s): cpu = 00:05:08 ; elapsed = 00:03:09 . Memory (MB): peak = 4178.387 ; gain = 216.266
Phase 3 Detail Placement | Checksum: 1c9bbb973

Time (s): cpu = 00:05:08 ; elapsed = 00:03:09 . Memory (MB): peak = 4178.387 ; gain = 216.266

Phase 4 Post Placement Optimization and Clean-Up

Phase 4.1 Post Commit Optimization
INFO: [Timing 38-35] Done setting XDC timing constraints.

Phase 4.1.1 Post Placement Optimization
Post Placement Optimization Initialization | Checksum: 21c388ec7

Phase 4.1.1.1 BUFG Insertion

Starting Physical Synthesis Task

Phase 1 Physical Synthesis Initialization
INFO: [Physopt 32-721] Multithreading enabled for phys_opt_design using a maximum of 2 CPUs
INFO: [Physopt 32-619] Estimated Timing Summary | WNS=-0.241 | TNS=-1.528 |
Phase 1 Physical Synthesis Initialization | Checksum: 171aa96a0

Time (s): cpu = 00:00:02 ; elapsed = 00:00:01 . Memory (MB): peak = 4307.168 ; gain = 0.000
INFO: [Place 46-56] BUFG insertion identified 0 candidate nets. Inserted BUFG: 0, Replicated BUFG Driver: 0, Skipped due to Placement/Routing Conflicts: 0, Skipped due to Timing Degradation: 0, Skipped due to netlist editing failed: 0.
Ending Physical Synthesis Task | Checksum: 1fb328a65

Time (s): cpu = 00:00:04 ; elapsed = 00:00:02 . Memory (MB): peak = 4307.168 ; gain = 0.000
Phase 4.1.1.1 BUFG Insertion | Checksum: 21c388ec7

Time (s): cpu = 00:05:50 ; elapsed = 00:03:39 . Memory (MB): peak = 4307.168 ; gain = 345.047

Phase 4.1.1.2 Post Placement Timing Optimization
INFO: [Place 30-746] Post Placement Timing Summary WNS=0.221. For the most accurate timing information please run report_timing.
Phase 4.1.1.2 Post Placement Timing Optimization | Checksum: 2cc8b098c

Time (s): cpu = 00:06:31 ; elapsed = 00:04:19 . Memory (MB): peak = 4307.168 ; gain = 345.047

Time (s): cpu = 00:06:31 ; elapsed = 00:04:19 . Memory (MB): peak = 4307.168 ; gain = 345.047
Phase 4.1 Post Commit Optimization | Checksum: 2cc8b098c

Time (s): cpu = 00:06:31 ; elapsed = 00:04:19 . Memory (MB): peak = 4307.168 ; gain = 345.047
Netlist sorting complete. Time (s): cpu = 00:00:00 ; elapsed = 00:00:00.022 . Memory (MB): peak = 4322.176 ; gain = 0.000

Phase 4.2 Post Placement Cleanup
Phase 4.2 Post Placement Cleanup | Checksum: 2294a120b

Time (s): cpu = 00:06:43 ; elapsed = 00:04:26 . Memory (MB): peak = 4322.176 ; gain = 360.055

Phase 4.3 Placer Reporting

Phase 4.3.1 Print Estimated Congestion
INFO: [Place 30-612] Post-Placement Estimated Congestion 
 ________________________________________________________________________
|           | Global Congestion | Long Congestion   | Short Congestion  |
| Direction | Region Size       | Region Size       | Region Size       |
|___________|___________________|___________________|___________________|
|      North|                1x1|                1x1|                2x2|
|___________|___________________|___________________|___________________|
|      South|                1x1|                1x1|                1x1|
|___________|___________________|___________________|___________________|
|       East|                1x1|                1x1|                8x8|
|___________|___________________|___________________|___________________|
|       West|                1x1|                1x1|                4x4|
|___________|___________________|___________________|___________________|

Phase 4.3.1 Print Estimated Congestion | Checksum: 2294a120b

Time (s): cpu = 00:06:43 ; elapsed = 00:04:26 . Memory (MB): peak = 4322.176 ; gain = 360.055
Phase 4.3 Placer Reporting | Checksum: 2294a120b

Time (s): cpu = 00:06:43 ; elapsed = 00:04:27 . Memory (MB): peak = 4322.176 ; gain = 360.055

Phase 4.4 Final Placement Cleanup
Netlist sorting complete. Time (s): cpu = 00:00:01 ; elapsed = 00:00:00.019 . Memory (MB): peak = 4322.176 ; gain = 0.000

Time (s): cpu = 00:06:44 ; elapsed = 00:04:27 . Memory (MB): peak = 4322.176 ; gain = 360.055
Phase 4 Post Placement Optimization and Clean-Up | Checksum: 1ae41643f

Time (s): cpu = 00:06:44 ; elapsed = 00:04:27 . Memory (MB): peak = 4322.176 ; gain = 360.055
Ending Placer Task | Checksum: ba18f500

Time (s): cpu = 00:06:44 ; elapsed = 00:04:27 . Memory (MB): peak = 4322.176 ; gain = 360.055
102 Infos, 0 Warnings, 0 Critical Warnings and 0 Errors encountered.
place_design completed successfully
place_design: Time (s): cpu = 00:06:48 ; elapsed = 00:04:31 . Memory (MB): peak = 4322.176 ; gain = 360.055
INFO: [Vivado 12-24838] Running report commands "report_control_sets, report_io, report_utilization" in parallel.
Running report generation with 2 threads.
INFO: [Vivado 12-24828] Executing command : report_io -file gemm_system_wrapper_io_placed.rpt
report_io: Time (s): cpu = 00:00:00 ; elapsed = 00:00:00.116 . Memory (MB): peak = 4322.176 ; gain = 0.000
INFO: [Vivado 12-24828] Executing command : report_control_sets -verbose -file gemm_system_wrapper_control_sets_placed.rpt
report_control_sets: Time (s): cpu = 00:00:01 ; elapsed = 00:00:00.289 . Memory (MB): peak = 4322.176 ; gain = 0.000
INFO: [Vivado 12-24828] Executing command : report_utilization -file gemm_system_wrapper_utilization_placed.rpt -pb gemm_system_wrapper_utilization_placed.pb
INFO: [Timing 38-480] Writing timing data to binary archive.
Write ShapeDB Complete: Time (s): cpu = 00:00:00 ; elapsed = 00:00:00.117 . Memory (MB): peak = 4322.176 ; gain = 0.000
Wrote PlaceDB: Time (s): cpu = 00:00:06 ; elapsed = 00:00:02 . Memory (MB): peak = 4322.176 ; gain = 0.000
Wrote PulsedLatchDB: Time (s): cpu = 00:00:00 ; elapsed = 00:00:00 . Memory (MB): peak = 4322.176 ; gain = 0.000
Writing XDEF routing.
Writing XDEF routing logical nets.
Writing XDEF routing special nets.
Wrote RouteStorage: Time (s): cpu = 00:00:00 ; elapsed = 00:00:00.178 . Memory (MB): peak = 4322.176 ; gain = 0.000
Wrote Netlist Cache: Time (s): cpu = 00:00:00 ; elapsed = 00:00:00.074 . Memory (MB): peak = 4322.176 ; gain = 0.000
Wrote Device Cache: Time (s): cpu = 00:00:00 ; elapsed = 00:00:00.020 . Memory (MB): peak = 4322.176 ; gain = 0.000
Write Physdb Complete: Time (s): cpu = 00:00:06 ; elapsed = 00:00:03 . Memory (MB): peak = 4322.176 ; gain = 0.000
INFO: [Common 17-1381] The checkpoint 'D:/E/1subject/HK6/doan1/int8-matmul-accelerator/gemm_accelerator/gemm_accelerator.runs/impl_1/gemm_system_wrapper_placed.dcp' has been generated.
write_checkpoint: Time (s): cpu = 00:00:08 ; elapsed = 00:00:05 . Memory (MB): peak = 4322.176 ; gain = 0.000
Command: phys_opt_design -directive Explore
Attempting to get a license for feature 'Implementation' and/or device 'xck26'
INFO: [Common 17-349] Got license for feature 'Implementation' and/or device 'xck26'
INFO: [Vivado_Tcl 4-137] Directive used for phys_opt_design is: Explore

Starting Initial Update Timing Task

Time (s): cpu = 00:00:16 ; elapsed = 00:00:09 . Memory (MB): peak = 4322.176 ; gain = 0.000
INFO: [Vivado_Tcl 4-2279] Estimated Timing Summary | WNS= 0.226 | TNS= 0.000 | 
INFO: [Vivado_Tcl 4-383] Design worst setup slack (WNS) is greater than or equal to 0.000 ns. All physical synthesis setup optimizations will be skipped.
INFO: [Vivado_Tcl 4-232] No setup violation found. The netlist was not modified.
INFO: [Common 17-83] Releasing license: Implementation
114 Infos, 0 Warnings, 0 Critical Warnings and 0 Errors encountered.
phys_opt_design completed successfully
phys_opt_design: Time (s): cpu = 00:00:17 ; elapsed = 00:00:10 . Memory (MB): peak = 4322.176 ; gain = 0.000
INFO: [Timing 38-480] Writing timing data to binary archive.
Write ShapeDB Complete: Time (s): cpu = 00:00:01 ; elapsed = 00:00:00.125 . Memory (MB): peak = 4339.121 ; gain = 16.543
Wrote PlaceDB: Time (s): cpu = 00:00:06 ; elapsed = 00:00:02 . Memory (MB): peak = 4342.668 ; gain = 20.082
Wrote PulsedLatchDB: Time (s): cpu = 00:00:00 ; elapsed = 00:00:00 . Memory (MB): peak = 4342.668 ; gain = 0.000
Writing XDEF routing.
Writing XDEF routing logical nets.
Writing XDEF routing special nets.
Wrote RouteStorage: Time (s): cpu = 00:00:01 ; elapsed = 00:00:00.178 . Memory (MB): peak = 4342.668 ; gain = 0.000
Wrote Netlist Cache: Time (s): cpu = 00:00:00 ; elapsed = 00:00:00.072 . Memory (MB): peak = 4342.668 ; gain = 0.000
Wrote Device Cache: Time (s): cpu = 00:00:00 ; elapsed = 00:00:00.020 . Memory (MB): peak = 4342.668 ; gain = 0.000
Write Physdb Complete: Time (s): cpu = 00:00:07 ; elapsed = 00:00:03 . Memory (MB): peak = 4342.668 ; gain = 20.090
INFO: [Common 17-1381] The checkpoint 'D:/E/1subject/HK6/doan1/int8-matmul-accelerator/gemm_accelerator/gemm_accelerator.runs/impl_1/gemm_system_wrapper_physopt.dcp' has been generated.
write_checkpoint: Time (s): cpu = 00:00:08 ; elapsed = 00:00:05 . Memory (MB): peak = 4342.668 ; gain = 20.492
Command: route_design -directive Explore -tns_cleanup
Attempting to get a license for feature 'Implementation' and/or device 'xck26'
INFO: [Common 17-349] Got license for feature 'Implementation' and/or device 'xck26'


Starting Routing Task
INFO: [Route 35-270] Using Router directive 'Explore'.
INFO: [Route 35-254] Multithreading enabled for route_design using a maximum of 2 CPUs

Phase 1 Build RT Design
Checksum: PlaceDB: 5692bc49 ConstDB: 0 ShapeSum: 40afa9ec RouteDB: 22d68ecb
Nodegraph reading from file.  Time (s): cpu = 00:00:01 ; elapsed = 00:00:00.480 . Memory (MB): peak = 4342.668 ; gain = 0.000
Post Restoration Checksum: NetGraph: 3aa81fa0 | NumContArr: 2c218150 | Constraints: 4bca8a41 | Timing: c2a8fa9d
Phase 1 Build RT Design | Checksum: 1753d25ce

Time (s): cpu = 00:00:18 ; elapsed = 00:00:10 . Memory (MB): peak = 4349.395 ; gain = 6.727

Phase 2 Router Initialization

Phase 2.1 Fix Topology Constraints
Phase 2.1 Fix Topology Constraints | Checksum: 1753d25ce

Time (s): cpu = 00:00:18 ; elapsed = 00:00:10 . Memory (MB): peak = 4349.395 ; gain = 6.727

Phase 2.2 Pre Route Cleanup
Phase 2.2 Pre Route Cleanup | Checksum: 1753d25ce

Time (s): cpu = 00:00:18 ; elapsed = 00:00:10 . Memory (MB): peak = 4349.395 ; gain = 6.727

Phase 2.3 Global Clock Net Routing
 Number of Nodes with overlaps = 0
Phase 2.3 Global Clock Net Routing | Checksum: 1f7969320

Time (s): cpu = 00:00:20 ; elapsed = 00:00:11 . Memory (MB): peak = 4375.293 ; gain = 32.625

Phase 2.4 Update Timing
Phase 2.4 Update Timing | Checksum: 191813a03

Time (s): cpu = 00:00:27 ; elapsed = 00:00:16 . Memory (MB): peak = 4375.293 ; gain = 32.625
INFO: [Route 35-416] Intermediate Timing Summary | WNS=0.290  | TNS=0.000  | WHS=-0.084 | THS=-106.543|


Phase 2.5 Soft Constraint Pins - Fast Budgeting
Phase 2.5 Soft Constraint Pins - Fast Budgeting | Checksum: 1df547d0b

Time (s): cpu = 00:00:42 ; elapsed = 00:00:24 . Memory (MB): peak = 4421.531 ; gain = 78.863

Router Utilization Summary
  Global Vertical Routing Utilization    = 0 %
  Global Horizontal Routing Utilization  = 0 %
  Routable Net Status*
  *Does not include unroutable nets such as driverless and loadless.
  Run report_route_status for detailed report.
  Number of Failed Nets               = 51164
    (Failed Nets is the sum of unrouted and partially routed nets)
  Number of Unrouted Nets             = 48310
  Number of Partially Routed Nets     = 2854
  Number of Node Overlaps             = 0

Phase 2 Router Initialization | Checksum: 1d37e2574

Time (s): cpu = 00:00:43 ; elapsed = 00:00:25 . Memory (MB): peak = 4421.531 ; gain = 78.863

Phase 3 Global Routing
Phase 3 Global Routing | Checksum: 1d37e2574

Time (s): cpu = 00:00:43 ; elapsed = 00:00:25 . Memory (MB): peak = 4421.531 ; gain = 78.863

Phase 4 Initial Routing

Phase 4.1 Initial Net Routing Pass
Phase 4.1 Initial Net Routing Pass | Checksum: 27c329228

Time (s): cpu = 00:00:57 ; elapsed = 00:00:35 . Memory (MB): peak = 4433.125 ; gain = 90.457
Phase 4 Initial Routing | Checksum: 2cb902974

Time (s): cpu = 00:00:58 ; elapsed = 00:00:35 . Memory (MB): peak = 4433.125 ; gain = 90.457

Phase 5 Rip-up And Reroute

Phase 5.1 Global Iteration 0
 Number of Nodes with overlaps = 7138
 Number of Nodes with overlaps = 891
 Number of Nodes with overlaps = 177
 Number of Nodes with overlaps = 47
 Number of Nodes with overlaps = 15
 Number of Nodes with overlaps = 9
 Number of Nodes with overlaps = 2
 Number of Nodes with overlaps = 1
 Number of Nodes with overlaps = 0
INFO: [Route 35-416] Intermediate Timing Summary | WNS=-0.356 | TNS=-8.458 | WHS=-0.042 | THS=-0.176 |

Phase 5.1 Global Iteration 0 | Checksum: dad0b723

Time (s): cpu = 00:02:02 ; elapsed = 00:01:15 . Memory (MB): peak = 4433.125 ; gain = 90.457

Phase 5.2 Global Iteration 1
 Number of Nodes with overlaps = 472
 Number of Nodes with overlaps = 72
 Number of Nodes with overlaps = 21
 Number of Nodes with overlaps = 6
 Number of Nodes with overlaps = 3
 Number of Nodes with overlaps = 2
 Number of Nodes with overlaps = 1
 Number of Nodes with overlaps = 0
INFO: [Route 35-416] Intermediate Timing Summary | WNS=-0.121 | TNS=-1.589 | WHS=N/A    | THS=N/A    |

Phase 5.2 Global Iteration 1 | Checksum: 1b97b19e6

Time (s): cpu = 00:02:17 ; elapsed = 00:01:26 . Memory (MB): peak = 4433.125 ; gain = 90.457

Phase 5.3 Global Iteration 2
 Number of Nodes with overlaps = 925
 Number of Nodes with overlaps = 169
 Number of Nodes with overlaps = 90
 Number of Nodes with overlaps = 25
 Number of Nodes with overlaps = 8
 Number of Nodes with overlaps = 3
 Number of Nodes with overlaps = 4
 Number of Nodes with overlaps = 2
 Number of Nodes with overlaps = 0
INFO: [Route 35-416] Intermediate Timing Summary | WNS=-0.052 | TNS=-0.178 | WHS=N/A    | THS=N/A    |

Phase 5.3 Global Iteration 2 | Checksum: eaf31c42

Time (s): cpu = 00:02:33 ; elapsed = 00:01:38 . Memory (MB): peak = 4433.125 ; gain = 90.457

Phase 5.4 Global Iteration 3
 Number of Nodes with overlaps = 1012
 Number of Nodes with overlaps = 165
 Number of Nodes with overlaps = 45
 Number of Nodes with overlaps = 16
 Number of Nodes with overlaps = 5
 Number of Nodes with overlaps = 2
 Number of Nodes with overlaps = 2
 Number of Nodes with overlaps = 1
 Number of Nodes with overlaps = 1
 Number of Nodes with overlaps = 0
INFO: [Route 35-416] Intermediate Timing Summary | WNS=0.014  | TNS=0.000  | WHS=N/A    | THS=N/A    |

Phase 5.4 Global Iteration 3 | Checksum: 189625fde

Time (s): cpu = 00:02:46 ; elapsed = 00:01:49 . Memory (MB): peak = 4433.125 ; gain = 90.457
Phase 5 Rip-up And Reroute | Checksum: 189625fde

Time (s): cpu = 00:02:46 ; elapsed = 00:01:49 . Memory (MB): peak = 4433.125 ; gain = 90.457

Phase 6 Delay and Skew Optimization

Phase 6.1 TNS Cleanup

Phase 6.1.1 Delay CleanUp
INFO: [Route 35-416] Intermediate Timing Summary | WNS=0.014  | TNS=0.000  | WHS=0.010  | THS=0.000  |

INFO: [Route 35-416] Intermediate Timing Summary | WNS=0.014  | TNS=0.000  | WHS=0.010  | THS=0.000  |

Phase 6.1.1 Delay CleanUp | Checksum: 16bb0517d

Time (s): cpu = 00:02:54 ; elapsed = 00:01:54 . Memory (MB): peak = 4433.125 ; gain = 90.457
Phase 6.1 TNS Cleanup | Checksum: 16bb0517d

Time (s): cpu = 00:02:55 ; elapsed = 00:01:54 . Memory (MB): peak = 4433.125 ; gain = 90.457

Phase 6.2 Clock Skew Optimization
Phase 6.2 Clock Skew Optimization | Checksum: 16bb0517d

Time (s): cpu = 00:02:55 ; elapsed = 00:01:54 . Memory (MB): peak = 4433.125 ; gain = 90.457
Phase 6 Delay and Skew Optimization | Checksum: 16bb0517d

Time (s): cpu = 00:02:55 ; elapsed = 00:01:54 . Memory (MB): peak = 4433.125 ; gain = 90.457

Phase 7 Post Hold Fix

Phase 7.1 Hold Fix Iter
INFO: [Route 35-416] Intermediate Timing Summary | WNS=0.014  | TNS=0.000  | WHS=0.010  | THS=0.000  |

Phase 7.1 Hold Fix Iter | Checksum: 1bc299e91

Time (s): cpu = 00:03:01 ; elapsed = 00:01:58 . Memory (MB): peak = 4433.125 ; gain = 90.457
Phase 7 Post Hold Fix | Checksum: 1bc299e91

Time (s): cpu = 00:03:01 ; elapsed = 00:01:58 . Memory (MB): peak = 4433.125 ; gain = 90.457

Phase 8 Route finalize

Router Utilization Summary
  Global Vertical Routing Utilization    = 6.48936 %
  Global Horizontal Routing Utilization  = 7.44237 %
  Routable Net Status*
  *Does not include unroutable nets such as driverless and loadless.
  Run report_route_status for detailed report.
  Number of Failed Nets               = 0
    (Failed Nets is the sum of unrouted and partially routed nets)
  Number of Unrouted Nets             = 0
  Number of Partially Routed Nets     = 0
  Number of Node Overlaps             = 0

Phase 8 Route finalize | Checksum: 1bc299e91

Time (s): cpu = 00:03:02 ; elapsed = 00:01:58 . Memory (MB): peak = 4433.125 ; gain = 90.457

Phase 9 Verifying routed nets

 Verification completed successfully
Phase 9 Verifying routed nets | Checksum: 1bc299e91

Time (s): cpu = 00:03:02 ; elapsed = 00:01:58 . Memory (MB): peak = 4433.125 ; gain = 90.457

Phase 10 Depositing Routes
Phase 10 Depositing Routes | Checksum: 1bc299e91

Time (s): cpu = 00:03:05 ; elapsed = 00:02:01 . Memory (MB): peak = 4433.125 ; gain = 90.457

Phase 11 Resolve XTalk
Phase 11 Resolve XTalk | Checksum: 1bc299e91

Time (s): cpu = 00:03:05 ; elapsed = 00:02:01 . Memory (MB): peak = 4433.125 ; gain = 90.457

Phase 12 Post Process Routing
Phase 12 Post Process Routing | Checksum: 1bc299e91

Time (s): cpu = 00:03:06 ; elapsed = 00:02:01 . Memory (MB): peak = 4433.125 ; gain = 90.457

Phase 13 Route finalize
Phase 13 Route finalize | Checksum: 1bc299e91

Time (s): cpu = 00:03:06 ; elapsed = 00:02:01 . Memory (MB): peak = 4433.125 ; gain = 90.457

Phase 14 Post Router Timing
INFO: [Route 35-20] Post Routing Timing Summary | WNS=0.017  | TNS=0.000  | WHS=0.010  | THS=0.000  |

Phase 14 Post Router Timing | Checksum: 12c449031

Time (s): cpu = 00:03:26 ; elapsed = 00:02:13 . Memory (MB): peak = 4433.125 ; gain = 90.457
INFO: [Route 35-61] The design met the timing requirement.
Total Elapsed time in route_design: 132.857 secs

Phase 15 Post-Route Event Processing
Phase 15 Post-Route Event Processing | Checksum: 1370fbdc3

Time (s): cpu = 00:03:27 ; elapsed = 00:02:13 . Memory (MB): peak = 4433.125 ; gain = 90.457
INFO: [Route 35-16] Router Completed Successfully
Ending Routing Task | Checksum: 1370fbdc3

Time (s): cpu = 00:03:27 ; elapsed = 00:02:13 . Memory (MB): peak = 4433.125 ; gain = 90.457

Routing Is Done.
INFO: [Common 17-83] Releasing license: Implementation
131 Infos, 0 Warnings, 0 Critical Warnings and 0 Errors encountered.
route_design completed successfully
route_design: Time (s): cpu = 00:03:28 ; elapsed = 00:02:14 . Memory (MB): peak = 4433.125 ; gain = 90.457
INFO: [Vivado 12-24828] Executing command : report_drc -file gemm_system_wrapper_drc_routed.rpt -pb gemm_system_wrapper_drc_routed.pb -rpx gemm_system_wrapper_drc_routed.rpx
Command: report_drc -file gemm_system_wrapper_drc_routed.rpt -pb gemm_system_wrapper_drc_routed.pb -rpx gemm_system_wrapper_drc_routed.rpx
INFO: [IP_Flow 19-1839] IP Catalog is up to date.
INFO: [DRC 23-27] Running DRC with 2 threads
INFO: [Vivado_Tcl 2-168] The results of DRC are in file D:/E/1subject/HK6/doan1/int8-matmul-accelerator/gemm_accelerator/gemm_accelerator.runs/impl_1/gemm_system_wrapper_drc_routed.rpt.
report_drc completed successfully
report_drc: Time (s): cpu = 00:00:11 ; elapsed = 00:00:07 . Memory (MB): peak = 4433.125 ; gain = 0.000
INFO: [Vivado 12-24828] Executing command : report_methodology -file gemm_system_wrapper_methodology_drc_routed.rpt -pb gemm_system_wrapper_methodology_drc_routed.pb -rpx gemm_system_wrapper_methodology_drc_routed.rpx
Command: report_methodology -file gemm_system_wrapper_methodology_drc_routed.rpt -pb gemm_system_wrapper_methodology_drc_routed.pb -rpx gemm_system_wrapper_methodology_drc_routed.rpx
INFO: [Timing 38-35] Done setting XDC timing constraints.
INFO: [DRC 23-133] Running Methodology with 2 threads
INFO: [Vivado_Tcl 2-1520] The results of Report Methodology are in file D:/E/1subject/HK6/doan1/int8-matmul-accelerator/gemm_accelerator/gemm_accelerator.runs/impl_1/gemm_system_wrapper_methodology_drc_routed.rpt.
report_methodology completed successfully
report_methodology: Time (s): cpu = 00:00:20 ; elapsed = 00:00:11 . Memory (MB): peak = 4433.125 ; gain = 0.000
INFO: [Vivado 12-24828] Executing command : report_timing_summary -max_paths 10 -routable_nets -report_unconstrained -file gemm_system_wrapper_timing_summary_routed.rpt -pb gemm_system_wrapper_timing_summary_routed.pb -rpx gemm_system_wrapper_timing_summary_routed.rpx
INFO: [Timing 38-35] Done setting XDC timing constraints.
INFO: [Timing 38-91] UpdateTimingParams: Speed grade: -2LV, Temperature grade: C, Delay Type: min_max.
INFO: [Timing 38-191] Multithreading enabled for timing update using a maximum of 2 CPUs
report_timing_summary: Time (s): cpu = 00:00:11 ; elapsed = 00:00:07 . Memory (MB): peak = 4433.125 ; gain = 0.000
INFO: [Vivado 12-24838] Running report commands "report_incremental_reuse, report_route_status" in parallel.
Running report generation with 2 threads.
INFO: [Vivado 12-24828] Executing command : report_incremental_reuse -file gemm_system_wrapper_incremental_reuse_routed.rpt
INFO: [Vivado_Tcl 4-1062] Incremental flow is disabled. No incremental reuse Info to report.
INFO: [Vivado 12-24828] Executing command : report_route_status -file gemm_system_wrapper_route_status.rpt -pb gemm_system_wrapper_route_status.pb
INFO: [Vivado 12-24828] Executing command : report_power -file gemm_system_wrapper_power_routed.rpt -pb gemm_system_wrapper_power_summary_routed.pb -rpx gemm_system_wrapper_power_routed.rpx
Command: report_power -file gemm_system_wrapper_power_routed.rpt -pb gemm_system_wrapper_power_summary_routed.pb -rpx gemm_system_wrapper_power_routed.rpx
Running Vector-less Activity Propagation...

Finished Running Vector-less Activity Propagation
148 Infos, 0 Warnings, 0 Critical Warnings and 0 Errors encountered.
report_power completed successfully
report_power: Time (s): cpu = 00:00:11 ; elapsed = 00:00:08 . Memory (MB): peak = 4433.125 ; gain = 0.000
INFO: [Vivado 12-24828] Executing command : report_clock_utilization -file gemm_system_wrapper_clock_utilization_routed.rpt
INFO: [Vivado 12-24828] Executing command : report_bus_skew -warn_on_violation -file gemm_system_wrapper_bus_skew_routed.rpt -pb gemm_system_wrapper_bus_skew_routed.pb -rpx gemm_system_wrapper_bus_skew_routed.rpx
INFO: [Timing 38-91] UpdateTimingParams: Speed grade: -2LV, Temperature grade: C, Delay Type: min_max.
INFO: [Timing 38-191] Multithreading enabled for timing update using a maximum of 2 CPUs
generate_parallel_reports: Time (s): cpu = 00:00:58 ; elapsed = 00:00:38 . Memory (MB): peak = 4433.125 ; gain = 0.000
INFO: [Timing 38-480] Writing timing data to binary archive.
Write ShapeDB Complete: Time (s): cpu = 00:00:00 ; elapsed = 00:00:00.167 . Memory (MB): peak = 4433.125 ; gain = 0.000
Wrote PlaceDB: Time (s): cpu = 00:00:06 ; elapsed = 00:00:02 . Memory (MB): peak = 4433.125 ; gain = 0.000
Wrote PulsedLatchDB: Time (s): cpu = 00:00:00 ; elapsed = 00:00:00 . Memory (MB): peak = 4433.125 ; gain = 0.000
Writing XDEF routing.
Writing XDEF routing logical nets.
Writing XDEF routing special nets.
Wrote RouteStorage: Time (s): cpu = 00:00:01 ; elapsed = 00:00:00.473 . Memory (MB): peak = 4433.125 ; gain = 0.000
Wrote Netlist Cache: Time (s): cpu = 00:00:00 ; elapsed = 00:00:00.074 . Memory (MB): peak = 4433.125 ; gain = 0.000
Wrote Device Cache: Time (s): cpu = 00:00:00 ; elapsed = 00:00:00.021 . Memory (MB): peak = 4433.125 ; gain = 0.000
Write Physdb Complete: Time (s): cpu = 00:00:07 ; elapsed = 00:00:03 . Memory (MB): peak = 4433.125 ; gain = 0.000
INFO: [Common 17-1381] The checkpoint 'D:/E/1subject/HK6/doan1/int8-matmul-accelerator/gemm_accelerator/gemm_accelerator.runs/impl_1/gemm_system_wrapper_routed.dcp' has been generated.
write_checkpoint: Time (s): cpu = 00:00:09 ; elapsed = 00:00:06 . Memory (MB): peak = 4433.125 ; gain = 0.000
Command: phys_opt_design -directive Explore
Attempting to get a license for feature 'Implementation' and/or device 'xck26'
INFO: [Common 17-349] Got license for feature 'Implementation' and/or device 'xck26'
INFO: [Vivado_Tcl 4-241] Physical synthesis in post route mode 
INFO: [Vivado_Tcl 4-137] Directive used for phys_opt_design is: Explore
INFO: [Vivado_Tcl 4-2279] Estimated Timing Summary | WNS= 0.017 | TNS= 0.000 | 
INFO: [Vivado_Tcl 4-383] Design worst setup slack (WNS) is greater than or equal to 0.000 ns. All physical synthesis setup optimizations will be skipped.
INFO: [Vivado_Tcl 4-232] No setup violation found. The netlist was not modified.
INFO: [Common 17-83] Releasing license: Implementation
161 Infos, 0 Warnings, 0 Critical Warnings and 0 Errors encountered.
phys_opt_design completed successfully
INFO: [Vivado 12-24828] Executing command : report_timing_summary -max_paths 10 -report_unconstrained -warn_on_violation -file gemm_system_wrapper_timing_summary_postroute_physopted.rpt -pb gemm_system_wrapper_timing_summary_postroute_physopted.pb -rpx gemm_system_wrapper_timing_summary_postroute_physopted.rpx
INFO: [Timing 38-91] UpdateTimingParams: Speed grade: -2LV, Temperature grade: C, Delay Type: min_max.
INFO: [Timing 38-191] Multithreading enabled for timing update using a maximum of 2 CPUs
INFO: [Vivado 12-24828] Executing command : report_bus_skew -warn_on_violation -file gemm_system_wrapper_bus_skew_postroute_physopted.rpt -pb gemm_system_wrapper_bus_skew_postroute_physopted.pb -rpx gemm_system_wrapper_bus_skew_postroute_physopted.rpx
INFO: [Timing 38-91] UpdateTimingParams: Speed grade: -2LV, Temperature grade: C, Delay Type: min_max.
INFO: [Timing 38-191] Multithreading enabled for timing update using a maximum of 2 CPUs
INFO: [Timing 38-480] Writing timing data to binary archive.
Write ShapeDB Complete: Time (s): cpu = 00:00:00 ; elapsed = 00:00:00.114 . Memory (MB): peak = 4433.125 ; gain = 0.000
Wrote PlaceDB: Time (s): cpu = 00:00:06 ; elapsed = 00:00:02 . Memory (MB): peak = 4433.125 ; gain = 0.000
Wrote PulsedLatchDB: Time (s): cpu = 00:00:00 ; elapsed = 00:00:00 . Memory (MB): peak = 4433.125 ; gain = 0.000
Writing XDEF routing.
Writing XDEF routing logical nets.
Writing XDEF routing special nets.
Wrote RouteStorage: Time (s): cpu = 00:00:01 ; elapsed = 00:00:00.467 . Memory (MB): peak = 4433.125 ; gain = 0.000
Wrote Netlist Cache: Time (s): cpu = 00:00:00 ; elapsed = 00:00:00.072 . Memory (MB): peak = 4433.125 ; gain = 0.000
Wrote Device Cache: Time (s): cpu = 00:00:00 ; elapsed = 00:00:00.020 . Memory (MB): peak = 4433.125 ; gain = 0.000
Write Physdb Complete: Time (s): cpu = 00:00:07 ; elapsed = 00:00:03 . Memory (MB): peak = 4433.125 ; gain = 0.000
INFO: [Common 17-1381] The checkpoint 'D:/E/1subject/HK6/doan1/int8-matmul-accelerator/gemm_accelerator/gemm_accelerator.runs/impl_1/gemm_system_wrapper_postroute_physopt.dcp' has been generated.
write_checkpoint: Time (s): cpu = 00:00:09 ; elapsed = 00:00:06 . Memory (MB): peak = 4433.125 ; gain = 0.000
INFO: [Common 17-206] Exiting Vivado at Mon Jul  6 00:08:48 2026...

*** Running vivado
    with args -log gemm_system_wrapper.vdi -applog -m64 -product Vivado -messageDb vivado.pb -mode batch -source gemm_system_wrapper.tcl -notrace



****** Vivado v2025.2 (64-bit)
  **** SW Build 6299465 on Fri Nov 14 19:35:11 GMT 2025
  **** IP Build 6300035 on Fri Nov 14 10:48:45 MST 2025
  **** SharedData Build 6298862 on Thu Nov 13 04:50:51 MST 2025
  **** Start of session at: Mon Jul  6 00:17:40 2026
    ** Copyright 1986-2022 Xilinx, Inc. All Rights Reserved.
    ** Copyright 2022-2025 Advanced Micro Devices, Inc. All Rights Reserved.

source gemm_system_wrapper.tcl -notrace
Command: open_checkpoint gemm_system_wrapper_postroute_physopt.dcp
INFO: [Device 21-403] Loading part xck26-sfvc784-2LV-c
Netlist sorting complete. Time (s): cpu = 00:00:00 ; elapsed = 00:00:00.853 . Memory (MB): peak = 1626.840 ; gain = 0.000
INFO: [Netlist 29-17] Analyzing 1639 Unisim elements for replacement
INFO: [Netlist 29-28] Unisim Transformation completed in 3 CPU seconds
INFO: [Project 1-479] Netlist was created with Vivado 2025.2
INFO: [Project 1-570] Preparing netlist for logic optimization
Read ShapeDB Complete: Time (s): cpu = 00:00:00 ; elapsed = 00:00:00.119 . Memory (MB): peak = 1673.566 ; gain = 15.113
INFO: [Timing 38-478] Restoring timing data from binary archive.
INFO: [Timing 38-479] Binary timing data restore complete.
INFO: [Project 1-856] Restoring constraints from binary archive.
INFO: [Project 1-853] Binary constraint restore complete.
INFO: [Designutils 20-5722] Start Reading Physical Databases.
Reading placement.
Read Netlist Cache: Time (s): cpu = 00:00:00 ; elapsed = 00:00:00.042 . Memory (MB): peak = 2223.102 ; gain = 0.000
Reading placer database...
Read Device Cache: Time (s): cpu = 00:00:00 ; elapsed = 00:00:00.031 . Memory (MB): peak = 2223.102 ; gain = 0.000
Read PlaceDB: Time (s): cpu = 00:00:03 ; elapsed = 00:00:02 . Memory (MB): peak = 2261.770 ; gain = 38.668
Read PulsedLatchDB: Time (s): cpu = 00:00:00 ; elapsed = 00:00:00 . Memory (MB): peak = 2261.770 ; gain = 0.000
Reading routing.
Read RouteStorage: Time (s): cpu = 00:00:05 ; elapsed = 00:00:05 . Memory (MB): peak = 2798.926 ; gain = 537.156
Read Physdb Files: Time (s): cpu = 00:00:08 ; elapsed = 00:00:08 . Memory (MB): peak = 2798.926 ; gain = 575.824
Restored from archive | CPU: 9.000000 secs | Memory: 0.000000 MB |
Finished XDEF File Restore: Time (s): cpu = 00:00:08 ; elapsed = 00:00:08 . Memory (MB): peak = 2798.926 ; gain = 575.824
Netlist sorting complete. Time (s): cpu = 00:00:00 ; elapsed = 00:00:00.021 . Memory (MB): peak = 2798.926 ; gain = 0.000
INFO: [Project 1-111] Unisim Transformation Summary:
  A total of 802 instances were transformed.
  DSP48E2 => DSP48E2 (inverted pins: OPMODE[5]) (DSP_ALU, DSP_A_B_DATA, DSP_C_DATA, DSP_MULTIPLIER, DSP_M_DATA, DSP_OUTPUT, DSP_PREADD, DSP_PREADD_DATA): 256 instances
  RAM16X1D => RAM32X1D (RAMD32(x2)): 512 instances
  RAM32M => RAM32M (RAMD32(x6), RAMS32(x2)): 2 instances
  RAM32M16 => RAM32M16 (RAMD32(x14), RAMS32(x2)): 32 instances

INFO: [Project 1-604] Checkpoint was created with Vivado v2025.2 (64-bit) build 6299465
open_checkpoint: Time (s): cpu = 00:00:39 ; elapsed = 00:00:37 . Memory (MB): peak = 2798.926 ; gain = 2477.492

WARNING::74 - Unsupported FPGA device name 'xck26-sfvc784-2LV-c'. Verify that the specified device is a valid customer supported device.
-p xck26-sfvc784-2LV-c
   ^


WARNING::74 - Unsupported FPGA device name 'xck26-sfvc784-2LV-c'. Verify that the specified device is a valid customer supported device.
-p xck26-sfvc784-2LV-c
   ^

INFO: [Memdata 28-167] Found XPM memory block gemm_system_i/smartconnect_1/inst/s00_nodes/s00_w_node/inst/inst_mi_handler/gen_normal_area.inst_fifo_node_payld/gen_xpm_memory_fifo.inst_fifo/gen_mem_rep[0].inst_xpm_memory/xpm_memory_base_inst with a P_MEMORY_PRIMITIVE property set to distributed. A value of block is required. You will not be able to use the updatemem program to update the bitstream with new data for the gemm_system_i/smartconnect_1/inst/s00_nodes/s00_w_node/inst/inst_mi_handler/gen_normal_area.inst_fifo_node_payld/gen_xpm_memory_fifo.inst_fifo/gen_mem_rep[0].inst_xpm_memory/xpm_memory_base_inst block.
INFO: [Memdata 28-167] Found XPM memory block gemm_system_i/smartconnect_1/inst/s00_nodes/s00_aw_node/inst/inst_mi_handler/gen_normal_area.inst_fifo_node_payld/gen_xpm_memory_fifo.inst_fifo/gen_mem_rep[0].inst_xpm_memory/xpm_memory_base_inst with a P_MEMORY_PRIMITIVE property set to distributed. A value of block is required. You will not be able to use the updatemem program to update the bitstream with new data for the gemm_system_i/smartconnect_1/inst/s00_nodes/s00_aw_node/inst/inst_mi_handler/gen_normal_area.inst_fifo_node_payld/gen_xpm_memory_fifo.inst_fifo/gen_mem_rep[0].inst_xpm_memory/xpm_memory_base_inst block.
INFO: [Memdata 28-167] Found XPM memory block gemm_system_i/smartconnect_0/inst/s00_nodes/s00_r_node/inst/inst_mi_handler/gen_normal_area.inst_fifo_node_payld/gen_xpm_memory_fifo.inst_fifo/gen_mem_rep[0].inst_xpm_memory/xpm_memory_base_inst with a P_MEMORY_PRIMITIVE property set to distributed. A value of block is required. You will not be able to use the updatemem program to update the bitstream with new data for the gemm_system_i/smartconnect_0/inst/s00_nodes/s00_r_node/inst/inst_mi_handler/gen_normal_area.inst_fifo_node_payld/gen_xpm_memory_fifo.inst_fifo/gen_mem_rep[0].inst_xpm_memory/xpm_memory_base_inst block.
INFO: [Memdata 28-167] Found XPM memory block gemm_system_i/smartconnect_0/inst/s00_nodes/s00_ar_node/inst/inst_mi_handler/gen_normal_area.inst_fifo_node_payld/gen_xpm_memory_fifo.inst_fifo/gen_mem_rep[0].inst_xpm_memory/xpm_memory_base_inst with a P_MEMORY_PRIMITIVE property set to distributed. A value of block is required. You will not be able to use the updatemem program to update the bitstream with new data for the gemm_system_i/smartconnect_0/inst/s00_nodes/s00_ar_node/inst/inst_mi_handler/gen_normal_area.inst_fifo_node_payld/gen_xpm_memory_fifo.inst_fifo/gen_mem_rep[0].inst_xpm_memory/xpm_memory_base_inst block.
INFO: [Memdata 28-167] Found XPM memory block gemm_system_i/gemm_top_l2_0/inst/u_l2_tiling_agu/u_c_accum/xpm_memory_base_inst with a P_MEMORY_PRIMITIVE property set to ultra. A value of block is required. You will not be able to use the updatemem program to update the bitstream with new data for the gemm_system_i/gemm_top_l2_0/inst/u_l2_tiling_agu/u_c_accum/xpm_memory_base_inst block.
INFO: [Memdata 28-167] Found XPM memory block gemm_system_i/axi_datamover_0/U0/GEN_S2MM_FULL.I_S2MM_FULL_WRAPPER/GEN_INCLUDE_REALIGNER.I_S2MM_REALIGNER/GEN_INCLUDE_SCATTER.I_S2MM_SCATTER/I_TSTRB_FIFO/USE_SYNC_FIFO.I_SYNC_FIFO/NON_BLK_MEM.I_SYNC_FIFOGEN_FIFO/xpm_fifo_base_inst/gen_sdpram.xpm_memory_base_inst with a P_MEMORY_PRIMITIVE property set to auto. A value of block is required. You will not be able to use the updatemem program to update the bitstream with new data for the gemm_system_i/axi_datamover_0/U0/GEN_S2MM_FULL.I_S2MM_FULL_WRAPPER/GEN_INCLUDE_REALIGNER.I_S2MM_REALIGNER/GEN_INCLUDE_SCATTER.I_S2MM_SCATTER/I_TSTRB_FIFO/USE_SYNC_FIFO.I_SYNC_FIFO/NON_BLK_MEM.I_SYNC_FIFOGEN_FIFO/xpm_fifo_base_inst/gen_sdpram.xpm_memory_base_inst block.
INFO: [Memdata 28-208] The XPM instance: <gemm_system_i/axi_datamover_0/U0/GEN_S2MM_FULL.I_S2MM_FULL_WRAPPER/GEN_INCLUDE_GP_SF.I_S2MM_GP_SF/I_DATA_FIFO/BLK_MEM.I_SYNC_FIFOGEN_FIFO/xpm_fifo_base_inst/gen_sdpram.xpm_memory_base_inst> is part of IP: <gemm_system_i/axi_datamover_0>. This XPM instance will be excluded from the .mmi because updatemem is prohibited from making changes to an XPM that is part of an IP.
INFO: [Memdata 28-208] The XPM instance: <gemm_system_i/axi_datamover_0/U0/GEN_MM2S_FULL.I_MM2S_FULL_WRAPPER/GEN_INCLUDE_MM2S_SF.I_RD_SF/I_DATA_FIFO/BLK_MEM.I_SYNC_FIFOGEN_FIFO/xpm_fifo_base_inst/gen_sdpram.xpm_memory_base_inst> is part of IP: <gemm_system_i/axi_datamover_0>. This XPM instance will be excluded from the .mmi because updatemem is prohibited from making changes to an XPM that is part of an IP.
Command: write_bitstream -force gemm_system_wrapper.bit
Attempting to get a license for feature 'Implementation' and/or device 'xck26'
INFO: [Common 17-349] Got license for feature 'Implementation' and/or device 'xck26'
Running DRC as a precondition to command write_bitstream
INFO: [IP_Flow 19-234] Refreshing IP repositories
INFO: [IP_Flow 19-1704] No user IP repositories specified
INFO: [IP_Flow 19-2313] Loaded Vivado IP repository 'E:/vivado/2025.2/Vivado/data/ip'.
INFO: [DRC 23-27] Running DRC with 2 threads
INFO: [Vivado 12-3199] DRC finished with 0 Errors
INFO: [Vivado 12-3200] Please refer to the DRC report (report_drc) for more information.
Integrating Hard IP ELF/MEM with the PDI.
INFO: [Designutils 20-2272] Running write_bitstream with 2 threads.
Loading data files...
Loading site data...
Loading route data...
Processing options...
Creating bitmap...
Creating bitstream...
Writing bitstream ./gemm_system_wrapper.bit...
INFO: [Vivado 12-1842] Bitgen Completed Successfully.
INFO: [Common 17-83] Releasing license: Implementation
30 Infos, 0 Warnings, 0 Critical Warnings and 0 Errors encountered.
write_bitstream completed successfully
write_bitstream: Time (s): cpu = 00:00:52 ; elapsed = 00:00:34 . Memory (MB): peak = 3386.328 ; gain = 587.402
INFO: [Common 17-206] Exiting Vivado at Mon Jul  6 00:18:53 2026...
