sc_util_v1_0_4_axi_reg_stall__parameterized0 1BF208A1180
sc_mmu_v1_0_16_top__GC0 1BF326A8F20
s00_entry_pipeline_imp_OQLSHC__GC0 1BEEC275C20
sc_mmu_v1_0_16_top__parameterized0__GC0 1BF09FD4410
s01_entry_pipeline_imp_1HXCTYC__GC0 1BF2BADAF40
bd_31d6__GC0 1BF4F157180
sc_exit_v1_0_18_top__parameterized1__GC0 1BF27223F90
sc_mmu_v1_0_16_top__parameterized1__GC0 1BF4E4AF1F0
sc_transaction_regulator_v1_0_12_singleorder__parameterized1__GC0 1BEF2A09270
sc_transaction_regulator_v1_0_12_top__parameterized1__GC0 1BF4DCDA5B0
bd_90f7_s00sic_0 1BF15F57690
sc_transaction_regulator_v1_0_12_top__parameterized2__GC0 1BEEC5BD910
bd_90f7_s02sic_0 1BEE45FC5E0
sc_mmu_v1_0_16_top__parameterized2__GC0 1BEE5852D70
sc_transaction_regulator_v1_0_12_top__parameterized3__GC0 1BF3F974070
bd_90f7_s03sic_0 1BEEB9CF950
bd_90f7__GC0 1BE97EA6380
sc_fifo__GBM0 1BF1BFC3780
sc_fifo__GBM1 1BEE578DA50
sc_fifo__GBM2 1BEE45ACF70
sc_fifo__GBM3 1BF17FD3BE0
sc_fifo__GBM4 1BF3FF2C320
sc_fifo_fwft__GB0 1BF2D182B30
sc_fifo_fwft__GB1 1BF2143F990
sc_fifo_fwft__GB2 1BF24EBC320
sc_fifo_fwft__GB3 1BF4CDB6940
sc_fifo_fwft__GB4 1BEB064A640
gemm_accelerator__GC0 1BF4935EF20
gemm_block__GC0 1BF4F27E440
