Vivado Simulator v2025.2
Copyright 1986-2022 Xilinx, Inc. All Rights Reserved.
Copyright 2022-2025 Advanced Micro Devices, Inc. All Rights Reserved.
Running: E:/vivado/2025.2/Vivado/bin/unwrapped/win64.o/xelab.exe --incr --debug typical --relax --mt 2 -L xil_defaultlib -L unisims_ver -L unimacro_ver -L secureip -L xpm --snapshot tb_array_top_auto_behav xil_defaultlib.tb_array_top_auto xil_defaultlib.glbl -log elaborate.log 
Using 2 slave threads.
Starting static elaboration
Pass Through NonSizing Optimizer
Completed static elaboration
Starting simulation data flow analysis
WARNING: [XSIM 43-4099] "D:/E/1subject/HK6/doan1/matmul/matmul.srcs/sources_1/new/array_top.v" Line 1. Module array_top_default doesn't have a timescale but at least one module in design has a timescale.
WARNING: [XSIM 43-4099] "D:/E/1subject/HK6/doan1/matmul/matmul.srcs/sources_1/new/array_ctrl.v" Line 1. Module array_ctrl_default doesn't have a timescale but at least one module in design has a timescale.
WARNING: [XSIM 43-4099] "D:/E/1subject/HK6/doan1/matmul/matmul.srcs/sources_1/new/skew_pipe.v" Line 1. Module skew_pipe(DATA_WIDTH=1) doesn't have a timescale but at least one module in design has a timescale.
WARNING: [XSIM 43-4099] "D:/E/1subject/HK6/doan1/matmul/matmul.srcs/sources_1/new/skew_pipe.v" Line 1. Module skew_pipe(DATA_WIDTH=1) doesn't have a timescale but at least one module in design has a timescale.
WARNING: [XSIM 43-4099] "D:/E/1subject/HK6/doan1/matmul/matmul.srcs/sources_1/new/skew_pipe.v" Line 1. Module skew_pipe(DATA_WIDTH=1) doesn't have a timescale but at least one module in design has a timescale.
WARNING: [XSIM 43-4099] "D:/E/1subject/HK6/doan1/matmul/matmul.srcs/sources_1/new/skew_pipe.v" Line 1. Module skew_pipe_default doesn't have a timescale but at least one module in design has a timescale.
WARNING: [XSIM 43-4099] "D:/E/1subject/HK6/doan1/matmul/matmul.srcs/sources_1/new/skew_pipe.v" Line 1. Module skew_pipe_default doesn't have a timescale but at least one module in design has a timescale.
WARNING: [XSIM 43-4099] "D:/E/1subject/HK6/doan1/matmul/matmul.srcs/sources_1/new/skew_pipe.v" Line 1. Module skew_pipe(DATA_WIDTH=1,DEPTH=1) doesn't have a timescale but at least one module in design has a timescale.
WARNING: [XSIM 43-4099] "D:/E/1subject/HK6/doan1/matmul/matmul.srcs/sources_1/new/skew_pipe.v" Line 1. Module skew_pipe(DATA_WIDTH=1,DEPTH=1) doesn't have a timescale but at least one module in design has a timescale.
WARNING: [XSIM 43-4099] "D:/E/1subject/HK6/doan1/matmul/matmul.srcs/sources_1/new/skew_pipe.v" Line 1. Module skew_pipe(DATA_WIDTH=1,DEPTH=1) doesn't have a timescale but at least one module in design has a timescale.
WARNING: [XSIM 43-4099] "D:/E/1subject/HK6/doan1/matmul/matmul.srcs/sources_1/new/skew_pipe.v" Line 1. Module skew_pipe(DEPTH=1) doesn't have a timescale but at least one module in design has a timescale.
WARNING: [XSIM 43-4099] "D:/E/1subject/HK6/doan1/matmul/matmul.srcs/sources_1/new/skew_pipe.v" Line 1. Module skew_pipe(DEPTH=1) doesn't have a timescale but at least one module in design has a timescale.
WARNING: [XSIM 43-4099] "D:/E/1subject/HK6/doan1/matmul/matmul.srcs/sources_1/new/skew_pipe.v" Line 1. Module skew_pipe(DATA_WIDTH=1,DEPTH=2) doesn't have a timescale but at least one module in design has a timescale.
WARNING: [XSIM 43-4099] "D:/E/1subject/HK6/doan1/matmul/matmul.srcs/sources_1/new/skew_pipe.v" Line 1. Module skew_pipe(DATA_WIDTH=1,DEPTH=2) doesn't have a timescale but at least one module in design has a timescale.
WARNING: [XSIM 43-4099] "D:/E/1subject/HK6/doan1/matmul/matmul.srcs/sources_1/new/skew_pipe.v" Line 1. Module skew_pipe(DATA_WIDTH=1,DEPTH=2) doesn't have a timescale but at least one module in design has a timescale.
WARNING: [XSIM 43-4099] "D:/E/1subject/HK6/doan1/matmul/matmul.srcs/sources_1/new/skew_pipe.v" Line 1. Module skew_pipe(DEPTH=2) doesn't have a timescale but at least one module in design has a timescale.
WARNING: [XSIM 43-4099] "D:/E/1subject/HK6/doan1/matmul/matmul.srcs/sources_1/new/skew_pipe.v" Line 1. Module skew_pipe(DEPTH=2) doesn't have a timescale but at least one module in design has a timescale.
WARNING: [XSIM 43-4099] "D:/E/1subject/HK6/doan1/matmul/matmul.srcs/sources_1/new/skew_pipe.v" Line 1. Module skew_pipe(DATA_WIDTH=1,DEPTH=3) doesn't have a timescale but at least one module in design has a timescale.
WARNING: [XSIM 43-4099] "D:/E/1subject/HK6/doan1/matmul/matmul.srcs/sources_1/new/skew_pipe.v" Line 1. Module skew_pipe(DATA_WIDTH=1,DEPTH=3) doesn't have a timescale but at least one module in design has a timescale.
WARNING: [XSIM 43-4099] "D:/E/1subject/HK6/doan1/matmul/matmul.srcs/sources_1/new/skew_pipe.v" Line 1. Module skew_pipe(DATA_WIDTH=1,DEPTH=3) doesn't have a timescale but at least one module in design has a timescale.
WARNING: [XSIM 43-4099] "D:/E/1subject/HK6/doan1/matmul/matmul.srcs/sources_1/new/skew_pipe.v" Line 1. Module skew_pipe(DEPTH=3) doesn't have a timescale but at least one module in design has a timescale.
WARNING: [XSIM 43-4099] "D:/E/1subject/HK6/doan1/matmul/matmul.srcs/sources_1/new/skew_pipe.v" Line 1. Module skew_pipe(DEPTH=3) doesn't have a timescale but at least one module in design has a timescale.
WARNING: [XSIM 43-4099] "D:/E/1subject/HK6/doan1/matmul/matmul.srcs/sources_1/imports/sources_1/imports/new/matmul_array.v" Line 1. Module matmul_array_default doesn't have a timescale but at least one module in design has a timescale.
WARNING: [XSIM 43-4099] "D:/E/1subject/HK6/doan1/matmul/matmul.srcs/sources_1/imports/sources_1/imports/new/pe_wrapper.v" Line 1. Module pe_wrapper doesn't have a timescale but at least one module in design has a timescale.
WARNING: [XSIM 43-4099] "D:/E/1subject/HK6/doan1/matmul/matmul.srcs/sources_1/imports/sources_1/imports/new/mac_core.v" Line 3. Module mac_core doesn't have a timescale but at least one module in design has a timescale.
WARNING: [XSIM 43-4099] "D:/E/1subject/HK6/doan1/matmul/matmul.srcs/sources_1/imports/sources_1/new/mac_mult_stage.v" Line 1. Module mac_mult_stage doesn't have a timescale but at least one module in design has a timescale.
WARNING: [XSIM 43-4099] "D:/E/1subject/HK6/doan1/matmul/matmul.srcs/sources_1/imports/sources_1/new/mac_acc_stage.v" Line 1. Module mac_acc_stage doesn't have a timescale but at least one module in design has a timescale.
WARNING: [XSIM 43-4099] "D:/E/1subject/HK6/doan1/matmul/matmul.srcs/sources_1/imports/sources_1/imports/new/pe_wrapper.v" Line 1. Module pe_wrapper doesn't have a timescale but at least one module in design has a timescale.
WARNING: [XSIM 43-4099] "D:/E/1subject/HK6/doan1/matmul/matmul.srcs/sources_1/imports/sources_1/imports/new/mac_core.v" Line 3. Module mac_core doesn't have a timescale but at least one module in design has a timescale.
WARNING: [XSIM 43-4099] "D:/E/1subject/HK6/doan1/matmul/matmul.srcs/sources_1/imports/sources_1/new/mac_mult_stage.v" Line 1. Module mac_mult_stage doesn't have a timescale but at least one module in design has a timescale.
WARNING: [XSIM 43-4099] "D:/E/1subject/HK6/doan1/matmul/matmul.srcs/sources_1/imports/sources_1/new/mac_acc_stage.v" Line 1. Module mac_acc_stage doesn't have a timescale but at least one module in design has a timescale.
WARNING: [XSIM 43-4099] "D:/E/1subject/HK6/doan1/matmul/matmul.srcs/sources_1/imports/sources_1/imports/new/pe_wrapper.v" Line 1. Module pe_wrapper doesn't have a timescale but at least one module in design has a timescale.
WARNING: [XSIM 43-4099] "D:/E/1subject/HK6/doan1/matmul/matmul.srcs/sources_1/imports/sources_1/imports/new/mac_core.v" Line 3. Module mac_core doesn't have a timescale but at least one module in design has a timescale.
WARNING: [XSIM 43-4099] "D:/E/1subject/HK6/doan1/matmul/matmul.srcs/sources_1/imports/sources_1/new/mac_mult_stage.v" Line 1. Module mac_mult_stage doesn't have a timescale but at least one module in design has a timescale.
WARNING: [XSIM 43-4099] "D:/E/1subject/HK6/doan1/matmul/matmul.srcs/sources_1/imports/sources_1/new/mac_acc_stage.v" Line 1. Module mac_acc_stage doesn't have a timescale but at least one module in design has a timescale.
WARNING: [XSIM 43-4099] "D:/E/1subject/HK6/doan1/matmul/matmul.srcs/sources_1/imports/sources_1/imports/new/pe_wrapper.v" Line 1. Module pe_wrapper doesn't have a timescale but at least one module in design has a timescale.
WARNING: [XSIM 43-4099] "D:/E/1subject/HK6/doan1/matmul/matmul.srcs/sources_1/imports/sources_1/imports/new/mac_core.v" Line 3. Module mac_core doesn't have a timescale but at least one module in design has a timescale.
WARNING: [XSIM 43-4099] "D:/E/1subject/HK6/doan1/matmul/matmul.srcs/sources_1/imports/sources_1/new/mac_mult_stage.v" Line 1. Module mac_mult_stage doesn't have a timescale but at least one module in design has a timescale.
WARNING: [XSIM 43-4099] "D:/E/1subject/HK6/doan1/matmul/matmul.srcs/sources_1/imports/sources_1/new/mac_acc_stage.v" Line 1. Module mac_acc_stage doesn't have a timescale but at least one module in design has a timescale.
WARNING: [XSIM 43-4099] "D:/E/1subject/HK6/doan1/matmul/matmul.srcs/sources_1/imports/sources_1/imports/new/pe_wrapper.v" Line 1. Module pe_wrapper doesn't have a timescale but at least one module in design has a timescale.
WARNING: [XSIM 43-4099] "D:/E/1subject/HK6/doan1/matmul/matmul.srcs/sources_1/imports/sources_1/imports/new/mac_core.v" Line 3. Module mac_core doesn't have a timescale but at least one module in design has a timescale.
WARNING: [XSIM 43-4099] "D:/E/1subject/HK6/doan1/matmul/matmul.srcs/sources_1/imports/sources_1/new/mac_mult_stage.v" Line 1. Module mac_mult_stage doesn't have a timescale but at least one module in design has a timescale.
WARNING: [XSIM 43-4099] "D:/E/1subject/HK6/doan1/matmul/matmul.srcs/sources_1/imports/sources_1/new/mac_acc_stage.v" Line 1. Module mac_acc_stage doesn't have a timescale but at least one module in design has a timescale.
WARNING: [XSIM 43-4099] "D:/E/1subject/HK6/doan1/matmul/matmul.srcs/sources_1/imports/sources_1/imports/new/pe_wrapper.v" Line 1. Module pe_wrapper doesn't have a timescale but at least one module in design has a timescale.
WARNING: [XSIM 43-4099] "D:/E/1subject/HK6/doan1/matmul/matmul.srcs/sources_1/imports/sources_1/imports/new/mac_core.v" Line 3. Module mac_core doesn't have a timescale but at least one module in design has a timescale.
WARNING: [XSIM 43-4099] "D:/E/1subject/HK6/doan1/matmul/matmul.srcs/sources_1/imports/sources_1/new/mac_mult_stage.v" Line 1. Module mac_mult_stage doesn't have a timescale but at least one module in design has a timescale.
WARNING: [XSIM 43-4099] "D:/E/1subject/HK6/doan1/matmul/matmul.srcs/sources_1/imports/sources_1/new/mac_acc_stage.v" Line 1. Module mac_acc_stage doesn't have a timescale but at least one module in design has a timescale.
WARNING: [XSIM 43-4099] "D:/E/1subject/HK6/doan1/matmul/matmul.srcs/sources_1/imports/sources_1/imports/new/pe_wrapper.v" Line 1. Module pe_wrapper doesn't have a timescale but at least one module in design has a timescale.
WARNING: [XSIM 43-4099] "D:/E/1subject/HK6/doan1/matmul/matmul.srcs/sources_1/imports/sources_1/imports/new/mac_core.v" Line 3. Module mac_core doesn't have a timescale but at least one module in design has a timescale.
WARNING: [XSIM 43-4099] "D:/E/1subject/HK6/doan1/matmul/matmul.srcs/sources_1/imports/sources_1/new/mac_mult_stage.v" Line 1. Module mac_mult_stage doesn't have a timescale but at least one module in design has a timescale.
WARNING: [XSIM 43-4099] "D:/E/1subject/HK6/doan1/matmul/matmul.srcs/sources_1/imports/sources_1/new/mac_acc_stage.v" Line 1. Module mac_acc_stage doesn't have a timescale but at least one module in design has a timescale.
WARNING: [XSIM 43-4099] "D:/E/1subject/HK6/doan1/matmul/matmul.srcs/sources_1/imports/sources_1/imports/new/pe_wrapper.v" Line 1. Module pe_wrapper doesn't have a timescale but at least one module in design has a timescale.
WARNING: [XSIM 43-4099] "D:/E/1subject/HK6/doan1/matmul/matmul.srcs/sources_1/imports/sources_1/imports/new/mac_core.v" Line 3. Module mac_core doesn't have a timescale but at least one module in design has a timescale.
WARNING: [XSIM 43-4099] "D:/E/1subject/HK6/doan1/matmul/matmul.srcs/sources_1/imports/sources_1/new/mac_mult_stage.v" Line 1. Module mac_mult_stage doesn't have a timescale but at least one module in design has a timescale.
WARNING: [XSIM 43-4099] "D:/E/1subject/HK6/doan1/matmul/matmul.srcs/sources_1/imports/sources_1/new/mac_acc_stage.v" Line 1. Module mac_acc_stage doesn't have a timescale but at least one module in design has a timescale.
WARNING: [XSIM 43-4099] "D:/E/1subject/HK6/doan1/matmul/matmul.srcs/sources_1/imports/sources_1/imports/new/pe_wrapper.v" Line 1. Module pe_wrapper doesn't have a timescale but at least one module in design has a timescale.
WARNING: [XSIM 43-4099] "D:/E/1subject/HK6/doan1/matmul/matmul.srcs/sources_1/imports/sources_1/imports/new/mac_core.v" Line 3. Module mac_core doesn't have a timescale but at least one module in design has a timescale.
WARNING: [XSIM 43-4099] "D:/E/1subject/HK6/doan1/matmul/matmul.srcs/sources_1/imports/sources_1/new/mac_mult_stage.v" Line 1. Module mac_mult_stage doesn't have a timescale but at least one module in design has a timescale.
WARNING: [XSIM 43-4099] "D:/E/1subject/HK6/doan1/matmul/matmul.srcs/sources_1/imports/sources_1/new/mac_acc_stage.v" Line 1. Module mac_acc_stage doesn't have a timescale but at least one module in design has a timescale.
WARNING: [XSIM 43-4099] "D:/E/1subject/HK6/doan1/matmul/matmul.srcs/sources_1/imports/sources_1/imports/new/pe_wrapper.v" Line 1. Module pe_wrapper doesn't have a timescale but at least one module in design has a timescale.
WARNING: [XSIM 43-4099] "D:/E/1subject/HK6/doan1/matmul/matmul.srcs/sources_1/imports/sources_1/imports/new/mac_core.v" Line 3. Module mac_core doesn't have a timescale but at least one module in design has a timescale.
WARNING: [XSIM 43-4099] "D:/E/1subject/HK6/doan1/matmul/matmul.srcs/sources_1/imports/sources_1/new/mac_mult_stage.v" Line 1. Module mac_mult_stage doesn't have a timescale but at least one module in design has a timescale.
WARNING: [XSIM 43-4099] "D:/E/1subject/HK6/doan1/matmul/matmul.srcs/sources_1/imports/sources_1/new/mac_acc_stage.v" Line 1. Module mac_acc_stage doesn't have a timescale but at least one module in design has a timescale.
WARNING: [XSIM 43-4099] "D:/E/1subject/HK6/doan1/matmul/matmul.srcs/sources_1/imports/sources_1/imports/new/pe_wrapper.v" Line 1. Module pe_wrapper doesn't have a timescale but at least one module in design has a timescale.
WARNING: [XSIM 43-4099] "D:/E/1subject/HK6/doan1/matmul/matmul.srcs/sources_1/imports/sources_1/imports/new/mac_core.v" Line 3. Module mac_core doesn't have a timescale but at least one module in design has a timescale.
WARNING: [XSIM 43-4099] "D:/E/1subject/HK6/doan1/matmul/matmul.srcs/sources_1/imports/sources_1/new/mac_mult_stage.v" Line 1. Module mac_mult_stage doesn't have a timescale but at least one module in design has a timescale.
WARNING: [XSIM 43-4099] "D:/E/1subject/HK6/doan1/matmul/matmul.srcs/sources_1/imports/sources_1/new/mac_acc_stage.v" Line 1. Module mac_acc_stage doesn't have a timescale but at least one module in design has a timescale.
WARNING: [XSIM 43-4099] "D:/E/1subject/HK6/doan1/matmul/matmul.srcs/sources_1/imports/sources_1/imports/new/pe_wrapper.v" Line 1. Module pe_wrapper doesn't have a timescale but at least one module in design has a timescale.
WARNING: [XSIM 43-4099] "D:/E/1subject/HK6/doan1/matmul/matmul.srcs/sources_1/imports/sources_1/imports/new/mac_core.v" Line 3. Module mac_core doesn't have a timescale but at least one module in design has a timescale.
WARNING: [XSIM 43-4099] "D:/E/1subject/HK6/doan1/matmul/matmul.srcs/sources_1/imports/sources_1/new/mac_mult_stage.v" Line 1. Module mac_mult_stage doesn't have a timescale but at least one module in design has a timescale.
WARNING: [XSIM 43-4099] "D:/E/1subject/HK6/doan1/matmul/matmul.srcs/sources_1/imports/sources_1/new/mac_acc_stage.v" Line 1. Module mac_acc_stage doesn't have a timescale but at least one module in design has a timescale.
WARNING: [XSIM 43-4099] "D:/E/1subject/HK6/doan1/matmul/matmul.srcs/sources_1/imports/sources_1/imports/new/pe_wrapper.v" Line 1. Module pe_wrapper doesn't have a timescale but at least one module in design has a timescale.
WARNING: [XSIM 43-4099] "D:/E/1subject/HK6/doan1/matmul/matmul.srcs/sources_1/imports/sources_1/imports/new/mac_core.v" Line 3. Module mac_core doesn't have a timescale but at least one module in design has a timescale.
WARNING: [XSIM 43-4099] "D:/E/1subject/HK6/doan1/matmul/matmul.srcs/sources_1/imports/sources_1/new/mac_mult_stage.v" Line 1. Module mac_mult_stage doesn't have a timescale but at least one module in design has a timescale.
WARNING: [XSIM 43-4099] "D:/E/1subject/HK6/doan1/matmul/matmul.srcs/sources_1/imports/sources_1/new/mac_acc_stage.v" Line 1. Module mac_acc_stage doesn't have a timescale but at least one module in design has a timescale.
WARNING: [XSIM 43-4099] "D:/E/1subject/HK6/doan1/matmul/matmul.srcs/sources_1/imports/sources_1/imports/new/pe_wrapper.v" Line 1. Module pe_wrapper doesn't have a timescale but at least one module in design has a timescale.
WARNING: [XSIM 43-4099] "D:/E/1subject/HK6/doan1/matmul/matmul.srcs/sources_1/imports/sources_1/imports/new/mac_core.v" Line 3. Module mac_core doesn't have a timescale but at least one module in design has a timescale.
WARNING: [XSIM 43-4099] "D:/E/1subject/HK6/doan1/matmul/matmul.srcs/sources_1/imports/sources_1/new/mac_mult_stage.v" Line 1. Module mac_mult_stage doesn't have a timescale but at least one module in design has a timescale.
WARNING: [XSIM 43-4099] "D:/E/1subject/HK6/doan1/matmul/matmul.srcs/sources_1/imports/sources_1/new/mac_acc_stage.v" Line 1. Module mac_acc_stage doesn't have a timescale but at least one module in design has a timescale.
WARNING: [XSIM 43-4099] "D:/E/1subject/HK6/doan1/matmul/matmul.srcs/sources_1/imports/sources_1/imports/new/pe_wrapper.v" Line 1. Module pe_wrapper doesn't have a timescale but at least one module in design has a timescale.
WARNING: [XSIM 43-4099] "D:/E/1subject/HK6/doan1/matmul/matmul.srcs/sources_1/imports/sources_1/imports/new/mac_core.v" Line 3. Module mac_core doesn't have a timescale but at least one module in design has a timescale.
WARNING: [XSIM 43-4099] "D:/E/1subject/HK6/doan1/matmul/matmul.srcs/sources_1/imports/sources_1/new/mac_mult_stage.v" Line 1. Module mac_mult_stage doesn't have a timescale but at least one module in design has a timescale.
WARNING: [XSIM 43-4099] "D:/E/1subject/HK6/doan1/matmul/matmul.srcs/sources_1/imports/sources_1/new/mac_acc_stage.v" Line 1. Module mac_acc_stage doesn't have a timescale but at least one module in design has a timescale.
WARNING: [XSIM 43-4099] "D:/E/1subject/HK6/doan1/matmul/matmul.srcs/sources_1/imports/sources_1/imports/new/pe_wrapper.v" Line 1. Module pe_wrapper doesn't have a timescale but at least one module in design has a timescale.
WARNING: [XSIM 43-4099] "D:/E/1subject/HK6/doan1/matmul/matmul.srcs/sources_1/imports/sources_1/imports/new/mac_core.v" Line 3. Module mac_core doesn't have a timescale but at least one module in design has a timescale.
WARNING: [XSIM 43-4099] "D:/E/1subject/HK6/doan1/matmul/matmul.srcs/sources_1/imports/sources_1/new/mac_mult_stage.v" Line 1. Module mac_mult_stage doesn't have a timescale but at least one module in design has a timescale.
WARNING: [XSIM 43-4099] "D:/E/1subject/HK6/doan1/matmul/matmul.srcs/sources_1/imports/sources_1/new/mac_acc_stage.v" Line 1. Module mac_acc_stage doesn't have a timescale but at least one module in design has a timescale.
Completed simulation data flow analysis
Time Resolution for simulation is 1ps
Compiling module xil_defaultlib.skew_pipe(DATA_WIDTH=1)
Compiling module xil_defaultlib.skew_pipe_default
Compiling module xil_defaultlib.skew_pipe(DATA_WIDTH=1,DEPTH=1)
Compiling module xil_defaultlib.skew_pipe(DEPTH=1)
Compiling module xil_defaultlib.skew_pipe(DATA_WIDTH=1,DEPTH=2)
Compiling module xil_defaultlib.skew_pipe(DEPTH=2)
Compiling module xil_defaultlib.skew_pipe(DATA_WIDTH=1,DEPTH=3)
Compiling module xil_defaultlib.skew_pipe(DEPTH=3)
Compiling module xil_defaultlib.array_ctrl_default
Compiling module xil_defaultlib.mac_mult_stage
Compiling module xil_defaultlib.mac_acc_stage
Compiling module xil_defaultlib.mac_core
Compiling module xil_defaultlib.pe_wrapper
Compiling module xil_defaultlib.matmul_array_default
Compiling module xil_defaultlib.array_top_default
Compiling module xil_defaultlib.tb_array_top_auto
Compiling module xil_defaultlib.glbl
Built simulation snapshot tb_array_top_auto_behav
