Copyright 1986-2022 Xilinx, Inc. All Rights Reserved. Copyright 2022-2025 Advanced Micro Devices, Inc. All Rights Reserved.
---------------------------------------------------------------------------------------------------------------------------------------------
| Tool Version : Vivado v.2025.2 (win64) Build 6299465 Fri Nov 14 19:35:11 GMT 2025
| Date         : Sun Apr  5 21:05:02 2026
| Host         : VuDuong-32 running 64-bit major release  (build 9200)
| Command      : upgrade_ip
| Device       : xck26-sfvc784-2LV-c
---------------------------------------------------------------------------------------------------------------------------------------------

Upgrade Log for IP 'gemm_block_gemm_accelerator_0_0'

1. Summary
----------

SUCCESS in the update of gemm_block_gemm_accelerator_0_0 (xilinx.com:user:gemm_accelerator:1.0 (Rev. 22)) to current project options.






Copyright 1986-2022 Xilinx, Inc. All Rights Reserved. Copyright 2022-2025 Advanced Micro Devices, Inc. All Rights Reserved.
---------------------------------------------------------------------------------------------------------------------------------------------
| Tool Version : Vivado v.2025.2 (win64) Build 6299465 Fri Nov 14 19:35:11 GMT 2025
| Date         : Sun Apr  5 20:34:26 2026
| Host         : VuDuong-32 running 64-bit major release  (build 9200)
| Command      : upgrade_ip
| Device       : xck26-sfvc784-2LV-c
---------------------------------------------------------------------------------------------------------------------------------------------

Upgrade Log for IP 'gemm_block_gemm_accelerator_0_0'

1. Summary
----------

SUCCESS in the upgrade of gemm_block_gemm_accelerator_0_0 (xilinx.com:user:gemm_accelerator:1.0) from (Rev. 21) to (Rev. 22)






Copyright 1986-2022 Xilinx, Inc. All Rights Reserved. Copyright 2022-2025 Advanced Micro Devices, Inc. All Rights Reserved.
---------------------------------------------------------------------------------------------------------------------------------------------
| Tool Version : Vivado v.2025.2 (win64) Build 6299465 Fri Nov 14 19:35:11 GMT 2025
| Date         : Sun Apr  5 19:52:34 2026
| Host         : VuDuong-32 running 64-bit major release  (build 9200)
| Command      : upgrade_ip
| Device       : xck26-sfvc784-2LV-c
---------------------------------------------------------------------------------------------------------------------------------------------

Upgrade Log for IP 'gemm_block_gemm_accelerator_0_0'

1. Summary
----------

SUCCESS in the upgrade of gemm_block_gemm_accelerator_0_0 (xilinx.com:user:gemm_accelerator:1.0) from (Rev. 20) to (Rev. 21)






Copyright 1986-2022 Xilinx, Inc. All Rights Reserved. Copyright 2022-2025 Advanced Micro Devices, Inc. All Rights Reserved.
---------------------------------------------------------------------------------------------------------------------------------------------
| Tool Version : Vivado v.2025.2 (win64) Build 6299465 Fri Nov 14 19:35:11 GMT 2025
| Date         : Sun Apr  5 16:22:58 2026
| Host         : VuDuong-32 running 64-bit major release  (build 9200)
| Command      : upgrade_ip
| Device       : xck26-sfvc784-2LV-c
---------------------------------------------------------------------------------------------------------------------------------------------

Upgrade Log for IP 'gemm_block_gemm_accelerator_0_0'

1. Summary
----------

SUCCESS in the update of gemm_block_gemm_accelerator_0_0 (xilinx.com:user:gemm_accelerator:1.0 (Rev. 20)) to current project options.

