/gemm_block_i/axi_smc/inst/s01_entry_pipeline/s01_mmu/inst/ar_reg_stall:1504200725
/gemm_block_i/axi_smc_1/inst/s00_entry_pipeline/s00_transaction_regulator/inst/gen_endpoint.gen_r_singleorder.r_singleorder/sc_transaction_regulator_v1_0_12_singleorder__parameterized1__GC0:3205559977
/gemm_block_i/axi_smc_1/inst/s02_entry_pipeline/s02_transaction_regulator/inst/gen_endpoint.gen_r_singleorder.r_singleorder/sc_transaction_regulator_v1_0_12_singleorder__parameterized1__GC0:3205559977
/gemm_block_i/axi_smc/inst/s01_entry_pipeline/s01_mmu/inst/aw_reg_stall:1504200725
/gemm_block_i/axi_smc_1/inst/s00_entry_pipeline/s00_mmu/inst/b_sreg:4252817242
/gemm_block_i/axi_smc_1/inst/s02_entry_pipeline/s02_mmu/inst/b_sreg:4195423043
/gemm_block_i/gemm_accelerator_0/inst/fifo_A_inst/sc_fifo__GBM4:2913339845
/gemm_block_i/gemm_accelerator_0/inst/fifo_C_inst/sc_fifo_fwft__GB3:1428348671
/gemm_block_i/gemm_accelerator_0/inst/fifo_C_inst/sc_fifo_fwft__GB4:3410381660
/gemm_block_i/axi_smc_1/inst/s03_entry_pipeline/s03_mmu/inst/sc_mmu_v1_0_16_top__parameterized2__GC0:2551996910
/gemm_block_i/axi_smc_1/inst/m00_exit_pipeline/m00_exit/inst/sc_exit_v1_0_18_top__parameterized1__GC0:238070876
/gemm_block_i/axi_smc/inst/bd_31d6__GC0:1171972084
/gemm_block_i/axi_smc_1/inst/s03_entry_pipeline/s03_mmu/inst/aw_reg_stall:1344144446
/gemm_block_i/axi_smc_1/inst/s03_entry_pipeline/s03_mmu/inst/ar_reg_stall:655963304
/gemm_block_i/axi_smc_1/inst/s00_entry_pipeline/s00_mmu/inst/ar_sreg:1590004748
/gemm_block_i/axi_smc_1/inst/m00_exit_pipeline/m00_exit/inst/aw_reg:337605231
/gemm_block_i/axi_smc_1/inst/s00_entry_pipeline/s00_mmu/inst/aw_reg_stall:3081120057
/gemm_block_i/axi_smc/inst/s00_entry_pipeline/s00_entry_pipeline_imp_OQLSHC__GC0:3265518847
/gemm_block_i/axi_smc_1/inst/s02_entry_pipeline/s02_transaction_regulator/inst/sc_transaction_regulator_v1_0_12_top__parameterized2__GC0:3892973411
/gemm_block_i/gemm_accelerator_0/inst/fifo_C_inst/sc_fifo_fwft__GB0:3425406789
/gemm_block_i/axi_smc_1/inst/m00_exit_pipeline/m00_exit/inst/b_reg:700628122
/gemm_block_i/gemm_accelerator_0/inst/fifo_B_inst/sc_fifo__GBM1:3721198922
/gemm_block_i/axi_smc_1/inst/s02_entry_pipeline/s02_mmu/inst/ar_reg_stall:3231783343
/gemm_block_i/axi_smc_1/inst/s03_entry_pipeline/s03_mmu/inst/w_sreg:3352092086
/gemm_block_i/gemm_accelerator_0/inst/fifo_C_inst/sc_fifo_fwft__GB2:572911209
/gemm_block_i/axi_smc_1/inst/s02_entry_pipeline/s02_mmu/inst/ar_sreg:1590004748
/gemm_block_i/axi_smc_1/inst/s03_entry_pipeline/s03_mmu/inst/r_sreg:2323376076
/gemm_block_i/axi_smc/inst/s00_entry_pipeline/s00_mmu/inst/aw_reg_stall:3790115613
/gemm_block_i/gemm_accelerator_0/inst/fifo_B_inst/sc_fifo__GBM0:2865483228
/gemm_block_i/axi_smc_1/inst/s00_entry_pipeline/s00_mmu/inst/ar_reg_stall:3231783343
/gemm_block_i/axi_smc_1/inst/s02_entry_pipeline/s02_mmu/inst/r_sreg:449116765
/gemm_block_i/gemm_block__GC0:224402356
/gemm_block_i/axi_smc_1/inst/s02_entry_pipeline/s02_mmu/inst/w_sreg:326284918
/gemm_block_i/axi_smc/inst/s01_entry_pipeline/s01_mmu/inst/sc_mmu_v1_0_16_top__parameterized0__GC0:3587490021
/gemm_block_i/axi_smc_1/inst/s00_entry_pipeline/s00_mmu/inst/aw_sreg:2367038421
/gemm_block_i/axi_smc/inst/s01_entry_pipeline/s01_entry_pipeline_imp_1HXCTYC__GC0:2142507097
/gemm_block_i/axi_smc_1/inst/s00_entry_pipeline/s00_mmu/inst/w_sreg:326284918
/gemm_block_i/axi_smc_1/inst/s02_entry_pipeline/s02_mmu/inst/sc_mmu_v1_0_16_top__parameterized1__GC0:512234304
/gemm_block_i/axi_smc_1/inst/m00_exit_pipeline/m00_exit/inst/w_reg:1841547979
/gemm_block_i/gemm_accelerator_0/inst/fifo_B_inst/sc_fifo__GBM3:868392038
/gemm_block_i/gemm_accelerator_0/inst/fifo_A_inst/sc_fifo__GBM0:2865483228
/gemm_block_i/axi_smc_1/inst/s00_entry_pipeline/s00_si_converter:3340121168
/gemm_block_i/axi_smc_1/inst/m00_exit_pipeline/m00_exit/inst/ar_reg:337605231
/gemm_block_i/axi_smc_1/inst/m00_exit_pipeline/m00_exit/inst/r_reg:449116765
/gemm_block_i/gemm_accelerator_0/inst/fifo_A_inst/sc_fifo__GBM3:868392038
/gemm_block_i/axi_smc_1/inst/s03_entry_pipeline/s03_mmu/inst/ar_sreg:2367038421
/gemm_block_i/axi_smc_1/inst/s03_entry_pipeline/s03_mmu/inst/b_sreg:2966154528
/gemm_block_i/axi_smc_1/inst/s03_entry_pipeline/s03_transaction_regulator/inst/gen_endpoint.gen_w_singleorder.w_singleorder/gen_cmd_reg.cmd_reg:1685423840
/gemm_block_i/axi_smc_1/inst/s02_entry_pipeline/s02_si_converter:2329843035
/gemm_block_i/axi_smc_1/inst/s00_entry_pipeline/s00_mmu/inst/r_sreg:783251587
/gemm_block_i/gemm_accelerator_0/inst/fifo_C_inst/sc_fifo_fwft__GB1:3140272083
/gemm_block_i/axi_smc_1/inst/s00_entry_pipeline/s00_transaction_regulator/inst/gen_endpoint.gen_r_singleorder.r_singleorder/gen_cmd_reg.cmd_reg:49278809
/gemm_block_i/gemm_accelerator_0/inst/fifo_A_inst/sc_fifo__GBM1:3721198922
/gemm_block_i/axi_smc_1/inst/s03_entry_pipeline/s03_transaction_regulator/inst/gen_endpoint.gen_w_singleorder.w_singleorder/sc_transaction_regulator_v1_0_12_singleorder__parameterized1__GC0:2375120094
/gemm_block_i/axi_smc/inst/s00_entry_pipeline/s00_mmu/inst/ar_reg_stall:3790115613
/gemm_block_i/axi_smc_1/inst/s00_entry_pipeline/s00_mmu/inst/sc_mmu_v1_0_16_top__parameterized1__GC0:105526880
/gemm_block_i/axi_smc_1/inst/bd_90f7__GC0:1084069752
/gemm_block_i/axi_smc_1/inst/s00_entry_pipeline/s00_transaction_regulator/inst/sc_transaction_regulator_v1_0_12_top__parameterized1__GC0:1855880653
/gemm_block_i/gemm_accelerator_0/inst/fifo_A_inst/sc_fifo__GBM2:1153805552
/gemm_block_i/gemm_accelerator_0/inst/fifo_B_inst/sc_fifo__GBM2:1153805552
/gemm_block_i/axi_smc_1/inst/s02_entry_pipeline/s02_mmu/inst/aw_sreg:2367038421
/gemm_block_i/gemm_accelerator_0/inst/gemm_accelerator__GC0:2870484467
/gemm_block_i/axi_smc_1/inst/s03_entry_pipeline/s03_mmu/inst/aw_sreg:1590004748
/gemm_block_i/axi_smc_1/inst/s02_entry_pipeline/s02_transaction_regulator/inst/gen_endpoint.gen_r_singleorder.r_singleorder/gen_cmd_reg.cmd_reg:49278809
/gemm_block_i/axi_smc/inst/s00_entry_pipeline/s00_mmu/inst/sc_mmu_v1_0_16_top__GC0:4054304053
/gemm_block_i/gemm_accelerator_0/inst/fifo_B_inst/sc_fifo__GBM4:2913339845
/gemm_block_i/axi_smc_1/inst/s03_entry_pipeline/s03_transaction_regulator/inst/sc_transaction_regulator_v1_0_12_top__parameterized3__GC0:592895174
/gemm_block_i/axi_smc_1/inst/s03_entry_pipeline/s03_si_converter:1099056894
/gemm_block_i/axi_smc_1/inst/s02_entry_pipeline/s02_mmu/inst/aw_reg_stall:3081120057
