#-----------------------------------------------------------
# Vivado v2025.2 (64-bit)
# SW Build 6299465 on Fri Nov 14 19:35:11 GMT 2025
# IP Build 6300035 on Fri Nov 14 10:48:45 MST 2025
# SharedData Build 6298862 on Thu Nov 13 04:50:51 MST 2025
# Start of session at: Sat Jul  4 15:10:04 2026
# Process ID         : 25828
# Current directory  : D:/E/1subject/HK6/doan1/int8-matmul-accelerator/gemm_accelerator/gemm_accelerator.runs/gemm_system_axi_smc_2_synth_1
# Command line       : vivado.exe -log gemm_system_axi_smc_2.vds -product Vivado -mode batch -messageDb vivado.pb -notrace -source gemm_system_axi_smc_2.tcl
# Log file           : D:/E/1subject/HK6/doan1/int8-matmul-accelerator/gemm_accelerator/gemm_accelerator.runs/gemm_system_axi_smc_2_synth_1/gemm_system_axi_smc_2.vds
# Journal file       : D:/E/1subject/HK6/doan1/int8-matmul-accelerator/gemm_accelerator/gemm_accelerator.runs/gemm_system_axi_smc_2_synth_1\vivado.jou
# Running On         : ZUYYYY
# Platform           : Windows Server 2016 or Windows 10
# Operating System   : 26200
# Processor Detail   : 13th Gen Intel(R) Core(TM) i5-13500H
# CPU Frequency      : 3187 MHz
# CPU Physical cores : 12
# CPU Logical cores  : 16
# Host memory        : 16794 MB
# Swap memory        : 11811 MB
# Total Virtual      : 28605 MB
# Available Virtual  : 8384 MB
#-----------------------------------------------------------
source gemm_system_axi_smc_2.tcl -notrace
