Vivado Simulator v2025.2
Copyright 1986-2022 Xilinx, Inc. All Rights Reserved.
Copyright 2022-2025 Advanced Micro Devices, Inc. All Rights Reserved.
Running: D:/Apps/Study/Vivado/2025.2/Vivado/bin/unwrapped/win64.o/xelab.exe --incr --debug typical --relax --mt 2 -L xil_defaultlib -L xilinx_vip -L unisims_ver -L unimacro_ver -L secureip -L xpm --snapshot tb_gemm_accelerator_behav xil_defaultlib.tb_gemm_accelerator xil_defaultlib.glbl -log elaborate.log 
Using 2 slave threads.
Starting static elaboration
Pass Through NonSizing Optimizer
WARNING: [VRFC 10-3091] actual bit length 16 differs from formal bit length 1 for port 'valid_delay' [D:/HK6/Project1/matmul/matmul.srcs/sources_1/new/gemm_accelerator.v:123]
WARNING: [VRFC 10-3091] actual bit length 16 differs from formal bit length 1 for port 'clear_delay' [D:/HK6/Project1/matmul/matmul.srcs/sources_1/new/gemm_accelerator.v:124]
WARNING: [VRFC 10-3091] actual bit length 16 differs from formal bit length 1 for port 'last_mac_delay' [D:/HK6/Project1/matmul/matmul.srcs/sources_1/new/gemm_accelerator.v:125]
Completed static elaboration
Starting simulation data flow analysis
Completed simulation data flow analysis
Time Resolution for simulation is 1ps
Compiling module xil_defaultlib.bram_input_buffer_default
Compiling module xil_defaultlib.systolic_dataflow_ctrl
Compiling module xil_defaultlib.shift_register_delay(DELAY_CYCLE...
Compiling module xil_defaultlib.shift_register_delay(DATA_WIDTH=...
Compiling module xil_defaultlib.shift_register_delay_default
Compiling module xil_defaultlib.shift_register_delay(DATA_WIDTH=...
Compiling module xil_defaultlib.shift_register_delay(DELAY_CYCLE...
Compiling module xil_defaultlib.shift_register_delay(DATA_WIDTH=...
Compiling module xil_defaultlib.shift_register_delay(DELAY_CYCLE...
Compiling module xil_defaultlib.shift_register_delay(DATA_WIDTH=...
Compiling module xil_defaultlib.shift_register_delay(DELAY_CYCLE...
Compiling module xil_defaultlib.shift_register_delay(DATA_WIDTH=...
Compiling module xil_defaultlib.shift_register_delay(DELAY_CYCLE...
Compiling module xil_defaultlib.shift_register_delay(DATA_WIDTH=...
Compiling module xil_defaultlib.shift_register_delay(DELAY_CYCLE...
Compiling module xil_defaultlib.shift_register_delay(DATA_WIDTH=...
Compiling module xil_defaultlib.shift_register_delay(DELAY_CYCLE...
Compiling module xil_defaultlib.shift_register_delay(DATA_WIDTH=...
Compiling module xil_defaultlib.shift_register_delay(DELAY_CYCLE...
Compiling module xil_defaultlib.shift_register_delay(DATA_WIDTH=...
Compiling module xil_defaultlib.shift_register_delay(DELAY_CYCLE...
Compiling module xil_defaultlib.shift_register_delay(DATA_WIDTH=...
Compiling module xil_defaultlib.shift_register_delay(DELAY_CYCLE...
Compiling module xil_defaultlib.shift_register_delay(DATA_WIDTH=...
Compiling module xil_defaultlib.shift_register_delay(DELAY_CYCLE...
Compiling module xil_defaultlib.shift_register_delay(DATA_WIDTH=...
Compiling module xil_defaultlib.shift_register_delay(DELAY_CYCLE...
Compiling module xil_defaultlib.shift_register_delay(DATA_WIDTH=...
Compiling module xil_defaultlib.shift_register_delay(DELAY_CYCLE...
Compiling module xil_defaultlib.shift_register_delay(DATA_WIDTH=...
Compiling module xil_defaultlib.shift_register_delay(DELAY_CYCLE...
Compiling module xil_defaultlib.shift_register_delay(DATA_WIDTH=...
Compiling module xil_defaultlib.shift_register_delay(DELAY_CYCLE...
Compiling module xil_defaultlib.shift_register_delay(DATA_WIDTH=...
Compiling module xil_defaultlib.skew_network_default
Compiling module xil_defaultlib.mac_core
Compiling module xil_defaultlib.pe_wrapper
Compiling module xil_defaultlib.systolic_array_os_default
Compiling module xil_defaultlib.output_serializer
Compiling module xpm.xpm_fifo_rst_default
Compiling module xpm.xpm_fifo_reg_bit
Compiling module xpm.xpm_counter_updn(COUNTER_WIDTH=1...
Compiling module xpm.xpm_counter_updn(COUNTER_WIDTH=1...
Compiling module xpm.xpm_memory_base(MEMORY_TYPE=1,ME...
Compiling module xpm.xpm_counter_updn(COUNTER_WIDTH=2...
Compiling module xpm.xpm_fifo_base(FIFO_MEMORY_TYPE=2...
Compiling module xpm.xpm_fifo_sync(FIFO_MEMORY_TYPE="...
Compiling module xil_defaultlib.sc_fifo_fwft(DATA_WIDTH=512)
Compiling module xil_defaultlib.post_accumulator_default
Compiling module xil_defaultlib.int32_int8_rescale_default
Compiling module xil_defaultlib.gemm_accelerator
Compiling module xil_defaultlib.tb_gemm_accelerator
Compiling module xil_defaultlib.glbl
Built simulation snapshot tb_gemm_accelerator_behav
