Time resolution is 1 ps
============================================
[150000 ns] STARTING NPU STRESS TEST
============================================
[150000 ns] [TB] Sending Tile 1 / 16...
[465000 ns] [TB] Sending Tile 2 / 16...
[785000 ns] [TB] Sending Tile 3 / 16...
[1125000 ns] [TB] Sending Tile 4 / 16...
[2005000 ns] [TB] Sending Tile 5 / 16...
[2885000 ns] [TB] Sending Tile 6 / 16...
[3765000 ns] [TB] Sending Tile 7 / 16...
[4645000 ns] [TB] Sending Tile 8 / 16...
[5525000 ns] [TB] Sending Tile 9 / 16...
[6405000 ns] [TB] Sending Tile 10 / 16...
[7285000 ns] [TB] Sending Tile 11 / 16...
[8165000 ns] [TB] Sending Tile 12 / 16...
[9045000 ns] [TB] Sending Tile 13 / 16...
[9925000 ns] [TB] Sending Tile 14 / 16...
[10805000 ns] [TB] Sending Tile 15 / 16...
[11685000 ns] [TB] Sending Tile 16 / 16...
[12565000 ns] [TB] Data loaded, waiting for NPU...
[14595000 ns] NPU Start Exporting Matrix C...
============================================
============================================
   TEST SUMMARY
============================================
 - Num K Tiles: 16
 - Rescale Shift: 10
 - Zero Point: 0
--------------------------------------------
 [PASS] ALL CORRECT: 256 / 256 pixels!
$finish called at time : 14845 ns : File "D:/HK6/Project1/matmul/matmul.srcs/sim_1/new/tb_gemm_accelerator.v" Line 311
