INFO: [VRFC 10-2263] Analyzing Verilog file "D:/HK6/Project1/matmul/matmul.srcs/sources_1/new/bram_input_buffer.v" into library xil_defaultlib
INFO: [VRFC 10-311] analyzing module bram_input_buffer
INFO: [VRFC 10-2263] Analyzing Verilog file "D:/HK6/Project1/matmul/matmul.srcs/sources_1/new/gemm_accelerator.v" into library xil_defaultlib
INFO: [VRFC 10-311] analyzing module gemm_accelerator
INFO: [VRFC 10-2263] Analyzing Verilog file "D:/HK6/Project1/matmul/matmul.srcs/sources_1/new/int32_int8_rescale.v" into library xil_defaultlib
INFO: [VRFC 10-311] analyzing module int32_int8_rescale
INFO: [VRFC 10-2263] Analyzing Verilog file "D:/HK6/Project1/matmul/matmul.srcs/sources_1/imports/sources_1/imports/new/mac_core.v" into library xil_defaultlib
INFO: [VRFC 10-311] analyzing module mac_core
INFO: [VRFC 10-2263] Analyzing Verilog file "D:/HK6/Project1/matmul/matmul.srcs/sources_1/new/output_serializer.v" into library xil_defaultlib
INFO: [VRFC 10-311] analyzing module output_serializer
INFO: [VRFC 10-2263] Analyzing Verilog file "D:/HK6/Project1/matmul/matmul.srcs/sources_1/imports/sources_1/imports/new/pe_wrapper.v" into library xil_defaultlib
INFO: [VRFC 10-311] analyzing module pe_wrapper
INFO: [VRFC 10-2263] Analyzing Verilog file "D:/HK6/Project1/matmul/matmul.srcs/sources_1/new/post_accumulator.v" into library xil_defaultlib
INFO: [VRFC 10-311] analyzing module post_accumulator
INFO: [VRFC 10-2263] Analyzing Verilog file "D:/HK6/Project1/matmul/matmul.srcs/sources_1/new/sc_fifo_fwft.v" into library xil_defaultlib
INFO: [VRFC 10-311] analyzing module sc_fifo_fwft
INFO: [VRFC 10-2263] Analyzing Verilog file "D:/HK6/Project1/matmul/matmul.srcs/sources_1/new/shift_register_delay.v" into library xil_defaultlib
INFO: [VRFC 10-311] analyzing module shift_register_delay
INFO: [VRFC 10-2263] Analyzing Verilog file "D:/HK6/Project1/matmul/matmul.srcs/sources_1/new/skew_network.v" into library xil_defaultlib
INFO: [VRFC 10-311] analyzing module skew_network
INFO: [VRFC 10-2263] Analyzing Verilog file "D:/HK6/Project1/matmul/matmul.srcs/sources_1/imports/sources_1/imports/new/systolic_array_os.v" into library xil_defaultlib
INFO: [VRFC 10-311] analyzing module systolic_array_os
INFO: [VRFC 10-2263] Analyzing Verilog file "D:/HK6/Project1/matmul/matmul.srcs/sources_1/new/systolic_dataflow_ctrl.v" into library xil_defaultlib
INFO: [VRFC 10-311] analyzing module systolic_dataflow_ctrl
INFO: [VRFC 10-2263] Analyzing Verilog file "D:/HK6/Project1/matmul/matmul.srcs/sim_1/new/tb_gemm_accelerator.v" into library xil_defaultlib
INFO: [VRFC 10-311] analyzing module tb_gemm_accelerator
INFO: [VRFC 10-2263] Analyzing Verilog file "D:/HK6/Project1/matmul/matmul.sim/sim_1/behav/xsim/glbl.v" into library xil_defaultlib
INFO: [VRFC 10-311] analyzing module glbl
