
*** Running vivado
    with args -log array_top.vds -m64 -product Vivado -mode batch -messageDb vivado.pb -notrace -source array_top.tcl



****** Vivado v2025.2 (64-bit)
  **** SW Build 6299465 on Fri Nov 14 19:35:11 GMT 2025
  **** IP Build 6300035 on Fri Nov 14 10:48:45 MST 2025
  **** SharedData Build 6298862 on Thu Nov 13 04:50:51 MST 2025
  **** Start of session at: Tue Apr  7 16:27:05 2026
    ** Copyright 1986-2022 Xilinx, Inc. All Rights Reserved.
    ** Copyright 2022-2025 Advanced Micro Devices, Inc. All Rights Reserved.

source array_top.tcl -notrace
create_project: Time (s): cpu = 00:00:11 ; elapsed = 00:00:07 . Memory (MB): peak = 542.297 ; gain = 220.484
Command: read_checkpoint -auto_incremental -incremental D:/E/1subject/HK6/doan1/matmul/matmul.srcs/utils_1/imports/synth_1/array_block_wrapper.dcp
INFO: [Vivado 12-5825] Read reference checkpoint from D:/E/1subject/HK6/doan1/matmul/matmul.srcs/utils_1/imports/synth_1/array_block_wrapper.dcp for incremental synthesis
INFO: [Vivado 12-7989] Please ensure there are no constraint changes
Command: synth_design -top array_top -part xck26-sfvc784-2LV-c -mode out_of_context
Starting synth_design
Attempting to get a license for feature 'Synthesis' and/or device 'xck26'
INFO: [Common 17-349] Got license for feature 'Synthesis' and/or device 'xck26'
INFO: [Device 21-403] Loading part xck26-sfvc784-2LV-c
INFO: [Designutils 20-5440] No compile time benefit to using incremental synthesis; A full resynthesis will be run
INFO: [Designutils 20-4379] Flow is switching to default flow due to incremental criteria not met. If you would like to alter this behaviour and have the flow terminate instead, please set the following parameter config_implementation {autoIncr.Synth.RejectBehavior Terminate}
INFO: [Synth 8-7079] Multithreading enabled for synth_design using a maximum of 2 processes.
INFO: [Synth 8-7078] Launching helper process for spawning children vivado processes
INFO: [Synth 8-7075] Helper process launched with PID 23120
---------------------------------------------------------------------------------
Starting RTL Elaboration : Time (s): cpu = 00:00:06 ; elapsed = 00:00:07 . Memory (MB): peak = 1836.391 ; gain = 211.215
---------------------------------------------------------------------------------
INFO: [Synth 8-6157] synthesizing module 'array_top' [D:/E/1subject/HK6/doan1/matmul/matmul.srcs/sources_1/new/array_top.v:1]
INFO: [Synth 8-6157] synthesizing module 'array_ctrl' [D:/E/1subject/HK6/doan1/matmul/matmul.srcs/sources_1/new/array_ctrl.v:1]
	Parameter ARRAY_SIZE bound to: 4 - type: integer 
	Parameter ADDR_WIDTH bound to: 32 - type: integer 
INFO: [Synth 8-6157] synthesizing module 'skew_pipe' [D:/E/1subject/HK6/doan1/matmul/matmul.srcs/sources_1/new/skew_pipe.v:1]
	Parameter DATA_WIDTH bound to: 1 - type: integer 
	Parameter DEPTH bound to: 0 - type: integer 
INFO: [Synth 8-6155] done synthesizing module 'skew_pipe' (0#1) [D:/E/1subject/HK6/doan1/matmul/matmul.srcs/sources_1/new/skew_pipe.v:1]
INFO: [Synth 8-6157] synthesizing module 'skew_pipe__parameterized0' [D:/E/1subject/HK6/doan1/matmul/matmul.srcs/sources_1/new/skew_pipe.v:1]
	Parameter DATA_WIDTH bound to: 8 - type: integer 
	Parameter DEPTH bound to: 0 - type: integer 
INFO: [Synth 8-6155] done synthesizing module 'skew_pipe__parameterized0' (0#1) [D:/E/1subject/HK6/doan1/matmul/matmul.srcs/sources_1/new/skew_pipe.v:1]
INFO: [Synth 8-6157] synthesizing module 'skew_pipe__parameterized1' [D:/E/1subject/HK6/doan1/matmul/matmul.srcs/sources_1/new/skew_pipe.v:1]
	Parameter DATA_WIDTH bound to: 1 - type: integer 
	Parameter DEPTH bound to: 1 - type: integer 
INFO: [Synth 8-6155] done synthesizing module 'skew_pipe__parameterized1' (0#1) [D:/E/1subject/HK6/doan1/matmul/matmul.srcs/sources_1/new/skew_pipe.v:1]
INFO: [Synth 8-6157] synthesizing module 'skew_pipe__parameterized2' [D:/E/1subject/HK6/doan1/matmul/matmul.srcs/sources_1/new/skew_pipe.v:1]
	Parameter DATA_WIDTH bound to: 8 - type: integer 
	Parameter DEPTH bound to: 1 - type: integer 
INFO: [Synth 8-6155] done synthesizing module 'skew_pipe__parameterized2' (0#1) [D:/E/1subject/HK6/doan1/matmul/matmul.srcs/sources_1/new/skew_pipe.v:1]
INFO: [Synth 8-6157] synthesizing module 'skew_pipe__parameterized3' [D:/E/1subject/HK6/doan1/matmul/matmul.srcs/sources_1/new/skew_pipe.v:1]
	Parameter DATA_WIDTH bound to: 1 - type: integer 
	Parameter DEPTH bound to: 2 - type: integer 
INFO: [Synth 8-6155] done synthesizing module 'skew_pipe__parameterized3' (0#1) [D:/E/1subject/HK6/doan1/matmul/matmul.srcs/sources_1/new/skew_pipe.v:1]
INFO: [Synth 8-6157] synthesizing module 'skew_pipe__parameterized4' [D:/E/1subject/HK6/doan1/matmul/matmul.srcs/sources_1/new/skew_pipe.v:1]
	Parameter DATA_WIDTH bound to: 8 - type: integer 
	Parameter DEPTH bound to: 2 - type: integer 
INFO: [Synth 8-6155] done synthesizing module 'skew_pipe__parameterized4' (0#1) [D:/E/1subject/HK6/doan1/matmul/matmul.srcs/sources_1/new/skew_pipe.v:1]
INFO: [Synth 8-6157] synthesizing module 'skew_pipe__parameterized5' [D:/E/1subject/HK6/doan1/matmul/matmul.srcs/sources_1/new/skew_pipe.v:1]
	Parameter DATA_WIDTH bound to: 1 - type: integer 
	Parameter DEPTH bound to: 3 - type: integer 
INFO: [Synth 8-6155] done synthesizing module 'skew_pipe__parameterized5' (0#1) [D:/E/1subject/HK6/doan1/matmul/matmul.srcs/sources_1/new/skew_pipe.v:1]
INFO: [Synth 8-6157] synthesizing module 'skew_pipe__parameterized6' [D:/E/1subject/HK6/doan1/matmul/matmul.srcs/sources_1/new/skew_pipe.v:1]
	Parameter DATA_WIDTH bound to: 8 - type: integer 
	Parameter DEPTH bound to: 3 - type: integer 
INFO: [Synth 8-6155] done synthesizing module 'skew_pipe__parameterized6' (0#1) [D:/E/1subject/HK6/doan1/matmul/matmul.srcs/sources_1/new/skew_pipe.v:1]
INFO: [Synth 8-155] case statement is not full and has no default [D:/E/1subject/HK6/doan1/matmul/matmul.srcs/sources_1/new/array_ctrl.v:131]
INFO: [Synth 8-6155] done synthesizing module 'array_ctrl' (0#1) [D:/E/1subject/HK6/doan1/matmul/matmul.srcs/sources_1/new/array_ctrl.v:1]
INFO: [Synth 8-6157] synthesizing module 'matmul_array' [D:/E/1subject/HK6/doan1/matmul/matmul.srcs/sources_1/imports/sources_1/imports/new/matmul_array.v:1]
	Parameter ARRAY_SIZE bound to: 4 - type: integer 
INFO: [Synth 8-6157] synthesizing module 'pe_wrapper' [D:/E/1subject/HK6/doan1/matmul/matmul.srcs/sources_1/imports/sources_1/imports/new/pe_wrapper.v:1]
INFO: [Synth 8-6157] synthesizing module 'mac_core' [D:/E/1subject/HK6/doan1/matmul/matmul.srcs/sources_1/imports/sources_1/imports/new/mac_core.v:3]
INFO: [Synth 8-6157] synthesizing module 'mac_mult_stage' [D:/E/1subject/HK6/doan1/matmul/matmul.srcs/sources_1/imports/sources_1/new/mac_mult_stage.v:1]
INFO: [Synth 8-6155] done synthesizing module 'mac_mult_stage' (0#1) [D:/E/1subject/HK6/doan1/matmul/matmul.srcs/sources_1/imports/sources_1/new/mac_mult_stage.v:1]
INFO: [Synth 8-6157] synthesizing module 'mac_acc_stage' [D:/E/1subject/HK6/doan1/matmul/matmul.srcs/sources_1/imports/sources_1/new/mac_acc_stage.v:1]
INFO: [Synth 8-6155] done synthesizing module 'mac_acc_stage' (0#1) [D:/E/1subject/HK6/doan1/matmul/matmul.srcs/sources_1/imports/sources_1/new/mac_acc_stage.v:1]
INFO: [Synth 8-6155] done synthesizing module 'mac_core' (0#1) [D:/E/1subject/HK6/doan1/matmul/matmul.srcs/sources_1/imports/sources_1/imports/new/mac_core.v:3]
INFO: [Synth 8-6155] done synthesizing module 'pe_wrapper' (0#1) [D:/E/1subject/HK6/doan1/matmul/matmul.srcs/sources_1/imports/sources_1/imports/new/pe_wrapper.v:1]
INFO: [Synth 8-6155] done synthesizing module 'matmul_array' (0#1) [D:/E/1subject/HK6/doan1/matmul/matmul.srcs/sources_1/imports/sources_1/imports/new/matmul_array.v:1]
INFO: [Synth 8-6155] done synthesizing module 'array_top' (0#1) [D:/E/1subject/HK6/doan1/matmul/matmul.srcs/sources_1/new/array_top.v:1]
INFO: [Synth 8-6071] Mark debug on the nets applies keep_hierarchy on instance 'u_matmul'. This will prevent further optimization [D:/E/1subject/HK6/doan1/matmul/matmul.srcs/sources_1/new/array_top.v:101]
INFO: [Synth 8-6071] Mark debug on the nets applies keep_hierarchy on instance 'u_ctrl'. This will prevent further optimization [D:/E/1subject/HK6/doan1/matmul/matmul.srcs/sources_1/new/array_top.v:68]
WARNING: [Synth 8-7129] Port clk in module skew_pipe__parameterized0 is either unconnected or has no load
WARNING: [Synth 8-7129] Port rst_n in module skew_pipe__parameterized0 is either unconnected or has no load
WARNING: [Synth 8-7129] Port clk in module skew_pipe is either unconnected or has no load
WARNING: [Synth 8-7129] Port rst_n in module skew_pipe is either unconnected or has no load
---------------------------------------------------------------------------------
Finished RTL Elaboration : Time (s): cpu = 00:00:08 ; elapsed = 00:00:09 . Memory (MB): peak = 1960.551 ; gain = 335.375
---------------------------------------------------------------------------------
---------------------------------------------------------------------------------
Start Handling Custom Attributes
---------------------------------------------------------------------------------
---------------------------------------------------------------------------------
Finished Handling Custom Attributes : Time (s): cpu = 00:00:08 ; elapsed = 00:00:09 . Memory (MB): peak = 1960.551 ; gain = 335.375
---------------------------------------------------------------------------------
---------------------------------------------------------------------------------
Finished RTL Optimization Phase 1 : Time (s): cpu = 00:00:08 ; elapsed = 00:00:09 . Memory (MB): peak = 1960.551 ; gain = 335.375
---------------------------------------------------------------------------------
Netlist sorting complete. Time (s): cpu = 00:00:00 ; elapsed = 00:00:00.076 . Memory (MB): peak = 1960.551 ; gain = 0.000
INFO: [Project 1-570] Preparing netlist for logic optimization

Processing XDC Constraints
Initializing timing engine
Parsing XDC File [D:/E/1subject/HK6/doan1/matmul/matmul.srcs/constrs_1/new/timing_constraints.xdc]
create_clock: Time (s): cpu = 00:00:06 ; elapsed = 00:00:06 . Memory (MB): peak = 2055.348 ; gain = 21.906
Finished Parsing XDC File [D:/E/1subject/HK6/doan1/matmul/matmul.srcs/constrs_1/new/timing_constraints.xdc]
Completed Processing XDC Constraints

Netlist sorting complete. Time (s): cpu = 00:00:00 ; elapsed = 00:00:00.001 . Memory (MB): peak = 2055.348 ; gain = 0.000
INFO: [Project 1-111] Unisim Transformation Summary:
No Unisim elements were transformed.

Constraint Validation Runtime : Time (s): cpu = 00:00:00 ; elapsed = 00:00:00.070 . Memory (MB): peak = 2055.348 ; gain = 0.000
INFO: [Designutils 20-5440] No compile time benefit to using incremental synthesis; A full resynthesis will be run
INFO: [Designutils 20-4379] Flow is switching to default flow due to incremental criteria not met. If you would like to alter this behaviour and have the flow terminate instead, please set the following parameter config_implementation {autoIncr.Synth.RejectBehavior Terminate}
---------------------------------------------------------------------------------
Finished Constraint Validation : Time (s): cpu = 00:00:24 ; elapsed = 00:00:25 . Memory (MB): peak = 2055.348 ; gain = 430.172
---------------------------------------------------------------------------------
---------------------------------------------------------------------------------
Start Loading Part and Timing Information
---------------------------------------------------------------------------------
Loading part: xck26-sfvc784-2LV-c
INFO: [Synth 8-6742] Reading net delay rules and data
---------------------------------------------------------------------------------
Finished Loading Part and Timing Information : Time (s): cpu = 00:00:24 ; elapsed = 00:00:25 . Memory (MB): peak = 2055.348 ; gain = 430.172
---------------------------------------------------------------------------------
---------------------------------------------------------------------------------
Start Applying 'set_property' XDC Constraints
---------------------------------------------------------------------------------
---------------------------------------------------------------------------------
Finished applying 'set_property' XDC Constraints : Time (s): cpu = 00:00:24 ; elapsed = 00:00:25 . Memory (MB): peak = 2055.348 ; gain = 430.172
---------------------------------------------------------------------------------
DSP Debug: swapped A/B pins for adder 00000226876B14D0
DSP Debug: swapped A/B pins for adder 00000226876B20D0
---------------------------------------------------------------------------------
Finished RTL Optimization Phase 2 : Time (s): cpu = 00:00:25 ; elapsed = 00:00:26 . Memory (MB): peak = 2055.348 ; gain = 430.172
---------------------------------------------------------------------------------
---------------------------------------------------------------------------------
Start RTL Component Statistics 
---------------------------------------------------------------------------------
Detailed RTL Component Info : 
+---Adders : 
	   2 Input   32 Bit       Adders := 19    
	   2 Input   17 Bit       Adders := 3     
	   2 Input   16 Bit       Adders := 7     
+---Registers : 
	               32 Bit    Registers := 36    
	               16 Bit    Registers := 13    
	                8 Bit    Registers := 60    
	                3 Bit    Registers := 1     
	                1 Bit    Registers := 183   
+---Muxes : 
	   4 Input   32 Bit        Muxes := 1     
	   2 Input   32 Bit        Muxes := 16    
	   7 Input   16 Bit        Muxes := 5     
	   2 Input   16 Bit        Muxes := 4     
	   2 Input    8 Bit        Muxes := 8     
	   2 Input    3 Bit        Muxes := 4     
	   7 Input    1 Bit        Muxes := 8     
	   3 Input    1 Bit        Muxes := 1     
	   2 Input    1 Bit        Muxes := 17    
---------------------------------------------------------------------------------
Finished RTL Component Statistics 
---------------------------------------------------------------------------------
---------------------------------------------------------------------------------
Start Part Resource Summary
---------------------------------------------------------------------------------
Part Resources:
DSPs: 1248 (col length:96)
BRAMs: 288 (col length: RAMB18 96 RAMB36 48)
---------------------------------------------------------------------------------
Finished Part Resource Summary
---------------------------------------------------------------------------------
---------------------------------------------------------------------------------
Start Cross Boundary and Area Optimization
---------------------------------------------------------------------------------
DSP Report: Generating DSP addr_A_reg, operation Mode is: (C'+A*B)'.
DSP Report: register m_tile_cnt_reg is absorbed into DSP addr_A_reg.
DSP Report: register addr_A_reg is absorbed into DSP addr_A_reg.
DSP Report: operator addr_A0 is absorbed into DSP addr_A_reg.
DSP Report: operator addr_A1 is absorbed into DSP addr_A_reg.
DSP Report: Generating DSP addr_B_reg, operation Mode is: (C'+A*B)'.
DSP Report: register n_tile_cnt_reg is absorbed into DSP addr_B_reg.
DSP Report: register addr_B_reg is absorbed into DSP addr_B_reg.
DSP Report: operator addr_B0 is absorbed into DSP addr_B_reg.
DSP Report: operator addr_B1 is absorbed into DSP addr_B_reg.
DSP Report: Generating DSP addr_C_reg, operation Mode is: (C+A*B)'.
DSP Report: register addr_C_reg is absorbed into DSP addr_C_reg.
DSP Report: operator addr_C0 is absorbed into DSP addr_C_reg.
DSP Report: operator addr_C1 is absorbed into DSP addr_C_reg.
DSP Report: Generating DSP u_mac/u_acc/, operation Mode is: C+(A2*B2)'.
DSP Report: register u_mac/u_mult/x_reg_reg is absorbed into DSP u_mac/u_acc/.
DSP Report: register weight_out_reg is absorbed into DSP u_mac/u_acc/.
DSP Report: register u_mac/u_mult/mul_out_reg is absorbed into DSP u_mac/u_acc/.
DSP Report: operator u_mac/u_mult/mul_out0 is absorbed into DSP u_mac/u_acc/.
DSP Report: operator u_mac/u_acc/ is absorbed into DSP u_mac/u_acc/.
DSP Report: Generating DSP u_mac/u_acc/, operation Mode is: C+(A2*B2)'.
DSP Report: register u_mac/u_mult/x_reg_reg is absorbed into DSP u_mac/u_acc/.
DSP Report: register weight_out_reg is absorbed into DSP u_mac/u_acc/.
DSP Report: register u_mac/u_mult/mul_out_reg is absorbed into DSP u_mac/u_acc/.
DSP Report: operator u_mac/u_mult/mul_out0 is absorbed into DSP u_mac/u_acc/.
DSP Report: operator u_mac/u_acc/ is absorbed into DSP u_mac/u_acc/.
DSP Report: Generating DSP u_mac/u_acc/, operation Mode is: C+(A2*B2)'.
DSP Report: register u_mac/u_mult/x_reg_reg is absorbed into DSP u_mac/u_acc/.
DSP Report: register weight_out_reg is absorbed into DSP u_mac/u_acc/.
DSP Report: register u_mac/u_mult/mul_out_reg is absorbed into DSP u_mac/u_acc/.
DSP Report: operator u_mac/u_mult/mul_out0 is absorbed into DSP u_mac/u_acc/.
DSP Report: operator u_mac/u_acc/ is absorbed into DSP u_mac/u_acc/.
DSP Report: Generating DSP u_mac/u_acc/, operation Mode is: C+(A2*B2)'.
DSP Report: register u_mac/u_mult/x_reg_reg is absorbed into DSP u_mac/u_acc/.
DSP Report: register weight_out_reg is absorbed into DSP u_mac/u_acc/.
DSP Report: register u_mac/u_mult/mul_out_reg is absorbed into DSP u_mac/u_acc/.
DSP Report: operator u_mac/u_mult/mul_out0 is absorbed into DSP u_mac/u_acc/.
DSP Report: operator u_mac/u_acc/ is absorbed into DSP u_mac/u_acc/.
DSP Report: Generating DSP u_mac/u_acc/, operation Mode is: C+(A2*B2)'.
DSP Report: register u_mac/u_mult/x_reg_reg is absorbed into DSP u_mac/u_acc/.
DSP Report: register weight_out_reg is absorbed into DSP u_mac/u_acc/.
DSP Report: register u_mac/u_mult/mul_out_reg is absorbed into DSP u_mac/u_acc/.
DSP Report: operator u_mac/u_mult/mul_out0 is absorbed into DSP u_mac/u_acc/.
DSP Report: operator u_mac/u_acc/ is absorbed into DSP u_mac/u_acc/.
DSP Report: Generating DSP u_mac/u_acc/, operation Mode is: C+(A2*B2)'.
DSP Report: register u_mac/u_mult/x_reg_reg is absorbed into DSP u_mac/u_acc/.
DSP Report: register weight_out_reg is absorbed into DSP u_mac/u_acc/.
DSP Report: register u_mac/u_mult/mul_out_reg is absorbed into DSP u_mac/u_acc/.
DSP Report: operator u_mac/u_mult/mul_out0 is absorbed into DSP u_mac/u_acc/.
DSP Report: operator u_mac/u_acc/ is absorbed into DSP u_mac/u_acc/.
DSP Report: Generating DSP u_mac/u_acc/, operation Mode is: C+(A2*B2)'.
DSP Report: register u_mac/u_mult/x_reg_reg is absorbed into DSP u_mac/u_acc/.
DSP Report: register weight_out_reg is absorbed into DSP u_mac/u_acc/.
DSP Report: register u_mac/u_mult/mul_out_reg is absorbed into DSP u_mac/u_acc/.
DSP Report: operator u_mac/u_mult/mul_out0 is absorbed into DSP u_mac/u_acc/.
DSP Report: operator u_mac/u_acc/ is absorbed into DSP u_mac/u_acc/.
DSP Report: Generating DSP u_mac/u_acc/, operation Mode is: C+(A2*B2)'.
DSP Report: register u_mac/u_mult/x_reg_reg is absorbed into DSP u_mac/u_acc/.
DSP Report: register weight_out_reg is absorbed into DSP u_mac/u_acc/.
DSP Report: register u_mac/u_mult/mul_out_reg is absorbed into DSP u_mac/u_acc/.
DSP Report: operator u_mac/u_mult/mul_out0 is absorbed into DSP u_mac/u_acc/.
DSP Report: operator u_mac/u_acc/ is absorbed into DSP u_mac/u_acc/.
DSP Report: Generating DSP u_mac/u_acc/, operation Mode is: C+(A2*B2)'.
DSP Report: register u_mac/u_mult/x_reg_reg is absorbed into DSP u_mac/u_acc/.
DSP Report: register weight_out_reg is absorbed into DSP u_mac/u_acc/.
DSP Report: register u_mac/u_mult/mul_out_reg is absorbed into DSP u_mac/u_acc/.
DSP Report: operator u_mac/u_mult/mul_out0 is absorbed into DSP u_mac/u_acc/.
DSP Report: operator u_mac/u_acc/ is absorbed into DSP u_mac/u_acc/.
DSP Report: Generating DSP u_mac/u_acc/, operation Mode is: C+(A2*B2)'.
DSP Report: register u_mac/u_mult/x_reg_reg is absorbed into DSP u_mac/u_acc/.
DSP Report: register weight_out_reg is absorbed into DSP u_mac/u_acc/.
DSP Report: register u_mac/u_mult/mul_out_reg is absorbed into DSP u_mac/u_acc/.
DSP Report: operator u_mac/u_mult/mul_out0 is absorbed into DSP u_mac/u_acc/.
DSP Report: operator u_mac/u_acc/ is absorbed into DSP u_mac/u_acc/.
DSP Report: Generating DSP u_mac/u_acc/, operation Mode is: C+(A2*B2)'.
DSP Report: register u_mac/u_mult/x_reg_reg is absorbed into DSP u_mac/u_acc/.
DSP Report: register weight_out_reg is absorbed into DSP u_mac/u_acc/.
DSP Report: register u_mac/u_mult/mul_out_reg is absorbed into DSP u_mac/u_acc/.
DSP Report: operator u_mac/u_mult/mul_out0 is absorbed into DSP u_mac/u_acc/.
DSP Report: operator u_mac/u_acc/ is absorbed into DSP u_mac/u_acc/.
DSP Report: Generating DSP u_mac/u_acc/, operation Mode is: C+(A2*B2)'.
DSP Report: register u_mac/u_mult/x_reg_reg is absorbed into DSP u_mac/u_acc/.
DSP Report: register weight_out_reg is absorbed into DSP u_mac/u_acc/.
DSP Report: register u_mac/u_mult/mul_out_reg is absorbed into DSP u_mac/u_acc/.
DSP Report: operator u_mac/u_mult/mul_out0 is absorbed into DSP u_mac/u_acc/.
DSP Report: operator u_mac/u_acc/ is absorbed into DSP u_mac/u_acc/.
DSP Report: Generating DSP u_mac/u_acc/, operation Mode is: C+(A2*B2)'.
DSP Report: register u_mac/u_mult/x_reg_reg is absorbed into DSP u_mac/u_acc/.
DSP Report: register weight_out_reg is absorbed into DSP u_mac/u_acc/.
DSP Report: register u_mac/u_mult/mul_out_reg is absorbed into DSP u_mac/u_acc/.
DSP Report: operator u_mac/u_mult/mul_out0 is absorbed into DSP u_mac/u_acc/.
DSP Report: operator u_mac/u_acc/ is absorbed into DSP u_mac/u_acc/.
DSP Report: Generating DSP u_mac/u_acc/, operation Mode is: C+(A2*B2)'.
DSP Report: register u_mac/u_mult/x_reg_reg is absorbed into DSP u_mac/u_acc/.
DSP Report: register weight_out_reg is absorbed into DSP u_mac/u_acc/.
DSP Report: register u_mac/u_mult/mul_out_reg is absorbed into DSP u_mac/u_acc/.
DSP Report: operator u_mac/u_mult/mul_out0 is absorbed into DSP u_mac/u_acc/.
DSP Report: operator u_mac/u_acc/ is absorbed into DSP u_mac/u_acc/.
DSP Report: Generating DSP u_mac/u_acc/, operation Mode is: C+(A2*B2)'.
DSP Report: register u_mac/u_mult/x_reg_reg is absorbed into DSP u_mac/u_acc/.
DSP Report: register weight_out_reg is absorbed into DSP u_mac/u_acc/.
DSP Report: register u_mac/u_mult/mul_out_reg is absorbed into DSP u_mac/u_acc/.
DSP Report: operator u_mac/u_mult/mul_out0 is absorbed into DSP u_mac/u_acc/.
DSP Report: operator u_mac/u_acc/ is absorbed into DSP u_mac/u_acc/.
DSP Report: Generating DSP u_mac/u_acc/, operation Mode is: C+(A2*B2)'.
DSP Report: register u_mac/u_mult/x_reg_reg is absorbed into DSP u_mac/u_acc/.
DSP Report: register weight_out_reg is absorbed into DSP u_mac/u_acc/.
DSP Report: register u_mac/u_mult/mul_out_reg is absorbed into DSP u_mac/u_acc/.
DSP Report: operator u_mac/u_mult/mul_out0 is absorbed into DSP u_mac/u_acc/.
DSP Report: operator u_mac/u_acc/ is absorbed into DSP u_mac/u_acc/.
WARNING: [Synth 8-3917] design array_top has port addr_C[1] driven by constant 0
WARNING: [Synth 8-3917] design array_top has port addr_C[0] driven by constant 0
---------------------------------------------------------------------------------
Finished Cross Boundary and Area Optimization : Time (s): cpu = 00:00:32 ; elapsed = 00:00:34 . Memory (MB): peak = 2061.574 ; gain = 436.398
---------------------------------------------------------------------------------
 Sort Area is  u_mac/u_acc/_10 : 0 0 : 599 599 : Used 1 time 100
 Sort Area is  u_mac/u_acc/_11 : 0 0 : 599 599 : Used 1 time 100
 Sort Area is  u_mac/u_acc/_12 : 0 0 : 599 599 : Used 1 time 100
 Sort Area is  u_mac/u_acc/_13 : 0 0 : 599 599 : Used 1 time 100
 Sort Area is  u_mac/u_acc/_14 : 0 0 : 599 599 : Used 1 time 100
 Sort Area is  u_mac/u_acc/_15 : 0 0 : 599 599 : Used 1 time 100
 Sort Area is  u_mac/u_acc/_5 : 0 0 : 599 599 : Used 1 time 100
 Sort Area is  u_mac/u_acc/_7 : 0 0 : 599 599 : Used 1 time 100
 Sort Area is  u_mac/u_acc/_8 : 0 0 : 599 599 : Used 1 time 100
 Sort Area is  u_mac/u_acc/_9 : 0 0 : 599 599 : Used 1 time 100
 Sort Area is  u_mac/u_acc/_a : 0 0 : 599 599 : Used 1 time 100
 Sort Area is  u_mac/u_acc/_b : 0 0 : 599 599 : Used 1 time 100
 Sort Area is  u_mac/u_acc/_c : 0 0 : 599 599 : Used 1 time 100
 Sort Area is  u_mac/u_acc/_d : 0 0 : 599 599 : Used 1 time 100
 Sort Area is  u_mac/u_acc/_e : 0 0 : 599 599 : Used 1 time 100
 Sort Area is  u_mac/u_acc/_f : 0 0 : 599 599 : Used 1 time 100
 Sort Area is  addr_A_reg_0 : 0 0 : 2383 2383 : Used 1 time 0
 Sort Area is  addr_B_reg_2 : 0 0 : 2383 2383 : Used 1 time 0
 Sort Area is  addr_C_reg_3 : 0 0 : 2364 2364 : Used 1 time 0
---------------------------------------------------------------------------------
Start ROM, RAM, DSP, Shift Register and Retiming Reporting
---------------------------------------------------------------------------------

DSP: Preliminary Mapping Report (see note below. The ' indicates corresponding REG is set)
+---------------+-------------+--------+--------+--------+--------+--------+------+------+------+------+-------+------+------+
|Module Name    | DSP Mapping | A Size | B Size | C Size | D Size | P Size | AREG | BREG | CREG | DREG | ADREG | MREG | PREG | 
+---------------+-------------+--------+--------+--------+--------+--------+------+------+------+------+-------+------+------+
|array_ctrl     | (C'+A*B)'   | 19     | 16     | 19     | -      | 32     | 0    | 0    | 1    | -    | -     | 0    | 1    | 
|array_ctrl     | (C'+A*B)'   | 19     | 16     | 19     | -      | 32     | 0    | 0    | 1    | -    | -     | 0    | 1    | 
|array_ctrl     | (C+A*B)'    | 19     | 16     | 20     | -      | 32     | 0    | 0    | 0    | -    | -     | 0    | 1    | 
|mac_mult_stage | C+(A2*B2)'  | 8      | 8      | 32     | -      | 32     | 1    | 1    | 0    | -    | -     | 1    | 0    | 
|mac_mult_stage | C+(A2*B2)'  | 8      | 8      | 32     | -      | 32     | 1    | 1    | 0    | -    | -     | 1    | 0    | 
|mac_mult_stage | C+(A2*B2)'  | 8      | 8      | 32     | -      | 32     | 1    | 1    | 0    | -    | -     | 1    | 0    | 
|mac_mult_stage | C+(A2*B2)'  | 8      | 8      | 32     | -      | 32     | 1    | 1    | 0    | -    | -     | 1    | 0    | 
|mac_mult_stage | C+(A2*B2)'  | 8      | 8      | 32     | -      | 32     | 1    | 1    | 0    | -    | -     | 1    | 0    | 
|mac_mult_stage | C+(A2*B2)'  | 8      | 8      | 32     | -      | 32     | 1    | 1    | 0    | -    | -     | 1    | 0    | 
|mac_mult_stage | C+(A2*B2)'  | 8      | 8      | 32     | -      | 32     | 1    | 1    | 0    | -    | -     | 1    | 0    | 
|mac_mult_stage | C+(A2*B2)'  | 8      | 8      | 32     | -      | 32     | 1    | 1    | 0    | -    | -     | 1    | 0    | 
|mac_mult_stage | C+(A2*B2)'  | 8      | 8      | 32     | -      | 32     | 1    | 1    | 0    | -    | -     | 1    | 0    | 
|mac_mult_stage | C+(A2*B2)'  | 8      | 8      | 32     | -      | 32     | 1    | 1    | 0    | -    | -     | 1    | 0    | 
|mac_mult_stage | C+(A2*B2)'  | 8      | 8      | 32     | -      | 32     | 1    | 1    | 0    | -    | -     | 1    | 0    | 
|mac_mult_stage | C+(A2*B2)'  | 8      | 8      | 32     | -      | 32     | 1    | 1    | 0    | -    | -     | 1    | 0    | 
|mac_mult_stage | C+(A2*B2)'  | 8      | 8      | 32     | -      | 32     | 1    | 1    | 0    | -    | -     | 1    | 0    | 
|mac_mult_stage | C+(A2*B2)'  | 8      | 8      | 32     | -      | 32     | 1    | 1    | 0    | -    | -     | 1    | 0    | 
|mac_mult_stage | C+(A2*B2)'  | 8      | 8      | 32     | -      | 32     | 1    | 1    | 0    | -    | -     | 1    | 0    | 
|mac_mult_stage | C+(A2*B2)'  | 8      | 8      | 32     | -      | 32     | 1    | 1    | 0    | -    | -     | 1    | 0    | 
+---------------+-------------+--------+--------+--------+--------+--------+------+------+------+------+-------+------+------+

Note: The table above is a preliminary report that shows the DSPs inferred at the current stage of the synthesis flow. Some DSP may be reimplemented as non DSP primitives later in the synthesis flow. Multiple instantiated DSPs are reported only once.
---------------------------------------------------------------------------------
Finished ROM, RAM, DSP, Shift Register and Retiming Reporting
---------------------------------------------------------------------------------
---------------------------------------------------------------------------------
Start Applying XDC Timing Constraints
---------------------------------------------------------------------------------
---------------------------------------------------------------------------------
Finished Applying XDC Timing Constraints : Time (s): cpu = 00:00:46 ; elapsed = 00:00:49 . Memory (MB): peak = 2730.734 ; gain = 1105.559
---------------------------------------------------------------------------------
---------------------------------------------------------------------------------
Start Timing Optimization
---------------------------------------------------------------------------------
---------------------------------------------------------------------------------
Finished Timing Optimization : Time (s): cpu = 00:00:50 ; elapsed = 00:00:54 . Memory (MB): peak = 2823.988 ; gain = 1198.812
---------------------------------------------------------------------------------
---------------------------------------------------------------------------------
Start Technology Mapping
---------------------------------------------------------------------------------
---------------------------------------------------------------------------------
Finished Technology Mapping : Time (s): cpu = 00:00:53 ; elapsed = 00:00:57 . Memory (MB): peak = 2823.988 ; gain = 1198.812
---------------------------------------------------------------------------------
---------------------------------------------------------------------------------
Start IO Insertion
---------------------------------------------------------------------------------
---------------------------------------------------------------------------------
Start Flattening Before IO Insertion
---------------------------------------------------------------------------------
---------------------------------------------------------------------------------
Finished Flattening Before IO Insertion
---------------------------------------------------------------------------------
---------------------------------------------------------------------------------
Start Final Netlist Cleanup
---------------------------------------------------------------------------------
---------------------------------------------------------------------------------
Finished Final Netlist Cleanup
---------------------------------------------------------------------------------
---------------------------------------------------------------------------------
Finished IO Insertion : Time (s): cpu = 00:00:56 ; elapsed = 00:01:00 . Memory (MB): peak = 3016.574 ; gain = 1391.398
---------------------------------------------------------------------------------
---------------------------------------------------------------------------------
Start Renaming Generated Instances
---------------------------------------------------------------------------------
---------------------------------------------------------------------------------
Finished Renaming Generated Instances : Time (s): cpu = 00:00:56 ; elapsed = 00:01:00 . Memory (MB): peak = 3016.574 ; gain = 1391.398
---------------------------------------------------------------------------------
---------------------------------------------------------------------------------
Start Rebuilding User Hierarchy
---------------------------------------------------------------------------------
---------------------------------------------------------------------------------
Finished Rebuilding User Hierarchy : Time (s): cpu = 00:00:56 ; elapsed = 00:01:01 . Memory (MB): peak = 3016.574 ; gain = 1391.398
---------------------------------------------------------------------------------
---------------------------------------------------------------------------------
Start Renaming Generated Ports
---------------------------------------------------------------------------------
---------------------------------------------------------------------------------
Finished Renaming Generated Ports : Time (s): cpu = 00:00:56 ; elapsed = 00:01:01 . Memory (MB): peak = 3016.574 ; gain = 1391.398
---------------------------------------------------------------------------------
---------------------------------------------------------------------------------
Start Handling Custom Attributes
---------------------------------------------------------------------------------
---------------------------------------------------------------------------------
Finished Handling Custom Attributes : Time (s): cpu = 00:00:56 ; elapsed = 00:01:01 . Memory (MB): peak = 3016.574 ; gain = 1391.398
---------------------------------------------------------------------------------
---------------------------------------------------------------------------------
Start Renaming Generated Nets
---------------------------------------------------------------------------------
---------------------------------------------------------------------------------
Finished Renaming Generated Nets : Time (s): cpu = 00:00:56 ; elapsed = 00:01:01 . Memory (MB): peak = 3016.574 ; gain = 1391.398
---------------------------------------------------------------------------------
---------------------------------------------------------------------------------
Start Writing Synthesis Report
---------------------------------------------------------------------------------

DSP Final Report (the ' indicates corresponding REG is set)
+---------------+-------------+--------+--------+--------+--------+--------+------+------+------+------+-------+------+------+
|Module Name    | DSP Mapping | A Size | B Size | C Size | D Size | P Size | AREG | BREG | CREG | DREG | ADREG | MREG | PREG | 
+---------------+-------------+--------+--------+--------+--------+--------+------+------+------+------+-------+------+------+
|array_ctrl     | (C'+A*B)'   | 19     | 16     | 18     | -      | 32     | 0    | 0    | 1    | -    | -     | 0    | 1    | 
|array_ctrl     | (C'+A*B)'   | 19     | 16     | 18     | -      | 32     | 0    | 0    | 1    | -    | -     | 0    | 1    | 
|array_ctrl     | (C+A*B)'    | 19     | 16     | 19     | -      | 32     | 0    | 0    | 0    | -    | -     | 0    | 1    | 
|mac_mult_stage | Dynamic     | -      | -      | -      | -      | 32     | -    | -    | -    | -    | -     | 1    | 0    | 
|mac_mult_stage | Dynamic     | -      | -      | -      | -      | 32     | -    | -    | -    | -    | -     | 1    | 0    | 
|mac_mult_stage | Dynamic     | -      | -      | -      | -      | 32     | -    | -    | -    | -    | -     | 1    | 0    | 
|mac_mult_stage | Dynamic     | -      | -      | -      | -      | 32     | -    | -    | -    | -    | -     | 1    | 0    | 
|mac_mult_stage | Dynamic     | -      | -      | -      | -      | 32     | -    | -    | -    | -    | -     | 1    | 0    | 
|mac_mult_stage | Dynamic     | -      | -      | -      | -      | 32     | -    | -    | -    | -    | -     | 1    | 0    | 
|mac_mult_stage | Dynamic     | -      | -      | -      | -      | 32     | -    | -    | -    | -    | -     | 1    | 0    | 
|mac_mult_stage | Dynamic     | -      | -      | -      | -      | 32     | -    | -    | -    | -    | -     | 1    | 0    | 
|mac_mult_stage | Dynamic     | -      | -      | -      | -      | 32     | -    | -    | -    | -    | -     | 1    | 0    | 
|mac_mult_stage | Dynamic     | -      | -      | -      | -      | 32     | -    | -    | -    | -    | -     | 1    | 0    | 
|mac_mult_stage | Dynamic     | -      | -      | -      | -      | 32     | -    | -    | -    | -    | -     | 1    | 0    | 
|mac_mult_stage | Dynamic     | -      | -      | -      | -      | 32     | -    | -    | -    | -    | -     | 1    | 0    | 
|mac_mult_stage | Dynamic     | -      | -      | -      | -      | 32     | -    | -    | -    | -    | -     | 1    | 0    | 
|mac_mult_stage | Dynamic     | -      | -      | -      | -      | 32     | -    | -    | -    | -    | -     | 1    | 0    | 
|mac_mult_stage | Dynamic     | -      | -      | -      | -      | 32     | -    | -    | -    | -    | -     | 1    | 0    | 
|mac_mult_stage | Dynamic     | -      | -      | -      | -      | 32     | -    | -    | -    | -    | -     | 1    | 0    | 
+---------------+-------------+--------+--------+--------+--------+--------+------+------+------+------+-------+------+------+


Report BlackBoxes: 
+-+--------------+----------+
| |BlackBox name |Instances |
+-+--------------+----------+
+-+--------------+----------+

Report Cell Usage: 
+------+----------------+------+
|      |Cell            |Count |
+------+----------------+------+
|1     |CARRY8          |    20|
|2     |DSP_ALU         |    19|
|4     |DSP_A_B_DATA    |    19|
|9     |DSP_C_DATA      |    19|
|11    |DSP_MULTIPLIER  |    19|
|12    |DSP_M_DATA      |    19|
|14    |DSP_OUTPUT      |    19|
|16    |DSP_PREADD      |    19|
|17    |DSP_PREADD_DATA |    19|
|18    |LUT1            |    30|
|19    |LUT2            |   130|
|20    |LUT3            |    39|
|21    |LUT4            |   108|
|22    |LUT5            |    67|
|23    |LUT6            |   281|
|24    |FDRE            |   973|
+------+----------------+------+
---------------------------------------------------------------------------------
Finished Writing Synthesis Report : Time (s): cpu = 00:00:56 ; elapsed = 00:01:01 . Memory (MB): peak = 3016.574 ; gain = 1391.398
---------------------------------------------------------------------------------
Synthesis finished with 0 errors, 0 critical warnings and 2 warnings.
Synthesis Optimization Runtime : Time (s): cpu = 00:00:40 ; elapsed = 00:00:52 . Memory (MB): peak = 3016.574 ; gain = 1296.602
Synthesis Optimization Complete : Time (s): cpu = 00:00:57 ; elapsed = 00:01:01 . Memory (MB): peak = 3016.574 ; gain = 1391.398
INFO: [Project 1-571] Translating synthesized netlist
Netlist sorting complete. Time (s): cpu = 00:00:00 ; elapsed = 00:00:00.025 . Memory (MB): peak = 3016.574 ; gain = 0.000
INFO: [Netlist 29-17] Analyzing 39 Unisim elements for replacement
INFO: [Netlist 29-28] Unisim Transformation completed in 0 CPU seconds
INFO: [Project 1-570] Preparing netlist for logic optimization
INFO: [Opt 31-138] Pushed 0 inverter(s) to 0 load pin(s).
Netlist sorting complete. Time (s): cpu = 00:00:00 ; elapsed = 00:00:00 . Memory (MB): peak = 3016.574 ; gain = 0.000
INFO: [Project 1-111] Unisim Transformation Summary:
  A total of 19 instances were transformed.
  DSP48E2 => DSP48E2 (DSP_ALU, DSP_A_B_DATA, DSP_C_DATA, DSP_MULTIPLIER, DSP_M_DATA, DSP_OUTPUT, DSP_PREADD, DSP_PREADD_DATA): 19 instances

Synth Design complete | Checksum: 3f5304f7
INFO: [Common 17-83] Releasing license: Synthesis
54 Infos, 6 Warnings, 0 Critical Warnings and 0 Errors encountered.
synth_design completed successfully
synth_design: Time (s): cpu = 00:01:05 ; elapsed = 00:01:12 . Memory (MB): peak = 3016.574 ; gain = 2469.035
Write ShapeDB Complete: Time (s): cpu = 00:00:00 ; elapsed = 00:00:00.004 . Memory (MB): peak = 3016.574 ; gain = 0.000
INFO: [Common 17-1381] The checkpoint 'D:/E/1subject/HK6/doan1/matmul/matmul.runs/synth_1/array_top.dcp' has been generated.
INFO: [Vivado 12-24828] Executing command : report_utilization -file array_top_utilization_synth.rpt -pb array_top_utilization_synth.pb
INFO: [Common 17-206] Exiting Vivado at Tue Apr  7 16:28:28 2026...
