INFO: [VRFC 10-2263] Analyzing Verilog file "D:/HK6/Project1/testing/matmul_array/matmul/matmul.srcs/sources_1/new/gemm_accelerator.v" into library xil_defaultlib
INFO: [VRFC 10-311] analyzing module gemm_accelerator
INFO: [VRFC 10-2263] Analyzing Verilog file "D:/HK6/Project1/testing/matmul_array/matmul/matmul.srcs/sources_1/imports/sources_1/new/mac_acc_stage.v" into library xil_defaultlib
INFO: [VRFC 10-311] analyzing module mac_acc_stage
INFO: [VRFC 10-2263] Analyzing Verilog file "D:/HK6/Project1/testing/matmul_array/matmul/matmul.srcs/sources_1/imports/sources_1/imports/new/mac_core.v" into library xil_defaultlib
INFO: [VRFC 10-311] analyzing module mac_core
INFO: [VRFC 10-2263] Analyzing Verilog file "D:/HK6/Project1/testing/matmul_array/matmul/matmul.srcs/sources_1/imports/sources_1/new/mac_mult_stage.v" into library xil_defaultlib
INFO: [VRFC 10-311] analyzing module mac_mult_stage
INFO: [VRFC 10-2263] Analyzing Verilog file "D:/HK6/Project1/testing/matmul_array/matmul/matmul.srcs/sources_1/imports/sources_1/imports/new/matmul_array.v" into library xil_defaultlib
INFO: [VRFC 10-311] analyzing module matmul_array
INFO: [VRFC 10-2263] Analyzing Verilog file "D:/HK6/Project1/testing/matmul_array/matmul/matmul.srcs/sources_1/new/output_serializer.v" into library xil_defaultlib
INFO: [VRFC 10-311] analyzing module output_serializer
INFO: [VRFC 10-2263] Analyzing Verilog file "D:/HK6/Project1/testing/matmul_array/matmul/matmul.srcs/sources_1/imports/sources_1/imports/new/pe_wrapper.v" into library xil_defaultlib
INFO: [VRFC 10-311] analyzing module pe_wrapper
INFO: [VRFC 10-2263] Analyzing Verilog file "D:/HK6/Project1/testing/matmul_array/matmul/matmul.srcs/sources_1/new/sc_fifo.v" into library xil_defaultlib
INFO: [VRFC 10-311] analyzing module sc_fifo
INFO: [VRFC 10-2263] Analyzing Verilog file "D:/HK6/Project1/testing/matmul_array/matmul/matmul.srcs/sources_1/new/sc_fifo_fwft.v" into library xil_defaultlib
INFO: [VRFC 10-311] analyzing module sc_fifo_fwft
INFO: [VRFC 10-2263] Analyzing Verilog file "D:/HK6/Project1/testing/matmul_array/matmul/matmul.srcs/sources_1/new/shift_register_delay.v" into library xil_defaultlib
INFO: [VRFC 10-311] analyzing module shift_register_delay
INFO: [VRFC 10-2263] Analyzing Verilog file "D:/HK6/Project1/testing/matmul_array/matmul/matmul.srcs/sources_1/new/skew_network.v" into library xil_defaultlib
INFO: [VRFC 10-311] analyzing module skew_network
INFO: [VRFC 10-2263] Analyzing Verilog file "D:/HK6/Project1/testing/matmul_array/matmul/matmul.srcs/sources_1/new/systolic_dataflow_ctrl.v" into library xil_defaultlib
INFO: [VRFC 10-311] analyzing module systolic_dataflow_ctrl
INFO: [VRFC 10-2263] Analyzing Verilog file "D:/HK6/Project1/testing/matmul_array/matmul/matmul.srcs/sim_1/new/tb_gemm_accelerator.v" into library xil_defaultlib
INFO: [VRFC 10-311] analyzing module tb_gemm_accelerator
