Vivado Simulator v2025.2
Copyright 1986-2022 Xilinx, Inc. All Rights Reserved.
Copyright 2022-2025 Advanced Micro Devices, Inc. All Rights Reserved.
Running: D:/Apps/Study/Vivado/2025.2/Vivado/bin/unwrapped/win64.o/xelab.exe --incr --debug typical --relax --mt 2 -L xil_defaultlib -L axi_infrastructure_v1_1_0 -L axi_vip_v1_1_22 -L zynq_ultra_ps_e_vip_v1_0_22 -L axi_datamover_v5_1_37 -L xlconcat_v2_1_7 -L proc_sys_reset_v5_0_17 -L smartconnect_v1_0 -L axi_register_slice_v2_1_36 -L uvm -L xilinx_vip -L unisims_ver -L unimacro_ver -L secureip -L xpm --snapshot gemm_system_wrapper_behav xil_defaultlib.gemm_system_wrapper xil_defaultlib.glbl -log elaborate.log 
Using 2 slave threads.
Starting static elaboration
Pass Through NonSizing Optimizer
WARNING: [VRFC 10-3091] actual bit length 16 differs from formal bit length 1 for port 'valid_delay' [D:/gemm_accelerator/gemm_accelerator.srcs/sources_1/new/gemm_compute_core.v:115]
WARNING: [VRFC 10-3091] actual bit length 16 differs from formal bit length 1 for port 'clear_delay' [D:/gemm_accelerator/gemm_accelerator.srcs/sources_1/new/gemm_compute_core.v:116]
WARNING: [VRFC 10-3091] actual bit length 16 differs from formal bit length 1 for port 'last_mac_delay' [D:/gemm_accelerator/gemm_accelerator.srcs/sources_1/new/gemm_compute_core.v:117]
WARNING: [VRFC 10-3091] actual bit length 12 differs from formal bit length 16 for port 'MAXIGP1BID' [D:/gemm_accelerator/gemm_accelerator.ip_user_files/bd/gemm_system/ip/gemm_system_zynq_ultra_ps_e_0_0/sim/gemm_system_zynq_ultra_ps_e_0_0_vip_wrapper.v:454]
WARNING: [VRFC 10-3091] actual bit length 12 differs from formal bit length 16 for port 'MAXIGP1RID' [D:/gemm_accelerator/gemm_accelerator.ip_user_files/bd/gemm_system/ip/gemm_system_zynq_ultra_ps_e_0_0/sim/gemm_system_zynq_ultra_ps_e_0_0_vip_wrapper.v:455]
WARNING: [VRFC 10-3091] actual bit length 32 differs from formal bit length 128 for port 'MAXIGP1RDATA' [D:/gemm_accelerator/gemm_accelerator.ip_user_files/bd/gemm_system/ip/gemm_system_zynq_ultra_ps_e_0_0/sim/gemm_system_zynq_ultra_ps_e_0_0_vip_wrapper.v:458]
WARNING: [VRFC 10-3091] actual bit length 12 differs from formal bit length 16 for port 'MAXIGP2BID' [D:/gemm_accelerator/gemm_accelerator.ip_user_files/bd/gemm_system/ip/gemm_system_zynq_ultra_ps_e_0_0/sim/gemm_system_zynq_ultra_ps_e_0_0_vip_wrapper.v:495]
WARNING: [VRFC 10-3091] actual bit length 12 differs from formal bit length 16 for port 'MAXIGP2RID' [D:/gemm_accelerator/gemm_accelerator.ip_user_files/bd/gemm_system/ip/gemm_system_zynq_ultra_ps_e_0_0/sim/gemm_system_zynq_ultra_ps_e_0_0_vip_wrapper.v:496]
WARNING: [VRFC 10-3091] actual bit length 32 differs from formal bit length 128 for port 'MAXIGP2RDATA' [D:/gemm_accelerator/gemm_accelerator.ip_user_files/bd/gemm_system/ip/gemm_system_zynq_ultra_ps_e_0_0/sim/gemm_system_zynq_ultra_ps_e_0_0_vip_wrapper.v:499]
WARNING: [VRFC 10-3091] actual bit length 1 differs from formal bit length 4 for port 'SAXIGP0RACOUNT' [D:/gemm_accelerator/gemm_accelerator.ip_user_files/bd/gemm_system/ip/gemm_system_zynq_ultra_ps_e_0_0/sim/gemm_system_zynq_ultra_ps_e_0_0_vip_wrapper.v:504]
WARNING: [VRFC 10-3091] actual bit length 1 differs from formal bit length 4 for port 'SAXIGP0WACOUNT' [D:/gemm_accelerator/gemm_accelerator.ip_user_files/bd/gemm_system/ip/gemm_system_zynq_ultra_ps_e_0_0/sim/gemm_system_zynq_ultra_ps_e_0_0_vip_wrapper.v:505]
WARNING: [VRFC 10-3091] actual bit length 1 differs from formal bit length 8 for port 'SAXIGP0RCOUNT' [D:/gemm_accelerator/gemm_accelerator.ip_user_files/bd/gemm_system/ip/gemm_system_zynq_ultra_ps_e_0_0/sim/gemm_system_zynq_ultra_ps_e_0_0_vip_wrapper.v:506]
WARNING: [VRFC 10-3091] actual bit length 1 differs from formal bit length 8 for port 'SAXIGP0WCOUNT' [D:/gemm_accelerator/gemm_accelerator.ip_user_files/bd/gemm_system/ip/gemm_system_zynq_ultra_ps_e_0_0/sim/gemm_system_zynq_ultra_ps_e_0_0_vip_wrapper.v:507]
WARNING: [VRFC 10-3091] actual bit length 49 differs from formal bit length 40 for port 'SAXIGP0ARADDR' [D:/gemm_accelerator/gemm_accelerator.ip_user_files/bd/gemm_system/ip/gemm_system_zynq_ultra_ps_e_0_0/sim/gemm_system_zynq_ultra_ps_e_0_0_vip_wrapper.v:533]
WARNING: [VRFC 10-3091] actual bit length 49 differs from formal bit length 40 for port 'SAXIGP0AWADDR' [D:/gemm_accelerator/gemm_accelerator.ip_user_files/bd/gemm_system/ip/gemm_system_zynq_ultra_ps_e_0_0/sim/gemm_system_zynq_ultra_ps_e_0_0_vip_wrapper.v:534]
WARNING: [VRFC 10-3091] actual bit length 1 differs from formal bit length 4 for port 'SAXIGP1RACOUNT' [D:/gemm_accelerator/gemm_accelerator.ip_user_files/bd/gemm_system/ip/gemm_system_zynq_ultra_ps_e_0_0/sim/gemm_system_zynq_ultra_ps_e_0_0_vip_wrapper.v:549]
WARNING: [VRFC 10-3091] actual bit length 1 differs from formal bit length 4 for port 'SAXIGP1WACOUNT' [D:/gemm_accelerator/gemm_accelerator.ip_user_files/bd/gemm_system/ip/gemm_system_zynq_ultra_ps_e_0_0/sim/gemm_system_zynq_ultra_ps_e_0_0_vip_wrapper.v:550]
WARNING: [VRFC 10-3091] actual bit length 1 differs from formal bit length 8 for port 'SAXIGP1RCOUNT' [D:/gemm_accelerator/gemm_accelerator.ip_user_files/bd/gemm_system/ip/gemm_system_zynq_ultra_ps_e_0_0/sim/gemm_system_zynq_ultra_ps_e_0_0_vip_wrapper.v:551]
WARNING: [VRFC 10-3091] actual bit length 1 differs from formal bit length 8 for port 'SAXIGP1WCOUNT' [D:/gemm_accelerator/gemm_accelerator.ip_user_files/bd/gemm_system/ip/gemm_system_zynq_ultra_ps_e_0_0/sim/gemm_system_zynq_ultra_ps_e_0_0_vip_wrapper.v:552]
WARNING: [VRFC 10-3091] actual bit length 49 differs from formal bit length 40 for port 'SAXIGP1ARADDR' [D:/gemm_accelerator/gemm_accelerator.ip_user_files/bd/gemm_system/ip/gemm_system_zynq_ultra_ps_e_0_0/sim/gemm_system_zynq_ultra_ps_e_0_0_vip_wrapper.v:578]
WARNING: [VRFC 10-3091] actual bit length 49 differs from formal bit length 40 for port 'SAXIGP1AWADDR' [D:/gemm_accelerator/gemm_accelerator.ip_user_files/bd/gemm_system/ip/gemm_system_zynq_ultra_ps_e_0_0/sim/gemm_system_zynq_ultra_ps_e_0_0_vip_wrapper.v:579]
WARNING: [VRFC 10-3091] actual bit length 2 differs from formal bit length 1 for port 'SAXIGP2ARLOCK' [D:/gemm_accelerator/gemm_accelerator.ip_user_files/bd/gemm_system/ip/gemm_system_zynq_ultra_ps_e_0_0/sim/gemm_system_zynq_ultra_ps_e_0_0_vip_wrapper.v:616]
WARNING: [VRFC 10-3091] actual bit length 2 differs from formal bit length 1 for port 'SAXIGP2AWLOCK' [D:/gemm_accelerator/gemm_accelerator.ip_user_files/bd/gemm_system/ip/gemm_system_zynq_ultra_ps_e_0_0/sim/gemm_system_zynq_ultra_ps_e_0_0_vip_wrapper.v:619]
WARNING: [VRFC 10-3091] actual bit length 32 differs from formal bit length 40 for port 'SAXIGP2ARADDR' [D:/gemm_accelerator/gemm_accelerator.ip_user_files/bd/gemm_system/ip/gemm_system_zynq_ultra_ps_e_0_0/sim/gemm_system_zynq_ultra_ps_e_0_0_vip_wrapper.v:623]
WARNING: [VRFC 10-3091] actual bit length 32 differs from formal bit length 40 for port 'SAXIGP2AWADDR' [D:/gemm_accelerator/gemm_accelerator.ip_user_files/bd/gemm_system/ip/gemm_system_zynq_ultra_ps_e_0_0/sim/gemm_system_zynq_ultra_ps_e_0_0_vip_wrapper.v:624]
WARNING: [VRFC 10-3091] actual bit length 32 differs from formal bit length 128 for port 'SAXIGP2WDATA' [D:/gemm_accelerator/gemm_accelerator.ip_user_files/bd/gemm_system/ip/gemm_system_zynq_ultra_ps_e_0_0/sim/gemm_system_zynq_ultra_ps_e_0_0_vip_wrapper.v:625]
WARNING: [VRFC 10-3091] actual bit length 4 differs from formal bit length 8 for port 'SAXIGP2ARLEN' [D:/gemm_accelerator/gemm_accelerator.ip_user_files/bd/gemm_system/ip/gemm_system_zynq_ultra_ps_e_0_0/sim/gemm_system_zynq_ultra_ps_e_0_0_vip_wrapper.v:627]
WARNING: [VRFC 10-3091] actual bit length 4 differs from formal bit length 8 for port 'SAXIGP2AWLEN' [D:/gemm_accelerator/gemm_accelerator.ip_user_files/bd/gemm_system/ip/gemm_system_zynq_ultra_ps_e_0_0/sim/gemm_system_zynq_ultra_ps_e_0_0_vip_wrapper.v:630]
WARNING: [VRFC 10-3091] actual bit length 4 differs from formal bit length 16 for port 'SAXIGP2WSTRB' [D:/gemm_accelerator/gemm_accelerator.ip_user_files/bd/gemm_system/ip/gemm_system_zynq_ultra_ps_e_0_0/sim/gemm_system_zynq_ultra_ps_e_0_0_vip_wrapper.v:632]
WARNING: [VRFC 10-3091] actual bit length 2 differs from formal bit length 1 for port 'SAXIGP3ARLOCK' [D:/gemm_accelerator/gemm_accelerator.ip_user_files/bd/gemm_system/ip/gemm_system_zynq_ultra_ps_e_0_0/sim/gemm_system_zynq_ultra_ps_e_0_0_vip_wrapper.v:661]
WARNING: [VRFC 10-3091] actual bit length 2 differs from formal bit length 1 for port 'SAXIGP3AWLOCK' [D:/gemm_accelerator/gemm_accelerator.ip_user_files/bd/gemm_system/ip/gemm_system_zynq_ultra_ps_e_0_0/sim/gemm_system_zynq_ultra_ps_e_0_0_vip_wrapper.v:664]
WARNING: [VRFC 10-3091] actual bit length 32 differs from formal bit length 40 for port 'SAXIGP3ARADDR' [D:/gemm_accelerator/gemm_accelerator.ip_user_files/bd/gemm_system/ip/gemm_system_zynq_ultra_ps_e_0_0/sim/gemm_system_zynq_ultra_ps_e_0_0_vip_wrapper.v:668]
WARNING: [VRFC 10-3091] actual bit length 32 differs from formal bit length 40 for port 'SAXIGP3AWADDR' [D:/gemm_accelerator/gemm_accelerator.ip_user_files/bd/gemm_system/ip/gemm_system_zynq_ultra_ps_e_0_0/sim/gemm_system_zynq_ultra_ps_e_0_0_vip_wrapper.v:669]
WARNING: [VRFC 10-3091] actual bit length 32 differs from formal bit length 128 for port 'SAXIGP3WDATA' [D:/gemm_accelerator/gemm_accelerator.ip_user_files/bd/gemm_system/ip/gemm_system_zynq_ultra_ps_e_0_0/sim/gemm_system_zynq_ultra_ps_e_0_0_vip_wrapper.v:670]
WARNING: [VRFC 10-3091] actual bit length 4 differs from formal bit length 8 for port 'SAXIGP3ARLEN' [D:/gemm_accelerator/gemm_accelerator.ip_user_files/bd/gemm_system/ip/gemm_system_zynq_ultra_ps_e_0_0/sim/gemm_system_zynq_ultra_ps_e_0_0_vip_wrapper.v:672]
WARNING: [VRFC 10-3091] actual bit length 4 differs from formal bit length 8 for port 'SAXIGP3AWLEN' [D:/gemm_accelerator/gemm_accelerator.ip_user_files/bd/gemm_system/ip/gemm_system_zynq_ultra_ps_e_0_0/sim/gemm_system_zynq_ultra_ps_e_0_0_vip_wrapper.v:675]
WARNING: [VRFC 10-3091] actual bit length 4 differs from formal bit length 16 for port 'SAXIGP3WSTRB' [D:/gemm_accelerator/gemm_accelerator.ip_user_files/bd/gemm_system/ip/gemm_system_zynq_ultra_ps_e_0_0/sim/gemm_system_zynq_ultra_ps_e_0_0_vip_wrapper.v:677]
WARNING: [VRFC 10-3091] actual bit length 2 differs from formal bit length 1 for port 'SAXIGP4ARLOCK' [D:/gemm_accelerator/gemm_accelerator.ip_user_files/bd/gemm_system/ip/gemm_system_zynq_ultra_ps_e_0_0/sim/gemm_system_zynq_ultra_ps_e_0_0_vip_wrapper.v:706]
WARNING: [VRFC 10-3091] actual bit length 2 differs from formal bit length 1 for port 'SAXIGP4AWLOCK' [D:/gemm_accelerator/gemm_accelerator.ip_user_files/bd/gemm_system/ip/gemm_system_zynq_ultra_ps_e_0_0/sim/gemm_system_zynq_ultra_ps_e_0_0_vip_wrapper.v:709]
WARNING: [VRFC 10-3091] actual bit length 32 differs from formal bit length 40 for port 'SAXIGP4ARADDR' [D:/gemm_accelerator/gemm_accelerator.ip_user_files/bd/gemm_system/ip/gemm_system_zynq_ultra_ps_e_0_0/sim/gemm_system_zynq_ultra_ps_e_0_0_vip_wrapper.v:713]
WARNING: [VRFC 10-3091] actual bit length 32 differs from formal bit length 40 for port 'SAXIGP4AWADDR' [D:/gemm_accelerator/gemm_accelerator.ip_user_files/bd/gemm_system/ip/gemm_system_zynq_ultra_ps_e_0_0/sim/gemm_system_zynq_ultra_ps_e_0_0_vip_wrapper.v:714]
WARNING: [VRFC 10-3091] actual bit length 32 differs from formal bit length 128 for port 'SAXIGP4WDATA' [D:/gemm_accelerator/gemm_accelerator.ip_user_files/bd/gemm_system/ip/gemm_system_zynq_ultra_ps_e_0_0/sim/gemm_system_zynq_ultra_ps_e_0_0_vip_wrapper.v:715]
WARNING: [VRFC 10-3091] actual bit length 4 differs from formal bit length 8 for port 'SAXIGP4ARLEN' [D:/gemm_accelerator/gemm_accelerator.ip_user_files/bd/gemm_system/ip/gemm_system_zynq_ultra_ps_e_0_0/sim/gemm_system_zynq_ultra_ps_e_0_0_vip_wrapper.v:717]
WARNING: [VRFC 10-3091] actual bit length 4 differs from formal bit length 8 for port 'SAXIGP4AWLEN' [D:/gemm_accelerator/gemm_accelerator.ip_user_files/bd/gemm_system/ip/gemm_system_zynq_ultra_ps_e_0_0/sim/gemm_system_zynq_ultra_ps_e_0_0_vip_wrapper.v:720]
WARNING: [VRFC 10-3091] actual bit length 4 differs from formal bit length 16 for port 'SAXIGP4WSTRB' [D:/gemm_accelerator/gemm_accelerator.ip_user_files/bd/gemm_system/ip/gemm_system_zynq_ultra_ps_e_0_0/sim/gemm_system_zynq_ultra_ps_e_0_0_vip_wrapper.v:722]
WARNING: [VRFC 10-3091] actual bit length 2 differs from formal bit length 1 for port 'SAXIGP5ARLOCK' [D:/gemm_accelerator/gemm_accelerator.ip_user_files/bd/gemm_system/ip/gemm_system_zynq_ultra_ps_e_0_0/sim/gemm_system_zynq_ultra_ps_e_0_0_vip_wrapper.v:751]
WARNING: [VRFC 10-3091] actual bit length 2 differs from formal bit length 1 for port 'SAXIGP5AWLOCK' [D:/gemm_accelerator/gemm_accelerator.ip_user_files/bd/gemm_system/ip/gemm_system_zynq_ultra_ps_e_0_0/sim/gemm_system_zynq_ultra_ps_e_0_0_vip_wrapper.v:754]
WARNING: [VRFC 10-3091] actual bit length 32 differs from formal bit length 40 for port 'SAXIGP5ARADDR' [D:/gemm_accelerator/gemm_accelerator.ip_user_files/bd/gemm_system/ip/gemm_system_zynq_ultra_ps_e_0_0/sim/gemm_system_zynq_ultra_ps_e_0_0_vip_wrapper.v:758]
WARNING: [VRFC 10-3091] actual bit length 32 differs from formal bit length 40 for port 'SAXIGP5AWADDR' [D:/gemm_accelerator/gemm_accelerator.ip_user_files/bd/gemm_system/ip/gemm_system_zynq_ultra_ps_e_0_0/sim/gemm_system_zynq_ultra_ps_e_0_0_vip_wrapper.v:759]
WARNING: [VRFC 10-3091] actual bit length 32 differs from formal bit length 128 for port 'SAXIGP5WDATA' [D:/gemm_accelerator/gemm_accelerator.ip_user_files/bd/gemm_system/ip/gemm_system_zynq_ultra_ps_e_0_0/sim/gemm_system_zynq_ultra_ps_e_0_0_vip_wrapper.v:760]
WARNING: [VRFC 10-3091] actual bit length 4 differs from formal bit length 8 for port 'SAXIGP5ARLEN' [D:/gemm_accelerator/gemm_accelerator.ip_user_files/bd/gemm_system/ip/gemm_system_zynq_ultra_ps_e_0_0/sim/gemm_system_zynq_ultra_ps_e_0_0_vip_wrapper.v:762]
WARNING: [VRFC 10-3091] actual bit length 4 differs from formal bit length 8 for port 'SAXIGP5AWLEN' [D:/gemm_accelerator/gemm_accelerator.ip_user_files/bd/gemm_system/ip/gemm_system_zynq_ultra_ps_e_0_0/sim/gemm_system_zynq_ultra_ps_e_0_0_vip_wrapper.v:765]
WARNING: [VRFC 10-3091] actual bit length 4 differs from formal bit length 16 for port 'SAXIGP5WSTRB' [D:/gemm_accelerator/gemm_accelerator.ip_user_files/bd/gemm_system/ip/gemm_system_zynq_ultra_ps_e_0_0/sim/gemm_system_zynq_ultra_ps_e_0_0_vip_wrapper.v:767]
WARNING: [VRFC 10-3091] actual bit length 2 differs from formal bit length 1 for port 'SAXIGP6ARLOCK' [D:/gemm_accelerator/gemm_accelerator.ip_user_files/bd/gemm_system/ip/gemm_system_zynq_ultra_ps_e_0_0/sim/gemm_system_zynq_ultra_ps_e_0_0_vip_wrapper.v:796]
WARNING: [VRFC 10-3091] actual bit length 2 differs from formal bit length 1 for port 'SAXIGP6AWLOCK' [D:/gemm_accelerator/gemm_accelerator.ip_user_files/bd/gemm_system/ip/gemm_system_zynq_ultra_ps_e_0_0/sim/gemm_system_zynq_ultra_ps_e_0_0_vip_wrapper.v:799]
WARNING: [VRFC 10-3091] actual bit length 32 differs from formal bit length 40 for port 'SAXIGP6ARADDR' [D:/gemm_accelerator/gemm_accelerator.ip_user_files/bd/gemm_system/ip/gemm_system_zynq_ultra_ps_e_0_0/sim/gemm_system_zynq_ultra_ps_e_0_0_vip_wrapper.v:803]
WARNING: [VRFC 10-3091] actual bit length 32 differs from formal bit length 40 for port 'SAXIGP6AWADDR' [D:/gemm_accelerator/gemm_accelerator.ip_user_files/bd/gemm_system/ip/gemm_system_zynq_ultra_ps_e_0_0/sim/gemm_system_zynq_ultra_ps_e_0_0_vip_wrapper.v:804]
WARNING: [VRFC 10-3091] actual bit length 32 differs from formal bit length 128 for port 'SAXIGP6WDATA' [D:/gemm_accelerator/gemm_accelerator.ip_user_files/bd/gemm_system/ip/gemm_system_zynq_ultra_ps_e_0_0/sim/gemm_system_zynq_ultra_ps_e_0_0_vip_wrapper.v:805]
WARNING: [VRFC 10-3091] actual bit length 4 differs from formal bit length 8 for port 'SAXIGP6ARLEN' [D:/gemm_accelerator/gemm_accelerator.ip_user_files/bd/gemm_system/ip/gemm_system_zynq_ultra_ps_e_0_0/sim/gemm_system_zynq_ultra_ps_e_0_0_vip_wrapper.v:807]
WARNING: [VRFC 10-3091] actual bit length 4 differs from formal bit length 8 for port 'SAXIGP6AWLEN' [D:/gemm_accelerator/gemm_accelerator.ip_user_files/bd/gemm_system/ip/gemm_system_zynq_ultra_ps_e_0_0/sim/gemm_system_zynq_ultra_ps_e_0_0_vip_wrapper.v:810]
WARNING: [VRFC 10-3091] actual bit length 4 differs from formal bit length 16 for port 'SAXIGP6WSTRB' [D:/gemm_accelerator/gemm_accelerator.ip_user_files/bd/gemm_system/ip/gemm_system_zynq_ultra_ps_e_0_0/sim/gemm_system_zynq_ultra_ps_e_0_0_vip_wrapper.v:812]
WARNING: [VRFC 10-3091] actual bit length 3 differs from formal bit length 5 for port 'SAXIACPARID' [D:/gemm_accelerator/gemm_accelerator.ip_user_files/bd/gemm_system/ip/gemm_system_zynq_ultra_ps_e_0_0/sim/gemm_system_zynq_ultra_ps_e_0_0_vip_wrapper.v:833]
WARNING: [VRFC 10-3091] actual bit length 3 differs from formal bit length 5 for port 'SAXIACPAWID' [D:/gemm_accelerator/gemm_accelerator.ip_user_files/bd/gemm_system/ip/gemm_system_zynq_ultra_ps_e_0_0/sim/gemm_system_zynq_ultra_ps_e_0_0_vip_wrapper.v:835]
WARNING: [VRFC 10-3091] actual bit length 32 differs from formal bit length 40 for port 'SAXIACPARADDR' [D:/gemm_accelerator/gemm_accelerator.ip_user_files/bd/gemm_system/ip/gemm_system_zynq_ultra_ps_e_0_0/sim/gemm_system_zynq_ultra_ps_e_0_0_vip_wrapper.v:837]
WARNING: [VRFC 10-3091] actual bit length 32 differs from formal bit length 40 for port 'SAXIACPAWADDR' [D:/gemm_accelerator/gemm_accelerator.ip_user_files/bd/gemm_system/ip/gemm_system_zynq_ultra_ps_e_0_0/sim/gemm_system_zynq_ultra_ps_e_0_0_vip_wrapper.v:838]
WARNING: [VRFC 10-3091] actual bit length 4 differs from formal bit length 8 for port 'SAXIACPARLEN' [D:/gemm_accelerator/gemm_accelerator.ip_user_files/bd/gemm_system/ip/gemm_system_zynq_ultra_ps_e_0_0/sim/gemm_system_zynq_ultra_ps_e_0_0_vip_wrapper.v:840]
WARNING: [VRFC 10-3091] actual bit length 4 differs from formal bit length 8 for port 'SAXIACPAWLEN' [D:/gemm_accelerator/gemm_accelerator.ip_user_files/bd/gemm_system/ip/gemm_system_zynq_ultra_ps_e_0_0/sim/gemm_system_zynq_ultra_ps_e_0_0_vip_wrapper.v:843]
WARNING: [VRFC 10-3091] actual bit length 2 differs from formal bit length 1 for port 'SAXIACPARLOCK' [D:/gemm_accelerator/gemm_accelerator.ip_user_files/bd/gemm_system/ip/gemm_system_zynq_ultra_ps_e_0_0/sim/gemm_system_zynq_ultra_ps_e_0_0_vip_wrapper.v:846]
WARNING: [VRFC 10-3091] actual bit length 2 differs from formal bit length 1 for port 'SAXIACPAWLOCK' [D:/gemm_accelerator/gemm_accelerator.ip_user_files/bd/gemm_system/ip/gemm_system_zynq_ultra_ps_e_0_0/sim/gemm_system_zynq_ultra_ps_e_0_0_vip_wrapper.v:849]
WARNING: [VRFC 10-3091] actual bit length 5 differs from formal bit length 2 for port 'SAXIACPARUSER' [D:/gemm_accelerator/gemm_accelerator.ip_user_files/bd/gemm_system/ip/gemm_system_zynq_ultra_ps_e_0_0/sim/gemm_system_zynq_ultra_ps_e_0_0_vip_wrapper.v:851]
WARNING: [VRFC 10-3091] actual bit length 5 differs from formal bit length 2 for port 'SAXIACPAWUSER' [D:/gemm_accelerator/gemm_accelerator.ip_user_files/bd/gemm_system/ip/gemm_system_zynq_ultra_ps_e_0_0/sim/gemm_system_zynq_ultra_ps_e_0_0_vip_wrapper.v:852]
WARNING: [VRFC 10-3091] actual bit length 64 differs from formal bit length 128 for port 'SAXIACPWDATA' [D:/gemm_accelerator/gemm_accelerator.ip_user_files/bd/gemm_system/ip/gemm_system_zynq_ultra_ps_e_0_0/sim/gemm_system_zynq_ultra_ps_e_0_0_vip_wrapper.v:853]
WARNING: [VRFC 10-3091] actual bit length 8 differs from formal bit length 16 for port 'SAXIACPWSTRB' [D:/gemm_accelerator/gemm_accelerator.ip_user_files/bd/gemm_system/ip/gemm_system_zynq_ultra_ps_e_0_0/sim/gemm_system_zynq_ultra_ps_e_0_0_vip_wrapper.v:854]
WARNING: [VRFC 10-3091] actual bit length 1 differs from formal bit length 8 for port 'PLPSIRQ0' [D:/gemm_accelerator/gemm_accelerator.ip_user_files/bd/gemm_system/ip/gemm_system_zynq_ultra_ps_e_0_0/sim/gemm_system_zynq_ultra_ps_e_0_0_vip_wrapper.v:920]
WARNING: [VRFC 10-3091] actual bit length 32 differs from formal bit length 1 for port 'S_AWREGION' [/scratch/proj/xbuilds/SWIP/2025.2_1114_2157/infra/XSIM/lin/.cxl.ip/incl/zynq_ultra_ps_e_vip_v1_0_22_axi_acp.sv:71]
WARNING: [VRFC 10-3091] actual bit length 32 differs from formal bit length 1 for port 'S_ARREGION' [/scratch/proj/xbuilds/SWIP/2025.2_1114_2157/infra/XSIM/lin/.cxl.ip/incl/zynq_ultra_ps_e_vip_v1_0_22_axi_acp.sv:72]
WARNING: [VRFC 10-3091] actual bit length 32 differs from formal bit length 1 for port 'S_WUSER' [/scratch/proj/xbuilds/SWIP/2025.2_1114_2157/infra/XSIM/lin/.cxl.ip/incl/zynq_ultra_ps_e_vip_v1_0_22_axi_acp.sv:74]
WARNING: [VRFC 10-3091] actual bit length 2 differs from formal bit length 1 for port 's_axi_awuser' [/wrk/ci/prod/2025.2/sw/continuous/3083/output/customer/vivado/data/ip/xilinx/zynq_ultra_ps_e_vip_v1_0/hdl/zynq_ultra_ps_e_vip_v1_0_vl_rfs.sv:6300]
WARNING: [VRFC 10-3091] actual bit length 1 differs from formal bit length 5 for port 's_axi_wid' [/wrk/ci/prod/2025.2/sw/continuous/3083/output/customer/vivado/data/ip/xilinx/zynq_ultra_ps_e_vip_v1_0/hdl/zynq_ultra_ps_e_vip_v1_0_vl_rfs.sv:6303]
WARNING: [VRFC 10-3091] actual bit length 2 differs from formal bit length 1 for port 's_axi_aruser' [/wrk/ci/prod/2025.2/sw/continuous/3083/output/customer/vivado/data/ip/xilinx/zynq_ultra_ps_e_vip_v1_0/hdl/zynq_ultra_ps_e_vip_v1_0_vl_rfs.sv:6325]
WARNING: [VRFC 10-3091] actual bit length 12 differs from formal bit length 5 for port 'm_axi_bid' [/wrk/ci/prod/2025.2/sw/continuous/3083/output/customer/vivado/data/ip/xilinx/zynq_ultra_ps_e_vip_v1_0/hdl/zynq_ultra_ps_e_vip_v1_0_vl_rfs.sv:6355]
WARNING: [VRFC 10-3091] actual bit length 12 differs from formal bit length 5 for port 'm_axi_rid' [/wrk/ci/prod/2025.2/sw/continuous/3083/output/customer/vivado/data/ip/xilinx/zynq_ultra_ps_e_vip_v1_0/hdl/zynq_ultra_ps_e_vip_v1_0_vl_rfs.sv:6373]
WARNING: [VRFC 10-3091] actual bit length 32 differs from formal bit length 128 for port 'm_axi_rdata' [/wrk/ci/prod/2025.2/sw/continuous/3083/output/customer/vivado/data/ip/xilinx/zynq_ultra_ps_e_vip_v1_0/hdl/zynq_ultra_ps_e_vip_v1_0_vl_rfs.sv:6374]
WARNING: [VRFC 10-3091] actual bit length 4 differs from formal bit length 2 for port 'S_RRESP' [/scratch/proj/xbuilds/SWIP/2025.2_1114_2157/infra/XSIM/lin/.cxl.ip/incl/zynq_ultra_ps_e_vip_v1_0_22_axi_ace.sv:64]
WARNING: [VRFC 10-3091] actual bit length 16 differs from formal bit length 15 for port 'S_AWUSER' [/scratch/proj/xbuilds/SWIP/2025.2_1114_2157/infra/XSIM/lin/.cxl.ip/incl/zynq_ultra_ps_e_vip_v1_0_22_axi_ace.sv:73]
WARNING: [VRFC 10-3091] actual bit length 16 differs from formal bit length 15 for port 'S_ARUSER' [/scratch/proj/xbuilds/SWIP/2025.2_1114_2157/infra/XSIM/lin/.cxl.ip/incl/zynq_ultra_ps_e_vip_v1_0_22_axi_ace.sv:76]
WARNING: [VRFC 10-3091] actual bit length 15 differs from formal bit length 1 for port 's_axi_awuser' [/wrk/ci/prod/2025.2/sw/continuous/3083/output/customer/vivado/data/ip/xilinx/zynq_ultra_ps_e_vip_v1_0/hdl/zynq_ultra_ps_e_vip_v1_0_vl_rfs.sv:4835]
WARNING: [VRFC 10-3091] actual bit length 1 differs from formal bit length 6 for port 's_axi_wid' [/wrk/ci/prod/2025.2/sw/continuous/3083/output/customer/vivado/data/ip/xilinx/zynq_ultra_ps_e_vip_v1_0/hdl/zynq_ultra_ps_e_vip_v1_0_vl_rfs.sv:4838]
WARNING: [VRFC 10-3091] actual bit length 15 differs from formal bit length 1 for port 's_axi_aruser' [/wrk/ci/prod/2025.2/sw/continuous/3083/output/customer/vivado/data/ip/xilinx/zynq_ultra_ps_e_vip_v1_0/hdl/zynq_ultra_ps_e_vip_v1_0_vl_rfs.sv:4860]
WARNING: [VRFC 10-3091] actual bit length 12 differs from formal bit length 6 for port 'm_axi_bid' [/wrk/ci/prod/2025.2/sw/continuous/3083/output/customer/vivado/data/ip/xilinx/zynq_ultra_ps_e_vip_v1_0/hdl/zynq_ultra_ps_e_vip_v1_0_vl_rfs.sv:4890]
WARNING: [VRFC 10-3091] actual bit length 12 differs from formal bit length 6 for port 'm_axi_rid' [/wrk/ci/prod/2025.2/sw/continuous/3083/output/customer/vivado/data/ip/xilinx/zynq_ultra_ps_e_vip_v1_0/hdl/zynq_ultra_ps_e_vip_v1_0_vl_rfs.sv:4908]
WARNING: [VRFC 10-3091] actual bit length 32 differs from formal bit length 128 for port 'm_axi_rdata' [/wrk/ci/prod/2025.2/sw/continuous/3083/output/customer/vivado/data/ip/xilinx/zynq_ultra_ps_e_vip_v1_0/hdl/zynq_ultra_ps_e_vip_v1_0_vl_rfs.sv:4909]
WARNING: [VRFC 10-3091] actual bit length 32 differs from formal bit length 1 for port 'S_AWREGION' [/scratch/proj/xbuilds/SWIP/2025.2_1114_2157/infra/XSIM/lin/.cxl.ip/incl/zynq_ultra_ps_e_vip_v1_0_22_axi_gp.sv:72]
WARNING: [VRFC 10-3091] actual bit length 32 differs from formal bit length 1 for port 'S_ARREGION' [/scratch/proj/xbuilds/SWIP/2025.2_1114_2157/infra/XSIM/lin/.cxl.ip/incl/zynq_ultra_ps_e_vip_v1_0_22_axi_gp.sv:73]
WARNING: [VRFC 10-3091] actual bit length 32 differs from formal bit length 1 for port 'S_WUSER' [/scratch/proj/xbuilds/SWIP/2025.2_1114_2157/infra/XSIM/lin/.cxl.ip/incl/zynq_ultra_ps_e_vip_v1_0_22_axi_gp.sv:75]
WARNING: [VRFC 10-3091] actual bit length 32 differs from formal bit length 1 for port 'S_AWREGION' [/scratch/proj/xbuilds/SWIP/2025.2_1114_2157/infra/XSIM/lin/.cxl.ip/incl/zynq_ultra_ps_e_vip_v1_0_22_axi_gp.sv:166]
WARNING: [VRFC 10-3091] actual bit length 32 differs from formal bit length 1 for port 'S_ARREGION' [/scratch/proj/xbuilds/SWIP/2025.2_1114_2157/infra/XSIM/lin/.cxl.ip/incl/zynq_ultra_ps_e_vip_v1_0_22_axi_gp.sv:167]
WARNING: [VRFC 10-3091] actual bit length 32 differs from formal bit length 1 for port 'S_WUSER' [/scratch/proj/xbuilds/SWIP/2025.2_1114_2157/infra/XSIM/lin/.cxl.ip/incl/zynq_ultra_ps_e_vip_v1_0_22_axi_gp.sv:169]
WARNING: [VRFC 10-3091] actual bit length 32 differs from formal bit length 1 for port 'S_AWREGION' [/scratch/proj/xbuilds/SWIP/2025.2_1114_2157/infra/XSIM/lin/.cxl.ip/incl/zynq_ultra_ps_e_vip_v1_0_22_axi_gp.sv:260]
WARNING: [VRFC 10-3091] actual bit length 32 differs from formal bit length 1 for port 'S_ARREGION' [/scratch/proj/xbuilds/SWIP/2025.2_1114_2157/infra/XSIM/lin/.cxl.ip/incl/zynq_ultra_ps_e_vip_v1_0_22_axi_gp.sv:261]
WARNING: [VRFC 10-3091] actual bit length 32 differs from formal bit length 1 for port 'S_WUSER' [/scratch/proj/xbuilds/SWIP/2025.2_1114_2157/infra/XSIM/lin/.cxl.ip/incl/zynq_ultra_ps_e_vip_v1_0_22_axi_gp.sv:263]
WARNING: [VRFC 10-3091] actual bit length 32 differs from formal bit length 1 for port 'S_AWREGION' [/scratch/proj/xbuilds/SWIP/2025.2_1114_2157/infra/XSIM/lin/.cxl.ip/incl/zynq_ultra_ps_e_vip_v1_0_22_axi_gp.sv:354]
WARNING: [VRFC 10-3091] actual bit length 32 differs from formal bit length 1 for port 'S_ARREGION' [/scratch/proj/xbuilds/SWIP/2025.2_1114_2157/infra/XSIM/lin/.cxl.ip/incl/zynq_ultra_ps_e_vip_v1_0_22_axi_gp.sv:355]
WARNING: [VRFC 10-3091] actual bit length 32 differs from formal bit length 1 for port 'S_WUSER' [/scratch/proj/xbuilds/SWIP/2025.2_1114_2157/infra/XSIM/lin/.cxl.ip/incl/zynq_ultra_ps_e_vip_v1_0_22_axi_gp.sv:357]
WARNING: [VRFC 10-3091] actual bit length 32 differs from formal bit length 1 for port 'S_AWREGION' [/scratch/proj/xbuilds/SWIP/2025.2_1114_2157/infra/XSIM/lin/.cxl.ip/incl/zynq_ultra_ps_e_vip_v1_0_22_axi_gp.sv:448]
WARNING: [VRFC 10-3091] actual bit length 32 differs from formal bit length 1 for port 'S_ARREGION' [/scratch/proj/xbuilds/SWIP/2025.2_1114_2157/infra/XSIM/lin/.cxl.ip/incl/zynq_ultra_ps_e_vip_v1_0_22_axi_gp.sv:449]
WARNING: [VRFC 10-3091] actual bit length 32 differs from formal bit length 1 for port 'S_WUSER' [/scratch/proj/xbuilds/SWIP/2025.2_1114_2157/infra/XSIM/lin/.cxl.ip/incl/zynq_ultra_ps_e_vip_v1_0_22_axi_gp.sv:451]
WARNING: [VRFC 10-3091] actual bit length 32 differs from formal bit length 1 for port 'S_AWREGION' [/scratch/proj/xbuilds/SWIP/2025.2_1114_2157/infra/XSIM/lin/.cxl.ip/incl/zynq_ultra_ps_e_vip_v1_0_22_axi_gp.sv:542]
WARNING: [VRFC 10-3091] actual bit length 32 differs from formal bit length 1 for port 'S_ARREGION' [/scratch/proj/xbuilds/SWIP/2025.2_1114_2157/infra/XSIM/lin/.cxl.ip/incl/zynq_ultra_ps_e_vip_v1_0_22_axi_gp.sv:543]
WARNING: [VRFC 10-3091] actual bit length 32 differs from formal bit length 1 for port 'S_WUSER' [/scratch/proj/xbuilds/SWIP/2025.2_1114_2157/infra/XSIM/lin/.cxl.ip/incl/zynq_ultra_ps_e_vip_v1_0_22_axi_gp.sv:545]
WARNING: [VRFC 10-3091] actual bit length 32 differs from formal bit length 1 for port 'S_AWREGION' [/scratch/proj/xbuilds/SWIP/2025.2_1114_2157/infra/XSIM/lin/.cxl.ip/incl/zynq_ultra_ps_e_vip_v1_0_22_axi_gp.sv:636]
WARNING: [VRFC 10-3091] actual bit length 32 differs from formal bit length 1 for port 'S_ARREGION' [/scratch/proj/xbuilds/SWIP/2025.2_1114_2157/infra/XSIM/lin/.cxl.ip/incl/zynq_ultra_ps_e_vip_v1_0_22_axi_gp.sv:637]
WARNING: [VRFC 10-3091] actual bit length 32 differs from formal bit length 1 for port 'S_WUSER' [/scratch/proj/xbuilds/SWIP/2025.2_1114_2157/infra/XSIM/lin/.cxl.ip/incl/zynq_ultra_ps_e_vip_v1_0_22_axi_gp.sv:639]
WARNING: [VRFC 10-3091] actual bit length 16 differs from formal bit length 1 for port 'M_AWUSER' [/scratch/proj/xbuilds/SWIP/2025.2_1114_2157/infra/XSIM/lin/.cxl.ip/incl/zynq_ultra_ps_e_vip_v1_0_22_axi_gp.sv:733]
WARNING: [VRFC 10-3091] actual bit length 32 differs from formal bit length 1 for port 'M_BUSER' [/scratch/proj/xbuilds/SWIP/2025.2_1114_2157/infra/XSIM/lin/.cxl.ip/incl/zynq_ultra_ps_e_vip_v1_0_22_axi_gp.sv:735]
WARNING: [VRFC 10-3091] actual bit length 16 differs from formal bit length 1 for port 'M_ARUSER' [/scratch/proj/xbuilds/SWIP/2025.2_1114_2157/infra/XSIM/lin/.cxl.ip/incl/zynq_ultra_ps_e_vip_v1_0_22_axi_gp.sv:736]
WARNING: [VRFC 10-3091] actual bit length 32 differs from formal bit length 1 for port 'M_RUSER' [/scratch/proj/xbuilds/SWIP/2025.2_1114_2157/infra/XSIM/lin/.cxl.ip/incl/zynq_ultra_ps_e_vip_v1_0_22_axi_gp.sv:737]
WARNING: [VRFC 10-3091] actual bit length 12 differs from formal bit length 16 for port 's_axi_awid' [/wrk/ci/prod/2025.2/sw/continuous/3083/output/customer/vivado/data/ip/xilinx/zynq_ultra_ps_e_vip_v1_0/hdl/zynq_ultra_ps_e_vip_v1_0_vl_rfs.sv:7822]
WARNING: [VRFC 10-3091] actual bit length 32 differs from formal bit length 40 for port 's_axi_awaddr' [/wrk/ci/prod/2025.2/sw/continuous/3083/output/customer/vivado/data/ip/xilinx/zynq_ultra_ps_e_vip_v1_0/hdl/zynq_ultra_ps_e_vip_v1_0_vl_rfs.sv:7823]
WARNING: [VRFC 10-3091] actual bit length 4 differs from formal bit length 8 for port 's_axi_awlen' [/wrk/ci/prod/2025.2/sw/continuous/3083/output/customer/vivado/data/ip/xilinx/zynq_ultra_ps_e_vip_v1_0/hdl/zynq_ultra_ps_e_vip_v1_0_vl_rfs.sv:7824]
WARNING: [VRFC 10-3091] actual bit length 2 differs from formal bit length 1 for port 's_axi_awlock' [/wrk/ci/prod/2025.2/sw/continuous/3083/output/customer/vivado/data/ip/xilinx/zynq_ultra_ps_e_vip_v1_0/hdl/zynq_ultra_ps_e_vip_v1_0_vl_rfs.sv:7827]
WARNING: [VRFC 10-3091] actual bit length 12 differs from formal bit length 16 for port 's_axi_wid' [/wrk/ci/prod/2025.2/sw/continuous/3083/output/customer/vivado/data/ip/xilinx/zynq_ultra_ps_e_vip_v1_0/hdl/zynq_ultra_ps_e_vip_v1_0_vl_rfs.sv:7835]
WARNING: [VRFC 10-3091] actual bit length 32 differs from formal bit length 128 for port 's_axi_wdata' [/wrk/ci/prod/2025.2/sw/continuous/3083/output/customer/vivado/data/ip/xilinx/zynq_ultra_ps_e_vip_v1_0/hdl/zynq_ultra_ps_e_vip_v1_0_vl_rfs.sv:7836]
WARNING: [VRFC 10-3091] actual bit length 4 differs from formal bit length 16 for port 's_axi_wstrb' [/wrk/ci/prod/2025.2/sw/continuous/3083/output/customer/vivado/data/ip/xilinx/zynq_ultra_ps_e_vip_v1_0/hdl/zynq_ultra_ps_e_vip_v1_0_vl_rfs.sv:7837]
WARNING: [VRFC 10-3091] actual bit length 12 differs from formal bit length 16 for port 's_axi_arid' [/wrk/ci/prod/2025.2/sw/continuous/3083/output/customer/vivado/data/ip/xilinx/zynq_ultra_ps_e_vip_v1_0/hdl/zynq_ultra_ps_e_vip_v1_0_vl_rfs.sv:7847]
WARNING: [VRFC 10-3091] actual bit length 32 differs from formal bit length 40 for port 's_axi_araddr' [/wrk/ci/prod/2025.2/sw/continuous/3083/output/customer/vivado/data/ip/xilinx/zynq_ultra_ps_e_vip_v1_0/hdl/zynq_ultra_ps_e_vip_v1_0_vl_rfs.sv:7848]
WARNING: [VRFC 10-3091] actual bit length 4 differs from formal bit length 8 for port 's_axi_arlen' [/wrk/ci/prod/2025.2/sw/continuous/3083/output/customer/vivado/data/ip/xilinx/zynq_ultra_ps_e_vip_v1_0/hdl/zynq_ultra_ps_e_vip_v1_0_vl_rfs.sv:7849]
WARNING: [VRFC 10-3091] actual bit length 2 differs from formal bit length 1 for port 's_axi_arlock' [/wrk/ci/prod/2025.2/sw/continuous/3083/output/customer/vivado/data/ip/xilinx/zynq_ultra_ps_e_vip_v1_0/hdl/zynq_ultra_ps_e_vip_v1_0_vl_rfs.sv:7852]
WARNING: [VRFC 10-3091] actual bit length 16 differs from formal bit length 1 for port 'M_AWUSER' [/scratch/proj/xbuilds/SWIP/2025.2_1114_2157/infra/XSIM/lin/.cxl.ip/incl/zynq_ultra_ps_e_vip_v1_0_22_axi_gp.sv:804]
WARNING: [VRFC 10-3091] actual bit length 32 differs from formal bit length 1 for port 'M_BUSER' [/scratch/proj/xbuilds/SWIP/2025.2_1114_2157/infra/XSIM/lin/.cxl.ip/incl/zynq_ultra_ps_e_vip_v1_0_22_axi_gp.sv:806]
WARNING: [VRFC 10-3091] actual bit length 16 differs from formal bit length 1 for port 'M_ARUSER' [/scratch/proj/xbuilds/SWIP/2025.2_1114_2157/infra/XSIM/lin/.cxl.ip/incl/zynq_ultra_ps_e_vip_v1_0_22_axi_gp.sv:807]
WARNING: [VRFC 10-3091] actual bit length 32 differs from formal bit length 1 for port 'M_RUSER' [/scratch/proj/xbuilds/SWIP/2025.2_1114_2157/infra/XSIM/lin/.cxl.ip/incl/zynq_ultra_ps_e_vip_v1_0_22_axi_gp.sv:808]
WARNING: [VRFC 10-3091] actual bit length 128 differs from formal bit length 32 for port 'M_WDATA' [/scratch/proj/xbuilds/SWIP/2025.2_1114_2157/infra/XSIM/lin/.cxl.ip/incl/zynq_ultra_ps_e_vip_v1_0_22_axi_gp.sv:842]
WARNING: [VRFC 10-3091] actual bit length 16 differs from formal bit length 4 for port 'M_WSTRB' [/scratch/proj/xbuilds/SWIP/2025.2_1114_2157/infra/XSIM/lin/.cxl.ip/incl/zynq_ultra_ps_e_vip_v1_0_22_axi_gp.sv:843]
WARNING: [VRFC 10-3091] actual bit length 128 differs from formal bit length 32 for port 'M_RDATA' [/scratch/proj/xbuilds/SWIP/2025.2_1114_2157/infra/XSIM/lin/.cxl.ip/incl/zynq_ultra_ps_e_vip_v1_0_22_axi_gp.sv:865]
WARNING: [VRFC 10-3091] actual bit length 16 differs from formal bit length 1 for port 'M_AWUSER' [/scratch/proj/xbuilds/SWIP/2025.2_1114_2157/infra/XSIM/lin/.cxl.ip/incl/zynq_ultra_ps_e_vip_v1_0_22_axi_gp.sv:875]
WARNING: [VRFC 10-3091] actual bit length 32 differs from formal bit length 1 for port 'M_BUSER' [/scratch/proj/xbuilds/SWIP/2025.2_1114_2157/infra/XSIM/lin/.cxl.ip/incl/zynq_ultra_ps_e_vip_v1_0_22_axi_gp.sv:877]
WARNING: [VRFC 10-3091] actual bit length 16 differs from formal bit length 1 for port 'M_ARUSER' [/scratch/proj/xbuilds/SWIP/2025.2_1114_2157/infra/XSIM/lin/.cxl.ip/incl/zynq_ultra_ps_e_vip_v1_0_22_axi_gp.sv:878]
WARNING: [VRFC 10-3091] actual bit length 32 differs from formal bit length 1 for port 'M_RUSER' [/scratch/proj/xbuilds/SWIP/2025.2_1114_2157/infra/XSIM/lin/.cxl.ip/incl/zynq_ultra_ps_e_vip_v1_0_22_axi_gp.sv:879]
WARNING: [VRFC 10-3091] actual bit length 1 differs from formal bit length 4 for port 'wr_qos' [/wrk/ci/prod/2025.2/sw/continuous/3083/output/customer/vivado/data/ip/xilinx/zynq_ultra_ps_e_vip_v1_0/hdl/zynq_ultra_ps_e_vip_v1_0_vl_rfs.sv:3798]
WARNING: [VRFC 10-3091] actual bit length 1 differs from formal bit length 4 for port 'rd_qos' [/wrk/ci/prod/2025.2/sw/continuous/3083/output/customer/vivado/data/ip/xilinx/zynq_ultra_ps_e_vip_v1_0/hdl/zynq_ultra_ps_e_vip_v1_0_vl_rfs.sv:3805]
WARNING: [VRFC 10-3091] actual bit length 1 differs from formal bit length 4 for port 'wr_qos_1' [/wrk/ci/prod/2025.2/sw/continuous/3083/output/customer/vivado/data/ip/xilinx/zynq_ultra_ps_e_vip_v1_0/hdl/zynq_ultra_ps_e_vip_v1_0_vl_rfs.sv:3818]
WARNING: [VRFC 10-3091] actual bit length 1 differs from formal bit length 4 for port 'rd_qos_1' [/wrk/ci/prod/2025.2/sw/continuous/3083/output/customer/vivado/data/ip/xilinx/zynq_ultra_ps_e_vip_v1_0/hdl/zynq_ultra_ps_e_vip_v1_0_vl_rfs.sv:3825]
WARNING: [VRFC 10-5021] port 'mm2s_err' is not connected on this instance [D:/gemm_accelerator/gemm_accelerator.ip_user_files/bd/gemm_system/sim/gemm_system.v:181]
WARNING: [VRFC 10-5021] port 'mb_reset' is not connected on this instance [D:/gemm_accelerator/gemm_accelerator.ip_user_files/bd/gemm_system/sim/gemm_system.v:375]
WARNING: [VRFC 10-5021] port 'mb_reset' is not connected on this instance [D:/gemm_accelerator/gemm_accelerator.ip_user_files/bd/gemm_system/ip/gemm_system_axi_smc_2/bd_0/sim/bd_9f0d.v:695]
WARNING: [VRFC 10-5021] port 'rstb' is not connected on this instance [D:/gemm_accelerator/gemm_accelerator.srcs/sources_1/new/l2_tiling_agu.v:130]
WARNING: [VRFC 10-5021] port 'rstb' is not connected on this instance [D:/gemm_accelerator/gemm_accelerator.srcs/sources_1/new/l2_tiling_agu.v:158]
WARNING: [VRFC 10-5021] port 'rstb' is not connected on this instance [D:/gemm_accelerator/gemm_accelerator.srcs/sources_1/new/l2_tiling_agu.v:261]
WARNING: [VRFC 10-5021] port 'mb_reset' is not connected on this instance [D:/gemm_accelerator/gemm_accelerator.ip_user_files/bd/gemm_system/ip/gemm_system_smartconnect_0_1/bd_0/sim/bd_6dc6.v:383]
WARNING: [VRFC 10-5021] port 'mb_reset' is not connected on this instance [D:/gemm_accelerator/gemm_accelerator.ip_user_files/bd/gemm_system/ip/gemm_system_smartconnect_1_0/bd_0/sim/bd_6d56.v:461]
WARNING: [VRFC 10-5021] port 'PSS_ALTO_CORE_PAD_CLK' is not connected on this instance [D:/gemm_accelerator/gemm_accelerator.ip_user_files/bd/gemm_system/ip/gemm_system_zynq_ultra_ps_e_0_0/sim/gemm_system_zynq_ultra_ps_e_0_0_vip_wrapper.v:351]
WARNING: [VRFC 10-3129] assignment to input 'wr_dv_ddr_acp' [/wrk/ci/prod/2025.2/sw/continuous/3083/output/customer/vivado/data/ip/xilinx/zynq_ultra_ps_e_vip_v1_0/hdl/zynq_ultra_ps_e_vip_v1_0_vl_rfs.sv:3714]
WARNING: [VRFC 10-3129] assignment to input 'wr_dv_ddr_ace' [/wrk/ci/prod/2025.2/sw/continuous/3083/output/customer/vivado/data/ip/xilinx/zynq_ultra_ps_e_vip_v1_0/hdl/zynq_ultra_ps_e_vip_v1_0_vl_rfs.sv:3728]
WARNING: [VRFC 10-3129] assignment to input 'wr_dv_ddr_gp0' [/wrk/ci/prod/2025.2/sw/continuous/3083/output/customer/vivado/data/ip/xilinx/zynq_ultra_ps_e_vip_v1_0/hdl/zynq_ultra_ps_e_vip_v1_0_vl_rfs.sv:3776]
WARNING: [VRFC 10-3129] assignment to input 'wr_dv_ddr_gp1' [/wrk/ci/prod/2025.2/sw/continuous/3083/output/customer/vivado/data/ip/xilinx/zynq_ultra_ps_e_vip_v1_0/hdl/zynq_ultra_ps_e_vip_v1_0_vl_rfs.sv:3790]
WARNING: [VRFC 10-3129] assignment to input 'wr_dv_ddr_gp6' [/wrk/ci/prod/2025.2/sw/continuous/3083/output/customer/vivado/data/ip/xilinx/zynq_ultra_ps_e_vip_v1_0/hdl/zynq_ultra_ps_e_vip_v1_0_vl_rfs.sv:3838]
WARNING: [VRFC 10-3129] assignment to input 'wr_dv_ddr_gp3' [/wrk/ci/prod/2025.2/sw/continuous/3083/output/customer/vivado/data/ip/xilinx/zynq_ultra_ps_e_vip_v1_0/hdl/zynq_ultra_ps_e_vip_v1_0_vl_rfs.sv:3888]
WARNING: [VRFC 10-3129] assignment to input 'wr_dv_ddr_gp4' [/wrk/ci/prod/2025.2/sw/continuous/3083/output/customer/vivado/data/ip/xilinx/zynq_ultra_ps_e_vip_v1_0/hdl/zynq_ultra_ps_e_vip_v1_0_vl_rfs.sv:3902]
WARNING: [VRFC 10-3129] assignment to input 'wr_dv_acp' [/wrk/ci/prod/2025.2/sw/continuous/3083/output/customer/vivado/data/ip/xilinx/zynq_ultra_ps_e_vip_v1_0/hdl/zynq_ultra_ps_e_vip_v1_0_vl_rfs.sv:3004]
WARNING: [VRFC 10-3129] assignment to input 'wr_dv_ace' [/wrk/ci/prod/2025.2/sw/continuous/3083/output/customer/vivado/data/ip/xilinx/zynq_ultra_ps_e_vip_v1_0/hdl/zynq_ultra_ps_e_vip_v1_0_vl_rfs.sv:3018]
WARNING: [VRFC 10-3129] assignment to input 'wr_dv_gp0' [/wrk/ci/prod/2025.2/sw/continuous/3083/output/customer/vivado/data/ip/xilinx/zynq_ultra_ps_e_vip_v1_0/hdl/zynq_ultra_ps_e_vip_v1_0_vl_rfs.sv:3052]
WARNING: [VRFC 10-3129] assignment to input 'wr_dv_gp1' [/wrk/ci/prod/2025.2/sw/continuous/3083/output/customer/vivado/data/ip/xilinx/zynq_ultra_ps_e_vip_v1_0/hdl/zynq_ultra_ps_e_vip_v1_0_vl_rfs.sv:3066]
WARNING: [VRFC 10-3129] assignment to input 'wr_dv_gp3' [/wrk/ci/prod/2025.2/sw/continuous/3083/output/customer/vivado/data/ip/xilinx/zynq_ultra_ps_e_vip_v1_0/hdl/zynq_ultra_ps_e_vip_v1_0_vl_rfs.sv:3115]
WARNING: [VRFC 10-3129] assignment to input 'wr_dv_gp4' [/wrk/ci/prod/2025.2/sw/continuous/3083/output/customer/vivado/data/ip/xilinx/zynq_ultra_ps_e_vip_v1_0/hdl/zynq_ultra_ps_e_vip_v1_0_vl_rfs.sv:3129]
WARNING: [VRFC 10-3705] select index 4096 into 'wrp_strb' is out of bounds [/wrk/ci/prod/2025.2/sw/continuous/3083/output/customer/vivado/data/ip/xilinx/zynq_ultra_ps_e_vip_v1_0/hdl/zynq_ultra_ps_e_vip_v1_0_vl_rfs.sv:6968]
WARNING: [VRFC 10-3705] select index 2 into 'wr_fifo_rd_ptr' is out of bounds [/wrk/ci/prod/2025.2/sw/continuous/3083/output/customer/vivado/data/ip/xilinx/zynq_ultra_ps_e_vip_v1_0/hdl/zynq_ultra_ps_e_vip_v1_0_vl_rfs.sv:7181]
WARNING: [VRFC 10-3705] select index 3 into 'ar_cnt' is out of bounds [/wrk/ci/prod/2025.2/sw/continuous/3083/output/customer/vivado/data/ip/xilinx/zynq_ultra_ps_e_vip_v1_0/hdl/zynq_ultra_ps_e_vip_v1_0_vl_rfs.sv:7320]
WARNING: [VRFC 10-3705] select index 3 into 'wr_rresp_cnt' is out of bounds [/wrk/ci/prod/2025.2/sw/continuous/3083/output/customer/vivado/data/ip/xilinx/zynq_ultra_ps_e_vip_v1_0/hdl/zynq_ultra_ps_e_vip_v1_0_vl_rfs.sv:7417]
WARNING: [VRFC 10-3705] select index 3 into 'rd_fifo_wr_ptr' is out of bounds [/wrk/ci/prod/2025.2/sw/continuous/3083/output/customer/vivado/data/ip/xilinx/zynq_ultra_ps_e_vip_v1_0/hdl/zynq_ultra_ps_e_vip_v1_0_vl_rfs.sv:7436]
WARNING: [VRFC 10-3705] select index 3 into 'rd_cnt' is out of bounds [/wrk/ci/prod/2025.2/sw/continuous/3083/output/customer/vivado/data/ip/xilinx/zynq_ultra_ps_e_vip_v1_0/hdl/zynq_ultra_ps_e_vip_v1_0_vl_rfs.sv:7577]
WARNING: [VRFC 10-3705] select index 3 into 'rresp_time_cnt' is out of bounds [/wrk/ci/prod/2025.2/sw/continuous/3083/output/customer/vivado/data/ip/xilinx/zynq_ultra_ps_e_vip_v1_0/hdl/zynq_ultra_ps_e_vip_v1_0_vl_rfs.sv:7582]
WARNING: [VRFC 10-3705] select index 3 into 'rd_fifo_rd_ptr' is out of bounds [/wrk/ci/prod/2025.2/sw/continuous/3083/output/customer/vivado/data/ip/xilinx/zynq_ultra_ps_e_vip_v1_0/hdl/zynq_ultra_ps_e_vip_v1_0_vl_rfs.sv:7587]
WARNING: [VRFC 10-3705] select index 4096 into 'wrp_strb' is out of bounds [/wrk/ci/prod/2025.2/sw/continuous/3083/output/customer/vivado/data/ip/xilinx/zynq_ultra_ps_e_vip_v1_0/hdl/zynq_ultra_ps_e_vip_v1_0_vl_rfs.sv:5492]
Completed static elaboration
Starting simulation data flow analysis
Completed simulation data flow analysis
Time Resolution for simulation is 1ps
Compiling package std.standard
Compiling package std.textio
Compiling package ieee.std_logic_1164
Compiling package ieee.numeric_std
Compiling package xpm.vcomponents
Compiling package ieee.std_logic_arith
Compiling package ieee.std_logic_unsigned
Compiling package axi_datamover_v5_1_37.axi_datamover_pkg
Compiling package synopsys.attributes
Compiling package ieee.std_logic_misc
Compiling package unisim.vcomponents
Compiling package ieee.vital_timing
Compiling package ieee.vital_primitives
Compiling package unisim.vpkg
Compiling package smartconnect_v1_0.sc_util_v1_0_4_pkg
Compiling package xilinx_vip.axi_vip_pkg
Compiling package xilinx_vip.xil_common_vip_pkg
Compiling package std.std
Compiling module xpm.xpm_fifo_rst_default_1
Compiling module xpm.xpm_fifo_reg_bit
Compiling module xpm.xpm_counter_updn(COUNTER_WIDTH=8...
Compiling module xpm.xpm_counter_updn(COUNTER_WIDTH=7...
Compiling module xpm.xpm_memory_base(MEMORY_TYPE=1,ME...
Compiling module xpm.xpm_counter_updn(COUNTER_WIDTH=2...
Compiling module xpm.xpm_fifo_base(FIFO_MEMORY_TYPE=2...
Compiling module xpm.xpm_fifo_sync(FIFO_MEMORY_TYPE="...
Compiling architecture imp of entity axi_datamover_v5_1_37.axi_datamover_sfifo_autord [\axi_datamover_sfifo_autord(c_dw...]
Compiling architecture implementation of entity axi_datamover_v5_1_37.axi_datamover_rd_sf [\axi_datamover_rd_sf(c_sf_fifo_d...]
Compiling architecture implementation of entity axi_datamover_v5_1_37.axi_datamover_skid_buf [\axi_datamover_skid_buf(c_wdata_...]
Compiling architecture implementation of entity axi_datamover_v5_1_37.axi_datamover_reset [axi_datamover_reset_default]
Compiling architecture imp of entity axi_datamover_v5_1_37.srl_fifo [\srl_fifo(c_dwidth=8,c_depth=4)\]
Compiling architecture imp of entity axi_datamover_v5_1_37.axi_datamover_fifo [\axi_datamover_fifo(c_dwidth=8,c...]
Compiling architecture imp of entity axi_datamover_v5_1_37.srl_fifo [\srl_fifo(c_dwidth=68,c_depth=4)...]
Compiling architecture imp of entity axi_datamover_v5_1_37.axi_datamover_fifo [\axi_datamover_fifo(c_dwidth=68,...]
Compiling architecture implementation of entity axi_datamover_v5_1_37.axi_datamover_cmd_status [\axi_datamover_cmd_status(c_fami...]
Compiling architecture implementation of entity axi_datamover_v5_1_37.axi_datamover_rd_status_cntl [axi_datamover_rd_status_cntl_def...]
Compiling architecture implementation of entity axi_datamover_v5_1_37.axi_datamover_strb_gen2 [\axi_datamover_strb_gen2(c_strb_...]
Compiling architecture implementation of entity axi_datamover_v5_1_37.axi_datamover_strb_gen2 [\axi_datamover_strb_gen2(c_op_mo...]
Compiling architecture implementation of entity axi_datamover_v5_1_37.axi_datamover_pcc [\axi_datamover_pcc(c_is_mm2s=1,c...]
Compiling architecture imp of entity axi_datamover_v5_1_37.srl_fifo [\srl_fifo(c_dwidth=59,c_depth=3)...]
Compiling architecture imp of entity axi_datamover_v5_1_37.axi_datamover_fifo [\axi_datamover_fifo(c_dwidth=59,...]
Compiling architecture implementation of entity axi_datamover_v5_1_37.axi_datamover_addr_cntl [\axi_datamover_addr_cntl(c_addr_...]
Compiling architecture imp of entity axi_datamover_v5_1_37.srl_fifo [\srl_fifo(c_dwidth=55,c_depth=3)...]
Compiling architecture imp of entity axi_datamover_v5_1_37.axi_datamover_fifo [\axi_datamover_fifo(c_dwidth=55,...]
Compiling architecture implementation of entity axi_datamover_v5_1_37.axi_datamover_rdmux [\axi_datamover_rdmux(c_sel_addr_...]
Compiling architecture implementation of entity axi_datamover_v5_1_37.axi_datamover_rddata_cntl [\axi_datamover_rddata_cntl(c_ali...]
Compiling architecture implementation of entity axi_datamover_v5_1_37.axi_datamover_mm2s_full_wrap [\axi_datamover_mm2s_full_wrap(c_...]
Compiling architecture implementation of entity axi_datamover_v5_1_37.axi_datamover_pcc [\axi_datamover_pcc(c_dre_align_w...]
Compiling architecture implementation of entity axi_datamover_v5_1_37.axi_datamover_ms_strb_set [\axi_datamover_ms_strb_set(c_str...]
Compiling architecture implementation of entity axi_datamover_v5_1_37.axi_datamover_mssai_skid_buf [\axi_datamover_mssai_skid_buf(c_...]
Compiling architecture working of entity axi_datamover_v5_1_37.axi_datamover_slice [\axi_datamover_slice(c_data_widt...]
Compiling module xpm.xpm_fifo_rst_default_2
Compiling module xpm.xpm_counter_updn(COUNTER_WIDTH=5...
Compiling module xpm.xpm_counter_updn
Compiling module xpm.xpm_memory_base(MEMORY_TYPE=1,ME...
Compiling module xpm.xpm_fifo_base(FIFO_WRITE_DEPTH=1...
Compiling module xpm.xpm_fifo_sync(FIFO_MEMORY_TYPE="...
Compiling architecture imp of entity axi_datamover_v5_1_37.axi_datamover_sfifo_autord [\axi_datamover_sfifo_autord(c_dw...]
Compiling architecture imp of entity axi_datamover_v5_1_37.axi_datamover_fifo [\axi_datamover_fifo(c_dwidth=23,...]
Compiling architecture implementation of entity axi_datamover_v5_1_37.axi_datamover_s2mm_scatter [\axi_datamover_s2mm_scatter(c_dr...]
Compiling architecture imp of entity axi_datamover_v5_1_37.srl_fifo [\srl_fifo(c_dwidth=27,c_depth=4)...]
Compiling architecture imp of entity axi_datamover_v5_1_37.axi_datamover_fifo [\axi_datamover_fifo(c_dwidth=27,...]
Compiling architecture implementation of entity axi_datamover_v5_1_37.axi_datamover_s2mm_realign [\axi_datamover_s2mm_realign(c_in...]
Compiling module xpm.xpm_fifo_rst_default_3
Compiling module xpm.xpm_memory_base(MEMORY_TYPE=1,ME...
Compiling module xpm.xpm_fifo_base(FIFO_MEMORY_TYPE=2...
Compiling module xpm.xpm_fifo_sync(FIFO_MEMORY_TYPE="...
Compiling architecture imp of entity axi_datamover_v5_1_37.axi_datamover_sfifo_autord [\axi_datamover_sfifo_autord(c_dw...]
Compiling architecture imp of entity axi_datamover_v5_1_37.srl_fifo [\srl_fifo(c_dwidth=8,c_depth=8)\]
Compiling architecture implementation of entity axi_datamover_v5_1_37.axi_datamover_wr_sf [\axi_datamover_wr_sf(c_sf_fifo_d...]
Compiling architecture imp of entity axi_datamover_v5_1_37.srl_fifo [\srl_fifo(c_dwidth=7,c_depth=6)\]
Compiling architecture imp of entity axi_datamover_v5_1_37.axi_datamover_fifo [\axi_datamover_fifo(c_dwidth=7,c...]
Compiling architecture imp of entity axi_datamover_v5_1_37.srl_fifo [\srl_fifo(c_dwidth=2,c_depth=6)\]
Compiling architecture imp of entity axi_datamover_v5_1_37.axi_datamover_fifo [\axi_datamover_fifo(c_dwidth=2,c...]
Compiling architecture implementation of entity axi_datamover_v5_1_37.axi_datamover_wr_status_cntl [\axi_datamover_wr_status_cntl(c_...]
Compiling architecture imp of entity axi_datamover_v5_1_37.srl_fifo [\srl_fifo(c_dwidth=59,c_depth=4)...]
Compiling architecture imp of entity axi_datamover_v5_1_37.axi_datamover_fifo [\axi_datamover_fifo(c_dwidth=59,...]
Compiling architecture implementation of entity axi_datamover_v5_1_37.axi_datamover_addr_cntl [\axi_datamover_addr_cntl(c_famil...]
Compiling architecture imp of entity axi_datamover_v5_1_37.srl_fifo [\srl_fifo(c_dwidth=53,c_depth=4)...]
Compiling architecture imp of entity axi_datamover_v5_1_37.axi_datamover_fifo [\axi_datamover_fifo(c_dwidth=53,...]
Compiling architecture implementation of entity axi_datamover_v5_1_37.axi_datamover_wrdata_cntl [\axi_datamover_wrdata_cntl(c_rea...]
Compiling architecture implementation of entity axi_datamover_v5_1_37.axi_datamover_wr_demux [\axi_datamover_wr_demux(c_sel_ad...]
Compiling architecture implementation of entity axi_datamover_v5_1_37.axi_datamover_skid2mm_buf [\axi_datamover_skid2mm_buf(c_mda...]
Compiling architecture implementation of entity axi_datamover_v5_1_37.axi_datamover_s2mm_full_wrap [\axi_datamover_s2mm_full_wrap(c_...]
Compiling architecture implementation of entity axi_datamover_v5_1_37.axi_datamover [\axi_datamover(c_include_mm2s=1,...]
Compiling architecture gemm_system_axi_datamover_0_0_arch of entity xil_defaultlib.gemm_system_axi_datamover_0_0 [gemm_system_axi_datamover_0_0_de...]
Compiling architecture fdre_v of entity unisim.FDRE [fdre_default]
Compiling architecture fdre_v of entity unisim.FDRE [\FDRE(init='1')\]
Compiling architecture srl16e_v of entity unisim.SRL16E [\SRL16E(init="1111111111111111")...]
Compiling architecture srl16_v of entity unisim.SRL16 [\SRL16(init="1111111111111111")(...]
Compiling module xpm.xpm_cdc_single(DEST_SYNC_FF=4,IN...
Compiling architecture imp of entity proc_sys_reset_v5_0_17.lpf [\lpf(c_ext_rst_width=4,c_aux_rst...]
Compiling architecture imp of entity proc_sys_reset_v5_0_17.upcnt_n [\upcnt_n(c_size=6)\]
Compiling architecture imp of entity proc_sys_reset_v5_0_17.sequence_psr [sequence_psr_default]
Compiling architecture imp of entity proc_sys_reset_v5_0_17.proc_sys_reset [\proc_sys_reset(c_family="zynqup...]
Compiling architecture bd_9f0d_psr_aclk_0_arch of entity xil_defaultlib.bd_9f0d_psr_aclk_0 [bd_9f0d_psr_aclk_0_default]
Compiling module xil_defaultlib.clk_map_imp_ZBTRAP
Compiling module xpm.xpm_cdc_async_rst(DEST_SYNC_FF=3...
Compiling module xil_defaultlib.bd_9f0d_m00e_0
Compiling module xil_defaultlib.m00_exit_pipeline_imp_11QC42Y
Compiling module xil_defaultlib.bd_9f0d_m00s2a_0
Compiling module xil_defaultlib.bd_9f0d_s00a2s_0
Compiling module xil_defaultlib.bd_9f0d_s00mmu_0
Compiling module xil_defaultlib.bd_9f0d_s00sic_0
Compiling module xil_defaultlib.bd_9f0d_s00tr_0
Compiling module xil_defaultlib.s00_entry_pipeline_imp_1C9ZU1
Compiling module xil_defaultlib.bd_9f0d_sarn_0
Compiling module xil_defaultlib.bd_9f0d_sawn_0
Compiling module xil_defaultlib.bd_9f0d_sbn_0
Compiling module xil_defaultlib.bd_9f0d_srn_0
Compiling module xil_defaultlib.bd_9f0d_swn_0
Compiling module xil_defaultlib.s00_nodes_imp_4U0SZ7
Compiling module xil_defaultlib.bd_9f0d
Compiling module xil_defaultlib.gemm_system_axi_smc_2
Compiling module xil_defaultlib.gemm_l2_axi_lite_regs
Compiling module xil_defaultlib.gemm_system_gemm_l2_axi_lite_reg...
Compiling module xpm.xpm_memory_base(MEMORY_TYPE=1,ME...
Compiling module xpm.xpm_memory_sdpram(MEMORY_SIZE=65...
Compiling module xpm.xpm_memory_base(MEMORY_TYPE=1,ME...
Compiling module xpm.xpm_memory_sdpram(MEMORY_SIZE=10...
Compiling module xpm.xpm_memory_base(MEMORY_TYPE=1,ME...
Compiling module xpm.xpm_memory_sdpram(MEMORY_SIZE=20...
Compiling module xil_defaultlib.bram_input_buffer_default
Compiling module xil_defaultlib.systolic_dataflow_ctrl
Compiling module xil_defaultlib.shift_register_delay(DELAY_CYCLE...
Compiling module xil_defaultlib.shift_register_delay(DATA_WIDTH=...
Compiling module xil_defaultlib.shift_register_delay_default
Compiling module xil_defaultlib.shift_register_delay(DATA_WIDTH=...
Compiling module xil_defaultlib.shift_register_delay(DELAY_CYCLE...
Compiling module xil_defaultlib.shift_register_delay(DATA_WIDTH=...
Compiling module xil_defaultlib.shift_register_delay(DELAY_CYCLE...
Compiling module xil_defaultlib.shift_register_delay(DATA_WIDTH=...
Compiling module xil_defaultlib.shift_register_delay(DELAY_CYCLE...
Compiling module xil_defaultlib.shift_register_delay(DATA_WIDTH=...
Compiling module xil_defaultlib.shift_register_delay(DELAY_CYCLE...
Compiling module xil_defaultlib.shift_register_delay(DATA_WIDTH=...
Compiling module xil_defaultlib.shift_register_delay(DELAY_CYCLE...
Compiling module xil_defaultlib.shift_register_delay(DATA_WIDTH=...
Compiling module xil_defaultlib.shift_register_delay(DELAY_CYCLE...
Compiling module xil_defaultlib.shift_register_delay(DATA_WIDTH=...
Compiling module xil_defaultlib.shift_register_delay(DELAY_CYCLE...
Compiling module xil_defaultlib.shift_register_delay(DATA_WIDTH=...
Compiling module xil_defaultlib.shift_register_delay(DELAY_CYCLE...
Compiling module xil_defaultlib.shift_register_delay(DATA_WIDTH=...
Compiling module xil_defaultlib.shift_register_delay(DELAY_CYCLE...
Compiling module xil_defaultlib.shift_register_delay(DATA_WIDTH=...
Compiling module xil_defaultlib.shift_register_delay(DELAY_CYCLE...
Compiling module xil_defaultlib.shift_register_delay(DATA_WIDTH=...
Compiling module xil_defaultlib.shift_register_delay(DELAY_CYCLE...
Compiling module xil_defaultlib.shift_register_delay(DATA_WIDTH=...
Compiling module xil_defaultlib.shift_register_delay(DELAY_CYCLE...
Compiling module xil_defaultlib.shift_register_delay(DATA_WIDTH=...
Compiling module xil_defaultlib.shift_register_delay(DELAY_CYCLE...
Compiling module xil_defaultlib.shift_register_delay(DATA_WIDTH=...
Compiling module xil_defaultlib.shift_register_delay(DELAY_CYCLE...
Compiling module xil_defaultlib.shift_register_delay(DATA_WIDTH=...
Compiling module xil_defaultlib.skew_network_default
Compiling module xil_defaultlib.mac_core
Compiling module xil_defaultlib.pe_wrapper
Compiling module xil_defaultlib.systolic_array_os_default
Compiling module xil_defaultlib.output_serializer
Compiling module xpm.xpm_fifo_rst_default
Compiling module xpm.xpm_counter_updn(COUNTER_WIDTH=1...
Compiling module xpm.xpm_counter_updn(COUNTER_WIDTH=1...
Compiling module xpm.xpm_memory_base(MEMORY_TYPE=1,ME...
Compiling module xpm.xpm_fifo_base(FIFO_MEMORY_TYPE=2...
Compiling module xpm.xpm_fifo_sync(FIFO_MEMORY_TYPE="...
Compiling module xil_defaultlib.sc_fifo_fwft(DATA_WIDTH=512)
Compiling module xil_defaultlib.post_accumulator_default
Compiling module xil_defaultlib.gemm_compute_core
Compiling module xil_defaultlib.int32_int8_rescale_default
Compiling module xil_defaultlib.l2_tiling_agu_default
Compiling module xil_defaultlib.gemm_top_l2
Compiling module xil_defaultlib.gemm_system_gemm_top_l2_0_0
Compiling architecture imp of entity proc_sys_reset_v5_0_17.lpf [\lpf(c_ext_rst_width=4,c_aux_rst...]
Compiling architecture imp of entity proc_sys_reset_v5_0_17.proc_sys_reset [\proc_sys_reset(c_family="zynqup...]
Compiling architecture gemm_system_rst_ps8_0_99m_1_arch of entity xil_defaultlib.gemm_system_rst_ps8_0_99M_1 [gemm_system_rst_ps8_0_99m_1_defa...]
Compiling architecture bd_6dc6_psr_aclk_0_arch of entity xil_defaultlib.bd_6dc6_psr_aclk_0 [bd_6dc6_psr_aclk_0_default]
Compiling module xil_defaultlib.clk_map_imp_DE8X6U
Compiling module xil_defaultlib.bd_6dc6_m00e_0
Compiling module xil_defaultlib.m00_exit_pipeline_imp_1JQT5NH
Compiling module xil_defaultlib.bd_6dc6_m00s2a_0
Compiling module xil_defaultlib.bd_6dc6_s00a2s_0
Compiling module xil_defaultlib.bd_6dc6_s00mmu_0
Compiling module xil_defaultlib.bd_6dc6_s00sic_0
Compiling module xil_defaultlib.bd_6dc6_s00tr_0
Compiling module xil_defaultlib.s00_entry_pipeline_imp_L0PNMM
Compiling module xpm.xpm_memory_base(MEMORY_TYPE=1,ME...
Compiling module xpm.xpm_memory_sdpram(MEMORY_SIZE=50...
Compiling module xil_defaultlib.bd_6dc6_sarn_0
Compiling module xpm.xpm_memory_base(MEMORY_TYPE=1,ME...
Compiling module xpm.xpm_memory_sdpram(MEMORY_SIZE=52...
Compiling module xil_defaultlib.bd_6dc6_srn_0
Compiling module xil_defaultlib.s00_nodes_imp_Q7NRNO
Compiling module xil_defaultlib.bd_6dc6
Compiling module xil_defaultlib.gemm_system_smartconnect_0_1
Compiling architecture bd_6d56_psr_aclk_0_arch of entity xil_defaultlib.bd_6d56_psr_aclk_0 [bd_6d56_psr_aclk_0_default]
Compiling module xil_defaultlib.clk_map_imp_1P80L3O
Compiling module xil_defaultlib.bd_6d56_m00e_0
Compiling module xil_defaultlib.m00_exit_pipeline_imp_9ZYZ2N
Compiling module xil_defaultlib.bd_6d56_m00s2a_0
Compiling module xil_defaultlib.bd_6d56_s00a2s_0
Compiling module xil_defaultlib.bd_6d56_s00mmu_0
Compiling module xil_defaultlib.bd_6d56_s00sic_0
Compiling module xil_defaultlib.bd_6d56_s00tr_0
Compiling module xil_defaultlib.s00_entry_pipeline_imp_1ADDKB0
Compiling module xil_defaultlib.bd_6d56_sawn_0
Compiling module xpm.xpm_memory_base(MEMORY_TYPE=1,ME...
Compiling module xpm.xpm_memory_sdpram(MEMORY_SIZE=73...
Compiling module xil_defaultlib.bd_6d56_sbn_0
Compiling module xpm.xpm_memory_base(MEMORY_TYPE=1,ME...
Compiling module xpm.xpm_memory_sdpram(MEMORY_SIZE=56...
Compiling module xil_defaultlib.bd_6d56_swn_0
Compiling module xil_defaultlib.s00_nodes_imp_1DJYN12
Compiling module xil_defaultlib.bd_6d56
Compiling module xil_defaultlib.gemm_system_smartconnect_1_0
Compiling module xlconcat_v2_1_7.xlconcat_v2_1_7_xlconcat(dout_wi...
Compiling module xil_defaultlib.gemm_system_xlconcat_0_0
Compiling module zynq_ultra_ps_e_vip_v1_0_22.zynq_ultra_ps_e_vip_v1_0_22_gen_...
Compiling module zynq_ultra_ps_e_vip_v1_0_22.zynq_ultra_ps_e_vip_v1_0_22_gen_...
Compiling module zynq_ultra_ps_e_vip_v1_0_22.zynq_ultra_ps_e_vip_v1_0_22_arb_...
Compiling module zynq_ultra_ps_e_vip_v1_0_22.zynq_ultra_ps_e_vip_v1_0_22_arb_...
Compiling module zynq_ultra_ps_e_vip_v1_0_22.zynq_ultra_ps_e_vip_v1_0_22_spar...
Compiling module zynq_ultra_ps_e_vip_v1_0_22.zynq_ultra_ps_e_vip_v1_0_22_ddrc...
Compiling module zynq_ultra_ps_e_vip_v1_0_22.zynq_ultra_ps_e_vip_v1_0_22_ocm_...
Compiling module zynq_ultra_ps_e_vip_v1_0_22.zynq_ultra_ps_e_vip_v1_0_22_ocmc...
Compiling module zynq_ultra_ps_e_vip_v1_0_22.zynq_ultra_ps_e_vip_v1_0_22_reg_...
Compiling module zynq_ultra_ps_e_vip_v1_0_22.zynq_ultra_ps_e_vip_v1_0_22_regc...
Compiling module xilinx_vip.axi_vip_axi4pc(WADDR_WIDTH=40,RA...
Compiling module xilinx_vip.cb
Compiling module xilinx_vip.axi_vip_if(C_AXI_ADDR_WIDTH=40,C...
Compiling module axi_vip_v1_1_22.axi_vip_v1_1_22_top(C_AXI_ADDR_W...
WARNING: [VRFC 10-3705] select index 4096 into 'wrp_strb' is out of bounds [/wrk/ci/prod/2025.2/sw/continuous/3083/output/customer/vivado/data/ip/xilinx/zynq_ultra_ps_e_vip_v1_0/hdl/zynq_ultra_ps_e_vip_v1_0_vl_rfs.sv:6968]
WARNING: [VRFC 10-3705] select index 2 into 'wr_fifo_rd_ptr' is out of bounds [/wrk/ci/prod/2025.2/sw/continuous/3083/output/customer/vivado/data/ip/xilinx/zynq_ultra_ps_e_vip_v1_0/hdl/zynq_ultra_ps_e_vip_v1_0_vl_rfs.sv:7181]
WARNING: [VRFC 10-3705] select index 3 into 'ar_cnt' is out of bounds [/wrk/ci/prod/2025.2/sw/continuous/3083/output/customer/vivado/data/ip/xilinx/zynq_ultra_ps_e_vip_v1_0/hdl/zynq_ultra_ps_e_vip_v1_0_vl_rfs.sv:7320]
WARNING: [VRFC 10-3705] select index 3 into 'wr_rresp_cnt' is out of bounds [/wrk/ci/prod/2025.2/sw/continuous/3083/output/customer/vivado/data/ip/xilinx/zynq_ultra_ps_e_vip_v1_0/hdl/zynq_ultra_ps_e_vip_v1_0_vl_rfs.sv:7417]
WARNING: [VRFC 10-3705] select index 3 into 'rd_fifo_wr_ptr' is out of bounds [/wrk/ci/prod/2025.2/sw/continuous/3083/output/customer/vivado/data/ip/xilinx/zynq_ultra_ps_e_vip_v1_0/hdl/zynq_ultra_ps_e_vip_v1_0_vl_rfs.sv:7436]
WARNING: [VRFC 10-3705] select index 3 into 'rd_cnt' is out of bounds [/wrk/ci/prod/2025.2/sw/continuous/3083/output/customer/vivado/data/ip/xilinx/zynq_ultra_ps_e_vip_v1_0/hdl/zynq_ultra_ps_e_vip_v1_0_vl_rfs.sv:7577]
WARNING: [VRFC 10-3705] select index 3 into 'rresp_time_cnt' is out of bounds [/wrk/ci/prod/2025.2/sw/continuous/3083/output/customer/vivado/data/ip/xilinx/zynq_ultra_ps_e_vip_v1_0/hdl/zynq_ultra_ps_e_vip_v1_0_vl_rfs.sv:7582]
WARNING: [VRFC 10-3705] select index 3 into 'rd_fifo_rd_ptr' is out of bounds [/wrk/ci/prod/2025.2/sw/continuous/3083/output/customer/vivado/data/ip/xilinx/zynq_ultra_ps_e_vip_v1_0/hdl/zynq_ultra_ps_e_vip_v1_0_vl_rfs.sv:7587]
Compiling module zynq_ultra_ps_e_vip_v1_0_22.zynq_ultra_ps_e_vip_v1_0_22_axi_...
Compiling module xilinx_vip.axi_vip_axi4pc(WADDR_WIDTH=40,RA...
Compiling module xilinx_vip.cb
Compiling module xilinx_vip.axi_vip_if(C_AXI_ADDR_WIDTH=40,C...
Compiling module axi_vip_v1_1_22.axi_vip_v1_1_22_top(C_AXI_ADDR_W...
WARNING: [VRFC 10-3705] select index 4096 into 'wrp_strb' is out of bounds [/wrk/ci/prod/2025.2/sw/continuous/3083/output/customer/vivado/data/ip/xilinx/zynq_ultra_ps_e_vip_v1_0/hdl/zynq_ultra_ps_e_vip_v1_0_vl_rfs.sv:5492]
Compiling module zynq_ultra_ps_e_vip_v1_0_22.zynq_ultra_ps_e_vip_v1_0_22_axi_...
Compiling module zynq_ultra_ps_e_vip_v1_0_22.zynq_ultra_ps_e_vip_v1_0_22_axi_...
Compiling module zynq_ultra_ps_e_vip_v1_0_22.zynq_ultra_ps_e_vip_v1_0_22_axi_...
Compiling module zynq_ultra_ps_e_vip_v1_0_22.zynq_ultra_ps_e_vip_v1_0_22_axi_...
Compiling module zynq_ultra_ps_e_vip_v1_0_22.zynq_ultra_ps_e_vip_v1_0_22_axi_...
Compiling module zynq_ultra_ps_e_vip_v1_0_22.zynq_ultra_ps_e_vip_v1_0_22_axi_...
Compiling module zynq_ultra_ps_e_vip_v1_0_22.zynq_ultra_ps_e_vip_v1_0_22_axi_...
Compiling module zynq_ultra_ps_e_vip_v1_0_22.zynq_ultra_ps_e_vip_v1_0_22_axi_...
Compiling module xilinx_vip.axi_vip_axi4pc(WADDR_WIDTH=40,RA...
Compiling module xilinx_vip.cb
Compiling module xilinx_vip.axi_vip_if(C_AXI_ADDR_WIDTH=40,C...
Compiling module axi_vip_v1_1_22.axi_vip_v1_1_22_top(C_AXI_ADDR_W...
Compiling module zynq_ultra_ps_e_vip_v1_0_22.zynq_ultra_ps_e_vip_v1_0_22_axi_...
Compiling module zynq_ultra_ps_e_vip_v1_0_22.zynq_ultra_ps_e_vip_v1_0_22_axi_...
Compiling module xilinx_vip.axi_vip_axi4pc(WADDR_WIDTH=40,RA...
Compiling module xilinx_vip.cb
Compiling module xilinx_vip.axi_vip_if(C_AXI_ADDR_WIDTH=40,C...
Compiling module axi_vip_v1_1_22.axi_vip_v1_1_22_top(C_AXI_ADDR_W...
Compiling module zynq_ultra_ps_e_vip_v1_0_22.zynq_ultra_ps_e_vip_v1_0_22_axi_...
Compiling module zynq_ultra_ps_e_vip_v1_0_22.zynq_ultra_ps_e_vip_v1_0_22_arb_...
Compiling module zynq_ultra_ps_e_vip_v1_0_22.zynq_ultra_ps_e_vip_v1_0_22_arb_...
Compiling module zynq_ultra_ps_e_vip_v1_0_22.zynq_ultra_ps_e_vip_v1_0_22_arb_...
Compiling module zynq_ultra_ps_e_vip_v1_0_22.zynq_ultra_ps_e_vip_v1_0_22_ddr_...
Compiling module zynq_ultra_ps_e_vip_v1_0_22.zynq_ultra_ps_e_vip_v1_0_22_inte...
Compiling module zynq_ultra_ps_e_vip_v1_0_22.zynq_ultra_ps_e_vip_v1_0_22(C_FC...
Compiling module xil_defaultlib.gemm_system_zynq_ultra_ps_e_0_0
Compiling module xil_defaultlib.gemm_system
Compiling module xil_defaultlib.gemm_system_wrapper
Compiling module xil_defaultlib.glbl
Built simulation snapshot gemm_system_wrapper_behav
