Time resolution is 1 ps
==========================================================================
 KHỞI ĐỘNG TESTBENCH 1: KIỂM TRA TILING KIẾN TRÚC MA TRẬN 512x512x512
==========================================================================
Info: [XPM_MEMORY 20-2] MEMORY_INIT_FILE (none), MEMORY_INIT_PARAM together specify no memory initialization. Initial memory contents will be all 0's. tb_gemm_tiling.u_dut.u_l2_v3.GBUFA_BANKS[0].u_gbufA.xpm_memory_base_inst.config_drc  0
Time: 1 ps  Iteration: 0  Process: /tb_gemm_tiling/u_dut/u_l2_v3/GBUFA_BANKS[0].u_gbufA/xpm_memory_base_inst/Initial310_0  Scope: tb_gemm_tiling.u_dut.u_l2_v3.GBUFA_BANKS[0].u_gbufA.xpm_memory_base_inst.config_drc  File: D:/Apps/Study/Vivado/2025.2/Vivado/data/ip/xpm/xpm_memory/hdl/xpm_memory.sv Line: 524
Info: [XPM_MEMORY 20-2] MEMORY_INIT_FILE (none), MEMORY_INIT_PARAM together specify no memory initialization. Initial memory contents will be all 0's. tb_gemm_tiling.u_dut.u_l2_v3.GBUFA_BANKS[1].u_gbufA.xpm_memory_base_inst.config_drc  0
Time: 1 ps  Iteration: 0  Process: /tb_gemm_tiling/u_dut/u_l2_v3/GBUFA_BANKS[1].u_gbufA/xpm_memory_base_inst/Initial310_0  Scope: tb_gemm_tiling.u_dut.u_l2_v3.GBUFA_BANKS[1].u_gbufA.xpm_memory_base_inst.config_drc  File: D:/Apps/Study/Vivado/2025.2/Vivado/data/ip/xpm/xpm_memory/hdl/xpm_memory.sv Line: 524
Info: [XPM_MEMORY 20-2] MEMORY_INIT_FILE (none), MEMORY_INIT_PARAM together specify no memory initialization. Initial memory contents will be all 0's. tb_gemm_tiling.u_dut.u_l2_v3.GBUFA_BANKS[2].u_gbufA.xpm_memory_base_inst.config_drc  0
Time: 1 ps  Iteration: 0  Process: /tb_gemm_tiling/u_dut/u_l2_v3/GBUFA_BANKS[2].u_gbufA/xpm_memory_base_inst/Initial310_0  Scope: tb_gemm_tiling.u_dut.u_l2_v3.GBUFA_BANKS[2].u_gbufA.xpm_memory_base_inst.config_drc  File: D:/Apps/Study/Vivado/2025.2/Vivado/data/ip/xpm/xpm_memory/hdl/xpm_memory.sv Line: 524
Info: [XPM_MEMORY 20-2] MEMORY_INIT_FILE (none), MEMORY_INIT_PARAM together specify no memory initialization. Initial memory contents will be all 0's. tb_gemm_tiling.u_dut.u_l2_v3.GBUFA_BANKS[3].u_gbufA.xpm_memory_base_inst.config_drc  0
Time: 1 ps  Iteration: 0  Process: /tb_gemm_tiling/u_dut/u_l2_v3/GBUFA_BANKS[3].u_gbufA/xpm_memory_base_inst/Initial310_0  Scope: tb_gemm_tiling.u_dut.u_l2_v3.GBUFA_BANKS[3].u_gbufA.xpm_memory_base_inst.config_drc  File: D:/Apps/Study/Vivado/2025.2/Vivado/data/ip/xpm/xpm_memory/hdl/xpm_memory.sv Line: 524
Info: [XPM_MEMORY 20-2] MEMORY_INIT_FILE (none), MEMORY_INIT_PARAM together specify no memory initialization. Initial memory contents will be all 0's. tb_gemm_tiling.u_dut.u_l2_v3.GBUFA_BANKS[4].u_gbufA.xpm_memory_base_inst.config_drc  0
Time: 1 ps  Iteration: 0  Process: /tb_gemm_tiling/u_dut/u_l2_v3/GBUFA_BANKS[4].u_gbufA/xpm_memory_base_inst/Initial310_0  Scope: tb_gemm_tiling.u_dut.u_l2_v3.GBUFA_BANKS[4].u_gbufA.xpm_memory_base_inst.config_drc  File: D:/Apps/Study/Vivado/2025.2/Vivado/data/ip/xpm/xpm_memory/hdl/xpm_memory.sv Line: 524
Info: [XPM_MEMORY 20-2] MEMORY_INIT_FILE (none), MEMORY_INIT_PARAM together specify no memory initialization. Initial memory contents will be all 0's. tb_gemm_tiling.u_dut.u_l2_v3.GBUFA_BANKS[5].u_gbufA.xpm_memory_base_inst.config_drc  0
Time: 1 ps  Iteration: 0  Process: /tb_gemm_tiling/u_dut/u_l2_v3/GBUFA_BANKS[5].u_gbufA/xpm_memory_base_inst/Initial310_0  Scope: tb_gemm_tiling.u_dut.u_l2_v3.GBUFA_BANKS[5].u_gbufA.xpm_memory_base_inst.config_drc  File: D:/Apps/Study/Vivado/2025.2/Vivado/data/ip/xpm/xpm_memory/hdl/xpm_memory.sv Line: 524
Info: [XPM_MEMORY 20-2] MEMORY_INIT_FILE (none), MEMORY_INIT_PARAM together specify no memory initialization. Initial memory contents will be all 0's. tb_gemm_tiling.u_dut.u_l2_v3.GBUFA_BANKS[6].u_gbufA.xpm_memory_base_inst.config_drc  0
Time: 1 ps  Iteration: 0  Process: /tb_gemm_tiling/u_dut/u_l2_v3/GBUFA_BANKS[6].u_gbufA/xpm_memory_base_inst/Initial310_0  Scope: tb_gemm_tiling.u_dut.u_l2_v3.GBUFA_BANKS[6].u_gbufA.xpm_memory_base_inst.config_drc  File: D:/Apps/Study/Vivado/2025.2/Vivado/data/ip/xpm/xpm_memory/hdl/xpm_memory.sv Line: 524
Info: [XPM_MEMORY 20-2] MEMORY_INIT_FILE (none), MEMORY_INIT_PARAM together specify no memory initialization. Initial memory contents will be all 0's. tb_gemm_tiling.u_dut.u_l2_v3.GBUFA_BANKS[7].u_gbufA.xpm_memory_base_inst.config_drc  0
Time: 1 ps  Iteration: 0  Process: /tb_gemm_tiling/u_dut/u_l2_v3/GBUFA_BANKS[7].u_gbufA/xpm_memory_base_inst/Initial310_0  Scope: tb_gemm_tiling.u_dut.u_l2_v3.GBUFA_BANKS[7].u_gbufA.xpm_memory_base_inst.config_drc  File: D:/Apps/Study/Vivado/2025.2/Vivado/data/ip/xpm/xpm_memory/hdl/xpm_memory.sv Line: 524
Info: [XPM_MEMORY 20-2] MEMORY_INIT_FILE (none), MEMORY_INIT_PARAM together specify no memory initialization. Initial memory contents will be all 0's. tb_gemm_tiling.u_dut.u_l2_v3.GBUFA_BANKS[8].u_gbufA.xpm_memory_base_inst.config_drc  0
Time: 1 ps  Iteration: 0  Process: /tb_gemm_tiling/u_dut/u_l2_v3/GBUFA_BANKS[8].u_gbufA/xpm_memory_base_inst/Initial310_0  Scope: tb_gemm_tiling.u_dut.u_l2_v3.GBUFA_BANKS[8].u_gbufA.xpm_memory_base_inst.config_drc  File: D:/Apps/Study/Vivado/2025.2/Vivado/data/ip/xpm/xpm_memory/hdl/xpm_memory.sv Line: 524
Info: [XPM_MEMORY 20-2] MEMORY_INIT_FILE (none), MEMORY_INIT_PARAM together specify no memory initialization. Initial memory contents will be all 0's. tb_gemm_tiling.u_dut.u_l2_v3.GBUFA_BANKS[9].u_gbufA.xpm_memory_base_inst.config_drc  0
Time: 1 ps  Iteration: 0  Process: /tb_gemm_tiling/u_dut/u_l2_v3/GBUFA_BANKS[9].u_gbufA/xpm_memory_base_inst/Initial310_0  Scope: tb_gemm_tiling.u_dut.u_l2_v3.GBUFA_BANKS[9].u_gbufA.xpm_memory_base_inst.config_drc  File: D:/Apps/Study/Vivado/2025.2/Vivado/data/ip/xpm/xpm_memory/hdl/xpm_memory.sv Line: 524
Info: [XPM_MEMORY 20-2] MEMORY_INIT_FILE (none), MEMORY_INIT_PARAM together specify no memory initialization. Initial memory contents will be all 0's. tb_gemm_tiling.u_dut.u_l2_v3.GBUFA_BANKS[10].u_gbufA.xpm_memory_base_inst.config_drc  0
Time: 1 ps  Iteration: 0  Process: /tb_gemm_tiling/u_dut/u_l2_v3/GBUFA_BANKS[10].u_gbufA/xpm_memory_base_inst/Initial310_0  Scope: tb_gemm_tiling.u_dut.u_l2_v3.GBUFA_BANKS[10].u_gbufA.xpm_memory_base_inst.config_drc  File: D:/Apps/Study/Vivado/2025.2/Vivado/data/ip/xpm/xpm_memory/hdl/xpm_memory.sv Line: 524
Info: [XPM_MEMORY 20-2] MEMORY_INIT_FILE (none), MEMORY_INIT_PARAM together specify no memory initialization. Initial memory contents will be all 0's. tb_gemm_tiling.u_dut.u_l2_v3.GBUFA_BANKS[11].u_gbufA.xpm_memory_base_inst.config_drc  0
Time: 1 ps  Iteration: 0  Process: /tb_gemm_tiling/u_dut/u_l2_v3/GBUFA_BANKS[11].u_gbufA/xpm_memory_base_inst/Initial310_0  Scope: tb_gemm_tiling.u_dut.u_l2_v3.GBUFA_BANKS[11].u_gbufA.xpm_memory_base_inst.config_drc  File: D:/Apps/Study/Vivado/2025.2/Vivado/data/ip/xpm/xpm_memory/hdl/xpm_memory.sv Line: 524
Info: [XPM_MEMORY 20-2] MEMORY_INIT_FILE (none), MEMORY_INIT_PARAM together specify no memory initialization. Initial memory contents will be all 0's. tb_gemm_tiling.u_dut.u_l2_v3.GBUFA_BANKS[12].u_gbufA.xpm_memory_base_inst.config_drc  0
Time: 1 ps  Iteration: 0  Process: /tb_gemm_tiling/u_dut/u_l2_v3/GBUFA_BANKS[12].u_gbufA/xpm_memory_base_inst/Initial310_0  Scope: tb_gemm_tiling.u_dut.u_l2_v3.GBUFA_BANKS[12].u_gbufA.xpm_memory_base_inst.config_drc  File: D:/Apps/Study/Vivado/2025.2/Vivado/data/ip/xpm/xpm_memory/hdl/xpm_memory.sv Line: 524
Info: [XPM_MEMORY 20-2] MEMORY_INIT_FILE (none), MEMORY_INIT_PARAM together specify no memory initialization. Initial memory contents will be all 0's. tb_gemm_tiling.u_dut.u_l2_v3.GBUFA_BANKS[13].u_gbufA.xpm_memory_base_inst.config_drc  0
Time: 1 ps  Iteration: 0  Process: /tb_gemm_tiling/u_dut/u_l2_v3/GBUFA_BANKS[13].u_gbufA/xpm_memory_base_inst/Initial310_0  Scope: tb_gemm_tiling.u_dut.u_l2_v3.GBUFA_BANKS[13].u_gbufA.xpm_memory_base_inst.config_drc  File: D:/Apps/Study/Vivado/2025.2/Vivado/data/ip/xpm/xpm_memory/hdl/xpm_memory.sv Line: 524
Info: [XPM_MEMORY 20-2] MEMORY_INIT_FILE (none), MEMORY_INIT_PARAM together specify no memory initialization. Initial memory contents will be all 0's. tb_gemm_tiling.u_dut.u_l2_v3.GBUFA_BANKS[14].u_gbufA.xpm_memory_base_inst.config_drc  0
Time: 1 ps  Iteration: 0  Process: /tb_gemm_tiling/u_dut/u_l2_v3/GBUFA_BANKS[14].u_gbufA/xpm_memory_base_inst/Initial310_0  Scope: tb_gemm_tiling.u_dut.u_l2_v3.GBUFA_BANKS[14].u_gbufA.xpm_memory_base_inst.config_drc  File: D:/Apps/Study/Vivado/2025.2/Vivado/data/ip/xpm/xpm_memory/hdl/xpm_memory.sv Line: 524
Info: [XPM_MEMORY 20-2] MEMORY_INIT_FILE (none), MEMORY_INIT_PARAM together specify no memory initialization. Initial memory contents will be all 0's. tb_gemm_tiling.u_dut.u_l2_v3.GBUFA_BANKS[15].u_gbufA.xpm_memory_base_inst.config_drc  0
Time: 1 ps  Iteration: 0  Process: /tb_gemm_tiling/u_dut/u_l2_v3/GBUFA_BANKS[15].u_gbufA/xpm_memory_base_inst/Initial310_0  Scope: tb_gemm_tiling.u_dut.u_l2_v3.GBUFA_BANKS[15].u_gbufA.xpm_memory_base_inst.config_drc  File: D:/Apps/Study/Vivado/2025.2/Vivado/data/ip/xpm/xpm_memory/hdl/xpm_memory.sv Line: 524
Info: [XPM_MEMORY 20-2] MEMORY_INIT_FILE (none), MEMORY_INIT_PARAM together specify no memory initialization. Initial memory contents will be all 0's. tb_gemm_tiling.u_dut.u_l2_v3.u_gbufB.xpm_memory_base_inst.config_drc  0
Time: 1 ps  Iteration: 0  Process: /tb_gemm_tiling/u_dut/u_l2_v3/u_gbufB/xpm_memory_base_inst/Initial310_256  Scope: tb_gemm_tiling.u_dut.u_l2_v3.u_gbufB.xpm_memory_base_inst.config_drc  File: D:/Apps/Study/Vivado/2025.2/Vivado/data/ip/xpm/xpm_memory/hdl/xpm_memory.sv Line: 524
INFO: xsimkernel Simulation Memory Usage: 25936 KB (Peak: 25936 KB), Simulation CPU Usage: 975327 ms
