INFO: [VRFC 10-2263] Analyzing Verilog file "D:/int8-matmul-accelerator/matmul/matmul.srcs/sources_1/new/bram_input_buffer.v" into library xil_defaultlib
INFO: [VRFC 10-311] analyzing module bram_input_buffer
INFO: [VRFC 10-2263] Analyzing Verilog file "D:/gemm_accelerator/gemm_accelerator.srcs/sources_1/new/gemm_compute_core.v" into library xil_defaultlib
INFO: [VRFC 10-311] analyzing module gemm_compute_core
INFO: [VRFC 10-2263] Analyzing Verilog file "D:/int8-matmul-accelerator/matmul/matmul.srcs/sources_1/new/int32_int8_rescale.v" into library xil_defaultlib
INFO: [VRFC 10-311] analyzing module int32_int8_rescale
INFO: [VRFC 10-2263] Analyzing Verilog file "D:/gemm_accelerator/gemm_accelerator.srcs/sources_1/new/l2_tiling_agu.v" into library xil_defaultlib
INFO: [VRFC 10-311] analyzing module l2_tiling_agu
INFO: [VRFC 10-2263] Analyzing Verilog file "D:/int8-matmul-accelerator/matmul/matmul.srcs/sources_1/imports/sources_1/imports/new/mac_core.v" into library xil_defaultlib
INFO: [VRFC 10-311] analyzing module mac_core
INFO: [VRFC 10-2263] Analyzing Verilog file "D:/int8-matmul-accelerator/matmul/matmul.srcs/sources_1/new/output_serializer.v" into library xil_defaultlib
INFO: [VRFC 10-311] analyzing module output_serializer
INFO: [VRFC 10-2263] Analyzing Verilog file "D:/int8-matmul-accelerator/matmul/matmul.srcs/sources_1/imports/sources_1/imports/new/pe_wrapper.v" into library xil_defaultlib
INFO: [VRFC 10-311] analyzing module pe_wrapper
INFO: [VRFC 10-2263] Analyzing Verilog file "D:/int8-matmul-accelerator/matmul/matmul.srcs/sources_1/new/post_accumulator.v" into library xil_defaultlib
INFO: [VRFC 10-311] analyzing module post_accumulator
INFO: [VRFC 10-2263] Analyzing Verilog file "D:/int8-matmul-accelerator/matmul/matmul.srcs/sources_1/new/sc_fifo_fwft.v" into library xil_defaultlib
INFO: [VRFC 10-311] analyzing module sc_fifo_fwft
INFO: [VRFC 10-2263] Analyzing Verilog file "D:/int8-matmul-accelerator/matmul/matmul.srcs/sources_1/new/shift_register_delay.v" into library xil_defaultlib
INFO: [VRFC 10-311] analyzing module shift_register_delay
INFO: [VRFC 10-2263] Analyzing Verilog file "D:/int8-matmul-accelerator/matmul/matmul.srcs/sources_1/new/skew_network.v" into library xil_defaultlib
INFO: [VRFC 10-311] analyzing module skew_network
INFO: [VRFC 10-2263] Analyzing Verilog file "D:/int8-matmul-accelerator/matmul/matmul.srcs/sources_1/imports/sources_1/imports/new/systolic_array_os.v" into library xil_defaultlib
INFO: [VRFC 10-311] analyzing module systolic_array_os
INFO: [VRFC 10-2263] Analyzing Verilog file "D:/int8-matmul-accelerator/matmul/matmul.srcs/sources_1/new/systolic_dataflow_ctrl.v" into library xil_defaultlib
INFO: [VRFC 10-311] analyzing module systolic_dataflow_ctrl
INFO: [VRFC 10-2263] Analyzing Verilog file "D:/gemm_accelerator/gemm_accelerator.srcs/sources_1/new/gemm_top_l2.v" into library xil_defaultlib
INFO: [VRFC 10-311] analyzing module gemm_top_l2
INFO: [VRFC 10-2263] Analyzing Verilog file "D:/gemm_accelerator/gemm_accelerator.srcs/sources_1/new/gemm_l2_axi_lite_regs.v" into library xil_defaultlib
INFO: [VRFC 10-311] analyzing module gemm_l2_axi_lite_regs
WARNING: [VRFC 10-3380] identifier 'axi_awaddr' is used before its declaration [D:/gemm_accelerator/gemm_accelerator.srcs/sources_1/new/gemm_l2_axi_lite_regs.v:116]
WARNING: [VRFC 10-3380] identifier 'axi_araddr' is used before its declaration [D:/gemm_accelerator/gemm_accelerator.srcs/sources_1/new/gemm_l2_axi_lite_regs.v:119]
INFO: [VRFC 10-2263] Analyzing Verilog file "D:/gemm_accelerator/gemm_accelerator.ip_user_files/bd/gemm_system/ip/gemm_system_gemm_top_l2_0_0/sim/gemm_system_gemm_top_l2_0_0.v" into library xil_defaultlib
INFO: [VRFC 10-311] analyzing module gemm_system_gemm_top_l2_0_0
INFO: [VRFC 10-2263] Analyzing Verilog file "D:/gemm_accelerator/gemm_accelerator.ip_user_files/bd/gemm_system/ip/gemm_system_gemm_l2_axi_lite_regs_0_0/sim/gemm_system_gemm_l2_axi_lite_regs_0_0.v" into library xil_defaultlib
INFO: [VRFC 10-311] analyzing module gemm_system_gemm_l2_axi_lite_regs_0_0
INFO: [VRFC 10-2263] Analyzing Verilog file "D:/gemm_accelerator/gemm_accelerator.ip_user_files/bd/gemm_system/ip/gemm_system_zynq_ultra_ps_e_0_0/sim/gemm_system_zynq_ultra_ps_e_0_0_vip_wrapper.v" into library xil_defaultlib
INFO: [VRFC 10-311] analyzing module gemm_system_zynq_ultra_ps_e_0_0
INFO: [VRFC 10-2263] Analyzing Verilog file "D:/gemm_accelerator/gemm_accelerator.ip_user_files/bd/gemm_system/ip/gemm_system_xlconcat_0_0/sim/gemm_system_xlconcat_0_0.v" into library xil_defaultlib
INFO: [VRFC 10-311] analyzing module gemm_system_xlconcat_0_0
INFO: [VRFC 10-2263] Analyzing SystemVerilog file "D:/gemm_accelerator/gemm_accelerator.ip_user_files/bd/gemm_system/ip/gemm_system_smartconnect_0_1/bd_0/ip/ip_2/sim/bd_6dc6_s00mmu_0.sv" into library xil_defaultlib
INFO: [VRFC 10-311] analyzing module bd_6dc6_s00mmu_0
INFO: [VRFC 10-2263] Analyzing SystemVerilog file "D:/gemm_accelerator/gemm_accelerator.ip_user_files/bd/gemm_system/ip/gemm_system_smartconnect_0_1/bd_0/ip/ip_3/sim/bd_6dc6_s00tr_0.sv" into library xil_defaultlib
INFO: [VRFC 10-311] analyzing module bd_6dc6_s00tr_0
INFO: [VRFC 10-2263] Analyzing SystemVerilog file "D:/gemm_accelerator/gemm_accelerator.ip_user_files/bd/gemm_system/ip/gemm_system_smartconnect_0_1/bd_0/ip/ip_4/sim/bd_6dc6_s00sic_0.sv" into library xil_defaultlib
INFO: [VRFC 10-311] analyzing module bd_6dc6_s00sic_0
INFO: [VRFC 10-2263] Analyzing SystemVerilog file "D:/gemm_accelerator/gemm_accelerator.ip_user_files/bd/gemm_system/ip/gemm_system_smartconnect_0_1/bd_0/ip/ip_5/sim/bd_6dc6_s00a2s_0.sv" into library xil_defaultlib
INFO: [VRFC 10-311] analyzing module bd_6dc6_s00a2s_0
INFO: [VRFC 10-2263] Analyzing SystemVerilog file "D:/gemm_accelerator/gemm_accelerator.ip_user_files/bd/gemm_system/ip/gemm_system_smartconnect_0_1/bd_0/ip/ip_6/sim/bd_6dc6_sarn_0.sv" into library xil_defaultlib
INFO: [VRFC 10-311] analyzing module bd_6dc6_sarn_0
INFO: [VRFC 10-2263] Analyzing SystemVerilog file "D:/gemm_accelerator/gemm_accelerator.ip_user_files/bd/gemm_system/ip/gemm_system_smartconnect_0_1/bd_0/ip/ip_7/sim/bd_6dc6_srn_0.sv" into library xil_defaultlib
INFO: [VRFC 10-311] analyzing module bd_6dc6_srn_0
INFO: [VRFC 10-2263] Analyzing SystemVerilog file "D:/gemm_accelerator/gemm_accelerator.ip_user_files/bd/gemm_system/ip/gemm_system_smartconnect_0_1/bd_0/ip/ip_8/sim/bd_6dc6_m00s2a_0.sv" into library xil_defaultlib
INFO: [VRFC 10-311] analyzing module bd_6dc6_m00s2a_0
INFO: [VRFC 10-2263] Analyzing SystemVerilog file "D:/gemm_accelerator/gemm_accelerator.ip_user_files/bd/gemm_system/ip/gemm_system_smartconnect_0_1/bd_0/ip/ip_9/sim/bd_6dc6_m00e_0.sv" into library xil_defaultlib
INFO: [VRFC 10-311] analyzing module bd_6dc6_m00e_0
INFO: [VRFC 10-2263] Analyzing Verilog file "D:/gemm_accelerator/gemm_accelerator.ip_user_files/bd/gemm_system/ip/gemm_system_smartconnect_0_1/bd_0/sim/bd_6dc6.v" into library xil_defaultlib
INFO: [VRFC 10-311] analyzing module bd_6dc6
INFO: [VRFC 10-311] analyzing module clk_map_imp_DE8X6U
INFO: [VRFC 10-311] analyzing module m00_exit_pipeline_imp_1JQT5NH
INFO: [VRFC 10-311] analyzing module s00_entry_pipeline_imp_L0PNMM
INFO: [VRFC 10-311] analyzing module s00_nodes_imp_Q7NRNO
INFO: [VRFC 10-2263] Analyzing SystemVerilog file "D:/gemm_accelerator/gemm_accelerator.ip_user_files/bd/gemm_system/ip/gemm_system_smartconnect_0_1/sim/gemm_system_smartconnect_0_1.sv" into library xil_defaultlib
INFO: [VRFC 10-311] analyzing module gemm_system_smartconnect_0_1
INFO: [VRFC 10-2263] Analyzing SystemVerilog file "D:/gemm_accelerator/gemm_accelerator.ip_user_files/bd/gemm_system/ip/gemm_system_smartconnect_1_0/bd_0/ip/ip_2/sim/bd_6d56_s00mmu_0.sv" into library xil_defaultlib
INFO: [VRFC 10-311] analyzing module bd_6d56_s00mmu_0
INFO: [VRFC 10-2263] Analyzing SystemVerilog file "D:/gemm_accelerator/gemm_accelerator.ip_user_files/bd/gemm_system/ip/gemm_system_smartconnect_1_0/bd_0/ip/ip_3/sim/bd_6d56_s00tr_0.sv" into library xil_defaultlib
INFO: [VRFC 10-311] analyzing module bd_6d56_s00tr_0
INFO: [VRFC 10-2263] Analyzing SystemVerilog file "D:/gemm_accelerator/gemm_accelerator.ip_user_files/bd/gemm_system/ip/gemm_system_smartconnect_1_0/bd_0/ip/ip_4/sim/bd_6d56_s00sic_0.sv" into library xil_defaultlib
INFO: [VRFC 10-311] analyzing module bd_6d56_s00sic_0
INFO: [VRFC 10-2263] Analyzing SystemVerilog file "D:/gemm_accelerator/gemm_accelerator.ip_user_files/bd/gemm_system/ip/gemm_system_smartconnect_1_0/bd_0/ip/ip_5/sim/bd_6d56_s00a2s_0.sv" into library xil_defaultlib
INFO: [VRFC 10-311] analyzing module bd_6d56_s00a2s_0
INFO: [VRFC 10-2263] Analyzing SystemVerilog file "D:/gemm_accelerator/gemm_accelerator.ip_user_files/bd/gemm_system/ip/gemm_system_smartconnect_1_0/bd_0/ip/ip_6/sim/bd_6d56_sawn_0.sv" into library xil_defaultlib
INFO: [VRFC 10-311] analyzing module bd_6d56_sawn_0
INFO: [VRFC 10-2263] Analyzing SystemVerilog file "D:/gemm_accelerator/gemm_accelerator.ip_user_files/bd/gemm_system/ip/gemm_system_smartconnect_1_0/bd_0/ip/ip_7/sim/bd_6d56_swn_0.sv" into library xil_defaultlib
INFO: [VRFC 10-311] analyzing module bd_6d56_swn_0
INFO: [VRFC 10-2263] Analyzing SystemVerilog file "D:/gemm_accelerator/gemm_accelerator.ip_user_files/bd/gemm_system/ip/gemm_system_smartconnect_1_0/bd_0/ip/ip_8/sim/bd_6d56_sbn_0.sv" into library xil_defaultlib
INFO: [VRFC 10-311] analyzing module bd_6d56_sbn_0
INFO: [VRFC 10-2263] Analyzing SystemVerilog file "D:/gemm_accelerator/gemm_accelerator.ip_user_files/bd/gemm_system/ip/gemm_system_smartconnect_1_0/bd_0/ip/ip_9/sim/bd_6d56_m00s2a_0.sv" into library xil_defaultlib
INFO: [VRFC 10-311] analyzing module bd_6d56_m00s2a_0
INFO: [VRFC 10-2263] Analyzing SystemVerilog file "D:/gemm_accelerator/gemm_accelerator.ip_user_files/bd/gemm_system/ip/gemm_system_smartconnect_1_0/bd_0/ip/ip_10/sim/bd_6d56_m00e_0.sv" into library xil_defaultlib
INFO: [VRFC 10-311] analyzing module bd_6d56_m00e_0
INFO: [VRFC 10-2263] Analyzing Verilog file "D:/gemm_accelerator/gemm_accelerator.ip_user_files/bd/gemm_system/ip/gemm_system_smartconnect_1_0/bd_0/sim/bd_6d56.v" into library xil_defaultlib
INFO: [VRFC 10-311] analyzing module bd_6d56
INFO: [VRFC 10-311] analyzing module clk_map_imp_1P80L3O
INFO: [VRFC 10-311] analyzing module m00_exit_pipeline_imp_9ZYZ2N
INFO: [VRFC 10-311] analyzing module s00_entry_pipeline_imp_1ADDKB0
INFO: [VRFC 10-311] analyzing module s00_nodes_imp_1DJYN12
INFO: [VRFC 10-2263] Analyzing SystemVerilog file "D:/gemm_accelerator/gemm_accelerator.ip_user_files/bd/gemm_system/ip/gemm_system_smartconnect_1_0/sim/gemm_system_smartconnect_1_0.sv" into library xil_defaultlib
INFO: [VRFC 10-311] analyzing module gemm_system_smartconnect_1_0
INFO: [VRFC 10-2263] Analyzing SystemVerilog file "D:/gemm_accelerator/gemm_accelerator.ip_user_files/bd/gemm_system/ip/gemm_system_axi_smc_2/bd_0/ip/ip_2/sim/bd_9f0d_s00mmu_0.sv" into library xil_defaultlib
INFO: [VRFC 10-311] analyzing module bd_9f0d_s00mmu_0
INFO: [VRFC 10-2263] Analyzing SystemVerilog file "D:/gemm_accelerator/gemm_accelerator.ip_user_files/bd/gemm_system/ip/gemm_system_axi_smc_2/bd_0/ip/ip_3/sim/bd_9f0d_s00tr_0.sv" into library xil_defaultlib
INFO: [VRFC 10-311] analyzing module bd_9f0d_s00tr_0
INFO: [VRFC 10-2263] Analyzing SystemVerilog file "D:/gemm_accelerator/gemm_accelerator.ip_user_files/bd/gemm_system/ip/gemm_system_axi_smc_2/bd_0/ip/ip_4/sim/bd_9f0d_s00sic_0.sv" into library xil_defaultlib
INFO: [VRFC 10-311] analyzing module bd_9f0d_s00sic_0
INFO: [VRFC 10-2263] Analyzing SystemVerilog file "D:/gemm_accelerator/gemm_accelerator.ip_user_files/bd/gemm_system/ip/gemm_system_axi_smc_2/bd_0/ip/ip_5/sim/bd_9f0d_s00a2s_0.sv" into library xil_defaultlib
INFO: [VRFC 10-311] analyzing module bd_9f0d_s00a2s_0
INFO: [VRFC 10-2263] Analyzing SystemVerilog file "D:/gemm_accelerator/gemm_accelerator.ip_user_files/bd/gemm_system/ip/gemm_system_axi_smc_2/bd_0/ip/ip_6/sim/bd_9f0d_sarn_0.sv" into library xil_defaultlib
INFO: [VRFC 10-311] analyzing module bd_9f0d_sarn_0
INFO: [VRFC 10-2263] Analyzing SystemVerilog file "D:/gemm_accelerator/gemm_accelerator.ip_user_files/bd/gemm_system/ip/gemm_system_axi_smc_2/bd_0/ip/ip_7/sim/bd_9f0d_srn_0.sv" into library xil_defaultlib
INFO: [VRFC 10-311] analyzing module bd_9f0d_srn_0
INFO: [VRFC 10-2263] Analyzing SystemVerilog file "D:/gemm_accelerator/gemm_accelerator.ip_user_files/bd/gemm_system/ip/gemm_system_axi_smc_2/bd_0/ip/ip_8/sim/bd_9f0d_sawn_0.sv" into library xil_defaultlib
INFO: [VRFC 10-311] analyzing module bd_9f0d_sawn_0
INFO: [VRFC 10-2263] Analyzing SystemVerilog file "D:/gemm_accelerator/gemm_accelerator.ip_user_files/bd/gemm_system/ip/gemm_system_axi_smc_2/bd_0/ip/ip_9/sim/bd_9f0d_swn_0.sv" into library xil_defaultlib
INFO: [VRFC 10-311] analyzing module bd_9f0d_swn_0
INFO: [VRFC 10-2263] Analyzing SystemVerilog file "D:/gemm_accelerator/gemm_accelerator.ip_user_files/bd/gemm_system/ip/gemm_system_axi_smc_2/bd_0/ip/ip_10/sim/bd_9f0d_sbn_0.sv" into library xil_defaultlib
INFO: [VRFC 10-311] analyzing module bd_9f0d_sbn_0
INFO: [VRFC 10-2263] Analyzing SystemVerilog file "D:/gemm_accelerator/gemm_accelerator.ip_user_files/bd/gemm_system/ip/gemm_system_axi_smc_2/bd_0/ip/ip_11/sim/bd_9f0d_m00s2a_0.sv" into library xil_defaultlib
INFO: [VRFC 10-311] analyzing module bd_9f0d_m00s2a_0
INFO: [VRFC 10-2263] Analyzing SystemVerilog file "D:/gemm_accelerator/gemm_accelerator.ip_user_files/bd/gemm_system/ip/gemm_system_axi_smc_2/bd_0/ip/ip_12/sim/bd_9f0d_m00e_0.sv" into library xil_defaultlib
INFO: [VRFC 10-311] analyzing module bd_9f0d_m00e_0
INFO: [VRFC 10-2263] Analyzing Verilog file "D:/gemm_accelerator/gemm_accelerator.ip_user_files/bd/gemm_system/ip/gemm_system_axi_smc_2/bd_0/sim/bd_9f0d.v" into library xil_defaultlib
INFO: [VRFC 10-311] analyzing module bd_9f0d
INFO: [VRFC 10-311] analyzing module clk_map_imp_ZBTRAP
INFO: [VRFC 10-311] analyzing module m00_exit_pipeline_imp_11QC42Y
INFO: [VRFC 10-311] analyzing module s00_entry_pipeline_imp_1C9ZU1
INFO: [VRFC 10-311] analyzing module s00_nodes_imp_4U0SZ7
INFO: [VRFC 10-2263] Analyzing SystemVerilog file "D:/gemm_accelerator/gemm_accelerator.ip_user_files/bd/gemm_system/ip/gemm_system_axi_smc_2/sim/gemm_system_axi_smc_2.sv" into library xil_defaultlib
INFO: [VRFC 10-311] analyzing module gemm_system_axi_smc_2
INFO: [VRFC 10-2263] Analyzing Verilog file "D:/gemm_accelerator/gemm_accelerator.ip_user_files/bd/gemm_system/sim/gemm_system.v" into library xil_defaultlib
INFO: [VRFC 10-311] analyzing module gemm_system
INFO: [VRFC 10-2263] Analyzing Verilog file "D:/gemm_accelerator/gemm_accelerator.gen/sources_1/bd/gemm_system/hdl/gemm_system_wrapper.v" into library xil_defaultlib
INFO: [VRFC 10-311] analyzing module gemm_system_wrapper
INFO: [VRFC 10-2263] Analyzing Verilog file "D:/gemm_accelerator/gemm_accelerator.sim/sim_1/behav/xsim/glbl.v" into library xil_defaultlib
INFO: [VRFC 10-311] analyzing module glbl
