
*** Running vivado
    with args -log system_npu_axi_ip_0_0.vds -m64 -product Vivado -mode batch -messageDb vivado.pb -notrace -source system_npu_axi_ip_0_0.tcl



****** Vivado v2025.2 (64-bit)
  **** SW Build 6299465 on Fri Nov 14 19:35:11 GMT 2025
  **** IP Build 6300035 on Fri Nov 14 10:48:45 MST 2025
  **** SharedData Build 6298862 on Thu Nov 13 04:50:51 MST 2025
  **** Start of session at: Sun Mar 22 22:38:24 2026
    ** Copyright 1986-2022 Xilinx, Inc. All Rights Reserved.
    ** Copyright 2022-2025 Advanced Micro Devices, Inc. All Rights Reserved.

source system_npu_axi_ip_0_0.tcl -notrace
create_project: Time (s): cpu = 00:00:20 ; elapsed = 00:00:13 . Memory (MB): peak = 555.402 ; gain = 221.777
INFO: [IP_Flow 19-234] Refreshing IP repositories
INFO: [IP_Flow 19-1700] Loaded user IP repository 'd:/HK6/Project1/matmul_accelerator/AXI4/npu_axi_ip_1_0'.
INFO: [IP_Flow 19-2313] Loaded Vivado IP repository 'D:/Apps/Study/Vivado/2025.2/Vivado/data/ip'.
Command: synth_design -top system_npu_axi_ip_0_0 -part xck26-sfvc784-2LV-c -incremental_mode off -mode out_of_context
Starting synth_design
Attempting to get a license for feature 'Synthesis' and/or device 'xck26'
INFO: [Common 17-349] Got license for feature 'Synthesis' and/or device 'xck26'
INFO: [Device 21-403] Loading part xck26-sfvc784-2LV-c
INFO: [Synth 8-7079] Multithreading enabled for synth_design using a maximum of 2 processes.
INFO: [Synth 8-7078] Launching helper process for spawning children vivado processes
INFO: [Synth 8-7075] Helper process launched with PID 3688
---------------------------------------------------------------------------------
Starting RTL Elaboration : Time (s): cpu = 00:00:09 ; elapsed = 00:00:09 . Memory (MB): peak = 1855.645 ; gain = 210.246
---------------------------------------------------------------------------------
INFO: [Synth 8-6157] synthesizing module 'system_npu_axi_ip_0_0' [d:/HK6/Project1/matmul_accelerator/matmul_accelerator.gen/sources_1/bd/system/ip/system_npu_axi_ip_0_0/synth/system_npu_axi_ip_0_0.v:53]
INFO: [Synth 8-6157] synthesizing module 'npu_axi_ip' [d:/HK6/Project1/matmul_accelerator/matmul_accelerator.gen/sources_1/bd/system/ipshared/e388/hdl/npu_axi_ip.v:4]
INFO: [Synth 8-6157] synthesizing module 'npu_axi_ip_slave_lite_v1_0_S00_AXI' [d:/HK6/Project1/matmul_accelerator/matmul_accelerator.gen/sources_1/bd/system/ipshared/e388/hdl/npu_axi_ip_slave_lite_v1_0_S00_AXI.v:4]
INFO: [Synth 8-155] case statement is not full and has no default [d:/HK6/Project1/matmul_accelerator/matmul_accelerator.gen/sources_1/bd/system/ipshared/e388/hdl/npu_axi_ip_slave_lite_v1_0_S00_AXI.v:153]
INFO: [Synth 8-226] default block is never used [d:/HK6/Project1/matmul_accelerator/matmul_accelerator.gen/sources_1/bd/system/ipshared/e388/hdl/npu_axi_ip_slave_lite_v1_0_S00_AXI.v:239]
INFO: [Synth 8-155] case statement is not full and has no default [d:/HK6/Project1/matmul_accelerator/matmul_accelerator.gen/sources_1/bd/system/ipshared/e388/hdl/npu_axi_ip_slave_lite_v1_0_S00_AXI.v:388]
INFO: [Synth 8-6157] synthesizing module 'npu_top' [d:/HK6/Project1/matmul_accelerator/matmul_accelerator.gen/sources_1/bd/system/ipshared/e388/5460/npu_top.v:22]
INFO: [Synth 8-6157] synthesizing module 'npu_control_unit' [d:/HK6/Project1/matmul_accelerator/matmul_accelerator.gen/sources_1/bd/system/ipshared/e388/5460/npu_control_unit.v:23]
INFO: [Synth 8-155] case statement is not full and has no default [d:/HK6/Project1/matmul_accelerator/matmul_accelerator.gen/sources_1/bd/system/ipshared/e388/5460/npu_control_unit.v:54]
INFO: [Synth 8-6155] done synthesizing module 'npu_control_unit' (0#1) [d:/HK6/Project1/matmul_accelerator/matmul_accelerator.gen/sources_1/bd/system/ipshared/e388/5460/npu_control_unit.v:23]
INFO: [Synth 8-6157] synthesizing module 'npu_addr_gen' [d:/HK6/Project1/matmul_accelerator/matmul_accelerator.gen/sources_1/bd/system/ipshared/e388/5460/npu_addr_gen.v:23]
INFO: [Synth 8-155] case statement is not full and has no default [d:/HK6/Project1/matmul_accelerator/matmul_accelerator.gen/sources_1/bd/system/ipshared/e388/5460/npu_addr_gen.v:49]
INFO: [Synth 8-155] case statement is not full and has no default [d:/HK6/Project1/matmul_accelerator/matmul_accelerator.gen/sources_1/bd/system/ipshared/e388/5460/npu_addr_gen.v:62]
INFO: [Synth 8-6155] done synthesizing module 'npu_addr_gen' (0#1) [d:/HK6/Project1/matmul_accelerator/matmul_accelerator.gen/sources_1/bd/system/ipshared/e388/5460/npu_addr_gen.v:23]
INFO: [Synth 8-6157] synthesizing module 'npu_local_mem' [d:/HK6/Project1/matmul_accelerator/matmul_accelerator.gen/sources_1/bd/system/ipshared/e388/5460/npu_local_mem.v:23]
INFO: [Synth 8-6155] done synthesizing module 'npu_local_mem' (0#1) [d:/HK6/Project1/matmul_accelerator/matmul_accelerator.gen/sources_1/bd/system/ipshared/e388/5460/npu_local_mem.v:23]
INFO: [Synth 8-6157] synthesizing module 'npu_core' [d:/HK6/Project1/matmul_accelerator/matmul_accelerator.gen/sources_1/bd/system/ipshared/e388/5460/npu_core.v:23]
INFO: [Synth 8-6157] synthesizing module 'input_buffer_skew' [d:/HK6/Project1/matmul_accelerator/matmul_accelerator.gen/sources_1/bd/system/ipshared/e388/5460/input_buffer_skew.v:23]
INFO: [Synth 8-6155] done synthesizing module 'input_buffer_skew' (0#1) [d:/HK6/Project1/matmul_accelerator/matmul_accelerator.gen/sources_1/bd/system/ipshared/e388/5460/input_buffer_skew.v:23]
INFO: [Synth 8-6157] synthesizing module 'matmul_array' [d:/HK6/Project1/matmul_accelerator/matmul_accelerator.gen/sources_1/bd/system/ipshared/e388/2cb7/matmul_array.v:23]
INFO: [Synth 8-6157] synthesizing module 'pe_wrapper' [d:/HK6/Project1/matmul_accelerator/matmul_accelerator.gen/sources_1/bd/system/ipshared/e388/2cb7/pe_wrapper.v:23]
INFO: [Synth 8-6157] synthesizing module 'mac_core' [d:/HK6/Project1/matmul_accelerator/matmul_accelerator.gen/sources_1/bd/system/ipshared/e388/2cb7/mac_core.v:23]
INFO: [Synth 8-6157] synthesizing module 'mac_mult_stage' [d:/HK6/Project1/matmul_accelerator/matmul_accelerator.gen/sources_1/bd/system/ipshared/e388/5460/mac_mult_stage.v:23]
INFO: [Synth 8-6155] done synthesizing module 'mac_mult_stage' (0#1) [d:/HK6/Project1/matmul_accelerator/matmul_accelerator.gen/sources_1/bd/system/ipshared/e388/5460/mac_mult_stage.v:23]
WARNING: [Synth 8-689] width (32) of port connection 'mul_out' does not match port width (16) of module 'mac_mult_stage' [d:/HK6/Project1/matmul_accelerator/matmul_accelerator.gen/sources_1/bd/system/ipshared/e388/2cb7/mac_core.v:46]
INFO: [Synth 8-6157] synthesizing module 'mac_acc_stage' [d:/HK6/Project1/matmul_accelerator/matmul_accelerator.gen/sources_1/bd/system/ipshared/e388/5460/mac_acc_stage.v:23]
INFO: [Synth 8-6155] done synthesizing module 'mac_acc_stage' (0#1) [d:/HK6/Project1/matmul_accelerator/matmul_accelerator.gen/sources_1/bd/system/ipshared/e388/5460/mac_acc_stage.v:23]
WARNING: [Synth 8-689] width (32) of port connection 'mul_in' does not match port width (16) of module 'mac_acc_stage' [d:/HK6/Project1/matmul_accelerator/matmul_accelerator.gen/sources_1/bd/system/ipshared/e388/2cb7/mac_core.v:55]
INFO: [Synth 8-6155] done synthesizing module 'mac_core' (0#1) [d:/HK6/Project1/matmul_accelerator/matmul_accelerator.gen/sources_1/bd/system/ipshared/e388/2cb7/mac_core.v:23]
INFO: [Synth 8-6155] done synthesizing module 'pe_wrapper' (0#1) [d:/HK6/Project1/matmul_accelerator/matmul_accelerator.gen/sources_1/bd/system/ipshared/e388/2cb7/pe_wrapper.v:23]
INFO: [Synth 8-6155] done synthesizing module 'matmul_array' (0#1) [d:/HK6/Project1/matmul_accelerator/matmul_accelerator.gen/sources_1/bd/system/ipshared/e388/2cb7/matmul_array.v:23]
INFO: [Synth 8-6157] synthesizing module 'output_collector' [d:/HK6/Project1/matmul_accelerator/matmul_accelerator.gen/sources_1/bd/system/ipshared/e388/5460/output_collector.v:22]
INFO: [Synth 8-6157] synthesizing module 'oc_scan_engine' [d:/HK6/Project1/matmul_accelerator/matmul_accelerator.gen/sources_1/bd/system/ipshared/e388/5460/oc_scan_engine.v:23]
INFO: [Synth 8-6155] done synthesizing module 'oc_scan_engine' (0#1) [d:/HK6/Project1/matmul_accelerator/matmul_accelerator.gen/sources_1/bd/system/ipshared/e388/5460/oc_scan_engine.v:23]
INFO: [Synth 8-6157] synthesizing module 'oc_ctrl' [d:/HK6/Project1/matmul_accelerator/matmul_accelerator.gen/sources_1/bd/system/ipshared/e388/5460/oc_ctrl.v:23]
INFO: [Synth 8-155] case statement is not full and has no default [d:/HK6/Project1/matmul_accelerator/matmul_accelerator.gen/sources_1/bd/system/ipshared/e388/5460/oc_ctrl.v:46]
INFO: [Synth 8-6155] done synthesizing module 'oc_ctrl' (0#1) [d:/HK6/Project1/matmul_accelerator/matmul_accelerator.gen/sources_1/bd/system/ipshared/e388/5460/oc_ctrl.v:23]
INFO: [Synth 8-6157] synthesizing module 'oc_handler' [d:/HK6/Project1/matmul_accelerator/matmul_accelerator.gen/sources_1/bd/system/ipshared/e388/5460/oc_handler.v:23]
INFO: [Synth 8-6155] done synthesizing module 'oc_handler' (0#1) [d:/HK6/Project1/matmul_accelerator/matmul_accelerator.gen/sources_1/bd/system/ipshared/e388/5460/oc_handler.v:23]
INFO: [Synth 8-6155] done synthesizing module 'output_collector' (0#1) [d:/HK6/Project1/matmul_accelerator/matmul_accelerator.gen/sources_1/bd/system/ipshared/e388/5460/output_collector.v:22]
INFO: [Synth 8-6155] done synthesizing module 'npu_core' (0#1) [d:/HK6/Project1/matmul_accelerator/matmul_accelerator.gen/sources_1/bd/system/ipshared/e388/5460/npu_core.v:23]
INFO: [Synth 8-6155] done synthesizing module 'npu_top' (0#1) [d:/HK6/Project1/matmul_accelerator/matmul_accelerator.gen/sources_1/bd/system/ipshared/e388/5460/npu_top.v:22]
INFO: [Synth 8-6155] done synthesizing module 'npu_axi_ip_slave_lite_v1_0_S00_AXI' (0#1) [d:/HK6/Project1/matmul_accelerator/matmul_accelerator.gen/sources_1/bd/system/ipshared/e388/hdl/npu_axi_ip_slave_lite_v1_0_S00_AXI.v:4]
INFO: [Synth 8-6155] done synthesizing module 'npu_axi_ip' (0#1) [d:/HK6/Project1/matmul_accelerator/matmul_accelerator.gen/sources_1/bd/system/ipshared/e388/hdl/npu_axi_ip.v:4]
INFO: [Synth 8-6155] done synthesizing module 'system_npu_axi_ip_0_0' (0#1) [d:/HK6/Project1/matmul_accelerator/matmul_accelerator.gen/sources_1/bd/system/ip/system_npu_axi_ip_0_0/synth/system_npu_axi_ip_0_0.v:53]
WARNING: [Synth 8-6014] Unused sequential element next_sum_reg was removed.  [d:/HK6/Project1/matmul_accelerator/matmul_accelerator.gen/sources_1/bd/system/ipshared/e388/5460/mac_acc_stage.v:46]
WARNING: [Synth 8-6014] Unused sequential element slv_reg4_reg was removed.  [d:/HK6/Project1/matmul_accelerator/matmul_accelerator.gen/sources_1/bd/system/ipshared/e388/hdl/npu_axi_ip_slave_lite_v1_0_S00_AXI.v:223]
INFO: [Synth 8-7129] Port start_compute in module npu_core is either unconnected or has no load
INFO: [Synth 8-7129] Port mem_wr_weight[31] in module npu_top is either unconnected or has no load
INFO: [Synth 8-7129] Port mem_wr_weight[30] in module npu_top is either unconnected or has no load
INFO: [Synth 8-7129] Port mem_wr_weight[29] in module npu_top is either unconnected or has no load
INFO: [Synth 8-7129] Port mem_wr_weight[28] in module npu_top is either unconnected or has no load
INFO: [Synth 8-7129] Port mem_wr_weight[27] in module npu_top is either unconnected or has no load
INFO: [Synth 8-7129] Port mem_wr_weight[26] in module npu_top is either unconnected or has no load
INFO: [Synth 8-7129] Port mem_wr_weight[25] in module npu_top is either unconnected or has no load
INFO: [Synth 8-7129] Port mem_wr_weight[24] in module npu_top is either unconnected or has no load
INFO: [Synth 8-7129] Port mem_wr_weight[23] in module npu_top is either unconnected or has no load
INFO: [Synth 8-7129] Port mem_wr_weight[22] in module npu_top is either unconnected or has no load
INFO: [Synth 8-7129] Port mem_wr_weight[21] in module npu_top is either unconnected or has no load
INFO: [Synth 8-7129] Port mem_wr_weight[20] in module npu_top is either unconnected or has no load
INFO: [Synth 8-7129] Port mem_wr_weight[19] in module npu_top is either unconnected or has no load
INFO: [Synth 8-7129] Port mem_wr_weight[18] in module npu_top is either unconnected or has no load
INFO: [Synth 8-7129] Port mem_wr_weight[17] in module npu_top is either unconnected or has no load
INFO: [Synth 8-7129] Port mem_wr_weight[16] in module npu_top is either unconnected or has no load
INFO: [Synth 8-7129] Port mem_wr_weight[15] in module npu_top is either unconnected or has no load
INFO: [Synth 8-7129] Port mem_wr_weight[14] in module npu_top is either unconnected or has no load
INFO: [Synth 8-7129] Port mem_wr_weight[13] in module npu_top is either unconnected or has no load
INFO: [Synth 8-7129] Port mem_wr_weight[12] in module npu_top is either unconnected or has no load
INFO: [Synth 8-7129] Port mem_wr_weight[11] in module npu_top is either unconnected or has no load
INFO: [Synth 8-7129] Port mem_wr_weight[10] in module npu_top is either unconnected or has no load
INFO: [Synth 8-7129] Port mem_wr_weight[9] in module npu_top is either unconnected or has no load
INFO: [Synth 8-7129] Port mem_wr_weight[8] in module npu_top is either unconnected or has no load
INFO: [Synth 8-7129] Port mem_wr_weight[7] in module npu_top is either unconnected or has no load
INFO: [Synth 8-7129] Port mem_wr_weight[6] in module npu_top is either unconnected or has no load
INFO: [Synth 8-7129] Port mem_wr_weight[5] in module npu_top is either unconnected or has no load
INFO: [Synth 8-7129] Port mem_wr_weight[4] in module npu_top is either unconnected or has no load
INFO: [Synth 8-7129] Port mem_wr_weight[3] in module npu_top is either unconnected or has no load
INFO: [Synth 8-7129] Port mem_wr_weight[2] in module npu_top is either unconnected or has no load
INFO: [Synth 8-7129] Port mem_wr_weight[1] in module npu_top is either unconnected or has no load
INFO: [Synth 8-7129] Port mem_wr_weight[0] in module npu_top is either unconnected or has no load
INFO: [Synth 8-7129] Port S_AXI_AWPROT[2] in module npu_axi_ip_slave_lite_v1_0_S00_AXI is either unconnected or has no load
INFO: [Synth 8-7129] Port S_AXI_AWPROT[1] in module npu_axi_ip_slave_lite_v1_0_S00_AXI is either unconnected or has no load
INFO: [Synth 8-7129] Port S_AXI_AWPROT[0] in module npu_axi_ip_slave_lite_v1_0_S00_AXI is either unconnected or has no load
INFO: [Synth 8-7129] Port S_AXI_ARPROT[2] in module npu_axi_ip_slave_lite_v1_0_S00_AXI is either unconnected or has no load
INFO: [Synth 8-7129] Port S_AXI_ARPROT[1] in module npu_axi_ip_slave_lite_v1_0_S00_AXI is either unconnected or has no load
INFO: [Synth 8-7129] Port S_AXI_ARPROT[0] in module npu_axi_ip_slave_lite_v1_0_S00_AXI is either unconnected or has no load
---------------------------------------------------------------------------------
Finished RTL Elaboration : Time (s): cpu = 00:00:13 ; elapsed = 00:00:13 . Memory (MB): peak = 1993.609 ; gain = 348.211
---------------------------------------------------------------------------------
---------------------------------------------------------------------------------
Start Handling Custom Attributes
---------------------------------------------------------------------------------
---------------------------------------------------------------------------------
Finished Handling Custom Attributes : Time (s): cpu = 00:00:13 ; elapsed = 00:00:13 . Memory (MB): peak = 1993.609 ; gain = 348.211
---------------------------------------------------------------------------------
---------------------------------------------------------------------------------
Finished RTL Optimization Phase 1 : Time (s): cpu = 00:00:13 ; elapsed = 00:00:13 . Memory (MB): peak = 1993.609 ; gain = 348.211
---------------------------------------------------------------------------------
Netlist sorting complete. Time (s): cpu = 00:00:00 ; elapsed = 00:00:00.108 . Memory (MB): peak = 1993.609 ; gain = 0.000
INFO: [Project 1-570] Preparing netlist for logic optimization

Processing XDC Constraints
Initializing timing engine
Completed Processing XDC Constraints

Netlist sorting complete. Time (s): cpu = 00:00:00 ; elapsed = 00:00:00.003 . Memory (MB): peak = 2069.812 ; gain = 0.000
INFO: [Project 1-111] Unisim Transformation Summary:
No Unisim elements were transformed.

Constraint Validation Runtime : Time (s): cpu = 00:00:00 ; elapsed = 00:00:00.204 . Memory (MB): peak = 2069.812 ; gain = 0.000
INFO: [Designutils 20-5008] Incremental synthesis strategy off
---------------------------------------------------------------------------------
Finished Constraint Validation : Time (s): cpu = 00:00:25 ; elapsed = 00:00:26 . Memory (MB): peak = 2069.812 ; gain = 424.414
---------------------------------------------------------------------------------
---------------------------------------------------------------------------------
Start Loading Part and Timing Information
---------------------------------------------------------------------------------
Loading part: xck26-sfvc784-2LV-c
INFO: [Synth 8-6742] Reading net delay rules and data
---------------------------------------------------------------------------------
Finished Loading Part and Timing Information : Time (s): cpu = 00:00:25 ; elapsed = 00:00:26 . Memory (MB): peak = 2069.812 ; gain = 424.414
---------------------------------------------------------------------------------
---------------------------------------------------------------------------------
Start Applying 'set_property' XDC Constraints
---------------------------------------------------------------------------------
---------------------------------------------------------------------------------
Finished applying 'set_property' XDC Constraints : Time (s): cpu = 00:00:25 ; elapsed = 00:00:26 . Memory (MB): peak = 2069.812 ; gain = 424.414
---------------------------------------------------------------------------------
INFO: [Synth 8-802] inferred FSM for state register 'state_reg' in module 'npu_addr_gen'
INFO: [Synth 8-802] inferred FSM for state register 'state_reg' in module 'oc_ctrl'
INFO: [Synth 8-802] inferred FSM for state register 'state_write_reg' in module 'npu_axi_ip_slave_lite_v1_0_S00_AXI'
INFO: [Synth 8-802] inferred FSM for state register 'state_read_reg' in module 'npu_axi_ip_slave_lite_v1_0_S00_AXI'
---------------------------------------------------------------------------------------------------
                   State |                     New Encoding |                Previous Encoding 
---------------------------------------------------------------------------------------------------
                    IDLE |                              001 |                               00
                    READ |                              010 |                               01
                    DONE |                              100 |                               11
---------------------------------------------------------------------------------------------------
INFO: [Synth 8-3354] encoded FSM with state register 'state_reg' using encoding 'one-hot' in module 'npu_addr_gen'
---------------------------------------------------------------------------------------------------
                   State |                     New Encoding |                Previous Encoding 
---------------------------------------------------------------------------------------------------
                    IDLE |                              001 |                               00
                 READ_PE |                              010 |                               01
                    DONE |                              100 |                               11
---------------------------------------------------------------------------------------------------
INFO: [Synth 8-3354] encoded FSM with state register 'state_reg' using encoding 'one-hot' in module 'oc_ctrl'
---------------------------------------------------------------------------------------------------
                   State |                     New Encoding |                Previous Encoding 
---------------------------------------------------------------------------------------------------
                    Idle |                               00 |                               00
                   Waddr |                               01 |                               10
                   Wdata |                               10 |                               11
---------------------------------------------------------------------------------------------------
INFO: [Synth 8-3354] encoded FSM with state register 'state_write_reg' using encoding 'sequential' in module 'npu_axi_ip_slave_lite_v1_0_S00_AXI'
---------------------------------------------------------------------------------------------------
                   State |                     New Encoding |                Previous Encoding 
---------------------------------------------------------------------------------------------------
                    Idle |                               00 |                               00
                   Raddr |                               01 |                               10
                   Rdata |                               10 |                               11
---------------------------------------------------------------------------------------------------
INFO: [Synth 8-3354] encoded FSM with state register 'state_read_reg' using encoding 'sequential' in module 'npu_axi_ip_slave_lite_v1_0_S00_AXI'
---------------------------------------------------------------------------------
Finished RTL Optimization Phase 2 : Time (s): cpu = 00:00:26 ; elapsed = 00:00:27 . Memory (MB): peak = 2069.812 ; gain = 424.414
---------------------------------------------------------------------------------
No constraint files found.
---------------------------------------------------------------------------------
Start RTL Component Statistics 
---------------------------------------------------------------------------------
Detailed RTL Component Info : 
+---Adders : 
	   2 Input   32 Bit       Adders := 17    
	   2 Input   10 Bit       Adders := 1     
	   2 Input    4 Bit       Adders := 1     
+---Registers : 
	               32 Bit    Registers := 51    
	               16 Bit    Registers := 16    
	               10 Bit    Registers := 1     
	                8 Bit    Registers := 76    
	                6 Bit    Registers := 2     
	                4 Bit    Registers := 1     
	                2 Bit    Registers := 1     
	                1 Bit    Registers := 166   
+---RAMs : 
	              32K Bit	(1024 X 32 bit)          RAMs := 2     
+---Muxes : 
	   2 Input   32 Bit        Muxes := 49    
	  16 Input   32 Bit        Muxes := 15    
	   3 Input   10 Bit        Muxes := 1     
	   2 Input    4 Bit        Muxes := 2     
	   3 Input    3 Bit        Muxes := 2     
	   2 Input    3 Bit        Muxes := 2     
	   3 Input    2 Bit        Muxes := 2     
	   2 Input    2 Bit        Muxes := 5     
	   3 Input    1 Bit        Muxes := 19    
	   2 Input    1 Bit        Muxes := 2     
---------------------------------------------------------------------------------
Finished RTL Component Statistics 
---------------------------------------------------------------------------------
---------------------------------------------------------------------------------
Start Part Resource Summary
---------------------------------------------------------------------------------
Part Resources:
DSPs: 1248 (col length:96)
BRAMs: 288 (col length: RAMB18 96 RAMB36 48)
---------------------------------------------------------------------------------
Finished Part Resource Summary
---------------------------------------------------------------------------------
No constraint files found.
---------------------------------------------------------------------------------
Start Cross Boundary and Area Optimization
---------------------------------------------------------------------------------
INFO: [Synth 8-7129] Port mem_wr_weight[31] in module npu_top is either unconnected or has no load
INFO: [Synth 8-7129] Port mem_wr_weight[30] in module npu_top is either unconnected or has no load
INFO: [Synth 8-7129] Port mem_wr_weight[29] in module npu_top is either unconnected or has no load
INFO: [Synth 8-7129] Port mem_wr_weight[28] in module npu_top is either unconnected or has no load
INFO: [Synth 8-7129] Port mem_wr_weight[27] in module npu_top is either unconnected or has no load
INFO: [Synth 8-7129] Port mem_wr_weight[26] in module npu_top is either unconnected or has no load
INFO: [Synth 8-7129] Port mem_wr_weight[25] in module npu_top is either unconnected or has no load
INFO: [Synth 8-7129] Port mem_wr_weight[24] in module npu_top is either unconnected or has no load
INFO: [Synth 8-7129] Port mem_wr_weight[23] in module npu_top is either unconnected or has no load
INFO: [Synth 8-7129] Port mem_wr_weight[22] in module npu_top is either unconnected or has no load
INFO: [Synth 8-7129] Port mem_wr_weight[21] in module npu_top is either unconnected or has no load
INFO: [Synth 8-7129] Port mem_wr_weight[20] in module npu_top is either unconnected or has no load
INFO: [Synth 8-7129] Port mem_wr_weight[19] in module npu_top is either unconnected or has no load
INFO: [Synth 8-7129] Port mem_wr_weight[18] in module npu_top is either unconnected or has no load
INFO: [Synth 8-7129] Port mem_wr_weight[17] in module npu_top is either unconnected or has no load
INFO: [Synth 8-7129] Port mem_wr_weight[16] in module npu_top is either unconnected or has no load
INFO: [Synth 8-7129] Port mem_wr_weight[15] in module npu_top is either unconnected or has no load
INFO: [Synth 8-7129] Port mem_wr_weight[14] in module npu_top is either unconnected or has no load
INFO: [Synth 8-7129] Port mem_wr_weight[13] in module npu_top is either unconnected or has no load
INFO: [Synth 8-7129] Port mem_wr_weight[12] in module npu_top is either unconnected or has no load
INFO: [Synth 8-7129] Port mem_wr_weight[11] in module npu_top is either unconnected or has no load
INFO: [Synth 8-7129] Port mem_wr_weight[10] in module npu_top is either unconnected or has no load
INFO: [Synth 8-7129] Port mem_wr_weight[9] in module npu_top is either unconnected or has no load
INFO: [Synth 8-7129] Port mem_wr_weight[8] in module npu_top is either unconnected or has no load
INFO: [Synth 8-7129] Port mem_wr_weight[7] in module npu_top is either unconnected or has no load
INFO: [Synth 8-7129] Port mem_wr_weight[6] in module npu_top is either unconnected or has no load
INFO: [Synth 8-7129] Port mem_wr_weight[5] in module npu_top is either unconnected or has no load
INFO: [Synth 8-7129] Port mem_wr_weight[4] in module npu_top is either unconnected or has no load
INFO: [Synth 8-7129] Port mem_wr_weight[3] in module npu_top is either unconnected or has no load
INFO: [Synth 8-7129] Port mem_wr_weight[2] in module npu_top is either unconnected or has no load
INFO: [Synth 8-7129] Port mem_wr_weight[1] in module npu_top is either unconnected or has no load
INFO: [Synth 8-7129] Port mem_wr_weight[0] in module npu_top is either unconnected or has no load
INFO: [Synth 8-7129] Port S_AXI_AWPROT[2] in module npu_axi_ip_slave_lite_v1_0_S00_AXI is either unconnected or has no load
INFO: [Synth 8-7129] Port S_AXI_AWPROT[1] in module npu_axi_ip_slave_lite_v1_0_S00_AXI is either unconnected or has no load
INFO: [Synth 8-7129] Port S_AXI_AWPROT[0] in module npu_axi_ip_slave_lite_v1_0_S00_AXI is either unconnected or has no load
INFO: [Synth 8-7129] Port S_AXI_ARPROT[2] in module npu_axi_ip_slave_lite_v1_0_S00_AXI is either unconnected or has no load
INFO: [Synth 8-7129] Port S_AXI_ARPROT[1] in module npu_axi_ip_slave_lite_v1_0_S00_AXI is either unconnected or has no load
INFO: [Synth 8-7129] Port S_AXI_ARPROT[0] in module npu_axi_ip_slave_lite_v1_0_S00_AXI is either unconnected or has no load
RAM ("system_npu_axi_ip_0_0/inst/npu_axi_ip_slave_lite_v1_0_S00_AXI_inst/my_npu_top_inst/u_local_mem/act_ram_reg") is too shallow (depth = 1024) to use URAM. Choosing BRAM instead of URAM 
RAM ("system_npu_axi_ip_0_0/inst/npu_axi_ip_slave_lite_v1_0_S00_AXI_inst/my_npu_top_inst/u_local_mem/weight_ram_reg") is too shallow (depth = 1024) to use URAM. Choosing BRAM instead of URAM 
---------------------------------------------------------------------------------
Finished Cross Boundary and Area Optimization : Time (s): cpu = 00:00:35 ; elapsed = 00:00:36 . Memory (MB): peak = 2069.812 ; gain = 424.414
---------------------------------------------------------------------------------
---------------------------------------------------------------------------------
Start ROM, RAM, DSP, Shift Register and Retiming Reporting
---------------------------------------------------------------------------------

Block RAM: Preliminary Mapping Report (see note below)
+----------------------+-----------------------------------------------------------------------------------------+------------------------+---+---+------------------------+---+---+------------------+--------+--------+-----------------+
|Module Name           | RTL Object                                                                              | PORT A (Depth x Width) | W | R | PORT B (Depth x Width) | W | R | Ports driving FF | RAMB18 | RAMB36 | Cascade Heights | 
+----------------------+-----------------------------------------------------------------------------------------+------------------------+---+---+------------------------+---+---+------------------+--------+--------+-----------------+
|system_npu_axi_ip_0_0 | inst/npu_axi_ip_slave_lite_v1_0_S00_AXI_inst/my_npu_top_inst/u_local_mem/act_ram_reg    | 1 K x 32(READ_FIRST)   | W |   | 1 K x 32(WRITE_FIRST)  |   | R | Port A and B     | 0      | 1      | 1               | 
|system_npu_axi_ip_0_0 | inst/npu_axi_ip_slave_lite_v1_0_S00_AXI_inst/my_npu_top_inst/u_local_mem/weight_ram_reg | 1 K x 32(READ_FIRST)   | W |   | 1 K x 32(WRITE_FIRST)  |   | R | Port A and B     | 0      | 1      | 1               | 
+----------------------+-----------------------------------------------------------------------------------------+------------------------+---+---+------------------------+---+---+------------------+--------+--------+-----------------+

Note: The table above is a preliminary report that shows the Block RAMs at the current stage of the synthesis flow. Some Block RAMs may be reimplemented as non Block RAM primitives later in the synthesis flow. Multiple instantiated Block RAMs are reported only once. 
---------------------------------------------------------------------------------
Finished ROM, RAM, DSP, Shift Register and Retiming Reporting
---------------------------------------------------------------------------------
No constraint files found.
---------------------------------------------------------------------------------
Start Timing Optimization
---------------------------------------------------------------------------------
---------------------------------------------------------------------------------
Finished Timing Optimization : Time (s): cpu = 00:00:35 ; elapsed = 00:00:37 . Memory (MB): peak = 2069.812 ; gain = 424.414
---------------------------------------------------------------------------------
---------------------------------------------------------------------------------
Start ROM, RAM, DSP, Shift Register and Retiming Reporting
---------------------------------------------------------------------------------

Block RAM: Final Mapping Report
+----------------------+-----------------------------------------------------------------------------------------+------------------------+---+---+------------------------+---+---+------------------+--------+--------+-----------------+
|Module Name           | RTL Object                                                                              | PORT A (Depth x Width) | W | R | PORT B (Depth x Width) | W | R | Ports driving FF | RAMB18 | RAMB36 | Cascade Heights | 
+----------------------+-----------------------------------------------------------------------------------------+------------------------+---+---+------------------------+---+---+------------------+--------+--------+-----------------+
|system_npu_axi_ip_0_0 | inst/npu_axi_ip_slave_lite_v1_0_S00_AXI_inst/my_npu_top_inst/u_local_mem/act_ram_reg    | 1 K x 32(READ_FIRST)   | W |   | 1 K x 32(WRITE_FIRST)  |   | R | Port A and B     | 0      | 1      | 1               | 
|system_npu_axi_ip_0_0 | inst/npu_axi_ip_slave_lite_v1_0_S00_AXI_inst/my_npu_top_inst/u_local_mem/weight_ram_reg | 1 K x 32(READ_FIRST)   | W |   | 1 K x 32(WRITE_FIRST)  |   | R | Port A and B     | 0      | 1      | 1               | 
+----------------------+-----------------------------------------------------------------------------------------+------------------------+---+---+------------------------+---+---+------------------+--------+--------+-----------------+

---------------------------------------------------------------------------------
Finished ROM, RAM, DSP, Shift Register and Retiming Reporting
---------------------------------------------------------------------------------
---------------------------------------------------------------------------------
Start Technology Mapping
---------------------------------------------------------------------------------
INFO: [Synth 8-7052] The timing for the instance inst/npu_axi_ip_slave_lite_v1_0_S00_AXI_inst/my_npu_top_inst/u_local_mem/act_ram_reg_bram_0 (implemented as a Block RAM) might be sub-optimal as no optional output register could be merged into the ram block. Providing additional output register may help in improving timing.
INFO: [Synth 8-7052] The timing for the instance inst/npu_axi_ip_slave_lite_v1_0_S00_AXI_inst/my_npu_top_inst/u_local_mem/weight_ram_reg_bram_0 (implemented as a Block RAM) might be sub-optimal as no optional output register could be merged into the ram block. Providing additional output register may help in improving timing.
---------------------------------------------------------------------------------
Finished Technology Mapping : Time (s): cpu = 00:00:37 ; elapsed = 00:00:38 . Memory (MB): peak = 2069.812 ; gain = 424.414
---------------------------------------------------------------------------------
---------------------------------------------------------------------------------
Start IO Insertion
---------------------------------------------------------------------------------
---------------------------------------------------------------------------------
Start Flattening Before IO Insertion
---------------------------------------------------------------------------------
---------------------------------------------------------------------------------
Finished Flattening Before IO Insertion
---------------------------------------------------------------------------------
---------------------------------------------------------------------------------
Start Final Netlist Cleanup
---------------------------------------------------------------------------------
---------------------------------------------------------------------------------
Finished Final Netlist Cleanup
---------------------------------------------------------------------------------
---------------------------------------------------------------------------------
Finished IO Insertion : Time (s): cpu = 00:00:44 ; elapsed = 00:00:45 . Memory (MB): peak = 2274.867 ; gain = 629.469
---------------------------------------------------------------------------------
---------------------------------------------------------------------------------
Start Renaming Generated Instances
---------------------------------------------------------------------------------
---------------------------------------------------------------------------------
Finished Renaming Generated Instances : Time (s): cpu = 00:00:44 ; elapsed = 00:00:45 . Memory (MB): peak = 2274.867 ; gain = 629.469
---------------------------------------------------------------------------------
---------------------------------------------------------------------------------
Start Rebuilding User Hierarchy
---------------------------------------------------------------------------------
---------------------------------------------------------------------------------
Finished Rebuilding User Hierarchy : Time (s): cpu = 00:00:44 ; elapsed = 00:00:46 . Memory (MB): peak = 2274.867 ; gain = 629.469
---------------------------------------------------------------------------------
---------------------------------------------------------------------------------
Start Renaming Generated Ports
---------------------------------------------------------------------------------
---------------------------------------------------------------------------------
Finished Renaming Generated Ports : Time (s): cpu = 00:00:44 ; elapsed = 00:00:46 . Memory (MB): peak = 2274.867 ; gain = 629.469
---------------------------------------------------------------------------------
---------------------------------------------------------------------------------
Start Handling Custom Attributes
---------------------------------------------------------------------------------
---------------------------------------------------------------------------------
Finished Handling Custom Attributes : Time (s): cpu = 00:00:44 ; elapsed = 00:00:46 . Memory (MB): peak = 2274.867 ; gain = 629.469
---------------------------------------------------------------------------------
---------------------------------------------------------------------------------
Start Renaming Generated Nets
---------------------------------------------------------------------------------
---------------------------------------------------------------------------------
Finished Renaming Generated Nets : Time (s): cpu = 00:00:44 ; elapsed = 00:00:46 . Memory (MB): peak = 2274.867 ; gain = 629.469
---------------------------------------------------------------------------------
---------------------------------------------------------------------------------
Start Writing Synthesis Report
---------------------------------------------------------------------------------

Report BlackBoxes: 
+-+--------------+----------+
| |BlackBox name |Instances |
+-+--------------+----------+
+-+--------------+----------+

Report Cell Usage: 
+------+---------+------+
|      |Cell     |Count |
+------+---------+------+
|1     |CARRY8   |   132|
|2     |LUT1     |     2|
|3     |LUT2     |   407|
|4     |LUT3     |   109|
|5     |LUT4     |   414|
|6     |LUT5     |   148|
|7     |LUT6     |   734|
|8     |MUXF7    |   128|
|9     |MUXF8    |    64|
|10    |RAMB36E2 |     2|
|11    |FDCE     |   927|
|12    |FDPE     |     2|
|13    |FDRE     |   475|
+------+---------+------+
---------------------------------------------------------------------------------
Finished Writing Synthesis Report : Time (s): cpu = 00:00:44 ; elapsed = 00:00:46 . Memory (MB): peak = 2274.867 ; gain = 629.469
---------------------------------------------------------------------------------
Synthesis finished with 0 errors, 0 critical warnings and 0 warnings.
Synthesis Optimization Runtime : Time (s): cpu = 00:00:28 ; elapsed = 00:00:42 . Memory (MB): peak = 2274.867 ; gain = 553.266
Synthesis Optimization Complete : Time (s): cpu = 00:00:44 ; elapsed = 00:00:46 . Memory (MB): peak = 2274.867 ; gain = 629.469
INFO: [Project 1-571] Translating synthesized netlist
Netlist sorting complete. Time (s): cpu = 00:00:00 ; elapsed = 00:00:00.107 . Memory (MB): peak = 2290.363 ; gain = 0.000
INFO: [Netlist 29-17] Analyzing 324 Unisim elements for replacement
INFO: [Netlist 29-28] Unisim Transformation completed in 0 CPU seconds
INFO: [Project 1-570] Preparing netlist for logic optimization
INFO: [Opt 31-138] Pushed 0 inverter(s) to 0 load pin(s).
Netlist sorting complete. Time (s): cpu = 00:00:00 ; elapsed = 00:00:00.002 . Memory (MB): peak = 2373.227 ; gain = 0.000
INFO: [Project 1-111] Unisim Transformation Summary:
No Unisim elements were transformed.

Synth Design complete | Checksum: bb0e3a5b
INFO: [Common 17-83] Releasing license: Synthesis
149 Infos, 4 Warnings, 0 Critical Warnings and 0 Errors encountered.
synth_design completed successfully
synth_design: Time (s): cpu = 00:00:57 ; elapsed = 00:01:03 . Memory (MB): peak = 2373.227 ; gain = 1760.520
Write ShapeDB Complete: Time (s): cpu = 00:00:00 ; elapsed = 00:00:00.023 . Memory (MB): peak = 2373.227 ; gain = 0.000
INFO: [Common 17-1381] The checkpoint 'D:/HK6/Project1/matmul_accelerator/matmul_accelerator.runs/system_npu_axi_ip_0_0_synth_1/system_npu_axi_ip_0_0.dcp' has been generated.
INFO: [Coretcl 2-1648] Added synthesis output to IP cache for IP system_npu_axi_ip_0_0, cache-ID = 4fe7c275c57b65ac
INFO: [Coretcl 2-1174] Renamed 77 cell refs.
Write ShapeDB Complete: Time (s): cpu = 00:00:00 ; elapsed = 00:00:00.013 . Memory (MB): peak = 2373.227 ; gain = 0.000
INFO: [Common 17-1381] The checkpoint 'D:/HK6/Project1/matmul_accelerator/matmul_accelerator.runs/system_npu_axi_ip_0_0_synth_1/system_npu_axi_ip_0_0.dcp' has been generated.
INFO: [Vivado 12-24828] Executing command : report_utilization -file system_npu_axi_ip_0_0_utilization_synth.rpt -pb system_npu_axi_ip_0_0_utilization_synth.pb
INFO: [Common 17-206] Exiting Vivado at Sun Mar 22 22:39:52 2026...
