
*** Running vivado
    with args -log acc_block_wrapper.vds -m64 -product Vivado -mode batch -messageDb vivado.pb -notrace -source acc_block_wrapper.tcl



****** Vivado v2025.2 (64-bit)
  **** SW Build 6299465 on Fri Nov 14 19:35:11 GMT 2025
  **** IP Build 6300035 on Fri Nov 14 10:48:45 MST 2025
  **** SharedData Build 6298862 on Thu Nov 13 04:50:51 MST 2025
  **** Start of session at: Wed Mar 25 22:44:21 2026
    ** Copyright 1986-2022 Xilinx, Inc. All Rights Reserved.
    ** Copyright 2022-2025 Advanced Micro Devices, Inc. All Rights Reserved.

source acc_block_wrapper.tcl -notrace
create_project: Time (s): cpu = 00:00:23 ; elapsed = 00:00:17 . Memory (MB): peak = 554.578 ; gain = 220.301
INFO: [IP_Flow 19-234] Refreshing IP repositories
INFO: [IP_Flow 19-1704] No user IP repositories specified
INFO: [IP_Flow 19-2313] Loaded Vivado IP repository 'D:/Apps/Study/Vivado/2025.2/Vivado/data/ip'.
INFO: [Project 1-5698] Found the below utility IPs instantiated in block design D:/HK6/Project1/testing/accumulator/accumulator/accumulator.srcs/sources_1/bd/acc_block/acc_block.bd which have equivalent inline hdl with improved performance and reduced diskspace.
It is recommended to migrate these utility IPs to inline hdl  using the command upgrade_project -migrate_to_inline_hdl.  The utility IPs may be deprecated in future releases.
More information on inline hdl is available in UG994.
Utility IP Component Instances:
 acc_block_xlslice_0_0
acc_block_xlslice_1_0
acc_block_xlslice_2_0
add_files: Time (s): cpu = 00:00:09 ; elapsed = 00:00:11 . Memory (MB): peak = 619.539 ; gain = 64.961
Command: read_checkpoint -auto_incremental -incremental D:/HK6/Project1/testing/accumulator/accumulator/accumulator.srcs/utils_1/imports/synth_1/acc_reg.dcp
INFO: [Vivado 12-5825] Read reference checkpoint from D:/HK6/Project1/testing/accumulator/accumulator/accumulator.srcs/utils_1/imports/synth_1/acc_reg.dcp for incremental synthesis
INFO: [Vivado 12-7989] Please ensure there are no constraint changes
Command: synth_design -top acc_block_wrapper -part xck26-sfvc784-2LV-c
Starting synth_design
Attempting to get a license for feature 'Synthesis' and/or device 'xck26'
INFO: [Common 17-349] Got license for feature 'Synthesis' and/or device 'xck26'
INFO: [Device 21-403] Loading part xck26-sfvc784-2LV-c
INFO: [Designutils 20-5440] No compile time benefit to using incremental synthesis; A full resynthesis will be run
INFO: [Designutils 20-4379] Flow is switching to default flow due to incremental criteria not met. If you would like to alter this behaviour and have the flow terminate instead, please set the following parameter config_implementation {autoIncr.Synth.RejectBehavior Terminate}
INFO: [Synth 8-7079] Multithreading enabled for synth_design using a maximum of 2 processes.
INFO: [Synth 8-7078] Launching helper process for spawning children vivado processes
INFO: [Synth 8-7075] Helper process launched with PID 1224
---------------------------------------------------------------------------------
Starting RTL Elaboration : Time (s): cpu = 00:00:14 ; elapsed = 00:00:16 . Memory (MB): peak = 1904.363 ; gain = 208.965
---------------------------------------------------------------------------------
INFO: [Synth 8-6157] synthesizing module 'acc_block_wrapper' [D:/HK6/Project1/testing/accumulator/accumulator/accumulator.gen/sources_1/bd/acc_block/hdl/acc_block_wrapper.v:13]
INFO: [Synth 8-6157] synthesizing module 'acc_block' [d:/HK6/Project1/testing/accumulator/accumulator/accumulator.gen/sources_1/bd/acc_block/synth/acc_block.v:13]
INFO: [Synth 8-6157] synthesizing module 'acc_block_acc_reg_0_0' [D:/HK6/Project1/testing/accumulator/accumulator/accumulator.runs/synth_1/.Xil/Vivado-7720-VuDuong-32/realtime/acc_block_acc_reg_0_0_stub.v:6]
INFO: [Synth 8-6155] done synthesizing module 'acc_block_acc_reg_0_0' (0#1) [D:/HK6/Project1/testing/accumulator/accumulator/accumulator.runs/synth_1/.Xil/Vivado-7720-VuDuong-32/realtime/acc_block_acc_reg_0_0_stub.v:6]
INFO: [Synth 8-6157] synthesizing module 'acc_block_axi_gpio_0_0' [D:/HK6/Project1/testing/accumulator/accumulator/accumulator.runs/synth_1/.Xil/Vivado-7720-VuDuong-32/realtime/acc_block_axi_gpio_0_0_stub.v:6]
INFO: [Synth 8-6155] done synthesizing module 'acc_block_axi_gpio_0_0' (0#1) [D:/HK6/Project1/testing/accumulator/accumulator/accumulator.runs/synth_1/.Xil/Vivado-7720-VuDuong-32/realtime/acc_block_axi_gpio_0_0_stub.v:6]
INFO: [Synth 8-6157] synthesizing module 'acc_block_axi_smc_0' [D:/HK6/Project1/testing/accumulator/accumulator/accumulator.runs/synth_1/.Xil/Vivado-7720-VuDuong-32/realtime/acc_block_axi_smc_0_stub.v:6]
INFO: [Synth 8-6155] done synthesizing module 'acc_block_axi_smc_0' (0#1) [D:/HK6/Project1/testing/accumulator/accumulator/accumulator.runs/synth_1/.Xil/Vivado-7720-VuDuong-32/realtime/acc_block_axi_smc_0_stub.v:6]
WARNING: [Synth 8-7071] port 'M00_AXI_awprot' of module 'acc_block_axi_smc_0' is unconnected for instance 'axi_smc' [d:/HK6/Project1/testing/accumulator/accumulator/accumulator.gen/sources_1/bd/acc_block/synth/acc_block.v:150]
WARNING: [Synth 8-7071] port 'M00_AXI_arprot' of module 'acc_block_axi_smc_0' is unconnected for instance 'axi_smc' [d:/HK6/Project1/testing/accumulator/accumulator/accumulator.gen/sources_1/bd/acc_block/synth/acc_block.v:150]
WARNING: [Synth 8-7023] instance 'axi_smc' of module 'acc_block_axi_smc_0' has 99 connections declared, but only 97 given [d:/HK6/Project1/testing/accumulator/accumulator/accumulator.gen/sources_1/bd/acc_block/synth/acc_block.v:150]
INFO: [Synth 8-6157] synthesizing module 'acc_block_rst_ps8_0_99M_0' [D:/HK6/Project1/testing/accumulator/accumulator/accumulator.runs/synth_1/.Xil/Vivado-7720-VuDuong-32/realtime/acc_block_rst_ps8_0_99M_0_stub.v:6]
INFO: [Synth 8-6155] done synthesizing module 'acc_block_rst_ps8_0_99M_0' (0#1) [D:/HK6/Project1/testing/accumulator/accumulator/accumulator.runs/synth_1/.Xil/Vivado-7720-VuDuong-32/realtime/acc_block_rst_ps8_0_99M_0_stub.v:6]
WARNING: [Synth 8-7071] port 'mb_reset' of module 'acc_block_rst_ps8_0_99M_0' is unconnected for instance 'rst_ps8_0_99M' [d:/HK6/Project1/testing/accumulator/accumulator/accumulator.gen/sources_1/bd/acc_block/synth/acc_block.v:248]
WARNING: [Synth 8-7071] port 'bus_struct_reset' of module 'acc_block_rst_ps8_0_99M_0' is unconnected for instance 'rst_ps8_0_99M' [d:/HK6/Project1/testing/accumulator/accumulator/accumulator.gen/sources_1/bd/acc_block/synth/acc_block.v:248]
WARNING: [Synth 8-7071] port 'peripheral_reset' of module 'acc_block_rst_ps8_0_99M_0' is unconnected for instance 'rst_ps8_0_99M' [d:/HK6/Project1/testing/accumulator/accumulator/accumulator.gen/sources_1/bd/acc_block/synth/acc_block.v:248]
WARNING: [Synth 8-7071] port 'interconnect_aresetn' of module 'acc_block_rst_ps8_0_99M_0' is unconnected for instance 'rst_ps8_0_99M' [d:/HK6/Project1/testing/accumulator/accumulator/accumulator.gen/sources_1/bd/acc_block/synth/acc_block.v:248]
WARNING: [Synth 8-7023] instance 'rst_ps8_0_99M' of module 'acc_block_rst_ps8_0_99M_0' has 10 connections declared, but only 6 given [d:/HK6/Project1/testing/accumulator/accumulator/accumulator.gen/sources_1/bd/acc_block/synth/acc_block.v:248]
INFO: [Synth 8-6157] synthesizing module 'acc_block_xlslice_0_0' [d:/HK6/Project1/testing/accumulator/accumulator/accumulator.gen/sources_1/bd/acc_block/ip/acc_block_xlslice_0_0/synth/acc_block_xlslice_0_0.v:53]
INFO: [Synth 8-6157] synthesizing module 'xlslice_v1_0_5_xlslice' [d:/HK6/Project1/testing/accumulator/accumulator/accumulator.gen/sources_1/bd/acc_block/ipshared/6792/hdl/xlslice_v1_0_vl_rfs.v:58]
INFO: [Synth 8-6155] done synthesizing module 'xlslice_v1_0_5_xlslice' (0#1) [d:/HK6/Project1/testing/accumulator/accumulator/accumulator.gen/sources_1/bd/acc_block/ipshared/6792/hdl/xlslice_v1_0_vl_rfs.v:58]
INFO: [Synth 8-6155] done synthesizing module 'acc_block_xlslice_0_0' (0#1) [d:/HK6/Project1/testing/accumulator/accumulator/accumulator.gen/sources_1/bd/acc_block/ip/acc_block_xlslice_0_0/synth/acc_block_xlslice_0_0.v:53]
INFO: [Synth 8-6157] synthesizing module 'acc_block_xlslice_1_0' [d:/HK6/Project1/testing/accumulator/accumulator/accumulator.gen/sources_1/bd/acc_block/ip/acc_block_xlslice_1_0/synth/acc_block_xlslice_1_0.v:53]
INFO: [Synth 8-6157] synthesizing module 'xlslice_v1_0_5_xlslice__parameterized0' [d:/HK6/Project1/testing/accumulator/accumulator/accumulator.gen/sources_1/bd/acc_block/ipshared/6792/hdl/xlslice_v1_0_vl_rfs.v:58]
INFO: [Synth 8-6155] done synthesizing module 'xlslice_v1_0_5_xlslice__parameterized0' (0#1) [d:/HK6/Project1/testing/accumulator/accumulator/accumulator.gen/sources_1/bd/acc_block/ipshared/6792/hdl/xlslice_v1_0_vl_rfs.v:58]
INFO: [Synth 8-6155] done synthesizing module 'acc_block_xlslice_1_0' (0#1) [d:/HK6/Project1/testing/accumulator/accumulator/accumulator.gen/sources_1/bd/acc_block/ip/acc_block_xlslice_1_0/synth/acc_block_xlslice_1_0.v:53]
INFO: [Synth 8-6157] synthesizing module 'acc_block_xlslice_2_0' [d:/HK6/Project1/testing/accumulator/accumulator/accumulator.gen/sources_1/bd/acc_block/ip/acc_block_xlslice_2_0/synth/acc_block_xlslice_2_0.v:53]
INFO: [Synth 8-6157] synthesizing module 'xlslice_v1_0_5_xlslice__parameterized1' [d:/HK6/Project1/testing/accumulator/accumulator/accumulator.gen/sources_1/bd/acc_block/ipshared/6792/hdl/xlslice_v1_0_vl_rfs.v:58]
INFO: [Synth 8-6155] done synthesizing module 'xlslice_v1_0_5_xlslice__parameterized1' (0#1) [d:/HK6/Project1/testing/accumulator/accumulator/accumulator.gen/sources_1/bd/acc_block/ipshared/6792/hdl/xlslice_v1_0_vl_rfs.v:58]
INFO: [Synth 8-6155] done synthesizing module 'acc_block_xlslice_2_0' (0#1) [d:/HK6/Project1/testing/accumulator/accumulator/accumulator.gen/sources_1/bd/acc_block/ip/acc_block_xlslice_2_0/synth/acc_block_xlslice_2_0.v:53]
INFO: [Synth 8-6157] synthesizing module 'acc_block_zynq_ultra_ps_e_0_0' [D:/HK6/Project1/testing/accumulator/accumulator/accumulator.runs/synth_1/.Xil/Vivado-7720-VuDuong-32/realtime/acc_block_zynq_ultra_ps_e_0_0_stub.v:6]
INFO: [Synth 8-6155] done synthesizing module 'acc_block_zynq_ultra_ps_e_0_0' (0#1) [D:/HK6/Project1/testing/accumulator/accumulator/accumulator.runs/synth_1/.Xil/Vivado-7720-VuDuong-32/realtime/acc_block_zynq_ultra_ps_e_0_0_stub.v:6]
WARNING: [Synth 8-7071] port 'pl_clk1' of module 'acc_block_zynq_ultra_ps_e_0_0' is unconnected for instance 'zynq_ultra_ps_e_0' [d:/HK6/Project1/testing/accumulator/accumulator/accumulator.gen/sources_1/bd/acc_block/synth/acc_block.v:264]
WARNING: [Synth 8-7023] instance 'zynq_ultra_ps_e_0' of module 'acc_block_zynq_ultra_ps_e_0_0' has 84 connections declared, but only 83 given [d:/HK6/Project1/testing/accumulator/accumulator/accumulator.gen/sources_1/bd/acc_block/synth/acc_block.v:264]
INFO: [Synth 8-6155] done synthesizing module 'acc_block' (0#1) [d:/HK6/Project1/testing/accumulator/accumulator/accumulator.gen/sources_1/bd/acc_block/synth/acc_block.v:13]
INFO: [Synth 8-6155] done synthesizing module 'acc_block_wrapper' (0#1) [D:/HK6/Project1/testing/accumulator/accumulator/accumulator.gen/sources_1/bd/acc_block/hdl/acc_block_wrapper.v:13]
WARNING: [Synth 8-7129] Port Din[7] in module xlslice_v1_0_5_xlslice__parameterized1 is either unconnected or has no load
WARNING: [Synth 8-7129] Port Din[6] in module xlslice_v1_0_5_xlslice__parameterized1 is either unconnected or has no load
WARNING: [Synth 8-7129] Port Din[5] in module xlslice_v1_0_5_xlslice__parameterized1 is either unconnected or has no load
WARNING: [Synth 8-7129] Port Din[4] in module xlslice_v1_0_5_xlslice__parameterized1 is either unconnected or has no load
WARNING: [Synth 8-7129] Port Din[3] in module xlslice_v1_0_5_xlslice__parameterized1 is either unconnected or has no load
WARNING: [Synth 8-7129] Port Din[2] in module xlslice_v1_0_5_xlslice__parameterized1 is either unconnected or has no load
WARNING: [Synth 8-7129] Port Din[1] in module xlslice_v1_0_5_xlslice__parameterized1 is either unconnected or has no load
WARNING: [Synth 8-7129] Port Din[0] in module xlslice_v1_0_5_xlslice__parameterized1 is either unconnected or has no load
WARNING: [Synth 8-7129] Port Din[8] in module xlslice_v1_0_5_xlslice__parameterized0 is either unconnected or has no load
WARNING: [Synth 8-7129] Port Din[7] in module xlslice_v1_0_5_xlslice__parameterized0 is either unconnected or has no load
WARNING: [Synth 8-7129] Port Din[6] in module xlslice_v1_0_5_xlslice__parameterized0 is either unconnected or has no load
WARNING: [Synth 8-7129] Port Din[5] in module xlslice_v1_0_5_xlslice__parameterized0 is either unconnected or has no load
WARNING: [Synth 8-7129] Port Din[4] in module xlslice_v1_0_5_xlslice__parameterized0 is either unconnected or has no load
WARNING: [Synth 8-7129] Port Din[8] in module xlslice_v1_0_5_xlslice is either unconnected or has no load
WARNING: [Synth 8-7129] Port Din[3] in module xlslice_v1_0_5_xlslice is either unconnected or has no load
WARNING: [Synth 8-7129] Port Din[2] in module xlslice_v1_0_5_xlslice is either unconnected or has no load
WARNING: [Synth 8-7129] Port Din[1] in module xlslice_v1_0_5_xlslice is either unconnected or has no load
WARNING: [Synth 8-7129] Port Din[0] in module xlslice_v1_0_5_xlslice is either unconnected or has no load
---------------------------------------------------------------------------------
Finished RTL Elaboration : Time (s): cpu = 00:00:18 ; elapsed = 00:00:21 . Memory (MB): peak = 2032.027 ; gain = 336.629
---------------------------------------------------------------------------------
---------------------------------------------------------------------------------
Start Handling Custom Attributes
---------------------------------------------------------------------------------
---------------------------------------------------------------------------------
Finished Handling Custom Attributes : Time (s): cpu = 00:00:18 ; elapsed = 00:00:21 . Memory (MB): peak = 2032.027 ; gain = 336.629
---------------------------------------------------------------------------------
---------------------------------------------------------------------------------
Finished RTL Optimization Phase 1 : Time (s): cpu = 00:00:18 ; elapsed = 00:00:21 . Memory (MB): peak = 2032.027 ; gain = 336.629
---------------------------------------------------------------------------------
Netlist sorting complete. Time (s): cpu = 00:00:01 ; elapsed = 00:00:00.034 . Memory (MB): peak = 2032.027 ; gain = 0.000
INFO: [Project 1-570] Preparing netlist for logic optimization

Processing XDC Constraints
Initializing timing engine
Parsing XDC File [d:/HK6/Project1/testing/accumulator/accumulator/accumulator.gen/sources_1/bd/acc_block/ip/acc_block_acc_reg_0_0/acc_block_acc_reg_0_0/acc_block_acc_reg_0_0_in_context.xdc] for cell 'acc_block_i/acc_reg_0'
Finished Parsing XDC File [d:/HK6/Project1/testing/accumulator/accumulator/accumulator.gen/sources_1/bd/acc_block/ip/acc_block_acc_reg_0_0/acc_block_acc_reg_0_0/acc_block_acc_reg_0_0_in_context.xdc] for cell 'acc_block_i/acc_reg_0'
Parsing XDC File [d:/HK6/Project1/testing/accumulator/accumulator/accumulator.gen/sources_1/bd/acc_block/ip/acc_block_zynq_ultra_ps_e_0_0/acc_block_zynq_ultra_ps_e_0_0/acc_block_zynq_ultra_ps_e_0_0_in_context.xdc] for cell 'acc_block_i/zynq_ultra_ps_e_0'
create_clock: Time (s): cpu = 00:00:14 ; elapsed = 00:00:16 . Memory (MB): peak = 2032.027 ; gain = 0.000
Finished Parsing XDC File [d:/HK6/Project1/testing/accumulator/accumulator/accumulator.gen/sources_1/bd/acc_block/ip/acc_block_zynq_ultra_ps_e_0_0/acc_block_zynq_ultra_ps_e_0_0/acc_block_zynq_ultra_ps_e_0_0_in_context.xdc] for cell 'acc_block_i/zynq_ultra_ps_e_0'
Parsing XDC File [d:/HK6/Project1/testing/accumulator/accumulator/accumulator.gen/sources_1/bd/acc_block/ip/acc_block_axi_gpio_0_0/acc_block_axi_gpio_0_0/acc_block_axi_gpio_0_0_in_context.xdc] for cell 'acc_block_i/axi_gpio_0'
Finished Parsing XDC File [d:/HK6/Project1/testing/accumulator/accumulator/accumulator.gen/sources_1/bd/acc_block/ip/acc_block_axi_gpio_0_0/acc_block_axi_gpio_0_0/acc_block_axi_gpio_0_0_in_context.xdc] for cell 'acc_block_i/axi_gpio_0'
Parsing XDC File [d:/HK6/Project1/testing/accumulator/accumulator/accumulator.gen/sources_1/bd/acc_block/ip/acc_block_axi_smc_0/acc_block_axi_smc_0/acc_block_axi_smc_0_in_context.xdc] for cell 'acc_block_i/axi_smc'
Finished Parsing XDC File [d:/HK6/Project1/testing/accumulator/accumulator/accumulator.gen/sources_1/bd/acc_block/ip/acc_block_axi_smc_0/acc_block_axi_smc_0/acc_block_axi_smc_0_in_context.xdc] for cell 'acc_block_i/axi_smc'
Parsing XDC File [d:/HK6/Project1/testing/accumulator/accumulator/accumulator.gen/sources_1/bd/acc_block/ip/acc_block_rst_ps8_0_99M_0/acc_block_rst_ps8_0_99M_0/acc_block_rst_ps8_0_99M_0_in_context.xdc] for cell 'acc_block_i/rst_ps8_0_99M'
Finished Parsing XDC File [d:/HK6/Project1/testing/accumulator/accumulator/accumulator.gen/sources_1/bd/acc_block/ip/acc_block_rst_ps8_0_99M_0/acc_block_rst_ps8_0_99M_0/acc_block_rst_ps8_0_99M_0_in_context.xdc] for cell 'acc_block_i/rst_ps8_0_99M'
Parsing XDC File [D:/HK6/Project1/testing/accumulator/accumulator/accumulator.runs/synth_1/dont_touch.xdc]
Finished Parsing XDC File [D:/HK6/Project1/testing/accumulator/accumulator/accumulator.runs/synth_1/dont_touch.xdc]
Completed Processing XDC Constraints

Netlist sorting complete. Time (s): cpu = 00:00:00 ; elapsed = 00:00:00 . Memory (MB): peak = 2032.027 ; gain = 0.000
INFO: [Project 1-111] Unisim Transformation Summary:
No Unisim elements were transformed.

Constraint Validation Runtime : Time (s): cpu = 00:00:00 ; elapsed = 00:00:00.041 . Memory (MB): peak = 2032.027 ; gain = 0.000
INFO: [Designutils 20-5440] No compile time benefit to using incremental synthesis; A full resynthesis will be run
INFO: [Designutils 20-4379] Flow is switching to default flow due to incremental criteria not met. If you would like to alter this behaviour and have the flow terminate instead, please set the following parameter config_implementation {autoIncr.Synth.RejectBehavior Terminate}
---------------------------------------------------------------------------------
Finished Constraint Validation : Time (s): cpu = 00:00:49 ; elapsed = 00:00:56 . Memory (MB): peak = 2032.027 ; gain = 336.629
---------------------------------------------------------------------------------
---------------------------------------------------------------------------------
Start Loading Part and Timing Information
---------------------------------------------------------------------------------
Loading part: xck26-sfvc784-2LV-c
INFO: [Synth 8-6742] Reading net delay rules and data
---------------------------------------------------------------------------------
Finished Loading Part and Timing Information : Time (s): cpu = 00:00:49 ; elapsed = 00:00:56 . Memory (MB): peak = 2032.027 ; gain = 336.629
---------------------------------------------------------------------------------
---------------------------------------------------------------------------------
Start Applying 'set_property' XDC Constraints
---------------------------------------------------------------------------------
---------------------------------------------------------------------------------
Finished applying 'set_property' XDC Constraints : Time (s): cpu = 00:00:49 ; elapsed = 00:00:57 . Memory (MB): peak = 2032.027 ; gain = 336.629
---------------------------------------------------------------------------------
---------------------------------------------------------------------------------
Finished RTL Optimization Phase 2 : Time (s): cpu = 00:00:49 ; elapsed = 00:00:57 . Memory (MB): peak = 2032.027 ; gain = 336.629
---------------------------------------------------------------------------------
---------------------------------------------------------------------------------
Start RTL Component Statistics 
---------------------------------------------------------------------------------
Detailed RTL Component Info : 
---------------------------------------------------------------------------------
Finished RTL Component Statistics 
---------------------------------------------------------------------------------
---------------------------------------------------------------------------------
Start Part Resource Summary
---------------------------------------------------------------------------------
Part Resources:
DSPs: 1248 (col length:96)
BRAMs: 288 (col length: RAMB18 96 RAMB36 48)
---------------------------------------------------------------------------------
Finished Part Resource Summary
---------------------------------------------------------------------------------
---------------------------------------------------------------------------------
Start Cross Boundary and Area Optimization
---------------------------------------------------------------------------------
WARNING: [Synth 8-7129] Port Din[7] in module acc_block_xlslice_2_0 is either unconnected or has no load
WARNING: [Synth 8-7129] Port Din[6] in module acc_block_xlslice_2_0 is either unconnected or has no load
WARNING: [Synth 8-7129] Port Din[5] in module acc_block_xlslice_2_0 is either unconnected or has no load
WARNING: [Synth 8-7129] Port Din[4] in module acc_block_xlslice_2_0 is either unconnected or has no load
WARNING: [Synth 8-7129] Port Din[3] in module acc_block_xlslice_2_0 is either unconnected or has no load
WARNING: [Synth 8-7129] Port Din[2] in module acc_block_xlslice_2_0 is either unconnected or has no load
WARNING: [Synth 8-7129] Port Din[1] in module acc_block_xlslice_2_0 is either unconnected or has no load
WARNING: [Synth 8-7129] Port Din[0] in module acc_block_xlslice_2_0 is either unconnected or has no load
WARNING: [Synth 8-7129] Port Din[8] in module acc_block_xlslice_1_0 is either unconnected or has no load
WARNING: [Synth 8-7129] Port Din[7] in module acc_block_xlslice_1_0 is either unconnected or has no load
WARNING: [Synth 8-7129] Port Din[6] in module acc_block_xlslice_1_0 is either unconnected or has no load
WARNING: [Synth 8-7129] Port Din[5] in module acc_block_xlslice_1_0 is either unconnected or has no load
WARNING: [Synth 8-7129] Port Din[4] in module acc_block_xlslice_1_0 is either unconnected or has no load
WARNING: [Synth 8-7129] Port Din[8] in module acc_block_xlslice_0_0 is either unconnected or has no load
WARNING: [Synth 8-7129] Port Din[3] in module acc_block_xlslice_0_0 is either unconnected or has no load
WARNING: [Synth 8-7129] Port Din[2] in module acc_block_xlslice_0_0 is either unconnected or has no load
WARNING: [Synth 8-7129] Port Din[1] in module acc_block_xlslice_0_0 is either unconnected or has no load
WARNING: [Synth 8-7129] Port Din[0] in module acc_block_xlslice_0_0 is either unconnected or has no load
---------------------------------------------------------------------------------
Finished Cross Boundary and Area Optimization : Time (s): cpu = 00:00:53 ; elapsed = 00:01:02 . Memory (MB): peak = 2050.207 ; gain = 354.809
---------------------------------------------------------------------------------
---------------------------------------------------------------------------------
Start Applying XDC Timing Constraints
---------------------------------------------------------------------------------
---------------------------------------------------------------------------------
Finished Applying XDC Timing Constraints : Time (s): cpu = 00:01:18 ; elapsed = 00:01:33 . Memory (MB): peak = 2748.449 ; gain = 1053.051
---------------------------------------------------------------------------------
---------------------------------------------------------------------------------
Start Timing Optimization
---------------------------------------------------------------------------------
---------------------------------------------------------------------------------
Finished Timing Optimization : Time (s): cpu = 00:01:18 ; elapsed = 00:01:33 . Memory (MB): peak = 2748.449 ; gain = 1053.051
---------------------------------------------------------------------------------
---------------------------------------------------------------------------------
Start Technology Mapping
---------------------------------------------------------------------------------
---------------------------------------------------------------------------------
Finished Technology Mapping : Time (s): cpu = 00:01:19 ; elapsed = 00:01:33 . Memory (MB): peak = 2758.754 ; gain = 1063.355
---------------------------------------------------------------------------------
---------------------------------------------------------------------------------
Start IO Insertion
---------------------------------------------------------------------------------
---------------------------------------------------------------------------------
Start Flattening Before IO Insertion
---------------------------------------------------------------------------------
---------------------------------------------------------------------------------
Finished Flattening Before IO Insertion
---------------------------------------------------------------------------------
---------------------------------------------------------------------------------
Start Final Netlist Cleanup
---------------------------------------------------------------------------------
---------------------------------------------------------------------------------
Finished Final Netlist Cleanup
---------------------------------------------------------------------------------
---------------------------------------------------------------------------------
Finished IO Insertion : Time (s): cpu = 00:01:31 ; elapsed = 00:01:48 . Memory (MB): peak = 3009.074 ; gain = 1313.676
---------------------------------------------------------------------------------
---------------------------------------------------------------------------------
Start Renaming Generated Instances
---------------------------------------------------------------------------------
---------------------------------------------------------------------------------
Finished Renaming Generated Instances : Time (s): cpu = 00:01:31 ; elapsed = 00:01:48 . Memory (MB): peak = 3009.074 ; gain = 1313.676
---------------------------------------------------------------------------------
---------------------------------------------------------------------------------
Start Rebuilding User Hierarchy
---------------------------------------------------------------------------------
---------------------------------------------------------------------------------
Finished Rebuilding User Hierarchy : Time (s): cpu = 00:01:31 ; elapsed = 00:01:48 . Memory (MB): peak = 3009.074 ; gain = 1313.676
---------------------------------------------------------------------------------
---------------------------------------------------------------------------------
Start Renaming Generated Ports
---------------------------------------------------------------------------------
---------------------------------------------------------------------------------
Finished Renaming Generated Ports : Time (s): cpu = 00:01:31 ; elapsed = 00:01:48 . Memory (MB): peak = 3009.074 ; gain = 1313.676
---------------------------------------------------------------------------------
---------------------------------------------------------------------------------
Start Handling Custom Attributes
---------------------------------------------------------------------------------
---------------------------------------------------------------------------------
Finished Handling Custom Attributes : Time (s): cpu = 00:01:31 ; elapsed = 00:01:48 . Memory (MB): peak = 3009.074 ; gain = 1313.676
---------------------------------------------------------------------------------
---------------------------------------------------------------------------------
Start Renaming Generated Nets
---------------------------------------------------------------------------------
---------------------------------------------------------------------------------
Finished Renaming Generated Nets : Time (s): cpu = 00:01:31 ; elapsed = 00:01:48 . Memory (MB): peak = 3009.074 ; gain = 1313.676
---------------------------------------------------------------------------------
---------------------------------------------------------------------------------
Start Writing Synthesis Report
---------------------------------------------------------------------------------

Report BlackBoxes: 
+------+------------------------------+----------+
|      |BlackBox name                 |Instances |
+------+------------------------------+----------+
|1     |acc_block_acc_reg_0_0         |         1|
|2     |acc_block_axi_gpio_0_0        |         1|
|3     |acc_block_axi_smc_0           |         1|
|4     |acc_block_rst_ps8_0_99M_0     |         1|
|5     |acc_block_zynq_ultra_ps_e_0_0 |         1|
+------+------------------------------+----------+

Report Cell Usage: 
+------+----------------------------+------+
|      |Cell                        |Count |
+------+----------------------------+------+
|1     |acc_block_acc_reg_0         |     1|
|2     |acc_block_axi_gpio_0        |     1|
|3     |acc_block_axi_smc           |     1|
|4     |acc_block_rst_ps8_0_99M     |     1|
|5     |acc_block_zynq_ultra_ps_e_0 |     1|
+------+----------------------------+------+
---------------------------------------------------------------------------------
Finished Writing Synthesis Report : Time (s): cpu = 00:01:31 ; elapsed = 00:01:48 . Memory (MB): peak = 3009.074 ; gain = 1313.676
---------------------------------------------------------------------------------
Synthesis finished with 0 errors, 0 critical warnings and 18 warnings.
Synthesis Optimization Runtime : Time (s): cpu = 00:00:56 ; elapsed = 00:01:28 . Memory (MB): peak = 3009.074 ; gain = 1313.676
Synthesis Optimization Complete : Time (s): cpu = 00:01:32 ; elapsed = 00:01:49 . Memory (MB): peak = 3009.074 ; gain = 1313.676
INFO: [Project 1-571] Translating synthesized netlist
Netlist sorting complete. Time (s): cpu = 00:00:00 ; elapsed = 00:00:00.017 . Memory (MB): peak = 3009.074 ; gain = 0.000
INFO: [Project 1-570] Preparing netlist for logic optimization
INFO: [Opt 31-138] Pushed 0 inverter(s) to 0 load pin(s).
Netlist sorting complete. Time (s): cpu = 00:00:00 ; elapsed = 00:00:00 . Memory (MB): peak = 3009.074 ; gain = 0.000
INFO: [Project 1-111] Unisim Transformation Summary:
No Unisim elements were transformed.

Synth Design complete | Checksum: fe5b7dc4
INFO: [Common 17-83] Releasing license: Synthesis
49 Infos, 46 Warnings, 0 Critical Warnings and 0 Errors encountered.
synth_design completed successfully
synth_design: Time (s): cpu = 00:01:49 ; elapsed = 00:02:14 . Memory (MB): peak = 3009.074 ; gain = 2389.535
INFO: [Common 17-1381] The checkpoint 'D:/HK6/Project1/testing/accumulator/accumulator/accumulator.runs/synth_1/acc_block_wrapper.dcp' has been generated.
INFO: [Vivado 12-24828] Executing command : report_utilization -file acc_block_wrapper_utilization_synth.rpt -pb acc_block_wrapper_utilization_synth.pb
INFO: [Common 17-206] Exiting Vivado at Wed Mar 25 22:47:17 2026...
