
*** Running vivado
    with args -log gemm_block_v1_rst_ps8_0_99M_0.vds -m64 -product Vivado -mode batch -messageDb vivado.pb -notrace -source gemm_block_v1_rst_ps8_0_99M_0.tcl



****** Vivado v2025.2 (64-bit)
  **** SW Build 6299465 on Fri Nov 14 19:35:11 GMT 2025
  **** IP Build 6300035 on Fri Nov 14 10:48:45 MST 2025
  **** SharedData Build 6298862 on Thu Nov 13 04:50:51 MST 2025
  **** Start of session at: Tue Apr 14 00:30:37 2026
    ** Copyright 1986-2022 Xilinx, Inc. All Rights Reserved.
    ** Copyright 2022-2025 Advanced Micro Devices, Inc. All Rights Reserved.

source gemm_block_v1_rst_ps8_0_99M_0.tcl -notrace
create_project: Time (s): cpu = 00:00:16 ; elapsed = 00:00:12 . Memory (MB): peak = 538.637 ; gain = 218.289
Command: synth_design -top gemm_block_v1_rst_ps8_0_99M_0 -part xck26-sfvc784-2LV-c -incremental_mode off -mode out_of_context
Starting synth_design
Attempting to get a license for feature 'Synthesis' and/or device 'xck26'
INFO: [Common 17-349] Got license for feature 'Synthesis' and/or device 'xck26'
INFO: [Device 21-403] Loading part xck26-sfvc784-2LV-c
INFO: [Synth 8-7079] Multithreading enabled for synth_design using a maximum of 2 processes.
INFO: [Synth 8-7078] Launching helper process for spawning children vivado processes
INFO: [Synth 8-7075] Helper process launched with PID 19976
---------------------------------------------------------------------------------
Starting RTL Elaboration : Time (s): cpu = 00:00:09 ; elapsed = 00:00:18 . Memory (MB): peak = 1843.020 ; gain = 210.582
---------------------------------------------------------------------------------
INFO: [Synth 8-638] synthesizing module 'gemm_block_v1_rst_ps8_0_99M_0' [d:/E/1subject/HK6/doan1/ver1/matmul/matmul.gen/sources_1/bd/gemm_block_v1/ip/gemm_block_v1_rst_ps8_0_99M_0/synth/gemm_block_v1_rst_ps8_0_99M_0.vhd:74]
	Parameter C_FAMILY bound to: zynquplus - type: string 
	Parameter C_EXT_RST_WIDTH bound to: 4 - type: integer 
	Parameter C_AUX_RST_WIDTH bound to: 4 - type: integer 
	Parameter C_EXT_RESET_HIGH bound to: 1'b0 
	Parameter C_AUX_RESET_HIGH bound to: 1'b0 
	Parameter C_NUM_BUS_RST bound to: 1 - type: integer 
	Parameter C_NUM_PERP_RST bound to: 1 - type: integer 
	Parameter C_NUM_INTERCONNECT_ARESETN bound to: 1 - type: integer 
	Parameter C_NUM_PERP_ARESETN bound to: 1 - type: integer 
INFO: [Synth 8-3491] module 'proc_sys_reset' declared at 'd:/E/1subject/HK6/doan1/ver1/matmul/matmul.gen/sources_1/bd/gemm_block_v1/ipshared/9438/hdl/proc_sys_reset_v5_0_vh_rfs.vhd:1243' bound to instance 'U0' of component 'proc_sys_reset' [d:/E/1subject/HK6/doan1/ver1/matmul/matmul.gen/sources_1/bd/gemm_block_v1/ip/gemm_block_v1_rst_ps8_0_99M_0/synth/gemm_block_v1_rst_ps8_0_99M_0.vhd:139]
INFO: [Synth 8-638] synthesizing module 'proc_sys_reset' [d:/E/1subject/HK6/doan1/ver1/matmul/matmul.gen/sources_1/bd/gemm_block_v1/ipshared/9438/hdl/proc_sys_reset_v5_0_vh_rfs.vhd:1302]
	Parameter INIT bound to: 1'b1 
INFO: [Synth 8-113] binding component instance 'FDRE_inst' to cell 'FDRE' [d:/E/1subject/HK6/doan1/ver1/matmul/matmul.gen/sources_1/bd/gemm_block_v1/ipshared/9438/hdl/proc_sys_reset_v5_0_vh_rfs.vhd:1371]
	Parameter INIT bound to: 1'b1 
INFO: [Synth 8-113] binding component instance 'FDRE_BSR' to cell 'FDRE' [d:/E/1subject/HK6/doan1/ver1/matmul/matmul.gen/sources_1/bd/gemm_block_v1/ipshared/9438/hdl/proc_sys_reset_v5_0_vh_rfs.vhd:1387]
	Parameter INIT bound to: 1'b0 
INFO: [Synth 8-113] binding component instance 'FDRE_BSR_N' to cell 'FDRE' [d:/E/1subject/HK6/doan1/ver1/matmul/matmul.gen/sources_1/bd/gemm_block_v1/ipshared/9438/hdl/proc_sys_reset_v5_0_vh_rfs.vhd:1413]
	Parameter INIT bound to: 1'b1 
INFO: [Synth 8-113] binding component instance 'FDRE_PER' to cell 'FDRE' [d:/E/1subject/HK6/doan1/ver1/matmul/matmul.gen/sources_1/bd/gemm_block_v1/ipshared/9438/hdl/proc_sys_reset_v5_0_vh_rfs.vhd:1436]
	Parameter INIT bound to: 1'b0 
INFO: [Synth 8-113] binding component instance 'FDRE_PER_N' to cell 'FDRE' [d:/E/1subject/HK6/doan1/ver1/matmul/matmul.gen/sources_1/bd/gemm_block_v1/ipshared/9438/hdl/proc_sys_reset_v5_0_vh_rfs.vhd:1460]
INFO: [Synth 8-638] synthesizing module 'lpf' [d:/E/1subject/HK6/doan1/ver1/matmul/matmul.gen/sources_1/bd/gemm_block_v1/ipshared/9438/hdl/proc_sys_reset_v5_0_vh_rfs.vhd:821]
INFO: [Synth 8-3491] module 'SRL16' declared at 'E:/vivado/2025.2/Vivado/scripts/rt/data/unisim_comp.v:165318' bound to instance 'POR_SRL_I' of component 'SRL16' [d:/E/1subject/HK6/doan1/ver1/matmul/matmul.gen/sources_1/bd/gemm_block_v1/ipshared/9438/hdl/proc_sys_reset_v5_0_vh_rfs.vhd:873]
INFO: [Synth 8-6157] synthesizing module 'SRL16' [E:/vivado/2025.2/Vivado/scripts/rt/data/unisim_comp.v:165318]
INFO: [Synth 8-6155] done synthesizing module 'SRL16' (0#1) [E:/vivado/2025.2/Vivado/scripts/rt/data/unisim_comp.v:165318]
	Parameter DEST_SYNC_FF bound to: 4 - type: integer 
	Parameter INIT_SYNC_FF bound to: 0 - type: integer 
	Parameter SIM_ASSERT_CHK bound to: 0 - type: integer 
	Parameter SRC_INPUT_REG bound to: 0 - type: integer 
INFO: [Synth 8-3491] module 'xpm_cdc_single' declared at 'E:/vivado/2025.2/Vivado/data/ip/xpm/xpm_cdc/hdl/xpm_cdc.sv:152' bound to instance 'ACT_LO_EXT' of component 'xpm_cdc_single' [d:/E/1subject/HK6/doan1/ver1/matmul/matmul.gen/sources_1/bd/gemm_block_v1/ipshared/9438/hdl/proc_sys_reset_v5_0_vh_rfs.vhd:968]
INFO: [Synth 8-6157] synthesizing module 'xpm_cdc_single' [E:/vivado/2025.2/Vivado/data/ip/xpm/xpm_cdc/hdl/xpm_cdc.sv:152]
INFO: [Synth 8-6155] done synthesizing module 'xpm_cdc_single' (0#1) [E:/vivado/2025.2/Vivado/data/ip/xpm/xpm_cdc/hdl/xpm_cdc.sv:152]
	Parameter DEST_SYNC_FF bound to: 4 - type: integer 
	Parameter INIT_SYNC_FF bound to: 0 - type: integer 
	Parameter SIM_ASSERT_CHK bound to: 0 - type: integer 
	Parameter SRC_INPUT_REG bound to: 0 - type: integer 
INFO: [Synth 8-3491] module 'xpm_cdc_single' declared at 'E:/vivado/2025.2/Vivado/data/ip/xpm/xpm_cdc/hdl/xpm_cdc.sv:152' bound to instance 'ACT_LO_AUX' of component 'xpm_cdc_single' [d:/E/1subject/HK6/doan1/ver1/matmul/matmul.gen/sources_1/bd/gemm_block_v1/ipshared/9438/hdl/proc_sys_reset_v5_0_vh_rfs.vhd:1015]
INFO: [Synth 8-256] done synthesizing module 'lpf' (0#1) [d:/E/1subject/HK6/doan1/ver1/matmul/matmul.gen/sources_1/bd/gemm_block_v1/ipshared/9438/hdl/proc_sys_reset_v5_0_vh_rfs.vhd:821]
INFO: [Synth 8-638] synthesizing module 'sequence_psr' [d:/E/1subject/HK6/doan1/ver1/matmul/matmul.gen/sources_1/bd/gemm_block_v1/ipshared/9438/hdl/proc_sys_reset_v5_0_vh_rfs.vhd:304]
INFO: [Synth 8-638] synthesizing module 'upcnt_n' [d:/E/1subject/HK6/doan1/ver1/matmul/matmul.gen/sources_1/bd/gemm_block_v1/ipshared/9438/hdl/proc_sys_reset_v5_0_vh_rfs.vhd:126]
INFO: [Synth 8-256] done synthesizing module 'upcnt_n' (0#1) [d:/E/1subject/HK6/doan1/ver1/matmul/matmul.gen/sources_1/bd/gemm_block_v1/ipshared/9438/hdl/proc_sys_reset_v5_0_vh_rfs.vhd:126]
INFO: [Synth 8-256] done synthesizing module 'sequence_psr' (0#1) [d:/E/1subject/HK6/doan1/ver1/matmul/matmul.gen/sources_1/bd/gemm_block_v1/ipshared/9438/hdl/proc_sys_reset_v5_0_vh_rfs.vhd:304]
INFO: [Synth 8-256] done synthesizing module 'proc_sys_reset' (0#1) [d:/E/1subject/HK6/doan1/ver1/matmul/matmul.gen/sources_1/bd/gemm_block_v1/ipshared/9438/hdl/proc_sys_reset_v5_0_vh_rfs.vhd:1302]
INFO: [Synth 8-256] done synthesizing module 'gemm_block_v1_rst_ps8_0_99M_0' (0#1) [d:/E/1subject/HK6/doan1/ver1/matmul/matmul.gen/sources_1/bd/gemm_block_v1/ip/gemm_block_v1_rst_ps8_0_99M_0/synth/gemm_block_v1_rst_ps8_0_99M_0.vhd:74]
INFO: [Synth 8-7129] Port src_clk in module xpm_cdc_single is either unconnected or has no load
---------------------------------------------------------------------------------
Finished RTL Elaboration : Time (s): cpu = 00:00:11 ; elapsed = 00:00:21 . Memory (MB): peak = 1968.461 ; gain = 336.023
---------------------------------------------------------------------------------
---------------------------------------------------------------------------------
Start Handling Custom Attributes
---------------------------------------------------------------------------------
---------------------------------------------------------------------------------
Finished Handling Custom Attributes : Time (s): cpu = 00:00:11 ; elapsed = 00:00:21 . Memory (MB): peak = 1968.461 ; gain = 336.023
---------------------------------------------------------------------------------
---------------------------------------------------------------------------------
Finished RTL Optimization Phase 1 : Time (s): cpu = 00:00:11 ; elapsed = 00:00:21 . Memory (MB): peak = 1968.461 ; gain = 336.023
---------------------------------------------------------------------------------
Netlist sorting complete. Time (s): cpu = 00:00:00 ; elapsed = 00:00:00.001 . Memory (MB): peak = 1968.461 ; gain = 0.000
INFO: [Netlist 29-17] Analyzing 1 Unisim elements for replacement
INFO: [Netlist 29-28] Unisim Transformation completed in 0 CPU seconds
INFO: [Project 1-570] Preparing netlist for logic optimization

Processing XDC Constraints
Initializing timing engine
Parsing XDC File [d:/E/1subject/HK6/doan1/ver1/matmul/matmul.gen/sources_1/bd/gemm_block_v1/ip/gemm_block_v1_rst_ps8_0_99M_0/gemm_block_v1_rst_ps8_0_99M_0_ooc.xdc] for cell 'U0'
create_clock: Time (s): cpu = 00:00:09 ; elapsed = 00:00:10 . Memory (MB): peak = 2069.828 ; gain = 0.031
Finished Parsing XDC File [d:/E/1subject/HK6/doan1/ver1/matmul/matmul.gen/sources_1/bd/gemm_block_v1/ip/gemm_block_v1_rst_ps8_0_99M_0/gemm_block_v1_rst_ps8_0_99M_0_ooc.xdc] for cell 'U0'
Parsing XDC File [d:/E/1subject/HK6/doan1/ver1/matmul/matmul.gen/sources_1/bd/gemm_block_v1/ip/gemm_block_v1_rst_ps8_0_99M_0/gemm_block_v1_rst_ps8_0_99M_0_board.xdc] for cell 'U0'
Finished Parsing XDC File [d:/E/1subject/HK6/doan1/ver1/matmul/matmul.gen/sources_1/bd/gemm_block_v1/ip/gemm_block_v1_rst_ps8_0_99M_0/gemm_block_v1_rst_ps8_0_99M_0_board.xdc] for cell 'U0'
Parsing XDC File [D:/E/1subject/HK6/doan1/ver1/matmul/matmul.runs/gemm_block_v1_rst_ps8_0_99M_0_synth_1/dont_touch.xdc]
Finished Parsing XDC File [D:/E/1subject/HK6/doan1/ver1/matmul/matmul.runs/gemm_block_v1_rst_ps8_0_99M_0_synth_1/dont_touch.xdc]
INFO: [Project 1-236] Implementation specific constraints were found while reading constraint file [E:/vivado/2025.2/Vivado/data/ip/xpm/xpm_cdc/tcl/xpm_cdc_single.tcl]. These constraints will be ignored for synthesis but will be used in implementation. Impacted constraints are listed in the file [.Xil/gemm_block_v1_rst_ps8_0_99M_0_propImpl.xdc].
Resolution: To avoid this warning, move constraints listed in [.Xil/gemm_block_v1_rst_ps8_0_99M_0_propImpl.xdc] to another XDC file and exclude this new file from synthesis with the used_in_synthesis property (File Properties dialog in GUI) and re-run elaboration/synthesis.
INFO: [Project 1-1714] 2 XPM XDC files have been applied to the design.
Completed Processing XDC Constraints

Netlist sorting complete. Time (s): cpu = 00:00:00 ; elapsed = 00:00:00 . Memory (MB): peak = 2069.828 ; gain = 0.000
INFO: [Project 1-111] Unisim Transformation Summary:
  A total of 1 instances were transformed.
  SRL16 => SRL16E: 1 instance 

Constraint Validation Runtime : Time (s): cpu = 00:00:00 ; elapsed = 00:00:00.078 . Memory (MB): peak = 2069.828 ; gain = 0.000
INFO: [Designutils 20-5008] Incremental synthesis strategy off
---------------------------------------------------------------------------------
Finished Constraint Validation : Time (s): cpu = 00:00:29 ; elapsed = 00:01:07 . Memory (MB): peak = 2069.828 ; gain = 437.391
---------------------------------------------------------------------------------
---------------------------------------------------------------------------------
Start Loading Part and Timing Information
---------------------------------------------------------------------------------
Loading part: xck26-sfvc784-2LV-c
INFO: [Synth 8-6742] Reading net delay rules and data
---------------------------------------------------------------------------------
Finished Loading Part and Timing Information : Time (s): cpu = 00:00:29 ; elapsed = 00:01:07 . Memory (MB): peak = 2069.828 ; gain = 437.391
---------------------------------------------------------------------------------
---------------------------------------------------------------------------------
Start Applying 'set_property' XDC Constraints
---------------------------------------------------------------------------------
---------------------------------------------------------------------------------
Finished applying 'set_property' XDC Constraints : Time (s): cpu = 00:00:29 ; elapsed = 00:01:07 . Memory (MB): peak = 2069.828 ; gain = 437.391
---------------------------------------------------------------------------------
---------------------------------------------------------------------------------
Finished RTL Optimization Phase 2 : Time (s): cpu = 00:00:30 ; elapsed = 00:01:07 . Memory (MB): peak = 2069.828 ; gain = 437.391
---------------------------------------------------------------------------------
---------------------------------------------------------------------------------
Start RTL Component Statistics 
---------------------------------------------------------------------------------
Detailed RTL Component Info : 
+---Adders : 
	   2 Input    6 Bit       Adders := 1     
+---Registers : 
	                6 Bit    Registers := 1     
	                4 Bit    Registers := 2     
	                3 Bit    Registers := 3     
	                1 Bit    Registers := 14    
+---Muxes : 
	   2 Input    6 Bit        Muxes := 1     
	   2 Input    1 Bit        Muxes := 1     
---------------------------------------------------------------------------------
Finished RTL Component Statistics 
---------------------------------------------------------------------------------
---------------------------------------------------------------------------------
Start Part Resource Summary
---------------------------------------------------------------------------------
Part Resources:
DSPs: 1248 (col length:96)
BRAMs: 288 (col length: RAMB18 96 RAMB36 48)
---------------------------------------------------------------------------------
Finished Part Resource Summary
---------------------------------------------------------------------------------
---------------------------------------------------------------------------------
Start Cross Boundary and Area Optimization
---------------------------------------------------------------------------------
INFO: [Synth 8-7129] Port src_clk in module xpm_cdc_single is either unconnected or has no load
---------------------------------------------------------------------------------
Finished Cross Boundary and Area Optimization : Time (s): cpu = 00:00:32 ; elapsed = 00:01:10 . Memory (MB): peak = 2069.828 ; gain = 437.391
---------------------------------------------------------------------------------

*** Running vivado
    with args -log gemm_block_v1_rst_ps8_0_99M_0.vds -m64 -product Vivado -mode batch -messageDb vivado.pb -notrace -source gemm_block_v1_rst_ps8_0_99M_0.tcl



****** Vivado v2025.2 (64-bit)
  **** SW Build 6299465 on Fri Nov 14 19:35:11 GMT 2025
  **** IP Build 6300035 on Fri Nov 14 10:48:45 MST 2025
  **** SharedData Build 6298862 on Thu Nov 13 04:50:51 MST 2025
  **** Start of session at: Tue Apr 14 00:32:48 2026
    ** Copyright 1986-2022 Xilinx, Inc. All Rights Reserved.
    ** Copyright 2022-2025 Advanced Micro Devices, Inc. All Rights Reserved.

source gemm_block_v1_rst_ps8_0_99M_0.tcl -notrace
create_project: Time (s): cpu = 00:00:17 ; elapsed = 00:00:11 . Memory (MB): peak = 540.566 ; gain = 220.801
Command: synth_design -top gemm_block_v1_rst_ps8_0_99M_0 -part xck26-sfvc784-2LV-c -incremental_mode off -mode out_of_context
Starting synth_design
Attempting to get a license for feature 'Synthesis' and/or device 'xck26'
INFO: [Common 17-349] Got license for feature 'Synthesis' and/or device 'xck26'
INFO: [Device 21-403] Loading part xck26-sfvc784-2LV-c
INFO: [Synth 8-7079] Multithreading enabled for synth_design using a maximum of 2 processes.
INFO: [Synth 8-7078] Launching helper process for spawning children vivado processes
INFO: [Synth 8-7075] Helper process launched with PID 20284
---------------------------------------------------------------------------------
Starting RTL Elaboration : Time (s): cpu = 00:00:09 ; elapsed = 00:00:11 . Memory (MB): peak = 1842.953 ; gain = 210.680
---------------------------------------------------------------------------------
INFO: [Synth 8-638] synthesizing module 'gemm_block_v1_rst_ps8_0_99M_0' [d:/E/1subject/HK6/doan1/ver1/matmul/matmul.gen/sources_1/bd/gemm_block_v1/ip/gemm_block_v1_rst_ps8_0_99M_0/synth/gemm_block_v1_rst_ps8_0_99M_0.vhd:74]
	Parameter C_FAMILY bound to: zynquplus - type: string 
	Parameter C_EXT_RST_WIDTH bound to: 4 - type: integer 
	Parameter C_AUX_RST_WIDTH bound to: 4 - type: integer 
	Parameter C_EXT_RESET_HIGH bound to: 1'b0 
	Parameter C_AUX_RESET_HIGH bound to: 1'b0 
	Parameter C_NUM_BUS_RST bound to: 1 - type: integer 
	Parameter C_NUM_PERP_RST bound to: 1 - type: integer 
	Parameter C_NUM_INTERCONNECT_ARESETN bound to: 1 - type: integer 
	Parameter C_NUM_PERP_ARESETN bound to: 1 - type: integer 
INFO: [Synth 8-3491] module 'proc_sys_reset' declared at 'd:/E/1subject/HK6/doan1/ver1/matmul/matmul.gen/sources_1/bd/gemm_block_v1/ipshared/9438/hdl/proc_sys_reset_v5_0_vh_rfs.vhd:1243' bound to instance 'U0' of component 'proc_sys_reset' [d:/E/1subject/HK6/doan1/ver1/matmul/matmul.gen/sources_1/bd/gemm_block_v1/ip/gemm_block_v1_rst_ps8_0_99M_0/synth/gemm_block_v1_rst_ps8_0_99M_0.vhd:139]
INFO: [Synth 8-638] synthesizing module 'proc_sys_reset' [d:/E/1subject/HK6/doan1/ver1/matmul/matmul.gen/sources_1/bd/gemm_block_v1/ipshared/9438/hdl/proc_sys_reset_v5_0_vh_rfs.vhd:1302]
	Parameter INIT bound to: 1'b1 
INFO: [Synth 8-113] binding component instance 'FDRE_inst' to cell 'FDRE' [d:/E/1subject/HK6/doan1/ver1/matmul/matmul.gen/sources_1/bd/gemm_block_v1/ipshared/9438/hdl/proc_sys_reset_v5_0_vh_rfs.vhd:1371]
	Parameter INIT bound to: 1'b1 
INFO: [Synth 8-113] binding component instance 'FDRE_BSR' to cell 'FDRE' [d:/E/1subject/HK6/doan1/ver1/matmul/matmul.gen/sources_1/bd/gemm_block_v1/ipshared/9438/hdl/proc_sys_reset_v5_0_vh_rfs.vhd:1387]
	Parameter INIT bound to: 1'b0 
INFO: [Synth 8-113] binding component instance 'FDRE_BSR_N' to cell 'FDRE' [d:/E/1subject/HK6/doan1/ver1/matmul/matmul.gen/sources_1/bd/gemm_block_v1/ipshared/9438/hdl/proc_sys_reset_v5_0_vh_rfs.vhd:1413]
	Parameter INIT bound to: 1'b1 
INFO: [Synth 8-113] binding component instance 'FDRE_PER' to cell 'FDRE' [d:/E/1subject/HK6/doan1/ver1/matmul/matmul.gen/sources_1/bd/gemm_block_v1/ipshared/9438/hdl/proc_sys_reset_v5_0_vh_rfs.vhd:1436]
	Parameter INIT bound to: 1'b0 
INFO: [Synth 8-113] binding component instance 'FDRE_PER_N' to cell 'FDRE' [d:/E/1subject/HK6/doan1/ver1/matmul/matmul.gen/sources_1/bd/gemm_block_v1/ipshared/9438/hdl/proc_sys_reset_v5_0_vh_rfs.vhd:1460]
INFO: [Synth 8-638] synthesizing module 'lpf' [d:/E/1subject/HK6/doan1/ver1/matmul/matmul.gen/sources_1/bd/gemm_block_v1/ipshared/9438/hdl/proc_sys_reset_v5_0_vh_rfs.vhd:821]
INFO: [Synth 8-3491] module 'SRL16' declared at 'E:/vivado/2025.2/Vivado/scripts/rt/data/unisim_comp.v:165318' bound to instance 'POR_SRL_I' of component 'SRL16' [d:/E/1subject/HK6/doan1/ver1/matmul/matmul.gen/sources_1/bd/gemm_block_v1/ipshared/9438/hdl/proc_sys_reset_v5_0_vh_rfs.vhd:873]
INFO: [Synth 8-6157] synthesizing module 'SRL16' [E:/vivado/2025.2/Vivado/scripts/rt/data/unisim_comp.v:165318]
INFO: [Synth 8-6155] done synthesizing module 'SRL16' (0#1) [E:/vivado/2025.2/Vivado/scripts/rt/data/unisim_comp.v:165318]
	Parameter DEST_SYNC_FF bound to: 4 - type: integer 
	Parameter INIT_SYNC_FF bound to: 0 - type: integer 
	Parameter SIM_ASSERT_CHK bound to: 0 - type: integer 
	Parameter SRC_INPUT_REG bound to: 0 - type: integer 
INFO: [Synth 8-3491] module 'xpm_cdc_single' declared at 'E:/vivado/2025.2/Vivado/data/ip/xpm/xpm_cdc/hdl/xpm_cdc.sv:152' bound to instance 'ACT_LO_EXT' of component 'xpm_cdc_single' [d:/E/1subject/HK6/doan1/ver1/matmul/matmul.gen/sources_1/bd/gemm_block_v1/ipshared/9438/hdl/proc_sys_reset_v5_0_vh_rfs.vhd:968]
INFO: [Synth 8-6157] synthesizing module 'xpm_cdc_single' [E:/vivado/2025.2/Vivado/data/ip/xpm/xpm_cdc/hdl/xpm_cdc.sv:152]
INFO: [Synth 8-6155] done synthesizing module 'xpm_cdc_single' (0#1) [E:/vivado/2025.2/Vivado/data/ip/xpm/xpm_cdc/hdl/xpm_cdc.sv:152]
	Parameter DEST_SYNC_FF bound to: 4 - type: integer 
	Parameter INIT_SYNC_FF bound to: 0 - type: integer 
	Parameter SIM_ASSERT_CHK bound to: 0 - type: integer 
	Parameter SRC_INPUT_REG bound to: 0 - type: integer 
INFO: [Synth 8-3491] module 'xpm_cdc_single' declared at 'E:/vivado/2025.2/Vivado/data/ip/xpm/xpm_cdc/hdl/xpm_cdc.sv:152' bound to instance 'ACT_LO_AUX' of component 'xpm_cdc_single' [d:/E/1subject/HK6/doan1/ver1/matmul/matmul.gen/sources_1/bd/gemm_block_v1/ipshared/9438/hdl/proc_sys_reset_v5_0_vh_rfs.vhd:1015]
INFO: [Synth 8-256] done synthesizing module 'lpf' (0#1) [d:/E/1subject/HK6/doan1/ver1/matmul/matmul.gen/sources_1/bd/gemm_block_v1/ipshared/9438/hdl/proc_sys_reset_v5_0_vh_rfs.vhd:821]
INFO: [Synth 8-638] synthesizing module 'sequence_psr' [d:/E/1subject/HK6/doan1/ver1/matmul/matmul.gen/sources_1/bd/gemm_block_v1/ipshared/9438/hdl/proc_sys_reset_v5_0_vh_rfs.vhd:304]
INFO: [Synth 8-638] synthesizing module 'upcnt_n' [d:/E/1subject/HK6/doan1/ver1/matmul/matmul.gen/sources_1/bd/gemm_block_v1/ipshared/9438/hdl/proc_sys_reset_v5_0_vh_rfs.vhd:126]
INFO: [Synth 8-256] done synthesizing module 'upcnt_n' (0#1) [d:/E/1subject/HK6/doan1/ver1/matmul/matmul.gen/sources_1/bd/gemm_block_v1/ipshared/9438/hdl/proc_sys_reset_v5_0_vh_rfs.vhd:126]
INFO: [Synth 8-256] done synthesizing module 'sequence_psr' (0#1) [d:/E/1subject/HK6/doan1/ver1/matmul/matmul.gen/sources_1/bd/gemm_block_v1/ipshared/9438/hdl/proc_sys_reset_v5_0_vh_rfs.vhd:304]
INFO: [Synth 8-256] done synthesizing module 'proc_sys_reset' (0#1) [d:/E/1subject/HK6/doan1/ver1/matmul/matmul.gen/sources_1/bd/gemm_block_v1/ipshared/9438/hdl/proc_sys_reset_v5_0_vh_rfs.vhd:1302]
INFO: [Synth 8-256] done synthesizing module 'gemm_block_v1_rst_ps8_0_99M_0' (0#1) [d:/E/1subject/HK6/doan1/ver1/matmul/matmul.gen/sources_1/bd/gemm_block_v1/ip/gemm_block_v1_rst_ps8_0_99M_0/synth/gemm_block_v1_rst_ps8_0_99M_0.vhd:74]
INFO: [Synth 8-7129] Port src_clk in module xpm_cdc_single is either unconnected or has no load
---------------------------------------------------------------------------------
Finished RTL Elaboration : Time (s): cpu = 00:00:12 ; elapsed = 00:00:14 . Memory (MB): peak = 1968.309 ; gain = 336.035
---------------------------------------------------------------------------------
---------------------------------------------------------------------------------
Start Handling Custom Attributes
---------------------------------------------------------------------------------
---------------------------------------------------------------------------------
Finished Handling Custom Attributes : Time (s): cpu = 00:00:12 ; elapsed = 00:00:14 . Memory (MB): peak = 1968.309 ; gain = 336.035
---------------------------------------------------------------------------------
---------------------------------------------------------------------------------
Finished RTL Optimization Phase 1 : Time (s): cpu = 00:00:12 ; elapsed = 00:00:14 . Memory (MB): peak = 1968.309 ; gain = 336.035
---------------------------------------------------------------------------------
Netlist sorting complete. Time (s): cpu = 00:00:00 ; elapsed = 00:00:00.001 . Memory (MB): peak = 1968.309 ; gain = 0.000
INFO: [Netlist 29-17] Analyzing 1 Unisim elements for replacement
INFO: [Netlist 29-28] Unisim Transformation completed in 0 CPU seconds
INFO: [Project 1-570] Preparing netlist for logic optimization

Processing XDC Constraints
Initializing timing engine
Parsing XDC File [d:/E/1subject/HK6/doan1/ver1/matmul/matmul.gen/sources_1/bd/gemm_block_v1/ip/gemm_block_v1_rst_ps8_0_99M_0/gemm_block_v1_rst_ps8_0_99M_0_ooc.xdc] for cell 'U0'
create_clock: Time (s): cpu = 00:00:07 ; elapsed = 00:00:07 . Memory (MB): peak = 2054.395 ; gain = 2.645
Finished Parsing XDC File [d:/E/1subject/HK6/doan1/ver1/matmul/matmul.gen/sources_1/bd/gemm_block_v1/ip/gemm_block_v1_rst_ps8_0_99M_0/gemm_block_v1_rst_ps8_0_99M_0_ooc.xdc] for cell 'U0'
Parsing XDC File [d:/E/1subject/HK6/doan1/ver1/matmul/matmul.gen/sources_1/bd/gemm_block_v1/ip/gemm_block_v1_rst_ps8_0_99M_0/gemm_block_v1_rst_ps8_0_99M_0_board.xdc] for cell 'U0'
Finished Parsing XDC File [d:/E/1subject/HK6/doan1/ver1/matmul/matmul.gen/sources_1/bd/gemm_block_v1/ip/gemm_block_v1_rst_ps8_0_99M_0/gemm_block_v1_rst_ps8_0_99M_0_board.xdc] for cell 'U0'
Parsing XDC File [D:/E/1subject/HK6/doan1/ver1/matmul/matmul.runs/gemm_block_v1_rst_ps8_0_99M_0_synth_1/dont_touch.xdc]
Finished Parsing XDC File [D:/E/1subject/HK6/doan1/ver1/matmul/matmul.runs/gemm_block_v1_rst_ps8_0_99M_0_synth_1/dont_touch.xdc]
INFO: [Project 1-236] Implementation specific constraints were found while reading constraint file [E:/vivado/2025.2/Vivado/data/ip/xpm/xpm_cdc/tcl/xpm_cdc_single.tcl]. These constraints will be ignored for synthesis but will be used in implementation. Impacted constraints are listed in the file [.Xil/gemm_block_v1_rst_ps8_0_99M_0_propImpl.xdc].
Resolution: To avoid this warning, move constraints listed in [.Xil/gemm_block_v1_rst_ps8_0_99M_0_propImpl.xdc] to another XDC file and exclude this new file from synthesis with the used_in_synthesis property (File Properties dialog in GUI) and re-run elaboration/synthesis.
INFO: [Project 1-1714] 2 XPM XDC files have been applied to the design.
Completed Processing XDC Constraints

Netlist sorting complete. Time (s): cpu = 00:00:00 ; elapsed = 00:00:00 . Memory (MB): peak = 2054.395 ; gain = 0.000
INFO: [Project 1-111] Unisim Transformation Summary:
  A total of 1 instances were transformed.
  SRL16 => SRL16E: 1 instance 

Constraint Validation Runtime : Time (s): cpu = 00:00:00 ; elapsed = 00:00:00.021 . Memory (MB): peak = 2054.395 ; gain = 0.000
INFO: [Designutils 20-5008] Incremental synthesis strategy off
---------------------------------------------------------------------------------
Finished Constraint Validation : Time (s): cpu = 00:00:28 ; elapsed = 00:00:31 . Memory (MB): peak = 2054.395 ; gain = 422.121
---------------------------------------------------------------------------------
---------------------------------------------------------------------------------
Start Loading Part and Timing Information
---------------------------------------------------------------------------------
Loading part: xck26-sfvc784-2LV-c
INFO: [Synth 8-6742] Reading net delay rules and data
---------------------------------------------------------------------------------
Finished Loading Part and Timing Information : Time (s): cpu = 00:00:28 ; elapsed = 00:00:31 . Memory (MB): peak = 2054.395 ; gain = 422.121
---------------------------------------------------------------------------------
---------------------------------------------------------------------------------
Start Applying 'set_property' XDC Constraints
---------------------------------------------------------------------------------
---------------------------------------------------------------------------------
Finished applying 'set_property' XDC Constraints : Time (s): cpu = 00:00:28 ; elapsed = 00:00:31 . Memory (MB): peak = 2054.395 ; gain = 422.121
---------------------------------------------------------------------------------
---------------------------------------------------------------------------------
Finished RTL Optimization Phase 2 : Time (s): cpu = 00:00:29 ; elapsed = 00:00:31 . Memory (MB): peak = 2054.395 ; gain = 422.121
---------------------------------------------------------------------------------
---------------------------------------------------------------------------------
Start RTL Component Statistics 
---------------------------------------------------------------------------------
Detailed RTL Component Info : 
+---Adders : 
	   2 Input    6 Bit       Adders := 1     
+---Registers : 
	                6 Bit    Registers := 1     
	                4 Bit    Registers := 2     
	                3 Bit    Registers := 3     
	                1 Bit    Registers := 14    
+---Muxes : 
	   2 Input    6 Bit        Muxes := 1     
	   2 Input    1 Bit        Muxes := 1     
---------------------------------------------------------------------------------
Finished RTL Component Statistics 
---------------------------------------------------------------------------------
---------------------------------------------------------------------------------
Start Part Resource Summary
---------------------------------------------------------------------------------
Part Resources:
DSPs: 1248 (col length:96)
BRAMs: 288 (col length: RAMB18 96 RAMB36 48)
---------------------------------------------------------------------------------
Finished Part Resource Summary
---------------------------------------------------------------------------------
---------------------------------------------------------------------------------
Start Cross Boundary and Area Optimization
---------------------------------------------------------------------------------
INFO: [Synth 8-7129] Port src_clk in module xpm_cdc_single is either unconnected or has no load
---------------------------------------------------------------------------------
Finished Cross Boundary and Area Optimization : Time (s): cpu = 00:00:31 ; elapsed = 00:00:33 . Memory (MB): peak = 2054.395 ; gain = 422.121
---------------------------------------------------------------------------------
---------------------------------------------------------------------------------
Start Applying XDC Timing Constraints
---------------------------------------------------------------------------------
---------------------------------------------------------------------------------
Finished Applying XDC Timing Constraints : Time (s): cpu = 00:00:46 ; elapsed = 00:00:51 . Memory (MB): peak = 2708.527 ; gain = 1076.254
---------------------------------------------------------------------------------
---------------------------------------------------------------------------------
Start Timing Optimization
---------------------------------------------------------------------------------
---------------------------------------------------------------------------------
Finished Timing Optimization : Time (s): cpu = 00:00:46 ; elapsed = 00:00:51 . Memory (MB): peak = 2708.730 ; gain = 1076.457
---------------------------------------------------------------------------------
---------------------------------------------------------------------------------
Start Technology Mapping
---------------------------------------------------------------------------------
---------------------------------------------------------------------------------
Finished Technology Mapping : Time (s): cpu = 00:00:47 ; elapsed = 00:00:51 . Memory (MB): peak = 2737.328 ; gain = 1105.055
---------------------------------------------------------------------------------
---------------------------------------------------------------------------------
Start IO Insertion
---------------------------------------------------------------------------------
---------------------------------------------------------------------------------
Start Flattening Before IO Insertion
---------------------------------------------------------------------------------
---------------------------------------------------------------------------------
Finished Flattening Before IO Insertion
---------------------------------------------------------------------------------
---------------------------------------------------------------------------------
Start Final Netlist Cleanup
---------------------------------------------------------------------------------
---------------------------------------------------------------------------------
Finished Final Netlist Cleanup
---------------------------------------------------------------------------------
---------------------------------------------------------------------------------
Finished IO Insertion : Time (s): cpu = 00:00:53 ; elapsed = 00:01:00 . Memory (MB): peak = 2968.828 ; gain = 1336.555
---------------------------------------------------------------------------------
---------------------------------------------------------------------------------
Start Renaming Generated Instances
---------------------------------------------------------------------------------
---------------------------------------------------------------------------------
Finished Renaming Generated Instances : Time (s): cpu = 00:00:53 ; elapsed = 00:01:00 . Memory (MB): peak = 2968.828 ; gain = 1336.555
---------------------------------------------------------------------------------
---------------------------------------------------------------------------------
Start Rebuilding User Hierarchy
---------------------------------------------------------------------------------
---------------------------------------------------------------------------------
Finished Rebuilding User Hierarchy : Time (s): cpu = 00:00:53 ; elapsed = 00:01:01 . Memory (MB): peak = 2968.828 ; gain = 1336.555
---------------------------------------------------------------------------------
---------------------------------------------------------------------------------
Start Renaming Generated Ports
---------------------------------------------------------------------------------
---------------------------------------------------------------------------------
Finished Renaming Generated Ports : Time (s): cpu = 00:00:53 ; elapsed = 00:01:01 . Memory (MB): peak = 2968.828 ; gain = 1336.555
---------------------------------------------------------------------------------
---------------------------------------------------------------------------------
Start Handling Custom Attributes
---------------------------------------------------------------------------------
---------------------------------------------------------------------------------
Finished Handling Custom Attributes : Time (s): cpu = 00:00:53 ; elapsed = 00:01:02 . Memory (MB): peak = 2968.828 ; gain = 1336.555
---------------------------------------------------------------------------------
---------------------------------------------------------------------------------
Start Renaming Generated Nets
---------------------------------------------------------------------------------
---------------------------------------------------------------------------------
Finished Renaming Generated Nets : Time (s): cpu = 00:00:53 ; elapsed = 00:01:02 . Memory (MB): peak = 2968.828 ; gain = 1336.555
---------------------------------------------------------------------------------
---------------------------------------------------------------------------------
Start Writing Synthesis Report
---------------------------------------------------------------------------------

Report BlackBoxes: 
+-+--------------+----------+
| |BlackBox name |Instances |
+-+--------------+----------+
+-+--------------+----------+

Report Cell Usage: 
+------+------+------+
|      |Cell  |Count |
+------+------+------+
|1     |LUT1  |     5|
|2     |LUT2  |     9|
|3     |LUT3  |     1|
|4     |LUT4  |     6|
|5     |LUT5  |     3|
|6     |LUT6  |     1|
|7     |SRL16 |     1|
|8     |FDRE  |    36|
|9     |FDSE  |     4|
+------+------+------+
---------------------------------------------------------------------------------
Finished Writing Synthesis Report : Time (s): cpu = 00:00:53 ; elapsed = 00:01:02 . Memory (MB): peak = 2968.828 ; gain = 1336.555
---------------------------------------------------------------------------------
Synthesis finished with 0 errors, 0 critical warnings and 0 warnings.
Synthesis Optimization Runtime : Time (s): cpu = 00:00:33 ; elapsed = 00:00:54 . Memory (MB): peak = 2968.828 ; gain = 1250.469
Synthesis Optimization Complete : Time (s): cpu = 00:00:54 ; elapsed = 00:01:03 . Memory (MB): peak = 2968.828 ; gain = 1336.555
INFO: [Project 1-571] Translating synthesized netlist
Netlist sorting complete. Time (s): cpu = 00:00:00 ; elapsed = 00:00:00 . Memory (MB): peak = 2968.828 ; gain = 0.000
INFO: [Netlist 29-17] Analyzing 1 Unisim elements for replacement
INFO: [Netlist 29-28] Unisim Transformation completed in 0 CPU seconds
INFO: [Project 1-570] Preparing netlist for logic optimization
INFO: [Opt 31-138] Pushed 0 inverter(s) to 0 load pin(s).
Netlist sorting complete. Time (s): cpu = 00:00:00 ; elapsed = 00:00:00 . Memory (MB): peak = 2968.828 ; gain = 0.000
INFO: [Project 1-111] Unisim Transformation Summary:
  A total of 1 instances were transformed.
  SRL16 => SRL16E: 1 instance 

Synth Design complete | Checksum: 8bcdea7f
INFO: [Common 17-83] Releasing license: Synthesis
45 Infos, 0 Warnings, 0 Critical Warnings and 0 Errors encountered.
synth_design completed successfully
synth_design: Time (s): cpu = 00:01:04 ; elapsed = 00:01:15 . Memory (MB): peak = 2968.828 ; gain = 2371.102
Write ShapeDB Complete: Time (s): cpu = 00:00:00 ; elapsed = 00:00:00.006 . Memory (MB): peak = 2968.828 ; gain = 0.000
INFO: [Common 17-1381] The checkpoint 'D:/E/1subject/HK6/doan1/ver1/matmul/matmul.runs/gemm_block_v1_rst_ps8_0_99M_0_synth_1/gemm_block_v1_rst_ps8_0_99M_0.dcp' has been generated.
INFO: [Coretcl 2-1648] Added synthesis output to IP cache for IP gemm_block_v1_rst_ps8_0_99M_0, cache-ID = f89facc44b21d12d
INFO: [Coretcl 2-1174] Renamed 6 cell refs.
Write ShapeDB Complete: Time (s): cpu = 00:00:00 ; elapsed = 00:00:00.001 . Memory (MB): peak = 2968.828 ; gain = 0.000
INFO: [Common 17-1381] The checkpoint 'D:/E/1subject/HK6/doan1/ver1/matmul/matmul.runs/gemm_block_v1_rst_ps8_0_99M_0_synth_1/gemm_block_v1_rst_ps8_0_99M_0.dcp' has been generated.
INFO: [Vivado 12-24828] Executing command : report_utilization -file gemm_block_v1_rst_ps8_0_99M_0_utilization_synth.rpt -pb gemm_block_v1_rst_ps8_0_99M_0_utilization_synth.pb
INFO: [Common 17-206] Exiting Vivado at Tue Apr 14 00:34:20 2026...
