Copyright 1986-2022 Xilinx, Inc. All Rights Reserved. Copyright 2022-2025 Advanced Micro Devices, Inc. All Rights Reserved.
---------------------------------------------------------------------------------------------------------------------------------------------
| Tool Version : Vivado v.2025.2 (win64) Build 6299465 Fri Nov 14 19:35:11 GMT 2025
| Date         : Sat Apr 11 21:28:05 2026
| Host         : ZUYYYY running 64-bit major release  (build 9200)
| Command      : report_utilization -file gemm_block_v1_wrapper_utilization_placed.rpt -pb gemm_block_v1_wrapper_utilization_placed.pb
| Design       : gemm_block_v1_wrapper
| Device       : xck26-sfvc784-2LV-c
| Speed File   : -2LV
| Design State : Fully Placed
---------------------------------------------------------------------------------------------------------------------------------------------

Utilization Design Information

Table of Contents
-----------------
1. CLB Logic
1.1 Summary of Registers by Type
2. CLB Logic Distribution
3. BLOCKRAM
4. ARITHMETIC
5. I/O
6. CLOCK
7. ADVANCED
8. CONFIGURATION
9. Primitives
10. Black Boxes
11. Instantiated Netlists

1. CLB Logic
------------

+----------------------------+-------+-------+------------+-----------+-------+
|          Site Type         |  Used | Fixed | Prohibited | Available | Util% |
+----------------------------+-------+-------+------------+-----------+-------+
| CLB LUTs                   | 23965 |     0 |          0 |    117120 | 20.46 |
|   LUT as Logic             | 13356 |     0 |          0 |    117120 | 11.40 |
|   LUT as Memory            | 10609 |     0 |          0 |     57600 | 18.42 |
|     LUT as Distributed RAM | 10148 |     0 |            |           |       |
|     LUT as Shift Register  |   461 |     0 |            |           |       |
| CLB Registers              | 32175 |     0 |          0 |    234240 | 13.74 |
|   Register as Flip Flop    | 32175 |     0 |          0 |    234240 | 13.74 |
|   Register as Latch        |     0 |     0 |          0 |    234240 |  0.00 |
| CARRY8                     |    52 |     0 |          0 |     14640 |  0.36 |
| F7 Muxes                   |  1031 |     0 |          0 |     58560 |  1.76 |
| F8 Muxes                   |     0 |     0 |          0 |     29280 |  0.00 |
| F9 Muxes                   |     0 |     0 |          0 |     14640 |  0.00 |
| Unique Control Sets        |  1645 |       |          0 |     29280 |  5.62 |
+----------------------------+-------+-------+------------+-----------+-------+
* Warning! LUT value is adjusted to account for LUT combining.
** Note: Available Control Sets calculated as Slices * 2, Review the Control Sets Report for more information regarding control sets.


1.1 Summary of Registers by Type
--------------------------------

+-------+--------------+-------------+--------------+
| Total | Clock Enable | Synchronous | Asynchronous |
+-------+--------------+-------------+--------------+
| 0     |            _ |           - |            - |
| 0     |            _ |           - |          Set |
| 0     |            _ |           - |        Reset |
| 0     |            _ |         Set |            - |
| 0     |            _ |       Reset |            - |
| 0     |          Yes |           - |            - |
| 0     |          Yes |           - |          Set |
| 183   |          Yes |           - |        Reset |
| 485   |          Yes |         Set |            - |
| 31507 |          Yes |       Reset |            - |
+-------+--------------+-------------+--------------+


2. CLB Logic Distribution
-------------------------

+--------------------------------------------+-------+-------+------------+-----------+-------+
|                  Site Type                 |  Used | Fixed | Prohibited | Available | Util% |
+--------------------------------------------+-------+-------+------------+-----------+-------+
| CLB                                        |  5751 |     0 |          0 |     14640 | 39.28 |
|   CLBL                                     |  2233 |     0 |            |           |       |
|   CLBM                                     |  3518 |     0 |            |           |       |
| LUT as Logic                               | 13356 |     0 |          0 |    117120 | 11.40 |
|   using O5 output only                     |   373 |       |            |           |       |
|   using O6 output only                     |  6599 |       |            |           |       |
|   using O5 and O6                          |  6384 |       |            |           |       |
| LUT as Memory                              | 10609 |     0 |          0 |     57600 | 18.42 |
|   LUT as Distributed RAM                   | 10148 |     0 |            |           |       |
|     using O5 output only                   |     0 |       |            |           |       |
|     using O6 output only                   |  9482 |       |            |           |       |
|     using O5 and O6                        |   666 |       |            |           |       |
|   LUT as Shift Register                    |   461 |     0 |            |           |       |
|     using O5 output only                   |     0 |       |            |           |       |
|     using O6 output only                   |   366 |       |            |           |       |
|     using O5 and O6                        |    95 |       |            |           |       |
| CLB Registers                              | 32175 |     0 |          0 |    234240 | 13.74 |
|   Register driven from within the CLB      | 14644 |       |            |           |       |
|   Register driven from outside the CLB     | 17531 |       |            |           |       |
|     LUT in front of the register is unused | 15731 |       |            |           |       |
|     LUT in front of the register is used   |  1800 |       |            |           |       |
+--------------------------------------------+-------+-------+------------+-----------+-------+


3. BLOCKRAM
-----------

+-------------------+------+-------+------------+-----------+-------+
|     Site Type     | Used | Fixed | Prohibited | Available | Util% |
+-------------------+------+-------+------------+-----------+-------+
| Block RAM Tile    |    7 |     0 |          0 |       144 |  4.86 |
|   RAMB36/FIFO*    |    6 |     0 |          0 |       144 |  4.17 |
|     RAMB36E2 only |    6 |       |            |           |       |
|   RAMB18          |    2 |     0 |          0 |       288 |  0.69 |
|     RAMB18E2 only |    2 |       |            |           |       |
| URAM              |    0 |     0 |          0 |        64 |  0.00 |
+-------------------+------+-------+------------+-----------+-------+
* Note: Each Block RAM Tile only has one FIFO logic available and therefore can accommodate only one FIFO36E2 or one FIFO18E2. However, if a FIFO18E2 occupies a Block RAM Tile, that tile can still accommodate a RAMB18E2


4. ARITHMETIC
-------------

+----------------+------+-------+------------+-----------+-------+
|    Site Type   | Used | Fixed | Prohibited | Available | Util% |
+----------------+------+-------+------------+-----------+-------+
| DSPs           |  256 |     0 |          0 |      1248 | 20.51 |
|   DSP48E2 only |  256 |       |            |           |       |
+----------------+------+-------+------------+-----------+-------+


5. I/O
------

+------------------+------+-------+------------+-----------+-------+
|     Site Type    | Used | Fixed | Prohibited | Available | Util% |
+------------------+------+-------+------------+-----------+-------+
| Bonded IOB       |    0 |     0 |          0 |       189 |  0.00 |
|   HPIOB_M        |    0 |     0 |          0 |        58 |  0.00 |
|   HPIOB_S        |    0 |     0 |          0 |        58 |  0.00 |
|   HDIOB_M        |    0 |     0 |          0 |        35 |  0.00 |
|   HDIOB_S        |    0 |     0 |          0 |        35 |  0.00 |
|   HPIOB_SNGL     |    0 |     0 |          0 |         3 |  0.00 |
| HPIOBDIFFINBUF   |    0 |     0 |          0 |        82 |  0.00 |
| HPIOBDIFFOUTBUF  |    0 |     0 |          0 |        82 |  0.00 |
| HDIOBDIFFINBUF   |    0 |     0 |          0 |        35 |  0.00 |
| BITSLICE_CONTROL |    0 |     0 |          0 |        32 |  0.00 |
| BITSLICE_RX_TX   |    0 |     0 |          0 |      1248 |  0.00 |
| BITSLICE_TX      |    0 |     0 |          0 |        32 |  0.00 |
| RIU_OR           |    0 |     0 |          0 |        16 |  0.00 |
+------------------+------+-------+------------+-----------+-------+


6. CLOCK
--------

+------------+------+-------+------------+-----------+-------+
|  Site Type | Used | Fixed | Prohibited | Available | Util% |
+------------+------+-------+------------+-----------+-------+
| BUFGCE     |    0 |     0 |          0 |       112 |  0.00 |
| BUFGCE_DIV |    0 |     0 |          0 |        16 |  0.00 |
| BUFG_GT    |    0 |     0 |          0 |        96 |  0.00 |
| BUFG_PS    |    1 |     0 |          0 |        96 |  1.04 |
| BUFGCTRL*  |    0 |     0 |          0 |        32 |  0.00 |
| PLL        |    0 |     0 |          0 |         8 |  0.00 |
| MMCM       |    0 |     0 |          0 |         4 |  0.00 |
+------------+------+-------+------------+-----------+-------+
* Note: Each used BUFGCTRL counts as two GLOBAL CLOCK BUFFERs. This table does not include global clocking resources, only buffer cell usage. See the Clock Utilization Report (report_clock_utilization) for detailed accounting of global clocking resource availability.


7. ADVANCED
-----------

+-----------------+------+-------+------------+-----------+--------+
|    Site Type    | Used | Fixed | Prohibited | Available |  Util% |
+-----------------+------+-------+------------+-----------+--------+
| GTHE4_CHANNEL   |    0 |     0 |          0 |         4 |   0.00 |
| GTHE4_COMMON    |    0 |     0 |          0 |         1 |   0.00 |
| OBUFDS_GTE4     |    0 |     0 |          0 |         2 |   0.00 |
| OBUFDS_GTE4_ADV |    0 |     0 |          0 |         2 |   0.00 |
| PCIE40E4        |    0 |     0 |          0 |         2 |   0.00 |
| PS8             |    1 |     0 |          0 |         1 | 100.00 |
| SYSMONE4        |    0 |     0 |          0 |         1 |   0.00 |
| VCU             |    0 |     0 |          0 |         1 |   0.00 |
+-----------------+------+-------+------------+-----------+--------+


8. CONFIGURATION
----------------

+-------------+------+-------+------------+-----------+-------+
|  Site Type  | Used | Fixed | Prohibited | Available | Util% |
+-------------+------+-------+------------+-----------+-------+
| BSCANE2     |    0 |     0 |          0 |         4 |  0.00 |
| DNA_PORTE2  |    0 |     0 |          0 |         1 |  0.00 |
| EFUSE_USR   |    0 |     0 |          0 |         1 |  0.00 |
| FRAME_ECCE4 |    0 |     0 |          0 |         1 |  0.00 |
| ICAPE3      |    0 |     0 |          0 |         2 |  0.00 |
| MASTER_JTAG |    0 |     0 |          0 |         1 |  0.00 |
| STARTUPE3   |    0 |     0 |          0 |         1 |  0.00 |
+-------------+------+-------+------------+-----------+-------+


9. Primitives
-------------

+----------+-------+---------------------+
| Ref Name |  Used | Functional Category |
+----------+-------+---------------------+
| FDRE     | 31507 |            Register |
| LUT3     |  9959 |                 CLB |
| RAMD64E  |  9472 |                 CLB |
| LUT6     |  3862 |                 CLB |
| LUT2     |  2402 |                 CLB |
| LUT5     |  1714 |                 CLB |
| LUT4     |  1420 |                 CLB |
| RAMD32   |  1174 |                 CLB |
| MUXF7    |  1031 |                 CLB |
| SRL16E   |   540 |                 CLB |
| FDSE     |   485 |            Register |
| LUT1     |   383 |                 CLB |
| DSP48E2  |   256 |          Arithmetic |
| FDCE     |   183 |            Register |
| RAMS32   |   168 |                 CLB |
| CARRY8   |    52 |                 CLB |
| SRLC32E  |    16 |                 CLB |
| RAMB36E2 |     6 |            BLOCKRAM |
| RAMB18E2 |     2 |            BLOCKRAM |
| PS8      |     1 |            Advanced |
| BUFG_PS  |     1 |               Clock |
+----------+-------+---------------------+


10. Black Boxes
---------------

+----------+------+
| Ref Name | Used |
+----------+------+


11. Instantiated Netlists
-------------------------

+------------------------------------+------+
|              Ref Name              | Used |
+------------------------------------+------+
| gemm_block_v1_zynq_ultra_ps_e_0_0  |    1 |
| gemm_block_v1_rst_ps8_0_99M_0      |    1 |
| gemm_block_v1_gemm_accelerator_0_0 |    1 |
| gemm_block_v1_axi_smc_1_0          |    1 |
| gemm_block_v1_axi_smc_0            |    1 |
| gemm_block_v1_axi_gpio_0_0         |    1 |
| gemm_block_v1_axi_dma_1_0          |    1 |
| gemm_block_v1_axi_dma_0_0          |    1 |
+------------------------------------+------+


